Archive member included to satisfy reference by file (symbol)

c:/program files/microchip/xc32/v4.35/bin/bin/../../lib/gcc/pic32c/8.3.1/arm/v5te/nofp\libgcc.a(_udivsi3.o)
                              build/dsi_xlcdc_9x75cur_wsRnd/debug/_ext/776256150/gfx_canvas.o (__aeabi_uidiv)
c:/program files/microchip/xc32/v4.35/bin/bin/../../lib/gcc/pic32c/8.3.1/arm/v5te/nofp\libgcc.a(_divsi3.o)
                              build/dsi_xlcdc_9x75cur_wsRnd/debug/_ext/1577809330/legato_math.o (__aeabi_idiv)
c:/program files/microchip/xc32/v4.35/bin/bin/../../lib/gcc/pic32c/8.3.1/arm/v5te/nofp\libgcc.a(_dvmd_tls.o)
                              c:/program files/microchip/xc32/v4.35/bin/bin/../../lib/gcc/pic32c/8.3.1/arm/v5te/nofp\libgcc.a(_udivsi3.o) (__aeabi_idiv0)
c:/program files/microchip/xc32/v4.35/bin/bin/../../lib/gcc/pic32c/8.3.1/arm/v5te/nofp\libgcc.a(_arm_addsubdf3.o)
                              build/dsi_xlcdc_9x75cur_wsRnd/debug/_ext/1360937237/app.o (__aeabi_dsub)
c:/program files/microchip/xc32/v4.35/bin/bin/../../lib/gcc/pic32c/8.3.1/arm/v5te/nofp\libgcc.a(_arm_muldivdf3.o)
                              build/dsi_xlcdc_9x75cur_wsRnd/debug/_ext/1360937237/app.o (__aeabi_dmul)
c:/program files/microchip/xc32/v4.35/bin/bin/../../lib/gcc/pic32c/8.3.1/arm/v5te/nofp\libgcc.a(_arm_cmpdf2.o)
                              build/dsi_xlcdc_9x75cur_wsRnd/debug/_ext/1360937237/app.o (__aeabi_dcmpgt)
c:/program files/microchip/xc32/v4.35/bin/bin/../../lib/gcc/pic32c/8.3.1/arm/v5te/nofp\libgcc.a(_arm_fixdfsi.o)
                              build/dsi_xlcdc_9x75cur_wsRnd/debug/_ext/1360937237/app.o (__aeabi_d2iz)
c:/program files/microchip/xc32/v4.35/bin/bin/../../lib/gcc/pic32c/8.3.1/arm/v5te/nofp\libgcc.a(_arm_truncdfsf2.o)
                              build/dsi_xlcdc_9x75cur_wsRnd/debug/_ext/1360937237/app.o (__aeabi_d2f)
c:/program files/microchip/xc32/v4.35/bin/bin/../../lib/gcc/pic32c/8.3.1/arm/v5te/nofp\libgcc.a(_arm_addsubsf3.o)
                              build/dsi_xlcdc_9x75cur_wsRnd/debug/_ext/1577809330/legato_math.o (__aeabi_fsub)
c:/program files/microchip/xc32/v4.35/bin/bin/../../lib/gcc/pic32c/8.3.1/arm/v5te/nofp\libgcc.a(_arm_muldivsf3.o)
                              build/dsi_xlcdc_9x75cur_wsRnd/debug/_ext/820436326/gfx_driver.o (__aeabi_fmul)
c:/program files/microchip/xc32/v4.35/bin/bin/../../lib/gcc/pic32c/8.3.1/arm/v5te/nofp\libgcc.a(_arm_cmpsf2.o)
                              build/dsi_xlcdc_9x75cur_wsRnd/debug/_ext/1577809330/legato_math.o (__aeabi_fcmplt)
c:/program files/microchip/xc32/v4.35/bin/bin/../../lib/gcc/pic32c/8.3.1/arm/v5te/nofp\libgcc.a(_arm_fixsfsi.o)
                              build/dsi_xlcdc_9x75cur_wsRnd/debug/_ext/820436326/gfx_driver.o (__aeabi_f2iz)
c:/program files/microchip/xc32/v4.35/bin/bin/../../lib/gcc/pic32c/8.3.1/arm/v5te/nofp\libgcc.a(_arm_fixunssfsi.o)
                              build/dsi_xlcdc_9x75cur_wsRnd/debug/_ext/820436326/gfx_driver.o (__aeabi_f2uiz)
c:/program files/microchip/xc32/v4.35/bin/bin/../../lib/gcc/pic32c/8.3.1/arm/v5te/nofp\libgcc.a(_aeabi_uldivmod.o)
                              build/dsi_xlcdc_9x75cur_wsRnd/debug/_ext/656144742/sys_time.o (__aeabi_uldivmod)
c:/program files/microchip/xc32/v4.35/bin/bin/../../lib/gcc/pic32c/8.3.1/arm/v5te/nofp\libgcc.a(_udivmoddi4.o)
                              c:/program files/microchip/xc32/v4.35/bin/bin/../../lib/gcc/pic32c/8.3.1/arm/v5te/nofp\libgcc.a(_aeabi_uldivmod.o) (__udivmoddi4)
c:/program files/microchip/xc32/v4.35/bin/bin/../../lib/gcc/pic32c/8.3.1/../../../../pic32c/lib/arm/v5te/nofp\libm-musl.a(asin.o)
                              build/dsi_xlcdc_9x75cur_wsRnd/debug/_ext/1360937237/app.o (asin)
c:/program files/microchip/xc32/v4.35/bin/bin/../../lib/gcc/pic32c/8.3.1/../../../../pic32c/lib/arm/v5te/nofp\libm-musl.a(atan.o)
                              build/dsi_xlcdc_9x75cur_wsRnd/debug/_ext/1577809330/legato_math.o (atan)
c:/program files/microchip/xc32/v4.35/bin/bin/../../lib/gcc/pic32c/8.3.1/../../../../pic32c/lib/arm/v5te/nofp\libm-musl.a(atan2f.o)
                              build/dsi_xlcdc_9x75cur_wsRnd/debug/_ext/2095050584/legato_widget_circular_slider.o (atan2f)
c:/program files/microchip/xc32/v4.35/bin/bin/../../lib/gcc/pic32c/8.3.1/../../../../pic32c/lib/arm/v5te/nofp\libm-musl.a(atanf.o)
                              c:/program files/microchip/xc32/v4.35/bin/bin/../../lib/gcc/pic32c/8.3.1/../../../../pic32c/lib/arm/v5te/nofp\libm-musl.a(atan2f.o) (atanf)
c:/program files/microchip/xc32/v4.35/bin/bin/../../lib/gcc/pic32c/8.3.1/../../../../pic32c/lib/arm/v5te/nofp\libm-musl.a(cos.o)
                              build/dsi_xlcdc_9x75cur_wsRnd/debug/_ext/1360937237/app.o (cos)
c:/program files/microchip/xc32/v4.35/bin/bin/../../lib/gcc/pic32c/8.3.1/../../../../pic32c/lib/arm/v5te/nofp\libm-musl.a(fabs.o)
                              c:/program files/microchip/xc32/v4.35/bin/bin/../../lib/gcc/pic32c/8.3.1/../../../../pic32c/lib/arm/v5te/nofp\libm-musl.a(asin.o) (fabs)
[...]
Memory Configuration

Name             Origin             Length             Attributes
sram             0x00300000         0x00010000         xw
ram              0x21000000         0x0f000000         xwl !r
ram_nocache      0x20000000         0x01000000         !xrw
rom              0x00000000         0x00000000         xrl
*default*        0x00000000         0xffffffff

Linker script and memory map

LOAD c:/program files/microchip/xc32/v4.35/bin/bin/../../lib/gcc/pic32c/8.3.1/arm/v5te/nofp/crti.o
LOAD c:/program files/microchip/xc32/v4.35/bin/bin/../../lib/gcc/pic32c/8.3.1/arm/v5te/nofp/crtbegin.o
LOAD build/dsi_xlcdc_9x75cur_wsRnd/debug/_ext/776256150/gfx_canvas.o
LOAD build/dsi_xlcdc_9x75cur_wsRnd/debug/_ext/776256150/gfx_canvas_api.o
LOAD build/dsi_xlcdc_9x75cur_wsRnd/debug/_ext/820436326/gfx_driver.o
LOAD build/dsi_xlcdc_9x75cur_wsRnd/debug/_ext/1577809330/legato_math.o
LOAD build/dsi_xlcdc_9x75cur_wsRnd/debug/_ext/1577809330/legato_color.o
LOAD build/dsi_xlcdc_9x75cur_wsRnd/debug/_ext/1577809330/legato_color_blend.o
LOAD build/dsi_xlcdc_9x75cur_wsRnd/debug/_ext/1577809330/legato_utils.o
LOAD build/dsi_xlcdc_9x75cur_wsRnd/debug/_ext/1577809330/legato_rect.o
LOAD build/dsi_xlcdc_9x75cur_wsRnd/debug/_ext/1577809330/legato_color_lerp.o
LOAD build/dsi_xlcdc_9x75cur_wsRnd/debug/_ext/1577809330/legato_error.o
LOAD build/dsi_xlcdc_9x75cur_wsRnd/debug/_ext/1577809330/legato_pixelbuffer.o
LOAD build/dsi_xlcdc_9x75cur_wsRnd/debug/_ext/1577809330/legato_color_value.o
LOAD build/dsi_xlcdc_9x75cur_wsRnd/debug/_ext/1577809330/legato_color_convert.o
LOAD build/dsi_xlcdc_9x75cur_wsRnd/debug/_ext/461976382/legato_event.o
LOAD build/dsi_xlcdc_9x75cur_wsRnd/debug/_ext/461976382/legato_stream.o
LOAD build/dsi_xlcdc_9x75cur_wsRnd/debug/_ext/461976382/legato_scheme.o
LOAD build/dsi_xlcdc_9x75cur_wsRnd/debug/_ext/461976382/legato_input.o
LOAD build/dsi_xlcdc_9x75cur_wsRnd/debug/_ext/461976382/legato_state.o
LOAD build/dsi_xlcdc_9x75cur_wsRnd/debug/_ext/1243821894/legato_rectarray.o
LOAD build/dsi_xlcdc_9x75cur_wsRnd/debug/_ext/1243821894/legato_list.o
LOAD build/dsi_xlcdc_9x75cur_wsRnd/debug/_ext/1243821894/legato_array.o
LOAD build/dsi_xlcdc_9x75cur_wsRnd/debug/_ext/461887118/legato_font.o
LOAD build/dsi_xlcdc_9x75cur_wsRnd/debug/_ext/461887118/legato_rasterfont_liberationmono8.o
LOAD build/dsi_xlcdc_9x75cur_wsRnd/debug/_ext/461887118/legato_rasterfont_stream.o
LOAD build/dsi_xlcdc_9x75cur_wsRnd/debug/_ext/461887118/legato_rasterfont_liberationmono1.o
LOAD build/dsi_xlcdc_9x75cur_wsRnd/debug/_ext/154448434/le_gen_fonts.o
LOAD build/dsi_xlcdc_9x75cur_wsRnd/debug/_ext/495632344/le_gen_images.o
LOAD build/dsi_xlcdc_9x75cur_wsRnd/debug/_ext/1537705585/le_gen_screen_Screen0.o
LOAD build/dsi_xlcdc_9x75cur_wsRnd/debug/_ext/1377188428/le_gen_globalpalette.o
LOAD build/dsi_xlcdc_9x75cur_wsRnd/debug/_ext/1377188428/le_gen_scheme.o
LOAD build/dsi_xlcdc_9x75cur_wsRnd/debug/_ext/1377188428/le_gen_harmony.o
LOAD build/dsi_xlcdc_9x75cur_wsRnd/debug/_ext/1377188428/le_gen_init.o
LOAD build/dsi_xlcdc_9x75cur_wsRnd/debug/_ext/1377188428/le_gen_stringtable.o
LOAD build/dsi_xlcdc_9x75cur_wsRnd/debug/_ext/2049925249/legato_imagedecoder_jpeg_common.o
LOAD build/dsi_xlcdc_9x75cur_wsRnd/debug/_ext/2049925249/jidctint.o
LOAD build/dsi_xlcdc_9x75cur_wsRnd/debug/_ext/2049925249/legato_imagedecoder_jpeg.o
LOAD build/dsi_xlcdc_9x75cur_wsRnd/debug/_ext/2049836550/legato_imagedecoder_mono.o
LOAD build/dsi_xlcdc_9x75cur_wsRnd/debug/_ext/2049836550/legato_imagedecoder_mono_read_stream.o
LOAD build/dsi_xlcdc_9x75cur_wsRnd/debug/_ext/2049836550/legato_imagedecoder_mono_read_internal.o
LOAD build/dsi_xlcdc_9x75cur_wsRnd/debug/_ext/210973746/legato_imagedecoder_png.o
LOAD build/dsi_xlcdc_9x75cur_wsRnd/debug/_ext/210973746/lodepng.o
LOAD build/dsi_xlcdc_9x75cur_wsRnd/debug/_ext/210975281/legato_imagedecoder_raw_read_stream_rlecolor.o
LOAD build/dsi_xlcdc_9x75cur_wsRnd/debug/_ext/210975281/legato_imagedecoder_raw_palette_internal.o
LOAD build/dsi_xlcdc_9x75cur_wsRnd/debug/_ext/210975281/legato_imagedecoder_raw_mask.o
LOAD build/dsi_xlcdc_9x75cur_wsRnd/debug/_ext/210975281/legato_imagedecoder_raw_blend.o
LOAD build/dsi_xlcdc_9x75cur_wsRnd/debug/_ext/210975281/legato_imagedecoder_raw_scale.o
LOAD build/dsi_xlcdc_9x75cur_wsRnd/debug/_ext/210975281/legato_imagedecoder_raw_read_stream_color.o
LOAD build/dsi_xlcdc_9x75cur_wsRnd/debug/_ext/210975281/legato_imagedecoder_raw_read_stream_index.o
LOAD build/dsi_xlcdc_9x75cur_wsRnd/debug/_ext/210975281/legato_imagedecoder_raw_setup.o
LOAD build/dsi_xlcdc_9x75cur_wsRnd/debug/_ext/210975281/legato_imagedecoder_raw_rotate.o
LOAD build/dsi_xlcdc_9x75cur_wsRnd/debug/_ext/210975281/legato_imagedecoder_raw.o
LOAD build/dsi_xlcdc_9x75cur_wsRnd/debug/_ext/210975281/legato_imagedecoder_raw_convert.o
LOAD build/dsi_xlcdc_9x75cur_wsRnd/debug/_ext/210975281/legato_imagedecoder_raw_read_stream_rleindex.o
LOAD build/dsi_xlcdc_9x75cur_wsRnd/debug/_ext/210975281/legato_imagedecoder_raw_write.o
LOAD build/dsi_xlcdc_9x75cur_wsRnd/debug/_ext/210975281/legato_imagedecoder_raw_read_internal.o
LOAD build/dsi_xlcdc_9x75cur_wsRnd/debug/_ext/210975281/legato_imagedecoder_raw_palette_stream.o
LOAD build/dsi_xlcdc_9x75cur_wsRnd/debug/_ext/1430900584/legato_image.o
LOAD build/dsi_xlcdc_9x75cur_wsRnd/debug/_ext/1430900584/legato_image_utils.o
LOAD build/dsi_xlcdc_9x75cur_wsRnd/debug/_ext/1430900584/legato_palette.o
LOAD build/dsi_xlcdc_9x75cur_wsRnd/debug/_ext/1300751004/legato_memory.o
LOAD build/dsi_xlcdc_9x75cur_wsRnd/debug/_ext/1300751004/legato_variableheap.o
LOAD build/dsi_xlcdc_9x75cur_wsRnd/debug/_ext/1300751004/legato_fixedheap.o
LOAD build/dsi_xlcdc_9x75cur_wsRnd/debug/_ext/44034970/legato_renderer.o
LOAD build/dsi_xlcdc_9x75cur_wsRnd/debug/_ext/44034970/legato_draw_arc.o
LOAD build/dsi_xlcdc_9x75cur_wsRnd/debug/_ext/44034970/legato_draw_rect.o
LOAD build/dsi_xlcdc_9x75cur_wsRnd/debug/_ext/44034970/legato_draw_line.o
LOAD build/dsi_xlcdc_9x75cur_wsRnd/debug/_ext/44034970/legato_draw.o
LOAD build/dsi_xlcdc_9x75cur_wsRnd/debug/_ext/44034970/legato_gpu.o
LOAD build/dsi_xlcdc_9x75cur_wsRnd/debug/_ext/1114980236/legato_fixedstring.o
LOAD build/dsi_xlcdc_9x75cur_wsRnd/debug/_ext/1114980236/legato_stringtable.o
LOAD build/dsi_xlcdc_9x75cur_wsRnd/debug/_ext/1114980236/legato_string_renderer.o
LOAD build/dsi_xlcdc_9x75cur_wsRnd/debug/_ext/1114980236/legato_string.o
LOAD build/dsi_xlcdc_9x75cur_wsRnd/debug/_ext/1114980236/legato_string_renderer_stream.o
LOAD build/dsi_xlcdc_9x75cur_wsRnd/debug/_ext/1114980236/legato_stringutils.o
LOAD build/dsi_xlcdc_9x75cur_wsRnd/debug/_ext/1114980236/legato_dynamicstring.o
LOAD build/dsi_xlcdc_9x75cur_wsRnd/debug/_ext/1114980236/legato_tablestring.o
LOAD build/dsi_xlcdc_9x75cur_wsRnd/debug/_ext/870848790/legato_widget_arc.o
LOAD build/dsi_xlcdc_9x75cur_wsRnd/debug/_ext/870848790/legato_widget_arc_skin_classic.o
LOAD build/dsi_xlcdc_9x75cur_wsRnd/debug/_ext/944147331/legato_widget_bar_graph.o
LOAD build/dsi_xlcdc_9x75cur_wsRnd/debug/_ext/944147331/legato_widget_bar_graph_skin_classic.o
LOAD build/dsi_xlcdc_9x75cur_wsRnd/debug/_ext/1821813862/legato_widget_button_skin_classic.o
LOAD build/dsi_xlcdc_9x75cur_wsRnd/debug/_ext/1821813862/legato_widget_button.o
LOAD build/dsi_xlcdc_9x75cur_wsRnd/debug/_ext/66531797/legato_widget_checkbox.o
LOAD build/dsi_xlcdc_9x75cur_wsRnd/debug/_ext/66531797/legato_widget_checkbox_skin_classic.o
LOAD build/dsi_xlcdc_9x75cur_wsRnd/debug/_ext/1804342984/legato_widget_circle.o
LOAD build/dsi_xlcdc_9x75cur_wsRnd/debug/_ext/1804342984/legato_widget_circle_skin_classic.o
LOAD build/dsi_xlcdc_9x75cur_wsRnd/debug/_ext/1603001262/legato_widget_circular_gauge_skin_classic.o
LOAD build/dsi_xlcdc_9x75cur_wsRnd/debug/_ext/1603001262/legato_widget_circular_gauge.o
LOAD build/dsi_xlcdc_9x75cur_wsRnd/debug/_ext/2095050584/legato_widget_circular_slider.o
LOAD build/dsi_xlcdc_9x75cur_wsRnd/debug/_ext/2095050584/legato_widget_circular_slider_skin_classic.o
LOAD build/dsi_xlcdc_9x75cur_wsRnd/debug/_ext/951738241/legato_widget_drawsurface.o
LOAD build/dsi_xlcdc_9x75cur_wsRnd/debug/_ext/951738241/legato_widget_drawsurface_skin_classic.o
LOAD build/dsi_xlcdc_9x75cur_wsRnd/debug/_ext/1513772648/legato_widget_gradient.o
LOAD build/dsi_xlcdc_9x75cur_wsRnd/debug/_ext/1513772648/legato_widget_gradient_skin_classic.o
LOAD build/dsi_xlcdc_9x75cur_wsRnd/debug/_ext/1097058988/legato_widget_groupbox.o
LOAD build/dsi_xlcdc_9x75cur_wsRnd/debug/_ext/1097058988/legato_widget_groupbox_skin_classic.o
LOAD build/dsi_xlcdc_9x75cur_wsRnd/debug/_ext/640176115/legato_widget_image.o
LOAD build/dsi_xlcdc_9x75cur_wsRnd/debug/_ext/640176115/legato_widget_image_skin_classic.o
LOAD build/dsi_xlcdc_9x75cur_wsRnd/debug/_ext/204068082/legato_widget_imagerotate_skin_classic.o
LOAD build/dsi_xlcdc_9x75cur_wsRnd/debug/_ext/204068082/legato_widget_imagerotate.o
LOAD build/dsi_xlcdc_9x75cur_wsRnd/debug/_ext/421676745/legato_widget_imagescale_skin_classic.o
LOAD build/dsi_xlcdc_9x75cur_wsRnd/debug/_ext/421676745/legato_widget_imagescale.o
LOAD build/dsi_xlcdc_9x75cur_wsRnd/debug/_ext/1446042444/legato_widget_imagesequence_skin_classic.o
LOAD build/dsi_xlcdc_9x75cur_wsRnd/debug/_ext/1446042444/legato_widget_imagesequence.o
LOAD build/dsi_xlcdc_9x75cur_wsRnd/debug/_ext/1578783172/legato_widget_keypad_skin_classic.o
LOAD build/dsi_xlcdc_9x75cur_wsRnd/debug/_ext/1578783172/legato_widget_keypad.o
LOAD build/dsi_xlcdc_9x75cur_wsRnd/debug/_ext/642590092/legato_widget_label.o
LOAD build/dsi_xlcdc_9x75cur_wsRnd/debug/_ext/642590092/legato_widget_label_skin_classic.o
LOAD build/dsi_xlcdc_9x75cur_wsRnd/debug/_ext/1226189220/legato_widget_line_skin_classic.o
LOAD build/dsi_xlcdc_9x75cur_wsRnd/debug/_ext/1226189220/legato_widget_line.o
LOAD build/dsi_xlcdc_9x75cur_wsRnd/debug/_ext/44729458/legato_widget_line_graph.o
LOAD build/dsi_xlcdc_9x75cur_wsRnd/debug/_ext/44729458/legato_widget_line_graph_skin_classic.o
LOAD build/dsi_xlcdc_9x75cur_wsRnd/debug/_ext/1226189050/legato_widget_list.o
LOAD build/dsi_xlcdc_9x75cur_wsRnd/debug/_ext/1226189050/legato_widget_list_skin_classic.o
LOAD build/dsi_xlcdc_9x75cur_wsRnd/debug/_ext/631199765/legato_widget_listwheel.o
LOAD build/dsi_xlcdc_9x75cur_wsRnd/debug/_ext/631199765/legato_widget_listwheel_skin_classic.o
LOAD build/dsi_xlcdc_9x75cur_wsRnd/debug/_ext/2002579514/legato_widget_pie_chart.o
LOAD build/dsi_xlcdc_9x75cur_wsRnd/debug/_ext/2002579514/legato_widget_pie_chart_skin_classic.o
LOAD build/dsi_xlcdc_9x75cur_wsRnd/debug/_ext/2130820258/legato_widget_progressbar_skin_classic.o
LOAD build/dsi_xlcdc_9x75cur_wsRnd/debug/_ext/2130820258/legato_widget_progressbar.o
LOAD build/dsi_xlcdc_9x75cur_wsRnd/debug/_ext/612110438/legato_widget_radial_menu_state.o
LOAD build/dsi_xlcdc_9x75cur_wsRnd/debug/_ext/612110438/legato_widget_radial_menu.o
LOAD build/dsi_xlcdc_9x75cur_wsRnd/debug/_ext/612110438/legato_widget_radial_menu_skin_classic.o
LOAD build/dsi_xlcdc_9x75cur_wsRnd/debug/_ext/1057253253/legato_radiobutton_group.o
LOAD build/dsi_xlcdc_9x75cur_wsRnd/debug/_ext/1057253253/legato_widget_radiobutton.o
LOAD build/dsi_xlcdc_9x75cur_wsRnd/debug/_ext/1057253253/legato_widget_radiobutton_skin_classic.o
LOAD build/dsi_xlcdc_9x75cur_wsRnd/debug/_ext/1340192761/legato_widget_rectangle_skin_classic.o
LOAD build/dsi_xlcdc_9x75cur_wsRnd/debug/_ext/1340192761/legato_widget_rectangle.o
LOAD build/dsi_xlcdc_9x75cur_wsRnd/debug/_ext/2043699010/legato_widget_scrollbar.o
LOAD build/dsi_xlcdc_9x75cur_wsRnd/debug/_ext/2043699010/legato_widget_scrollbar_skin_classic.o
LOAD build/dsi_xlcdc_9x75cur_wsRnd/debug/_ext/1343773367/legato_widget_slider_skin_classic.o
LOAD build/dsi_xlcdc_9x75cur_wsRnd/debug/_ext/1343773367/legato_widget_slider.o
LOAD build/dsi_xlcdc_9x75cur_wsRnd/debug/_ext/802040453/legato_widget_textfield_skin_classic.o
LOAD build/dsi_xlcdc_9x75cur_wsRnd/debug/_ext/802040453/legato_widget_textfield.o
LOAD build/dsi_xlcdc_9x75cur_wsRnd/debug/_ext/2096757015/legato_widget_touchtest_skin_classic.o
LOAD build/dsi_xlcdc_9x75cur_wsRnd/debug/_ext/2096757015/legato_widget_touchtest.o
LOAD build/dsi_xlcdc_9x75cur_wsRnd/debug/_ext/1231878056/legato_widget_window.o
LOAD build/dsi_xlcdc_9x75cur_wsRnd/debug/_ext/1231878056/legato_widget_window_skin_classic.o
LOAD build/dsi_xlcdc_9x75cur_wsRnd/debug/_ext/1011041625/legato_editwidget.o
LOAD build/dsi_xlcdc_9x75cur_wsRnd/debug/_ext/1011041625/legato_widget.o
LOAD build/dsi_xlcdc_9x75cur_wsRnd/debug/_ext/1011041625/legato_widget_skin_classic_common.o
LOAD build/dsi_xlcdc_9x75cur_wsRnd/debug/_ext/1011041625/legato_widget_skin_classic.o
LOAD build/dsi_xlcdc_9x75cur_wsRnd/debug/_ext/1655239162/gfx_simulator.o
LOAD build/dsi_xlcdc_9x75cur_wsRnd/debug/_ext/1012115472/plib_aic.o
LOAD build/dsi_xlcdc_9x75cur_wsRnd/debug/_ext/1012117495/plib_clk.o
LOAD build/dsi_xlcdc_9x75cur_wsRnd/debug/_ext/1012127146/plib_mmu.o
LOAD build/dsi_xlcdc_9x75cur_wsRnd/debug/_ext/1012129899/plib_pio.o
LOAD build/dsi_xlcdc_9x75cur_wsRnd/debug/_ext/2025709663/xc32_monitor.o
LOAD build/dsi_xlcdc_9x75cur_wsRnd/debug/_ext/676334474/sys_cache.o
LOAD build/dsi_xlcdc_9x75cur_wsRnd/debug/_ext/682275794/sys_input_listener.o
LOAD build/dsi_xlcdc_9x75cur_wsRnd/debug/_ext/682275794/sys_input.o
LOAD build/dsi_xlcdc_9x75cur_wsRnd/debug/_ext/1461346868/sys_int.o
LOAD build/dsi_xlcdc_9x75cur_wsRnd/debug/_ext/656144742/sys_time.o
LOAD build/dsi_xlcdc_9x75cur_wsRnd/debug/_ext/225985831/tasks.o
LOAD build/dsi_xlcdc_9x75cur_wsRnd/debug/_ext/225985831/initialization.o
LOAD build/dsi_xlcdc_9x75cur_wsRnd/debug/_ext/225985831/cstartup.o
LOAD build/dsi_xlcdc_9x75cur_wsRnd/debug/_ext/225985831/interrupts.o
LOAD build/dsi_xlcdc_9x75cur_wsRnd/debug/_ext/225985831/fault_handlers.o
LOAD build/dsi_xlcdc_9x75cur_wsRnd/debug/_ext/1360937237/app.o
LOAD build/dsi_xlcdc_9x75cur_wsRnd/debug/_ext/1360937237/main.o
                0x00000001                __MPLAB_BUILD = 0x1
                0x00001000                C_STACK_SIZE = 0x1000
                0x00000060                IRQ_STACK_SIZE = 0x60
                0x00000060                FIQ_STACK_SIZE = 0x60
                0x00001000                SVC_STACK_SIZE = 0x1000
                0x00000040                ABT_STACK_SIZE = 0x40
                0x00000040                UND_STACK_SIZE = 0x40

.text           0x23f00000   0x8cef94
                0x23f00000                . = ALIGN (0x4)
                [!provide]                PROVIDE (_sfixed = .)
 *(.textEntry)
 .textEntry     0x23f00000      0x10c build/dsi_xlcdc_9x75cur_wsRnd/debug/_ext/225985831/cstartup.o
                0x23f00000                entry
 *(.text .text.* .gnu.linkonce.t.*)
 .text          0x23f0010c       0x70 c:/program files/microchip/xc32/v4.35/bin/bin/../../lib/gcc/pic32c/8.3.1/arm/v5te/nofp/crtbegin.o
 .text.effectsTimerCallback
                0x23f0017c       0x18 build/dsi_xlcdc_9x75cur_wsRnd/debug/_ext/776256150/gfx_canvas.o
 .text.GFXC_Update
                0x23f00194        0x4 build/dsi_xlcdc_9x75cur_wsRnd/debug/_ext/776256150/gfx_canvas.o
 .text.GFX_CANVAS_IOCTL
                0x23f00198      0x2b4 build/dsi_xlcdc_9x75cur_wsRnd/debug/_ext/776256150/gfx_canvas.o
 .text.GFXC_BlitBuffer
                0x23f0044c       0xe8 build/dsi_xlcdc_9x75cur_wsRnd/debug/_ext/776256150/gfx_canvas.o
 .text.GFX_CANVAS_Initialize
                0x23f00534      0x1f8 build/dsi_xlcdc_9x75cur_wsRnd/debug/_ext/776256150/gfx_canvas.o
                0x23f00534                GFX_CANVAS_Initialize
 .text._gfxcCanvasUpdate
                0x23f0072c      0x2f8 build/dsi_xlcdc_9x75cur_wsRnd/debug/_ext/776256150/gfx_canvas.o
                0x23f0072c                _gfxcCanvasUpdate
 .text.GFX_CANVAS_Task
                0x23f00a24      0x3f4 build/dsi_xlcdc_9x75cur_wsRnd/debug/_ext/776256150/gfx_canvas.o
                0x23f00a24                GFX_CANVAS_Task
 .text.gfxcCreate
                0x23f00e18       0x78 build/dsi_xlcdc_9x75cur_wsRnd/debug/_ext/776256150/gfx_canvas_api.o
                0x23f00e18                gfxcCreate
 .text.gfxcSetPixelBuffer
                0x23f00e90       0x78 build/dsi_xlcdc_9x75cur_wsRnd/debug/_ext/776256150/gfx_canvas_api.o
                0x23f00e90                gfxcSetPixelBuffer
 .text.gfxcSetLayer
                0x23f00f08       0x50 build/dsi_xlcdc_9x75cur_wsRnd/debug/_ext/776256150/gfx_canvas_api.o
                0x23f00f08                gfxcSetLayer
 .text.gfxcSetWindowPosition
                0x23f00f58       0x3c build/dsi_xlcdc_9x75cur_wsRnd/debug/_ext/776256150/gfx_canvas_api.o
                0x23f00f58                gfxcSetWindowPosition
 .text.gfxcSetWindowSize
                0x23f00f94       0x3c build/dsi_xlcdc_9x75cur_wsRnd/debug/_ext/776256150/gfx_canvas_api.o
                0x23f00f94                gfxcSetWindowSize
 .text.gfxcShowCanvas
                0x23f00fd0       0x2c build/dsi_xlcdc_9x75cur_wsRnd/debug/_ext/776256150/gfx_canvas_api.o
                0x23f00fd0                gfxcShowCanvas
 .text.gfxcHideCanvas
                0x23f00ffc       0x28 build/dsi_xlcdc_9x75cur_wsRnd/debug/_ext/776256150/gfx_canvas_api.o
                0x23f00ffc                gfxcHideCanvas
 .text.gfxcCanvasUpdate
                0x23f01024       0x20 build/dsi_xlcdc_9x75cur_wsRnd/debug/_ext/776256150/gfx_canvas_api.o
                0x23f01024                gfxcCanvasUpdate
 .text.gfxPixelBufferCreate
                0x23f01044       0xd8 build/dsi_xlcdc_9x75cur_wsRnd/debug/_ext/820436326/gfx_driver.o
                0x23f01044                gfxPixelBufferCreate
 .text.gfxPixelBufferOffsetGet
                0x23f0111c       0x4c build/dsi_xlcdc_9x75cur_wsRnd/debug/_ext/820436326/gfx_driver.o
                0x23f0111c                gfxPixelBufferOffsetGet
 .text.gfxPixelBuffer_IsLocked
                0x23f01168       0x14 build/dsi_xlcdc_9x75cur_wsRnd/debug/_ext/820436326/gfx_driver.o
                0x23f01168                gfxPixelBuffer_IsLocked
 .text.leQueryArcQuadrants
                0x23f0117c      0x124 build/dsi_xlcdc_9x75cur_wsRnd/debug/_ext/1577809330/legato_math.o
 .text.leNormalizeAngle
                0x23f012a0       0x30 build/dsi_xlcdc_9x75cur_wsRnd/debug/_ext/1577809330/legato_math.o
                0x23f012a0                leNormalizeAngle
 .text.leSin    0x23f012d0       0x80 build/dsi_xlcdc_9x75cur_wsRnd/debug/_ext/1577809330/legato_math.o
                0x23f012d0                leSin
 .text.leCos    0x23f01350       0x78 build/dsi_xlcdc_9x75cur_wsRnd/debug/_ext/1577809330/legato_math.o
                0x23f01350                leCos
 .text.lePolarToXY
                0x23f013c8       0x60 build/dsi_xlcdc_9x75cur_wsRnd/debug/_ext/1577809330/legato_math.o
                0x23f013c8                lePolarToXY
 .text.leMini   0x23f01428        0xc build/dsi_xlcdc_9x75cur_wsRnd/debug/_ext/1577809330/legato_math.o
                0x23f01428                leMini
 .text.leMaxi   0x23f01434        0xc build/dsi_xlcdc_9x75cur_wsRnd/debug/_ext/1577809330/legato_math.o
                0x23f01434                leMaxi
 .text.leClampi
                0x23f01440       0x18 build/dsi_xlcdc_9x75cur_wsRnd/debug/_ext/1577809330/legato_math.o
                0x23f01440                leClampi
 .text.lePercent
                0x23f01458       0x1c build/dsi_xlcdc_9x75cur_wsRnd/debug/_ext/1577809330/legato_math.o
                0x23f01458                lePercent
 .text.lePercentWholeRounded
                0x23f01474       0x3c build/dsi_xlcdc_9x75cur_wsRnd/debug/_ext/1577809330/legato_math.o
                0x23f01474                lePercentWholeRounded
 .text.lePercentOf
                0x23f014b0       0x58 build/dsi_xlcdc_9x75cur_wsRnd/debug/_ext/1577809330/legato_math.o
                0x23f014b0                lePercentOf
 .text.leScaleInteger
                0x23f01508       0x44 build/dsi_xlcdc_9x75cur_wsRnd/debug/_ext/1577809330/legato_math.o
                0x23f01508                leScaleInteger
 .text.leLerp   0x23f0154c       0x58 build/dsi_xlcdc_9x75cur_wsRnd/debug/_ext/1577809330/legato_math.o
                0x23f0154c                leLerp
 .text.lePointOnLineSide
                0x23f015a4       0x60 build/dsi_xlcdc_9x75cur_wsRnd/debug/_ext/1577809330/legato_math.o
                0x23f015a4                lePointOnLineSide
 .text.leRotatePoint
                0x23f01604       0xbc build/dsi_xlcdc_9x75cur_wsRnd/debug/_ext/1577809330/legato_math.o
                0x23f01604                leRotatePoint
 .text.leRotatedRectBounds
                0x23f016c0      0x14c build/dsi_xlcdc_9x75cur_wsRnd/debug/_ext/1577809330/legato_math.o
                0x23f016c0                leRotatedRectBounds
 .text.leSqrt   0x23f0180c       0x58 build/dsi_xlcdc_9x75cur_wsRnd/debug/_ext/1577809330/legato_math.o
                0x23f0180c                leSqrt
 .text.lePointOnCircle
                0x23f01864       0x30 build/dsi_xlcdc_9x75cur_wsRnd/debug/_ext/1577809330/legato_math.o
                0x23f01864                lePointOnCircle
 .text.leNormalizeAngles
                0x23f01894       0x80 build/dsi_xlcdc_9x75cur_wsRnd/debug/_ext/1577809330/legato_math.o
                0x23f01894                leNormalizeAngles
 .text.leResolveAngles
                0x23f01914      0x2a8 build/dsi_xlcdc_9x75cur_wsRnd/debug/_ext/1577809330/legato_math.o
                0x23f01914                leResolveAngles
 .text.leRound  0x23f01bbc       0xa0 build/dsi_xlcdc_9x75cur_wsRnd/debug/_ext/1577809330/legato_math.o
                0x23f01bbc                leRound
 .text.leDegreesFromPercent
                0x23f01c5c       0x2c build/dsi_xlcdc_9x75cur_wsRnd/debug/_ext/1577809330/legato_math.o
                0x23f01c5c                leDegreesFromPercent
 .text.leColorChannelAlpha
                0x23f01c88       0x30 build/dsi_xlcdc_9x75cur_wsRnd/debug/_ext/1577809330/legato_color.o
                0x23f01c88                leColorChannelAlpha
 .text.leColorSwap
                0x23f01cb8       0xa8 build/dsi_xlcdc_9x75cur_wsRnd/debug/_ext/1577809330/legato_color.o
                0x23f01cb8                leColorSwap
 .text.leColorBlend_RGBA_8888
                0x23f01d60      0x168 build/dsi_xlcdc_9x75cur_wsRnd/debug/_ext/1577809330/legato_color_blend.o
                0x23f01d60                leColorBlend_RGBA_8888
 .text.leColorBlend_ARGB_8888
                0x23f01ec8      0x14c build/dsi_xlcdc_9x75cur_wsRnd/debug/_ext/1577809330/legato_color_blend.o
                0x23f01ec8                leColorBlend_ARGB_8888
 .text.leUtils_PickFromWidget
                0x23f02014       0xe0 build/dsi_xlcdc_9x75cur_wsRnd/debug/_ext/1577809330/legato_utils.o
                0x23f02014                leUtils_PickFromWidget
 .text.leUtils_PointToScreenSpace
                0x23f020f4       0x44 build/dsi_xlcdc_9x75cur_wsRnd/debug/_ext/1577809330/legato_utils.o
                0x23f020f4                leUtils_PointToScreenSpace
 .text.leUtils_PointScreenToLocalSpace
                0x23f02138       0x70 build/dsi_xlcdc_9x75cur_wsRnd/debug/_ext/1577809330/legato_utils.o
                0x23f02138                leUtils_PointScreenToLocalSpace
 .text.leUtils_ClipRectToParent
                0x23f021a8       0x84 build/dsi_xlcdc_9x75cur_wsRnd/debug/_ext/1577809330/legato_utils.o
                0x23f021a8                leUtils_ClipRectToParent
 .text.leUtils_RectToScreenSpace
                0x23f0222c       0x44 build/dsi_xlcdc_9x75cur_wsRnd/debug/_ext/1577809330/legato_utils.o
                0x23f0222c                leUtils_RectToScreenSpace
 .text.leUtils_ClipRectToAncestors
                0x23f02270       0x94 build/dsi_xlcdc_9x75cur_wsRnd/debug/_ext/1577809330/legato_utils.o
                0x23f02270                leUtils_ClipRectToAncestors
 .text.leUtils_ArrangeRectangle
                0x23f02304      0x280 build/dsi_xlcdc_9x75cur_wsRnd/debug/_ext/1577809330/legato_utils.o
                0x23f02304                leUtils_ArrangeRectangle
 .text.leUtils_ArrangeRectangleRelative
                0x23f02584      0x2b0 build/dsi_xlcdc_9x75cur_wsRnd/debug/_ext/1577809330/legato_utils.o
                0x23f02584                leUtils_ArrangeRectangleRelative
 .text.leUtils_GetSchemeLookupTable
                0x23f02834       0x64 build/dsi_xlcdc_9x75cur_wsRnd/debug/_ext/1577809330/legato_utils.o
                0x23f02834                leUtils_GetSchemeLookupTable
 .text.leRectContainsPoint
                0x23f02898       0x60 build/dsi_xlcdc_9x75cur_wsRnd/debug/_ext/1577809330/legato_rect.o
                0x23f02898                leRectContainsPoint
 .text.leRectContainsRect
                0x23f028f8       0x70 build/dsi_xlcdc_9x75cur_wsRnd/debug/_ext/1577809330/legato_rect.o
                0x23f028f8                leRectContainsRect
 .text.leRectIntersects
                0x23f02968       0x70 build/dsi_xlcdc_9x75cur_wsRnd/debug/_ext/1577809330/legato_rect.o
                0x23f02968                leRectIntersects
 .text.leRectCombine
                0x23f029d8       0x88 build/dsi_xlcdc_9x75cur_wsRnd/debug/_ext/1577809330/legato_rect.o
                0x23f029d8                leRectCombine
 .text.leRectClipAdj
                0x23f02a60      0x180 build/dsi_xlcdc_9x75cur_wsRnd/debug/_ext/1577809330/legato_rect.o
                0x23f02a60                leRectClipAdj
 .text.leRectClip
                0x23f02be0       0xa0 build/dsi_xlcdc_9x75cur_wsRnd/debug/_ext/1577809330/legato_rect.o
                0x23f02be0                leRectClip
 .text.leRectCompare
                0x23f02c80       0x60 build/dsi_xlcdc_9x75cur_wsRnd/debug/_ext/1577809330/legato_rect.o
                0x23f02c80                leRectCompare
 .text.leRectsAreSimilar
                0x23f02ce0       0xcc build/dsi_xlcdc_9x75cur_wsRnd/debug/_ext/1577809330/legato_rect.o
                0x23f02ce0                leRectsAreSimilar
 .text.lerp_argb8888
                0x23f02dac       0x78 build/dsi_xlcdc_9x75cur_wsRnd/debug/_ext/1577809330/legato_color_lerp.o
 .text.lerp_rgba8888
                0x23f02e24       0x78 build/dsi_xlcdc_9x75cur_wsRnd/debug/_ext/1577809330/legato_color_lerp.o
 .text.lerp_rgb888
                0x23f02e9c       0x60 build/dsi_xlcdc_9x75cur_wsRnd/debug/_ext/1577809330/legato_color_lerp.o
 .text.lerp_rgba5551
                0x23f02efc       0x74 build/dsi_xlcdc_9x75cur_wsRnd/debug/_ext/1577809330/legato_color_lerp.o
 .text.lerp_rgb565
                0x23f02f70       0x60 build/dsi_xlcdc_9x75cur_wsRnd/debug/_ext/1577809330/legato_color_lerp.o
 .text.lerp_rgb332
                0x23f02fd0       0x60 build/dsi_xlcdc_9x75cur_wsRnd/debug/_ext/1577809330/legato_color_lerp.o
 .text.lerp_gs8
                0x23f03030        0xc build/dsi_xlcdc_9x75cur_wsRnd/debug/_ext/1577809330/legato_color_lerp.o
 .text.leColorLerp
                0x23f0303c       0x40 build/dsi_xlcdc_9x75cur_wsRnd/debug/_ext/1577809330/legato_color_lerp.o
                0x23f0303c                leColorLerp
 .text.leColorBilerp
                0x23f0307c       0x5c build/dsi_xlcdc_9x75cur_wsRnd/debug/_ext/1577809330/legato_color_lerp.o
                0x23f0307c                leColorBilerp
 .text.indexGet1bpp
                0x23f030d8       0x20 build/dsi_xlcdc_9x75cur_wsRnd/debug/_ext/1577809330/legato_pixelbuffer.o
 .text.indexGet4bpp
                0x23f030f8       0x18 build/dsi_xlcdc_9x75cur_wsRnd/debug/_ext/1577809330/legato_pixelbuffer.o
 .text.indexGet
                0x23f03110       0x64 build/dsi_xlcdc_9x75cur_wsRnd/debug/_ext/1577809330/legato_pixelbuffer.o
 .text.get1byte
                0x23f03174        0x8 build/dsi_xlcdc_9x75cur_wsRnd/debug/_ext/1577809330/legato_pixelbuffer.o
 .text.get2byte
                0x23f0317c        0x8 build/dsi_xlcdc_9x75cur_wsRnd/debug/_ext/1577809330/legato_pixelbuffer.o
 .text.get3byte
                0x23f03184       0x1c build/dsi_xlcdc_9x75cur_wsRnd/debug/_ext/1577809330/legato_pixelbuffer.o
 .text.get4byte
                0x23f031a0        0x8 build/dsi_xlcdc_9x75cur_wsRnd/debug/_ext/1577809330/legato_pixelbuffer.o
 .text.set1byte
                0x23f031a8        0xc build/dsi_xlcdc_9x75cur_wsRnd/debug/_ext/1577809330/legato_pixelbuffer.o
 .text.set2byte
                0x23f031b4        0xc build/dsi_xlcdc_9x75cur_wsRnd/debug/_ext/1577809330/legato_pixelbuffer.o
 .text.set3byte
                0x23f031c0       0x1c build/dsi_xlcdc_9x75cur_wsRnd/debug/_ext/1577809330/legato_pixelbuffer.o
 .text.set4byte
                0x23f031dc        0xc build/dsi_xlcdc_9x75cur_wsRnd/debug/_ext/1577809330/legato_pixelbuffer.o
 .text.lePixelBufferCreate
                0x23f031e8       0xd0 build/dsi_xlcdc_9x75cur_wsRnd/debug/_ext/1577809330/legato_pixelbuffer.o
                0x23f031e8                lePixelBufferCreate
 .text.lePixelBufferOffsetGet
                0x23f032b8       0x5c build/dsi_xlcdc_9x75cur_wsRnd/debug/_ext/1577809330/legato_pixelbuffer.o
                0x23f032b8                lePixelBufferOffsetGet
 .text.lePixelBufferOffsetGet_Unsafe
                0x23f03314       0x44 build/dsi_xlcdc_9x75cur_wsRnd/debug/_ext/1577809330/legato_pixelbuffer.o
                0x23f03314                lePixelBufferOffsetGet_Unsafe
 .text.lePixelBufferGet_Unsafe
                0x23f03358       0x64 build/dsi_xlcdc_9x75cur_wsRnd/debug/_ext/1577809330/legato_pixelbuffer.o
                0x23f03358                lePixelBufferGet_Unsafe
 .text.lePixelBufferGet
                0x23f033bc       0x34 build/dsi_xlcdc_9x75cur_wsRnd/debug/_ext/1577809330/legato_pixelbuffer.o
                0x23f033bc                lePixelBufferGet
 .text.lePixelBufferClipRect
                0x23f033f0       0x84 build/dsi_xlcdc_9x75cur_wsRnd/debug/_ext/1577809330/legato_pixelbuffer.o
                0x23f033f0                lePixelBufferClipRect
 .text.lePixelBufferGetIndex_Unsafe
                0x23f03474       0x2c build/dsi_xlcdc_9x75cur_wsRnd/debug/_ext/1577809330/legato_pixelbuffer.o
                0x23f03474                lePixelBufferGetIndex_Unsafe
 .text.lePixelBufferSet_Unsafe
                0x23f034a0       0x7c build/dsi_xlcdc_9x75cur_wsRnd/debug/_ext/1577809330/legato_pixelbuffer.o
                0x23f034a0                lePixelBufferSet_Unsafe
 .text.lePixelBufferSet
                0x23f0351c       0x28 build/dsi_xlcdc_9x75cur_wsRnd/debug/_ext/1577809330/legato_pixelbuffer.o
                0x23f0351c                lePixelBufferSet
 .text.lePixelBufferAreaFill_Unsafe
                0x23f03544      0x118 build/dsi_xlcdc_9x75cur_wsRnd/debug/_ext/1577809330/legato_pixelbuffer.o
                0x23f03544                lePixelBufferAreaFill_Unsafe
 .text.lePixelBufferAreaFill
                0x23f0365c       0x70 build/dsi_xlcdc_9x75cur_wsRnd/debug/_ext/1577809330/legato_pixelbuffer.o
                0x23f0365c                lePixelBufferAreaFill
 .text.lePixelBufferCopy
                0x23f036cc       0xd8 build/dsi_xlcdc_9x75cur_wsRnd/debug/_ext/1577809330/legato_pixelbuffer.o
                0x23f036cc                lePixelBufferCopy
 .text.no_conv  0x23f037a4        0x4 build/dsi_xlcdc_9x75cur_wsRnd/debug/_ext/1577809330/legato_color_convert.o
 .text.gs8_rgb332
                0x23f037a8       0x10 build/dsi_xlcdc_9x75cur_wsRnd/debug/_ext/1577809330/legato_color_convert.o
 .text.gs8_rgb565
                0x23f037b8       0x20 build/dsi_xlcdc_9x75cur_wsRnd/debug/_ext/1577809330/legato_color_convert.o
 .text.gs8_rgba5551
                0x23f037d8       0x28 build/dsi_xlcdc_9x75cur_wsRnd/debug/_ext/1577809330/legato_color_convert.o
 .text.gs8_rgb888
                0x23f03800       0x10 build/dsi_xlcdc_9x75cur_wsRnd/debug/_ext/1577809330/legato_color_convert.o
 .text.gs8_rgba8888
                0x23f03810       0x14 build/dsi_xlcdc_9x75cur_wsRnd/debug/_ext/1577809330/legato_color_convert.o
 .text.gs8_argb8888
                0x23f03824       0x14 build/dsi_xlcdc_9x75cur_wsRnd/debug/_ext/1577809330/legato_color_convert.o
 .text.gs8_mono
                0x23f03838       0x10 build/dsi_xlcdc_9x75cur_wsRnd/debug/_ext/1577809330/legato_color_convert.o
 .text.rgb332_rgb565
                0x23f03848       0x2c build/dsi_xlcdc_9x75cur_wsRnd/debug/_ext/1577809330/legato_color_convert.o
 .text.rgb332_rgba5551
                0x23f03874       0x2c build/dsi_xlcdc_9x75cur_wsRnd/debug/_ext/1577809330/legato_color_convert.o
 .text.rgb332_rgb888
                0x23f038a0       0x30 build/dsi_xlcdc_9x75cur_wsRnd/debug/_ext/1577809330/legato_color_convert.o
 .text.rgb332_rgba8888
                0x23f038d0       0x2c build/dsi_xlcdc_9x75cur_wsRnd/debug/_ext/1577809330/legato_color_convert.o
 .text.rgb332_argb8888
                0x23f038fc       0x30 build/dsi_xlcdc_9x75cur_wsRnd/debug/_ext/1577809330/legato_color_convert.o
 .text.rgb565_rgb332
                0x23f0392c       0x20 build/dsi_xlcdc_9x75cur_wsRnd/debug/_ext/1577809330/legato_color_convert.o
 .text.rgb565_rgba5551
                0x23f0394c       0x20 build/dsi_xlcdc_9x75cur_wsRnd/debug/_ext/1577809330/legato_color_convert.o
 .text.rgb565_rgb888
                0x23f0396c       0x24 build/dsi_xlcdc_9x75cur_wsRnd/debug/_ext/1577809330/legato_color_convert.o
 .text.rgb565_rgba8888
                0x23f03990       0x24 build/dsi_xlcdc_9x75cur_wsRnd/debug/_ext/1577809330/legato_color_convert.o
 .text.rgb565_argb8888
                0x23f039b4       0x28 build/dsi_xlcdc_9x75cur_wsRnd/debug/_ext/1577809330/legato_color_convert.o
 .text.rgba5551_gs8
                0x23f039dc        0x4 build/dsi_xlcdc_9x75cur_wsRnd/debug/_ext/1577809330/legato_color_convert.o
 .text.rgba5551_rgb332
                0x23f039e0       0x20 build/dsi_xlcdc_9x75cur_wsRnd/debug/_ext/1577809330/legato_color_convert.o
 .text.rgba5551_rgb565
                0x23f03a00       0x1c build/dsi_xlcdc_9x75cur_wsRnd/debug/_ext/1577809330/legato_color_convert.o
 .text.rgba5551_rgb888
                0x23f03a1c       0x30 build/dsi_xlcdc_9x75cur_wsRnd/debug/_ext/1577809330/legato_color_convert.o
 .text.rgba5551_rgba8888
                0x23f03a4c       0x40 build/dsi_xlcdc_9x75cur_wsRnd/debug/_ext/1577809330/legato_color_convert.o
 .text.rgba5551_argb8888
                0x23f03a8c       0x40 build/dsi_xlcdc_9x75cur_wsRnd/debug/_ext/1577809330/legato_color_convert.o
 .text.rgb888_gs8
                0x23f03acc        0x4 build/dsi_xlcdc_9x75cur_wsRnd/debug/_ext/1577809330/legato_color_convert.o
 .text.rgb888_rgb332
                0x23f03ad0       0x24 build/dsi_xlcdc_9x75cur_wsRnd/debug/_ext/1577809330/legato_color_convert.o
 .text.rgb888_rgb565
                0x23f03af4       0x20 build/dsi_xlcdc_9x75cur_wsRnd/debug/_ext/1577809330/legato_color_convert.o
 .text.rgb888_rgba5551
                0x23f03b14       0x28 build/dsi_xlcdc_9x75cur_wsRnd/debug/_ext/1577809330/legato_color_convert.o
 .text.rgb888_rgba8888
                0x23f03b3c        0xc build/dsi_xlcdc_9x75cur_wsRnd/debug/_ext/1577809330/legato_color_convert.o
 .text.rgb888_argb8888
                0x23f03b48        0x8 build/dsi_xlcdc_9x75cur_wsRnd/debug/_ext/1577809330/legato_color_convert.o
 .text.rgba8888_gs8
                0x23f03b50        0x4 build/dsi_xlcdc_9x75cur_wsRnd/debug/_ext/1577809330/legato_color_convert.o
 .text.rgba8888_rgb332
                0x23f03b54       0x20 build/dsi_xlcdc_9x75cur_wsRnd/debug/_ext/1577809330/legato_color_convert.o
 .text.rgba8888_rgb565
                0x23f03b74       0x20 build/dsi_xlcdc_9x75cur_wsRnd/debug/_ext/1577809330/legato_color_convert.o
 .text.rgba8888_rgba5551
                0x23f03b94       0x34 build/dsi_xlcdc_9x75cur_wsRnd/debug/_ext/1577809330/legato_color_convert.o
 .text.rgba8888_rgb888
                0x23f03bc8        0x8 build/dsi_xlcdc_9x75cur_wsRnd/debug/_ext/1577809330/legato_color_convert.o
 .text.rgba8888_argb8888
                0x23f03bd0        0x8 build/dsi_xlcdc_9x75cur_wsRnd/debug/_ext/1577809330/legato_color_convert.o
 .text.argb8888_rgba5551
                0x23f03bd8       0x34 build/dsi_xlcdc_9x75cur_wsRnd/debug/_ext/1577809330/legato_color_convert.o
 .text.argb8888_rgb888
                0x23f03c0c        0x8 build/dsi_xlcdc_9x75cur_wsRnd/debug/_ext/1577809330/legato_color_convert.o
 .text.argb8888_rgba8888
                0x23f03c14        0x8 build/dsi_xlcdc_9x75cur_wsRnd/debug/_ext/1577809330/legato_color_convert.o
 .text.rgb565_gs8
                0x23f03c1c       0x54 build/dsi_xlcdc_9x75cur_wsRnd/debug/_ext/1577809330/legato_color_convert.o
 .text.rgb332_gs8
                0x23f03c70       0x54 build/dsi_xlcdc_9x75cur_wsRnd/debug/_ext/1577809330/legato_color_convert.o
 .text.leColorConvert
                0x23f03cc4       0x28 build/dsi_xlcdc_9x75cur_wsRnd/debug/_ext/1577809330/legato_color_convert.o
                0x23f03cc4                leColorConvert
 .text._leGetEventState
                0x23f03cec        0xc build/dsi_xlcdc_9x75cur_wsRnd/debug/_ext/461976382/legato_event.o
                0x23f03cec                _leGetEventState
 .text.leEvent_Init
                0x23f03cf8       0x20 build/dsi_xlcdc_9x75cur_wsRnd/debug/_ext/461976382/legato_event.o
                0x23f03cf8                leEvent_Init
 .text.leEvent_AddEvent
                0x23f03d18       0x28 build/dsi_xlcdc_9x75cur_wsRnd/debug/_ext/461976382/legato_event.o
                0x23f03d18                leEvent_AddEvent
 .text.leEvent_ProcessEvents
                0x23f03d40       0xb4 build/dsi_xlcdc_9x75cur_wsRnd/debug/_ext/461976382/legato_event.o
                0x23f03d40                leEvent_ProcessEvents
 .text.leWidgetEvent_Accept
                0x23f03df4       0x14 build/dsi_xlcdc_9x75cur_wsRnd/debug/_ext/461976382/legato_event.o
                0x23f03df4                leWidgetEvent_Accept
 .text.leScheme_GetRenderColor
                0x23f03e08       0x38 build/dsi_xlcdc_9x75cur_wsRnd/debug/_ext/461976382/legato_scheme.o
                0x23f03e08                leScheme_GetRenderColor
 .text.leInput_Init
                0x23f03e40       0x2c build/dsi_xlcdc_9x75cur_wsRnd/debug/_ext/461976382/legato_input.o
                0x23f03e40                leInput_Init
 .text.leInput_InjectTouchDown
                0x23f03e6c       0xd8 build/dsi_xlcdc_9x75cur_wsRnd/debug/_ext/461976382/legato_input.o
                0x23f03e6c                leInput_InjectTouchDown
 .text.leInput_InjectTouchUp
                0x23f03f44       0xb4 build/dsi_xlcdc_9x75cur_wsRnd/debug/_ext/461976382/legato_input.o
                0x23f03f44                leInput_InjectTouchUp
 .text.leInput_InjectTouchMoved
                0x23f03ff8      0x12c build/dsi_xlcdc_9x75cur_wsRnd/debug/_ext/461976382/legato_input.o
                0x23f03ff8                leInput_InjectTouchMoved
 .text.handleTouchDown
                0x23f04124      0x118 build/dsi_xlcdc_9x75cur_wsRnd/debug/_ext/461976382/legato_input.o
                0x23f04124                handleTouchDown
 .text.handleTouchUp
                0x23f0423c       0x70 build/dsi_xlcdc_9x75cur_wsRnd/debug/_ext/461976382/legato_input.o
                0x23f0423c                handleTouchUp
 .text.handleTouchMoved
                0x23f042ac       0x70 build/dsi_xlcdc_9x75cur_wsRnd/debug/_ext/461976382/legato_input.o
                0x23f042ac                handleTouchMoved
 .text._leInput_HandleInputEvent
                0x23f0431c       0x40 build/dsi_xlcdc_9x75cur_wsRnd/debug/_ext/461976382/legato_input.o
                0x23f0431c                _leInput_HandleInputEvent
 .text.updateWidget
                0x23f0435c       0x4c build/dsi_xlcdc_9x75cur_wsRnd/debug/_ext/461976382/legato_state.o
 .text.leGetState
                0x23f043a8        0xc build/dsi_xlcdc_9x75cur_wsRnd/debug/_ext/461976382/legato_state.o
                0x23f043a8                leGetState
 .text.leAddLayer
                0x23f043b4       0xb8 build/dsi_xlcdc_9x75cur_wsRnd/debug/_ext/461976382/legato_state.o
                0x23f043b4                leAddLayer
 .text.leInitialize
                0x23f0446c       0xb8 build/dsi_xlcdc_9x75cur_wsRnd/debug/_ext/461976382/legato_state.o
                0x23f0446c                leInitialize
 .text.leGetLayerState
                0x23f04524       0x50 build/dsi_xlcdc_9x75cur_wsRnd/debug/_ext/461976382/legato_state.o
                0x23f04524                leGetLayerState
 .text.leGetLayerColorMode
                0x23f04574       0x54 build/dsi_xlcdc_9x75cur_wsRnd/debug/_ext/461976382/legato_state.o
                0x23f04574                leGetLayerColorMode
 .text.leGetLayerRenderHorizontal
                0x23f045c8       0x54 build/dsi_xlcdc_9x75cur_wsRnd/debug/_ext/461976382/legato_state.o
                0x23f045c8                leGetLayerRenderHorizontal
 .text.leGetFocusWidget
                0x23f0461c       0x10 build/dsi_xlcdc_9x75cur_wsRnd/debug/_ext/461976382/legato_state.o
                0x23f0461c                leGetFocusWidget
 .text.leSetFocusWidget
                0x23f0462c       0x84 build/dsi_xlcdc_9x75cur_wsRnd/debug/_ext/461976382/legato_state.o
                0x23f0462c                leSetFocusWidget
 .text.leGetEditWidget
                0x23f046b0       0x10 build/dsi_xlcdc_9x75cur_wsRnd/debug/_ext/461976382/legato_state.o
                0x23f046b0                leGetEditWidget
 .text.leSetEditWidget
                0x23f046c0       0x84 build/dsi_xlcdc_9x75cur_wsRnd/debug/_ext/461976382/legato_state.o
                0x23f046c0                leSetEditWidget
 .text.leRedrawAll
                0x23f04744       0x50 build/dsi_xlcdc_9x75cur_wsRnd/debug/_ext/461976382/legato_state.o
                0x23f04744                leRedrawAll
 .text.leSetLayerColorMode
                0x23f04794       0x74 build/dsi_xlcdc_9x75cur_wsRnd/debug/_ext/461976382/legato_state.o
                0x23f04794                leSetLayerColorMode
 .text.leSetStringTable
                0x23f04808       0x18 build/dsi_xlcdc_9x75cur_wsRnd/debug/_ext/461976382/legato_state.o
                0x23f04808                leSetStringTable
 .text.leIsDrawing
                0x23f04820       0x14 build/dsi_xlcdc_9x75cur_wsRnd/debug/_ext/461976382/legato_state.o
                0x23f04820                leIsDrawing
 .text.leUpdate
                0x23f04834      0x114 build/dsi_xlcdc_9x75cur_wsRnd/debug/_ext/461976382/legato_state.o
                0x23f04834                leUpdate
 .text.leAddRootWidget
                0x23f04948       0x68 build/dsi_xlcdc_9x75cur_wsRnd/debug/_ext/461976382/legato_state.o
                0x23f04948                leAddRootWidget
 .text.leRemoveRootWidget
                0x23f049b0       0x74 build/dsi_xlcdc_9x75cur_wsRnd/debug/_ext/461976382/legato_state.o
                0x23f049b0                leRemoveRootWidget
 .text.leGetWidgetLayer
                0x23f04a24       0x8c build/dsi_xlcdc_9x75cur_wsRnd/debug/_ext/461976382/legato_state.o
                0x23f04a24                leGetWidgetLayer
 .text.leWidgetIsInScene
                0x23f04ab0       0x14 build/dsi_xlcdc_9x75cur_wsRnd/debug/_ext/461976382/legato_state.o
                0x23f04ab0                leWidgetIsInScene
 .text._shuffleLeft
                0x23f04ac4       0xac build/dsi_xlcdc_9x75cur_wsRnd/debug/_ext/1243821894/legato_rectarray.o
 .text.leRectArray_Create
                0x23f04b70       0x1c build/dsi_xlcdc_9x75cur_wsRnd/debug/_ext/1243821894/legato_rectarray.o
                0x23f04b70                leRectArray_Create
 .text.leRectArray_Resize
                0x23f04b8c       0x7c build/dsi_xlcdc_9x75cur_wsRnd/debug/_ext/1243821894/legato_rectarray.o
                0x23f04b8c                leRectArray_Resize
 .text.leRectArray_PushBack
                0x23f04c08       0x70 build/dsi_xlcdc_9x75cur_wsRnd/debug/_ext/1243821894/legato_rectarray.o
                0x23f04c08                leRectArray_PushBack
 .text.leRectArray_RemoveAt
                0x23f04c78       0x38 build/dsi_xlcdc_9x75cur_wsRnd/debug/_ext/1243821894/legato_rectarray.o
                0x23f04c78                leRectArray_RemoveAt
 .text.leRectArray_Copy
                0x23f04cb0       0x74 build/dsi_xlcdc_9x75cur_wsRnd/debug/_ext/1243821894/legato_rectarray.o
                0x23f04cb0                leRectArray_Copy
 .text.leRectArray_Clear
                0x23f04d24       0x14 build/dsi_xlcdc_9x75cur_wsRnd/debug/_ext/1243821894/legato_rectarray.o
                0x23f04d24                leRectArray_Clear
 .text.leRectArray_Destroy
                0x23f04d38       0x3c build/dsi_xlcdc_9x75cur_wsRnd/debug/_ext/1243821894/legato_rectarray.o
                0x23f04d38                leRectArray_Destroy
 .text.leRectArray_RemoveDuplicates
                0x23f04d74       0x90 build/dsi_xlcdc_9x75cur_wsRnd/debug/_ext/1243821894/legato_rectarray.o
                0x23f04d74                leRectArray_RemoveDuplicates
 .text.leRectArray_SortBySize
                0x23f04e04       0xdc build/dsi_xlcdc_9x75cur_wsRnd/debug/_ext/1243821894/legato_rectarray.o
                0x23f04e04                leRectArray_SortBySize
 .text.leRectArray_SortByX
                0x23f04ee0       0xfc build/dsi_xlcdc_9x75cur_wsRnd/debug/_ext/1243821894/legato_rectarray.o
                0x23f04ee0                leRectArray_SortByX
 .text.leRectArray_SortByY
                0x23f04fdc       0xf4 build/dsi_xlcdc_9x75cur_wsRnd/debug/_ext/1243821894/legato_rectarray.o
                0x23f04fdc                leRectArray_SortByY
 .text.leRectArray_MergeSimilar
                0x23f050d0       0x98 build/dsi_xlcdc_9x75cur_wsRnd/debug/_ext/1243821894/legato_rectarray.o
                0x23f050d0                leRectArray_MergeSimilar
 .text.leRectArray_RemoveOverlapping
                0x23f05168       0x84 build/dsi_xlcdc_9x75cur_wsRnd/debug/_ext/1243821894/legato_rectarray.o
                0x23f05168                leRectArray_RemoveOverlapping
 .text.leRectArray_PadRectangleWidth
                0x23f051ec      0x120 build/dsi_xlcdc_9x75cur_wsRnd/debug/_ext/1243821894/legato_rectarray.o
                0x23f051ec                leRectArray_PadRectangleWidth
 .text.leRectArray_CropToSizeY
                0x23f0530c      0x130 build/dsi_xlcdc_9x75cur_wsRnd/debug/_ext/1243821894/legato_rectarray.o
                0x23f0530c                leRectArray_CropToSizeY
 .text.leRectArray_CropToSizeX
                0x23f0543c      0x130 build/dsi_xlcdc_9x75cur_wsRnd/debug/_ext/1243821894/legato_rectarray.o
                0x23f0543c                leRectArray_CropToSizeX
 .text.leList_Create
                0x23f0556c       0x1c build/dsi_xlcdc_9x75cur_wsRnd/debug/_ext/1243821894/legato_list.o
                0x23f0556c                leList_Create
 .text.leList_PushBack
                0x23f05588       0x68 build/dsi_xlcdc_9x75cur_wsRnd/debug/_ext/1243821894/legato_list.o
                0x23f05588                leList_PushBack
 .text.leList_Get
                0x23f055f0       0x44 build/dsi_xlcdc_9x75cur_wsRnd/debug/_ext/1243821894/legato_list.o
                0x23f055f0                leList_Get
 .text.leList_Remove
                0x23f05634       0xbc build/dsi_xlcdc_9x75cur_wsRnd/debug/_ext/1243821894/legato_list.o
                0x23f05634                leList_Remove
 .text.leList_Destroy
                0x23f056f0       0x4c build/dsi_xlcdc_9x75cur_wsRnd/debug/_ext/1243821894/legato_list.o
                0x23f056f0                leList_Destroy
 .text._shuffleRight
                0x23f0573c       0x78 build/dsi_xlcdc_9x75cur_wsRnd/debug/_ext/1243821894/legato_array.o
 .text._shuffleLeft
                0x23f057b4       0x5c build/dsi_xlcdc_9x75cur_wsRnd/debug/_ext/1243821894/legato_array.o
 .text.leArray_Create
                0x23f05810       0x1c build/dsi_xlcdc_9x75cur_wsRnd/debug/_ext/1243821894/legato_array.o
                0x23f05810                leArray_Create
 .text.leArray_Resize
                0x23f0582c       0x70 build/dsi_xlcdc_9x75cur_wsRnd/debug/_ext/1243821894/legato_array.o
                0x23f0582c                leArray_Resize
 .text.leArray_PushBack
                0x23f0589c       0x60 build/dsi_xlcdc_9x75cur_wsRnd/debug/_ext/1243821894/legato_array.o
                0x23f0589c                leArray_PushBack
 .text.leArray_InsertAt
                0x23f058fc       0x9c build/dsi_xlcdc_9x75cur_wsRnd/debug/_ext/1243821894/legato_array.o
                0x23f058fc                leArray_InsertAt
 .text.leArray_RemoveAt
                0x23f05998       0x38 build/dsi_xlcdc_9x75cur_wsRnd/debug/_ext/1243821894/legato_array.o
                0x23f05998                leArray_RemoveAt
 .text.leArray_Get
                0x23f059d0       0x18 build/dsi_xlcdc_9x75cur_wsRnd/debug/_ext/1243821894/legato_array.o
                0x23f059d0                leArray_Get
 .text.leArray_Find
                0x23f059e8       0x68 build/dsi_xlcdc_9x75cur_wsRnd/debug/_ext/1243821894/legato_array.o
                0x23f059e8                leArray_Find
 .text.leArray_Remove
                0x23f05a50       0x58 build/dsi_xlcdc_9x75cur_wsRnd/debug/_ext/1243821894/legato_array.o
                0x23f05a50                leArray_Remove
 .text.leArray_Clear
                0x23f05aa8       0x38 build/dsi_xlcdc_9x75cur_wsRnd/debug/_ext/1243821894/legato_array.o
                0x23f05aa8                leArray_Clear
 .text.drawGlyphRow8bpp
                0x23f05ae0       0xf4 build/dsi_xlcdc_9x75cur_wsRnd/debug/_ext/461887118/legato_font.o
 .text.drawGlyphRow1bpp
                0x23f05bd4       0xd0 build/dsi_xlcdc_9x75cur_wsRnd/debug/_ext/461887118/legato_font.o
 .text.drawGlyphRow8bppMono
                0x23f05ca4       0x5c build/dsi_xlcdc_9x75cur_wsRnd/debug/_ext/461887118/legato_font.o
 .text.drawGlyphRow1bppMono
                0x23f05d00       0x64 build/dsi_xlcdc_9x75cur_wsRnd/debug/_ext/461887118/legato_font.o
 .text._drawUnknownGlyph
                0x23f05d64       0xf4 build/dsi_xlcdc_9x75cur_wsRnd/debug/_ext/461887118/legato_font.o
 .text.leFont_GetGlyphInfo
                0x23f05e58       0xdc build/dsi_xlcdc_9x75cur_wsRnd/debug/_ext/461887118/legato_font.o
                0x23f05e58                leFont_GetGlyphInfo
 .text.leFont_DrawGlyphData
                0x23f05f34      0x12c build/dsi_xlcdc_9x75cur_wsRnd/debug/_ext/461887118/legato_font.o
                0x23f05f34                leFont_DrawGlyphData
 .text.leFont_DrawGlyphData_Lookup
                0x23f06060      0x300 build/dsi_xlcdc_9x75cur_wsRnd/debug/_ext/461887118/legato_font.o
                0x23f06060                leFont_DrawGlyphData_Lookup
 .text.leFont_DrawGlyph
                0x23f06360       0xa4 build/dsi_xlcdc_9x75cur_wsRnd/debug/_ext/461887118/legato_font.o
                0x23f06360                leFont_DrawGlyph
 .text.leFont_DrawGlyph_Lookup
                0x23f06404       0xb4 build/dsi_xlcdc_9x75cur_wsRnd/debug/_ext/461887118/legato_font.o
                0x23f06404                leFont_DrawGlyph_Lookup
 .text.screenInit_Screen0
                0x23f064b8       0x28 build/dsi_xlcdc_9x75cur_wsRnd/debug/_ext/1537705585/le_gen_screen_Screen0.o
                0x23f064b8                screenInit_Screen0
 .text.screenShow_Screen0
                0x23f064e0     0x261c build/dsi_xlcdc_9x75cur_wsRnd/debug/_ext/1537705585/le_gen_screen_Screen0.o
                0x23f064e0                screenShow_Screen0
 .text.screenUpdate_Screen0
                0x23f08afc      0x108 build/dsi_xlcdc_9x75cur_wsRnd/debug/_ext/1537705585/le_gen_screen_Screen0.o
                0x23f08afc                screenUpdate_Screen0
 .text.screenHide_Screen0
                0x23f08c04      0x358 build/dsi_xlcdc_9x75cur_wsRnd/debug/_ext/1537705585/le_gen_screen_Screen0.o
                0x23f08c04                screenHide_Screen0
 .text.touchMoveHandler
                0x23f08f5c       0x18 build/dsi_xlcdc_9x75cur_wsRnd/debug/_ext/1377188428/le_gen_harmony.o
 .text.touchUpHandler
                0x23f08f74       0x18 build/dsi_xlcdc_9x75cur_wsRnd/debug/_ext/1377188428/le_gen_harmony.o
 .text.touchDownHandler
                0x23f08f8c       0x18 build/dsi_xlcdc_9x75cur_wsRnd/debug/_ext/1377188428/le_gen_harmony.o
 .text.Legato_Initialize
                0x23f08fa4       0x98 build/dsi_xlcdc_9x75cur_wsRnd/debug/_ext/1377188428/le_gen_harmony.o
                0x23f08fa4                Legato_Initialize
 .text.Legato_Tasks
                0x23f0903c       0x4c build/dsi_xlcdc_9x75cur_wsRnd/debug/_ext/1377188428/le_gen_harmony.o
                0x23f0903c                Legato_Tasks
 .text.legato_showScreen
                0x23f09088       0x1c build/dsi_xlcdc_9x75cur_wsRnd/debug/_ext/1377188428/le_gen_init.o
                0x23f09088                legato_showScreen
 .text.legato_initializeScreenState
                0x23f090a4       0x40 build/dsi_xlcdc_9x75cur_wsRnd/debug/_ext/1377188428/le_gen_init.o
                0x23f090a4                legato_initializeScreenState
 .text.legato_updateScreenState
                0x23f090e4       0x98 build/dsi_xlcdc_9x75cur_wsRnd/debug/_ext/1377188428/le_gen_init.o
                0x23f090e4                legato_updateScreenState
 .text.initializeStrings
                0x23f0917c       0xe8 build/dsi_xlcdc_9x75cur_wsRnd/debug/_ext/1377188428/le_gen_stringtable.o
                0x23f0917c                initializeStrings
 .text.JPEG_wReadWord
                0x23f09264       0x50 build/dsi_xlcdc_9x75cur_wsRnd/debug/_ext/2049925249/legato_imagedecoder_jpeg_common.o
 .text.JPEG_bReadByte
                0x23f092b4       0x2c build/dsi_xlcdc_9x75cur_wsRnd/debug/_ext/2049925249/legato_imagedecoder_jpeg_common.o
 .text.JPEG_bGet1Bit
                0x23f092e0      0x154 build/dsi_xlcdc_9x75cur_wsRnd/debug/_ext/2049925249/legato_imagedecoder_jpeg_common.o
 .text.JPEG_wGetBits
                0x23f09434       0x4c build/dsi_xlcdc_9x75cur_wsRnd/debug/_ext/2049925249/legato_imagedecoder_jpeg_common.o
 .text.JPEG_sGetBitsValue
                0x23f09480       0x50 build/dsi_xlcdc_9x75cur_wsRnd/debug/_ext/2049925249/legato_imagedecoder_jpeg_common.o
 .text.JPEG_bGetNextHuffByte
                0x23f094d0       0x98 build/dsi_xlcdc_9x75cur_wsRnd/debug/_ext/2049925249/legato_imagedecoder_jpeg_common.o
 .text.JPEG_vResetDecoder
                0x23f09568       0x20 build/dsi_xlcdc_9x75cur_wsRnd/debug/_ext/2049925249/legato_imagedecoder_jpeg_common.o
                0x23f09568                JPEG_vResetDecoder
 .text.JPEG_bReadHeader
                0x23f09588      0x7b8 build/dsi_xlcdc_9x75cur_wsRnd/debug/_ext/2049925249/legato_imagedecoder_jpeg_common.o
                0x23f09588                JPEG_bReadHeader
 .text.JPEG_bGenerateHuffmanTables
                0x23f09d40       0x90 build/dsi_xlcdc_9x75cur_wsRnd/debug/_ext/2049925249/legato_imagedecoder_jpeg_common.o
                0x23f09d40                JPEG_bGenerateHuffmanTables
 .text.JPEG_bDecodeOneBlock
                0x23f09dd0      0x26c build/dsi_xlcdc_9x75cur_wsRnd/debug/_ext/2049925249/legato_imagedecoder_jpeg_common.o
                0x23f09dd0                JPEG_bDecodeOneBlock
 .text.JPEG_vInitDisplay
                0x23f0a03c       0x10 build/dsi_xlcdc_9x75cur_wsRnd/debug/_ext/2049925249/legato_imagedecoder_jpeg_common.o
                0x23f0a03c                JPEG_vInitDisplay
 .text.JPEG_bPaintOneBlock
                0x23f0a04c      0x9a8 build/dsi_xlcdc_9x75cur_wsRnd/debug/_ext/2049925249/legato_imagedecoder_jpeg_common.o
                0x23f0a04c                JPEG_bPaintOneBlock
 .text.jpeg_idct_islow_leg
                0x23f0a9f4      0x51c build/dsi_xlcdc_9x75cur_wsRnd/debug/_ext/2049925249/jidctint.o
                0x23f0a9f4                jpeg_idct_islow_leg
 .text._supportsImage
                0x23f0af10       0x28 build/dsi_xlcdc_9x75cur_wsRnd/debug/_ext/2049925249/legato_imagedecoder_jpeg.o
 .text.internalMemoryRead
                0x23f0af38       0x48 build/dsi_xlcdc_9x75cur_wsRnd/debug/_ext/2049925249/legato_imagedecoder_jpeg.o
 .text.exec     0x23f0af80        0x8 build/dsi_xlcdc_9x75cur_wsRnd/debug/_ext/2049925249/legato_imagedecoder_jpeg.o
 .text._render  0x23f0af88      0x1f8 build/dsi_xlcdc_9x75cur_wsRnd/debug/_ext/2049925249/legato_imagedecoder_jpeg.o
 .text._draw    0x23f0b180      0x208 build/dsi_xlcdc_9x75cur_wsRnd/debug/_ext/2049925249/legato_imagedecoder_jpeg.o
 .text.blitToImage
                0x23f0b388       0xa4 build/dsi_xlcdc_9x75cur_wsRnd/debug/_ext/2049925249/legato_imagedecoder_jpeg.o
 .text.blitToFrameBuffer
                0x23f0b42c       0x98 build/dsi_xlcdc_9x75cur_wsRnd/debug/_ext/2049925249/legato_imagedecoder_jpeg.o
 .text._leJPEGImageDecoder_Init
                0x23f0b4c4       0x5c build/dsi_xlcdc_9x75cur_wsRnd/debug/_ext/2049925249/legato_imagedecoder_jpeg.o
                0x23f0b4c4                _leJPEGImageDecoder_Init
 .text._supportsImage
                0x23f0b520       0x14 build/dsi_xlcdc_9x75cur_wsRnd/debug/_ext/2049836550/legato_imagedecoder_mono.o
 .text._decoderCleanup
                0x23f0b534       0x64 build/dsi_xlcdc_9x75cur_wsRnd/debug/_ext/2049836550/legato_imagedecoder_mono.o
 .text._decoderExec
                0x23f0b598       0x84 build/dsi_xlcdc_9x75cur_wsRnd/debug/_ext/2049836550/legato_imagedecoder_mono.o
 .text._decoderIsDone
                0x23f0b61c       0x10 build/dsi_xlcdc_9x75cur_wsRnd/debug/_ext/2049836550/legato_imagedecoder_mono.o
 .text.stage_sourceIterateSetup
                0x23f0b62c       0xb4 build/dsi_xlcdc_9x75cur_wsRnd/debug/_ext/2049836550/legato_imagedecoder_mono.o
 .text.stage_FrameBufferWrite
                0x23f0b6e0       0x20 build/dsi_xlcdc_9x75cur_wsRnd/debug/_ext/2049836550/legato_imagedecoder_mono.o
 .text.stage_ImageWrite
                0x23f0b700       0x28 build/dsi_xlcdc_9x75cur_wsRnd/debug/_ext/2049836550/legato_imagedecoder_mono.o
 .text._leMonoImageDecoder_Init
                0x23f0b728       0x84 build/dsi_xlcdc_9x75cur_wsRnd/debug/_ext/2049836550/legato_imagedecoder_mono.o
                0x23f0b728                _leMonoImageDecoder_Init
 .text._leMonoImageDecoder_InjectStage
                0x23f0b7ac       0x38 build/dsi_xlcdc_9x75cur_wsRnd/debug/_ext/2049836550/legato_imagedecoder_mono.o
                0x23f0b7ac                _leMonoImageDecoder_InjectStage
 .text._leMonoImageDecoder_SourceIterateSetupStage
                0x23f0b7e4       0x38 build/dsi_xlcdc_9x75cur_wsRnd/debug/_ext/2049836550/legato_imagedecoder_mono.o
                0x23f0b7e4                _leMonoImageDecoder_SourceIterateSetupStage
 .text._leMonoImageDecoder_FrameBufferWriteStage
                0x23f0b81c       0x30 build/dsi_xlcdc_9x75cur_wsRnd/debug/_ext/2049836550/legato_imagedecoder_mono.o
                0x23f0b81c                _leMonoImageDecoder_FrameBufferWriteStage
 .text._draw    0x23f0b84c      0x154 build/dsi_xlcdc_9x75cur_wsRnd/debug/_ext/2049836550/legato_imagedecoder_mono.o
 .text._leMonoImageDecoder_ImageWriteStage
                0x23f0b9a0       0x30 build/dsi_xlcdc_9x75cur_wsRnd/debug/_ext/2049836550/legato_imagedecoder_mono.o
                0x23f0b9a0                _leMonoImageDecoder_ImageWriteStage
 .text._copy    0x23f0b9d0      0x190 build/dsi_xlcdc_9x75cur_wsRnd/debug/_ext/2049836550/legato_imagedecoder_mono.o
 .text.stage_decode
                0x23f0bb60       0x3c build/dsi_xlcdc_9x75cur_wsRnd/debug/_ext/2049836550/legato_imagedecoder_mono_read_internal.o
 .text._leMonoImageDecoder_ReadStage_Internal
                0x23f0bb9c       0x30 build/dsi_xlcdc_9x75cur_wsRnd/debug/_ext/2049836550/legato_imagedecoder_mono_read_internal.o
                0x23f0bb9c                _leMonoImageDecoder_ReadStage_Internal
 .text._supportsImage
                0x23f0bbcc       0x28 build/dsi_xlcdc_9x75cur_wsRnd/debug/_ext/210973746/legato_imagedecoder_png.o
 .text._decoderCleanup
                0x23f0bbf4        0x4 build/dsi_xlcdc_9x75cur_wsRnd/debug/_ext/210973746/legato_imagedecoder_png.o
 .text._decoderExec
                0x23f0bbf8        0x8 build/dsi_xlcdc_9x75cur_wsRnd/debug/_ext/210973746/legato_imagedecoder_png.o
 .text._decoderIsDone
                0x23f0bc00        0x8 build/dsi_xlcdc_9x75cur_wsRnd/debug/_ext/210973746/legato_imagedecoder_png.o
 .text._render  0x23f0bc08       0xf4 build/dsi_xlcdc_9x75cur_wsRnd/debug/_ext/210973746/legato_imagedecoder_png.o
 .text._draw    0x23f0bcfc      0x1f0 build/dsi_xlcdc_9x75cur_wsRnd/debug/_ext/210973746/legato_imagedecoder_png.o
 .text._lePNGImageDecoder_Init
                0x23f0beec       0x6c build/dsi_xlcdc_9x75cur_wsRnd/debug/_ext/210973746/legato_imagedecoder_png.o
                0x23f0beec                _lePNGImageDecoder_Init
 .text.readBitsFromStream
                0x23f0bf58       0x50 build/dsi_xlcdc_9x75cur_wsRnd/debug/_ext/210973746/lodepng.o
 .text.huffmanDecodeSymbol
                0x23f0bfa8       0x64 build/dsi_xlcdc_9x75cur_wsRnd/debug/_ext/210973746/lodepng.o
 .text.readBitFromReversedStream
                0x23f0c00c       0x24 build/dsi_xlcdc_9x75cur_wsRnd/debug/_ext/210973746/lodepng.o
 .text.readBitsFromReversedStream
                0x23f0c030       0x48 build/dsi_xlcdc_9x75cur_wsRnd/debug/_ext/210973746/lodepng.o
 .text.getNumColorChannels
                0x23f0c078       0x50 build/dsi_xlcdc_9x75cur_wsRnd/debug/_ext/210973746/lodepng.o
 .text.lodepng_color_mode_equal
                0x23f0c0c8      0x120 build/dsi_xlcdc_9x75cur_wsRnd/debug/_ext/210973746/lodepng.o
 .text.addColorBits
                0x23f0c1e8       0x50 build/dsi_xlcdc_9x75cur_wsRnd/debug/_ext/210973746/lodepng.o
 .text.getPixelColorsRGBA8
                0x23f0c238      0x51c build/dsi_xlcdc_9x75cur_wsRnd/debug/_ext/210973746/lodepng.o
 .text.Adam7_getpassvalues
                0x23f0c754      0x188 build/dsi_xlcdc_9x75cur_wsRnd/debug/_ext/210973746/lodepng.o
 .text.unfilter
                0x23f0c8dc      0x400 build/dsi_xlcdc_9x75cur_wsRnd/debug/_ext/210973746/lodepng.o
 .text.removePaddingBits
                0x23f0ccdc       0xa4 build/dsi_xlcdc_9x75cur_wsRnd/debug/_ext/210973746/lodepng.o
 .text.ucvector_reserve
                0x23f0cd80       0x58 build/dsi_xlcdc_9x75cur_wsRnd/debug/_ext/210973746/lodepng.o
 .text.ucvector_resize
                0x23f0cdd8       0x20 build/dsi_xlcdc_9x75cur_wsRnd/debug/_ext/210973746/lodepng.o
 .text.ucvector_push_back
                0x23f0cdf8       0x34 build/dsi_xlcdc_9x75cur_wsRnd/debug/_ext/210973746/lodepng.o
 .text.color_tree_cleanup
                0x23f0ce2c       0x34 build/dsi_xlcdc_9x75cur_wsRnd/debug/_ext/210973746/lodepng.o
 .text.LodePNGIText_cleanup
                0x23f0ce60       0x90 build/dsi_xlcdc_9x75cur_wsRnd/debug/_ext/210973746/lodepng.o
 .text.LodePNGText_cleanup
                0x23f0cef0       0x60 build/dsi_xlcdc_9x75cur_wsRnd/debug/_ext/210973746/lodepng.o
 .text.HuffmanTree_cleanup
                0x23f0cf50       0x24 build/dsi_xlcdc_9x75cur_wsRnd/debug/_ext/210973746/lodepng.o
 .text.string_set
                0x23f0cf74       0x68 build/dsi_xlcdc_9x75cur_wsRnd/debug/_ext/210973746/lodepng.o
 .text.string_init
                0x23f0cfdc       0x2c build/dsi_xlcdc_9x75cur_wsRnd/debug/_ext/210973746/lodepng.o
 .text.uivector_reserve
                0x23f0d008       0x58 build/dsi_xlcdc_9x75cur_wsRnd/debug/_ext/210973746/lodepng.o
 .text.HuffmanTree_makeFromLengths
                0x23f0d060      0x424 build/dsi_xlcdc_9x75cur_wsRnd/debug/_ext/210973746/lodepng.o
 .text.lodepng_read32bitInt
                0x23f0d484       0x24 build/dsi_xlcdc_9x75cur_wsRnd/debug/_ext/210973746/lodepng.o
                0x23f0d484                lodepng_read32bitInt
 .text.lodepng_inflate
                0x23f0d4a8      0x990 build/dsi_xlcdc_9x75cur_wsRnd/debug/_ext/210973746/lodepng.o
                0x23f0d4a8                lodepng_inflate
 .text.lodepng_zlib_decompress
                0x23f0de38      0x198 build/dsi_xlcdc_9x75cur_wsRnd/debug/_ext/210973746/lodepng.o
                0x23f0de38                lodepng_zlib_decompress
 .text.zlib_decompress
                0x23f0dfd0       0x34 build/dsi_xlcdc_9x75cur_wsRnd/debug/_ext/210973746/lodepng.o
 .text.lodepng_crc32
                0x23f0e004       0x4c build/dsi_xlcdc_9x75cur_wsRnd/debug/_ext/210973746/lodepng.o
                0x23f0e004                lodepng_crc32
 .text.lodepng_chunk_type_equals
                0x23f0e050       0x80 build/dsi_xlcdc_9x75cur_wsRnd/debug/_ext/210973746/lodepng.o
                0x23f0e050                lodepng_chunk_type_equals
 .text.lodepng_chunk_check_crc
                0x23f0e0d0       0x38 build/dsi_xlcdc_9x75cur_wsRnd/debug/_ext/210973746/lodepng.o
                0x23f0e0d0                lodepng_chunk_check_crc
 .text.lodepng_chunk_next_const
                0x23f0e108       0x18 build/dsi_xlcdc_9x75cur_wsRnd/debug/_ext/210973746/lodepng.o
                0x23f0e108                lodepng_chunk_next_const
 .text.lodepng_chunk_append
                0x23f0e120       0xa4 build/dsi_xlcdc_9x75cur_wsRnd/debug/_ext/210973746/lodepng.o
                0x23f0e120                lodepng_chunk_append
 .text.lodepng_color_mode_init
                0x23f0e1c4       0x30 build/dsi_xlcdc_9x75cur_wsRnd/debug/_ext/210973746/lodepng.o
                0x23f0e1c4                lodepng_color_mode_init
 .text.lodepng_palette_clear
                0x23f0e1f4       0x28 build/dsi_xlcdc_9x75cur_wsRnd/debug/_ext/210973746/lodepng.o
                0x23f0e1f4                lodepng_palette_clear
 .text.lodepng_color_mode_copy
                0x23f0e21c       0x98 build/dsi_xlcdc_9x75cur_wsRnd/debug/_ext/210973746/lodepng.o
                0x23f0e21c                lodepng_color_mode_copy
 .text.lodepng_get_bpp
                0x23f0e2b4       0x1c build/dsi_xlcdc_9x75cur_wsRnd/debug/_ext/210973746/lodepng.o
                0x23f0e2b4                lodepng_get_bpp
 .text.lodepng_get_raw_size_idat
                0x23f0e2d0       0x34 build/dsi_xlcdc_9x75cur_wsRnd/debug/_ext/210973746/lodepng.o
 .text.lodepng_get_raw_size
                0x23f0e304       0x38 build/dsi_xlcdc_9x75cur_wsRnd/debug/_ext/210973746/lodepng.o
                0x23f0e304                lodepng_get_raw_size
 .text.lodepng_add_text
                0x23f0e33c       0xcc build/dsi_xlcdc_9x75cur_wsRnd/debug/_ext/210973746/lodepng.o
                0x23f0e33c                lodepng_add_text
 .text.lodepng_add_itext
                0x23f0e408      0x17c build/dsi_xlcdc_9x75cur_wsRnd/debug/_ext/210973746/lodepng.o
                0x23f0e408                lodepng_add_itext
 .text.lodepng_info_init
                0x23f0e584       0x74 build/dsi_xlcdc_9x75cur_wsRnd/debug/_ext/210973746/lodepng.o
                0x23f0e584                lodepng_info_init
 .text.lodepng_info_cleanup
                0x23f0e5f8       0x3c build/dsi_xlcdc_9x75cur_wsRnd/debug/_ext/210973746/lodepng.o
                0x23f0e5f8                lodepng_info_cleanup
 .text.lodepng_convert
                0x23f0e634      0xb88 build/dsi_xlcdc_9x75cur_wsRnd/debug/_ext/210973746/lodepng.o
                0x23f0e634                lodepng_convert
 .text.lodepng_inspect
                0x23f0f1bc      0x290 build/dsi_xlcdc_9x75cur_wsRnd/debug/_ext/210973746/lodepng.o
                0x23f0f1bc                lodepng_inspect
 .text.lodepng_decode
                0x23f0f44c     0x171c build/dsi_xlcdc_9x75cur_wsRnd/debug/_ext/210973746/lodepng.o
                0x23f0f44c                lodepng_decode
 .text.lodepng_decoder_settings_init
                0x23f10b68       0x2c build/dsi_xlcdc_9x75cur_wsRnd/debug/_ext/210973746/lodepng.o
                0x23f10b68                lodepng_decoder_settings_init
 .text.lodepng_state_init
                0x23f10b94       0x28 build/dsi_xlcdc_9x75cur_wsRnd/debug/_ext/210973746/lodepng.o
                0x23f10b94                lodepng_state_init
 .text.lodepng_state_cleanup
                0x23f10bbc       0x1c build/dsi_xlcdc_9x75cur_wsRnd/debug/_ext/210973746/lodepng.o
                0x23f10bbc                lodepng_state_cleanup
 .text.lodepng_decode_memory
                0x23f10bd8       0x68 build/dsi_xlcdc_9x75cur_wsRnd/debug/_ext/210973746/lodepng.o
                0x23f10bd8                lodepng_decode_memory
 .text.stage_imageRenderPostLookup
                0x23f10c40       0x48 build/dsi_xlcdc_9x75cur_wsRnd/debug/_ext/210975281/legato_imagedecoder_raw_palette_internal.o
 .text.stage_lookup
                0x23f10c88       0x40 build/dsi_xlcdc_9x75cur_wsRnd/debug/_ext/210975281/legato_imagedecoder_raw_palette_internal.o
 .text._leRawImageDecoder_LookupStage_Internal
                0x23f10cc8       0x54 build/dsi_xlcdc_9x75cur_wsRnd/debug/_ext/210975281/legato_imagedecoder_raw_palette_internal.o
                0x23f10cc8                _leRawImageDecoder_LookupStage_Internal
 .text._leRawImageDecoder_ImageRenderPostLookupStage
                0x23f10d1c       0x38 build/dsi_xlcdc_9x75cur_wsRnd/debug/_ext/210975281/legato_imagedecoder_raw_palette_internal.o
                0x23f10d1c                _leRawImageDecoder_ImageRenderPostLookupStage
 .text.stage_rejectMaskedColor
                0x23f10d54       0x24 build/dsi_xlcdc_9x75cur_wsRnd/debug/_ext/210975281/legato_imagedecoder_raw_mask.o
 .text._leRawImageDecoder_MaskStage_Internal
                0x23f10d78       0x34 build/dsi_xlcdc_9x75cur_wsRnd/debug/_ext/210975281/legato_imagedecoder_raw_mask.o
                0x23f10d78                _leRawImageDecoder_MaskStage_Internal
 .text.stage_BlendRGBA5551
                0x23f10dac       0x1c build/dsi_xlcdc_9x75cur_wsRnd/debug/_ext/210975281/legato_imagedecoder_raw_blend.o
 .text.stage_BlendARGB8888
                0x23f10dc8       0x70 build/dsi_xlcdc_9x75cur_wsRnd/debug/_ext/210975281/legato_imagedecoder_raw_blend.o
 .text.stage_BlendRGBA8888
                0x23f10e38       0x70 build/dsi_xlcdc_9x75cur_wsRnd/debug/_ext/210975281/legato_imagedecoder_raw_blend.o
 .text._leRawImageDecoder_BlendStage_Internal
                0x23f10ea8       0xb0 build/dsi_xlcdc_9x75cur_wsRnd/debug/_ext/210975281/legato_imagedecoder_raw_blend.o
                0x23f10ea8                _leRawImageDecoder_BlendStage_Internal
 .text.stage_postRead
                0x23f10f58       0x14 build/dsi_xlcdc_9x75cur_wsRnd/debug/_ext/210975281/legato_imagedecoder_raw_scale.o
 .text.stage_scaledNearestNeighborPreRead
                0x23f10f6c       0xc4 build/dsi_xlcdc_9x75cur_wsRnd/debug/_ext/210975281/legato_imagedecoder_raw_scale.o
 .text.stage_bilinearPreRead
                0x23f11030      0x164 build/dsi_xlcdc_9x75cur_wsRnd/debug/_ext/210975281/legato_imagedecoder_raw_scale.o
 .text.stage_scaledBilinearPostRead
                0x23f11194       0x8c build/dsi_xlcdc_9x75cur_wsRnd/debug/_ext/210975281/legato_imagedecoder_raw_scale.o
 .text._leRawImageDecoder_ScaleNearestNeighborPreReadStage
                0x23f11220       0x6c build/dsi_xlcdc_9x75cur_wsRnd/debug/_ext/210975281/legato_imagedecoder_raw_scale.o
                0x23f11220                _leRawImageDecoder_ScaleNearestNeighborPreReadStage
 .text._leRawImageDecoder_ScaleBilinearPreReadStage
                0x23f1128c       0x74 build/dsi_xlcdc_9x75cur_wsRnd/debug/_ext/210975281/legato_imagedecoder_raw_scale.o
                0x23f1128c                _leRawImageDecoder_ScaleBilinearPreReadStage
 .text._leRawImageDecoder_PostReadStage
                0x23f11300       0x30 build/dsi_xlcdc_9x75cur_wsRnd/debug/_ext/210975281/legato_imagedecoder_raw_scale.o
                0x23f11300                _leRawImageDecoder_PostReadStage
 .text._leRawImageDecoder_ScaleBilinearPostReadStage
                0x23f11330       0x30 build/dsi_xlcdc_9x75cur_wsRnd/debug/_ext/210975281/legato_imagedecoder_raw_scale.o
                0x23f11330                _leRawImageDecoder_ScaleBilinearPostReadStage
 .text.stage_sourceIterateSetup
                0x23f11360       0xb4 build/dsi_xlcdc_9x75cur_wsRnd/debug/_ext/210975281/legato_imagedecoder_raw_setup.o
 .text.stage_targetIterateSetup
                0x23f11414       0x94 build/dsi_xlcdc_9x75cur_wsRnd/debug/_ext/210975281/legato_imagedecoder_raw_setup.o
 .text._leRawImageDecoder_SourceIterateSetupStage
                0x23f114a8       0x38 build/dsi_xlcdc_9x75cur_wsRnd/debug/_ext/210975281/legato_imagedecoder_raw_setup.o
                0x23f114a8                _leRawImageDecoder_SourceIterateSetupStage
 .text._leRawImageDecoder_TargetIterateSetupStage
                0x23f114e0       0x38 build/dsi_xlcdc_9x75cur_wsRnd/debug/_ext/210975281/legato_imagedecoder_raw_setup.o
                0x23f114e0                _leRawImageDecoder_TargetIterateSetupStage
 .text.stage_rotateNearestNeighborPreRead
                0x23f11518      0x120 build/dsi_xlcdc_9x75cur_wsRnd/debug/_ext/210975281/legato_imagedecoder_raw_rotate.o
 .text.stage_bilinearPreRead
                0x23f11638      0x20c build/dsi_xlcdc_9x75cur_wsRnd/debug/_ext/210975281/legato_imagedecoder_raw_rotate.o
 .text.stage_rotateBilinearPostRead
                0x23f11844       0x60 build/dsi_xlcdc_9x75cur_wsRnd/debug/_ext/210975281/legato_imagedecoder_raw_rotate.o
 .text._leRawImageDecoder_RotateNearestNeighborPreReadStage
                0x23f118a4       0x30 build/dsi_xlcdc_9x75cur_wsRnd/debug/_ext/210975281/legato_imagedecoder_raw_rotate.o
                0x23f118a4                _leRawImageDecoder_RotateNearestNeighborPreReadStage
 .text._leRawImageDecoder_RotateBilinearPreReadStage
                0x23f118d4       0x38 build/dsi_xlcdc_9x75cur_wsRnd/debug/_ext/210975281/legato_imagedecoder_raw_rotate.o
                0x23f118d4                _leRawImageDecoder_RotateBilinearPreReadStage
 .text._leRawImageDecoder_RotateBilinearPostReadStage
                0x23f1190c       0x30 build/dsi_xlcdc_9x75cur_wsRnd/debug/_ext/210975281/legato_imagedecoder_raw_rotate.o
                0x23f1190c                _leRawImageDecoder_RotateBilinearPostReadStage
 .text._supportsImage
                0x23f1193c       0x14 build/dsi_xlcdc_9x75cur_wsRnd/debug/_ext/210975281/legato_imagedecoder_raw.o
 .text._decoderCleanup
                0x23f11950       0x64 build/dsi_xlcdc_9x75cur_wsRnd/debug/_ext/210975281/legato_imagedecoder_raw.o
 .text._decoderExec
                0x23f119b4       0x84 build/dsi_xlcdc_9x75cur_wsRnd/debug/_ext/210975281/legato_imagedecoder_raw.o
 .text._decoderIsDone
                0x23f11a38       0x10 build/dsi_xlcdc_9x75cur_wsRnd/debug/_ext/210975281/legato_imagedecoder_raw.o
 .text._initReadStage
                0x23f11a48       0x1c build/dsi_xlcdc_9x75cur_wsRnd/debug/_ext/210975281/legato_imagedecoder_raw.o
 .text._initMaskStage
                0x23f11a64       0x24 build/dsi_xlcdc_9x75cur_wsRnd/debug/_ext/210975281/legato_imagedecoder_raw.o
 .text._initBlendStage
                0x23f11a88       0x44 build/dsi_xlcdc_9x75cur_wsRnd/debug/_ext/210975281/legato_imagedecoder_raw.o
 .text._initConvertStage
                0x23f11acc       0x4c build/dsi_xlcdc_9x75cur_wsRnd/debug/_ext/210975281/legato_imagedecoder_raw.o
 .text._rotateDraw
                0x23f11b18      0x2b0 build/dsi_xlcdc_9x75cur_wsRnd/debug/_ext/210975281/legato_imagedecoder_raw.o
 .text._rotate  0x23f11dc8      0x2f4 build/dsi_xlcdc_9x75cur_wsRnd/debug/_ext/210975281/legato_imagedecoder_raw.o
 .text._resizeDraw
                0x23f120bc      0x294 build/dsi_xlcdc_9x75cur_wsRnd/debug/_ext/210975281/legato_imagedecoder_raw.o
 .text._resize  0x23f12350      0x238 build/dsi_xlcdc_9x75cur_wsRnd/debug/_ext/210975281/legato_imagedecoder_raw.o
 .text._copy    0x23f12588      0x1b8 build/dsi_xlcdc_9x75cur_wsRnd/debug/_ext/210975281/legato_imagedecoder_raw.o
 .text._initLookupStage
                0x23f12740       0x4c build/dsi_xlcdc_9x75cur_wsRnd/debug/_ext/210975281/legato_imagedecoder_raw.o
 .text._render  0x23f1278c      0x260 build/dsi_xlcdc_9x75cur_wsRnd/debug/_ext/210975281/legato_imagedecoder_raw.o
 .text._draw    0x23f129ec      0x2f4 build/dsi_xlcdc_9x75cur_wsRnd/debug/_ext/210975281/legato_imagedecoder_raw.o
 .text._leRawImageDecoder_Init
                0x23f12ce0       0xa8 build/dsi_xlcdc_9x75cur_wsRnd/debug/_ext/210975281/legato_imagedecoder_raw.o
                0x23f12ce0                _leRawImageDecoder_Init
 .text._leRawImageDecoder_InjectStage
                0x23f12d88       0x38 build/dsi_xlcdc_9x75cur_wsRnd/debug/_ext/210975281/legato_imagedecoder_raw.o
                0x23f12d88                _leRawImageDecoder_InjectStage
 .text.stage_convertColor
                0x23f12dc0       0x2c build/dsi_xlcdc_9x75cur_wsRnd/debug/_ext/210975281/legato_imagedecoder_raw_convert.o
 .text._leRawImageDecoder_ConvertStage
                0x23f12dec       0x90 build/dsi_xlcdc_9x75cur_wsRnd/debug/_ext/210975281/legato_imagedecoder_raw_convert.o
                0x23f12dec                _leRawImageDecoder_ConvertStage
 .text.stage_FrameBufferWrite
                0x23f12e7c       0x24 build/dsi_xlcdc_9x75cur_wsRnd/debug/_ext/210975281/legato_imagedecoder_raw_write.o
 .text.stage_ImageWrite
                0x23f12ea0       0x28 build/dsi_xlcdc_9x75cur_wsRnd/debug/_ext/210975281/legato_imagedecoder_raw_write.o
 .text._leRawImageDecoder_FrameBufferWriteStage
                0x23f12ec8       0x30 build/dsi_xlcdc_9x75cur_wsRnd/debug/_ext/210975281/legato_imagedecoder_raw_write.o
                0x23f12ec8                _leRawImageDecoder_FrameBufferWriteStage
 .text._leRawImageDecoder_ImageWriteStage
                0x23f12ef8       0x30 build/dsi_xlcdc_9x75cur_wsRnd/debug/_ext/210975281/legato_imagedecoder_raw_write.o
                0x23f12ef8                _leRawImageDecoder_ImageWriteStage
 .text.stage_decode
                0x23f12f28       0x74 build/dsi_xlcdc_9x75cur_wsRnd/debug/_ext/210975281/legato_imagedecoder_raw_read_internal.o
 .text.rleRandomDecode
                0x23f12f9c       0x54 build/dsi_xlcdc_9x75cur_wsRnd/debug/_ext/210975281/legato_imagedecoder_raw_read_internal.o
 .text.rleSequentialDecode
                0x23f12ff0       0x48 build/dsi_xlcdc_9x75cur_wsRnd/debug/_ext/210975281/legato_imagedecoder_raw_read_internal.o
 .text.colorDecode
                0x23f13038       0x34 build/dsi_xlcdc_9x75cur_wsRnd/debug/_ext/210975281/legato_imagedecoder_raw_read_internal.o
 .text.indexRLERandomDecode
                0x23f1306c       0x80 build/dsi_xlcdc_9x75cur_wsRnd/debug/_ext/210975281/legato_imagedecoder_raw_read_internal.o
 .text.indexRLESequentialDecode
                0x23f130ec       0x74 build/dsi_xlcdc_9x75cur_wsRnd/debug/_ext/210975281/legato_imagedecoder_raw_read_internal.o
 .text.indexDecode
                0x23f13160       0x30 build/dsi_xlcdc_9x75cur_wsRnd/debug/_ext/210975281/legato_imagedecoder_raw_read_internal.o
 .text._leRawImageDecoder_ReadStage_Internal
                0x23f13190      0x100 build/dsi_xlcdc_9x75cur_wsRnd/debug/_ext/210975281/legato_imagedecoder_raw_read_internal.o
                0x23f13190                _leRawImageDecoder_ReadStage_Internal
 .text.leImage_InitDecoders
                0x23f13290       0x30 build/dsi_xlcdc_9x75cur_wsRnd/debug/_ext/1430900584/legato_image.o
                0x23f13290                leImage_InitDecoders
 .text.leImage_Create
                0x23f132c0       0x94 build/dsi_xlcdc_9x75cur_wsRnd/debug/_ext/1430900584/legato_image.o
                0x23f132c0                leImage_Create
 .text.leImage_Allocate
                0x23f13354       0xb4 build/dsi_xlcdc_9x75cur_wsRnd/debug/_ext/1430900584/legato_image.o
                0x23f13354                leImage_Allocate
 .text.leImage_Draw
                0x23f13408       0xd4 build/dsi_xlcdc_9x75cur_wsRnd/debug/_ext/1430900584/legato_image.o
                0x23f13408                leImage_Draw
 .text.getDiscreteValueAtIndex1
                0x23f134dc       0x18 build/dsi_xlcdc_9x75cur_wsRnd/debug/_ext/1430900584/legato_image_utils.o
 .text.getDiscreteValueAtIndex4
                0x23f134f4       0x10 build/dsi_xlcdc_9x75cur_wsRnd/debug/_ext/1430900584/legato_image_utils.o
 .text.getDiscreteValueAtIndex8
                0x23f13504        0x8 build/dsi_xlcdc_9x75cur_wsRnd/debug/_ext/1430900584/legato_image_utils.o
 .text.calcOffset1bpp
                0x23f1350c        0x8 build/dsi_xlcdc_9x75cur_wsRnd/debug/_ext/1430900584/legato_image_utils.o
 .text.calcOffset4bpp
                0x23f13514        0x8 build/dsi_xlcdc_9x75cur_wsRnd/debug/_ext/1430900584/legato_image_utils.o
 .text.calcOffset8bpp
                0x23f1351c        0x4 build/dsi_xlcdc_9x75cur_wsRnd/debug/_ext/1430900584/legato_image_utils.o
 .text.calcOffset16bpp
                0x23f13520        0x8 build/dsi_xlcdc_9x75cur_wsRnd/debug/_ext/1430900584/legato_image_utils.o
 .text.calcOffset24bpp
                0x23f13528        0x8 build/dsi_xlcdc_9x75cur_wsRnd/debug/_ext/1430900584/legato_image_utils.o
 .text.calcOffset32bpp
                0x23f13530        0x8 build/dsi_xlcdc_9x75cur_wsRnd/debug/_ext/1430900584/legato_image_utils.o
 .text.leGetRLEDataAtIndex
                0x23f13538       0xd8 build/dsi_xlcdc_9x75cur_wsRnd/debug/_ext/1430900584/legato_image_utils.o
                0x23f13538                leGetRLEDataAtIndex
 .text.leGetDiscreteValueAtIndex
                0x23f13610       0x18 build/dsi_xlcdc_9x75cur_wsRnd/debug/_ext/1430900584/legato_image_utils.o
                0x23f13610                leGetDiscreteValueAtIndex
 .text.leGetOffsetFromIndexAndBPP
                0x23f13628       0x18 build/dsi_xlcdc_9x75cur_wsRnd/debug/_ext/1430900584/legato_image_utils.o
                0x23f13628                leGetOffsetFromIndexAndBPP
 .text._fixedHeapAlloc
                0x23f13640       0x60 build/dsi_xlcdc_9x75cur_wsRnd/debug/_ext/1300751004/legato_memory.o
 .text._findFixedHeapForPointer
                0x23f136a0       0x5c build/dsi_xlcdc_9x75cur_wsRnd/debug/_ext/1300751004/legato_memory.o
 .text.leMemory_Init
                0x23f136fc       0xb0 build/dsi_xlcdc_9x75cur_wsRnd/debug/_ext/1300751004/legato_memory.o
                0x23f136fc                leMemory_Init
 .text.leMalloc
                0x23f137ac       0x28 build/dsi_xlcdc_9x75cur_wsRnd/debug/_ext/1300751004/legato_memory.o
                0x23f137ac                leMalloc
 .text.leFree   0x23f137d4       0x6c build/dsi_xlcdc_9x75cur_wsRnd/debug/_ext/1300751004/legato_memory.o
                0x23f137d4                leFree
 .text.leRealloc
                0x23f13840      0x25c build/dsi_xlcdc_9x75cur_wsRnd/debug/_ext/1300751004/legato_memory.o
                0x23f13840                leRealloc
 .text._insertIntoList
                0x23f13a9c       0x84 build/dsi_xlcdc_9x75cur_wsRnd/debug/_ext/1300751004/legato_variableheap.o
 .text._removeFromList
                0x23f13b20       0x38 build/dsi_xlcdc_9x75cur_wsRnd/debug/_ext/1300751004/legato_variableheap.o
 .text._findPreviousBlock
                0x23f13b58       0xa0 build/dsi_xlcdc_9x75cur_wsRnd/debug/_ext/1300751004/legato_variableheap.o
 .text._findNextBlock
                0x23f13bf8       0x74 build/dsi_xlcdc_9x75cur_wsRnd/debug/_ext/1300751004/legato_variableheap.o
 .text._canSplit
                0x23f13c6c       0x3c build/dsi_xlcdc_9x75cur_wsRnd/debug/_ext/1300751004/legato_variableheap.o
 .text._combineFreeBlockNext
                0x23f13ca8       0x7c build/dsi_xlcdc_9x75cur_wsRnd/debug/_ext/1300751004/legato_variableheap.o
 .text._growAllocBlock
                0x23f13d24      0x104 build/dsi_xlcdc_9x75cur_wsRnd/debug/_ext/1300751004/legato_variableheap.o
 .text.leVariableHeap_Init
                0x23f13e28       0x58 build/dsi_xlcdc_9x75cur_wsRnd/debug/_ext/1300751004/legato_variableheap.o
                0x23f13e28                leVariableHeap_Init
 .text.leVariableHeap_Alloc
                0x23f13e80      0x130 build/dsi_xlcdc_9x75cur_wsRnd/debug/_ext/1300751004/legato_variableheap.o
                0x23f13e80                leVariableHeap_Alloc
 .text.leVariableHeap_Free
                0x23f13fb0       0xd8 build/dsi_xlcdc_9x75cur_wsRnd/debug/_ext/1300751004/legato_variableheap.o
                0x23f13fb0                leVariableHeap_Free
 .text.leVariableHeap_Realloc
                0x23f14088      0x2a0 build/dsi_xlcdc_9x75cur_wsRnd/debug/_ext/1300751004/legato_variableheap.o
                0x23f14088                leVariableHeap_Realloc
 .text.leVariableHeap_Contains
                0x23f14328       0x20 build/dsi_xlcdc_9x75cur_wsRnd/debug/_ext/1300751004/legato_variableheap.o
                0x23f14328                leVariableHeap_Contains
 .text.leVariableHeap_SizeOf
                0x23f14348        0x8 build/dsi_xlcdc_9x75cur_wsRnd/debug/_ext/1300751004/legato_variableheap.o
                0x23f14348                leVariableHeap_SizeOf
 .text.leVariableHeap_Validate
                0x23f14350        0x8 build/dsi_xlcdc_9x75cur_wsRnd/debug/_ext/1300751004/legato_variableheap.o
                0x23f14350                leVariableHeap_Validate
 .text.leFixedHeap_Init
                0x23f14358       0xb0 build/dsi_xlcdc_9x75cur_wsRnd/debug/_ext/1300751004/legato_fixedheap.o
                0x23f14358                leFixedHeap_Init
 .text.leFixedHeap_Alloc
                0x23f14408       0x48 build/dsi_xlcdc_9x75cur_wsRnd/debug/_ext/1300751004/legato_fixedheap.o
                0x23f14408                leFixedHeap_Alloc
 .text.leFixedHeap_Free
                0x23f14450       0x1c build/dsi_xlcdc_9x75cur_wsRnd/debug/_ext/1300751004/legato_fixedheap.o
                0x23f14450                leFixedHeap_Free
 .text.leFixedHeap_Contains
                0x23f1446c       0x60 build/dsi_xlcdc_9x75cur_wsRnd/debug/_ext/1300751004/legato_fixedheap.o
                0x23f1446c                leFixedHeap_Contains
 .text.findDirtyWidget
                0x23f144cc       0x90 build/dsi_xlcdc_9x75cur_wsRnd/debug/_ext/44034970/legato_renderer.o
 .text._nextRect
                0x23f1455c       0x34 build/dsi_xlcdc_9x75cur_wsRnd/debug/_ext/44034970/legato_renderer.o
 .text.invalidateWidget
                0x23f14590       0xe0 build/dsi_xlcdc_9x75cur_wsRnd/debug/_ext/44034970/legato_renderer.o
 .text.addDamageRectToList
                0x23f14670       0xb8 build/dsi_xlcdc_9x75cur_wsRnd/debug/_ext/44034970/legato_renderer.o
 .text.leRenderer_IsIdle
                0x23f14728       0x18 build/dsi_xlcdc_9x75cur_wsRnd/debug/_ext/44034970/legato_renderer.o
                0x23f14728                leRenderer_IsIdle
 .text.leGetRenderBuffer
                0x23f14740       0x28 build/dsi_xlcdc_9x75cur_wsRnd/debug/_ext/44034970/legato_renderer.o
                0x23f14740                leGetRenderBuffer
 .text.leRenderer_CurrentColorMode
                0x23f14768       0x20 build/dsi_xlcdc_9x75cur_wsRnd/debug/_ext/44034970/legato_renderer.o
                0x23f14768                leRenderer_CurrentColorMode
 .text.leRenderer_ConvertColor
                0x23f14788       0x34 build/dsi_xlcdc_9x75cur_wsRnd/debug/_ext/44034970/legato_renderer.o
                0x23f14788                leRenderer_ConvertColor
 .text.leRenderer_DisplaySize
                0x23f147bc       0x40 build/dsi_xlcdc_9x75cur_wsRnd/debug/_ext/44034970/legato_renderer.o
                0x23f147bc                leRenderer_DisplaySize
 .text.leRenderer_GetClipRect
                0x23f147fc       0x18 build/dsi_xlcdc_9x75cur_wsRnd/debug/_ext/44034970/legato_renderer.o
                0x23f147fc                leRenderer_GetClipRect
 .text.leRenderer_GetFrameRect
                0x23f14814       0x28 build/dsi_xlcdc_9x75cur_wsRnd/debug/_ext/44034970/legato_renderer.o
                0x23f14814                leRenderer_GetFrameRect
 .text.leRenderer_CullDrawRect
                0x23f1483c       0x20 build/dsi_xlcdc_9x75cur_wsRnd/debug/_ext/44034970/legato_renderer.o
                0x23f1483c                leRenderer_CullDrawRect
 .text.leRenderer_CullDrawXY
                0x23f1485c       0x30 build/dsi_xlcdc_9x75cur_wsRnd/debug/_ext/44034970/legato_renderer.o
                0x23f1485c                leRenderer_CullDrawXY
 .text.leRenderer_ClipDrawRect
                0x23f1488c       0x18 build/dsi_xlcdc_9x75cur_wsRnd/debug/_ext/44034970/legato_renderer.o
                0x23f1488c                leRenderer_ClipDrawRect
 .text.leRenderer_Initialize
                0x23f148a4       0xb8 build/dsi_xlcdc_9x75cur_wsRnd/debug/_ext/44034970/legato_renderer.o
                0x23f148a4                leRenderer_Initialize
 .text.leRenderer_DisplayInterface
                0x23f1495c       0x10 build/dsi_xlcdc_9x75cur_wsRnd/debug/_ext/44034970/legato_renderer.o
                0x23f1495c                leRenderer_DisplayInterface
 .text.leRenderer_GPUInterface
                0x23f1496c       0x10 build/dsi_xlcdc_9x75cur_wsRnd/debug/_ext/44034970/legato_renderer.o
                0x23f1496c                leRenderer_GPUInterface
 .text.leRenderer_DamageArea
                0x23f1497c       0xa8 build/dsi_xlcdc_9x75cur_wsRnd/debug/_ext/44034970/legato_renderer.o
                0x23f1497c                leRenderer_DamageArea
 .text.leRenderer_Paint
                0x23f14a24      0x7cc build/dsi_xlcdc_9x75cur_wsRnd/debug/_ext/44034970/legato_renderer.o
                0x23f14a24                leRenderer_Paint
 .text._leRenderer_CreateLayerState
                0x23f151f0       0x48 build/dsi_xlcdc_9x75cur_wsRnd/debug/_ext/44034970/legato_renderer.o
                0x23f151f0                _leRenderer_CreateLayerState
 .text.drawQ1   0x23f15238      0x1d0 build/dsi_xlcdc_9x75cur_wsRnd/debug/_ext/44034970/legato_draw_arc.o
 .text.drawQ2   0x23f15408      0x1bc build/dsi_xlcdc_9x75cur_wsRnd/debug/_ext/44034970/legato_draw_arc.o
 .text.drawQ3   0x23f155c4      0x1c8 build/dsi_xlcdc_9x75cur_wsRnd/debug/_ext/44034970/legato_draw_arc.o
 .text.drawQ4   0x23f1578c      0x1d8 build/dsi_xlcdc_9x75cur_wsRnd/debug/_ext/44034970/legato_draw_arc.o
 .text.leRenderer_ArcFill
                0x23f15964      0x3e0 build/dsi_xlcdc_9x75cur_wsRnd/debug/_ext/44034970/legato_draw_arc.o
                0x23f15964                leRenderer_ArcFill
 .text.leRenderer_CircleDraw
                0x23f15d44       0x38 build/dsi_xlcdc_9x75cur_wsRnd/debug/_ext/44034970/legato_draw_arc.o
                0x23f15d44                leRenderer_CircleDraw
 .text.leRenderer_CircleFill
                0x23f15d7c       0xc0 build/dsi_xlcdc_9x75cur_wsRnd/debug/_ext/44034970/legato_draw_arc.o
                0x23f15d7c                leRenderer_CircleFill
 .text.leRenderer_RectFill
                0x23f15e3c       0x6c build/dsi_xlcdc_9x75cur_wsRnd/debug/_ext/44034970/legato_draw_rect.o
                0x23f15e3c                leRenderer_RectFill
 .text.leRenderer_HorzLine
                0x23f15ea8       0xe4 build/dsi_xlcdc_9x75cur_wsRnd/debug/_ext/44034970/legato_draw_line.o
                0x23f15ea8                leRenderer_HorzLine
 .text.leRenderer_VertLine
                0x23f15f8c       0xe4 build/dsi_xlcdc_9x75cur_wsRnd/debug/_ext/44034970/legato_draw_line.o
                0x23f15f8c                leRenderer_VertLine
 .text._MonoFill
                0x23f16070       0x64 build/dsi_xlcdc_9x75cur_wsRnd/debug/_ext/44034970/legato_draw.o
 .text._MonoPutPixel
                0x23f160d4       0x30 build/dsi_xlcdc_9x75cur_wsRnd/debug/_ext/44034970/legato_draw.o
 .text._RGBPutPixel
                0x23f16104       0x2c build/dsi_xlcdc_9x75cur_wsRnd/debug/_ext/44034970/legato_draw.o
 .text._RGBFill
                0x23f16130       0x88 build/dsi_xlcdc_9x75cur_wsRnd/debug/_ext/44034970/legato_draw.o
 .text._RGBBlendPixel
                0x23f161b8      0x15c build/dsi_xlcdc_9x75cur_wsRnd/debug/_ext/44034970/legato_draw.o
 .text.leRenderer_GetPixel
                0x23f16314       0x40 build/dsi_xlcdc_9x75cur_wsRnd/debug/_ext/44034970/legato_draw.o
                0x23f16314                leRenderer_GetPixel
 .text.leRenderer_PutPixel
                0x23f16354       0x4c build/dsi_xlcdc_9x75cur_wsRnd/debug/_ext/44034970/legato_draw.o
                0x23f16354                leRenderer_PutPixel
 .text.leRenderer_BlendPixel
                0x23f163a0       0x50 build/dsi_xlcdc_9x75cur_wsRnd/debug/_ext/44034970/legato_draw.o
                0x23f163a0                leRenderer_BlendPixel
 .text.leRenderer_BlendPixel_Safe
                0x23f163f0       0x64 build/dsi_xlcdc_9x75cur_wsRnd/debug/_ext/44034970/legato_draw.o
                0x23f163f0                leRenderer_BlendPixel_Safe
 .text._RGBBlendFill
                0x23f16454      0x140 build/dsi_xlcdc_9x75cur_wsRnd/debug/_ext/44034970/legato_draw.o
 .text.leRenderer_FillArea
                0x23f16594       0x30 build/dsi_xlcdc_9x75cur_wsRnd/debug/_ext/44034970/legato_draw.o
                0x23f16594                leRenderer_FillArea
 .text._leRenderer_InitDrawForMode
                0x23f165c4       0xa0 build/dsi_xlcdc_9x75cur_wsRnd/debug/_ext/44034970/legato_draw.o
                0x23f165c4                _leRenderer_InitDrawForMode
 .text._convertColorMode
                0x23f16664        0xc build/dsi_xlcdc_9x75cur_wsRnd/debug/_ext/44034970/legato_gpu.o
 .text.leGPU_DrawLine
                0x23f16670      0x1e4 build/dsi_xlcdc_9x75cur_wsRnd/debug/_ext/44034970/legato_gpu.o
                0x23f16670                leGPU_DrawLine
 .text.leGPU_ClearBuffer
                0x23f16854       0xa4 build/dsi_xlcdc_9x75cur_wsRnd/debug/_ext/44034970/legato_gpu.o
                0x23f16854                leGPU_ClearBuffer
 .text.leGPU_FillRect
                0x23f168f8      0x178 build/dsi_xlcdc_9x75cur_wsRnd/debug/_ext/44034970/legato_gpu.o
                0x23f168f8                leGPU_FillRect
 .text.leGPU_BlitBuffer
                0x23f16a70      0x224 build/dsi_xlcdc_9x75cur_wsRnd/debug/_ext/44034970/legato_gpu.o
                0x23f16a70                leGPU_BlitBuffer
 .text.leGPU_BlitStretchBuffer
                0x23f16c94      0x200 build/dsi_xlcdc_9x75cur_wsRnd/debug/_ext/44034970/legato_gpu.o
                0x23f16c94                leGPU_BlitStretchBuffer
 .text._leFixedString_GetFont
                0x23f16e94        0x8 build/dsi_xlcdc_9x75cur_wsRnd/debug/_ext/1114980236/legato_fixedstring.o
                0x23f16e94                _leFixedString_GetFont
 .text._leFixedString_SetFont
                0x23f16e9c       0x34 build/dsi_xlcdc_9x75cur_wsRnd/debug/_ext/1114980236/legato_fixedstring.o
                0x23f16e9c                _leFixedString_SetFont
 .text._leFixedString_SetFromString
                0x23f16ed0       0xc8 build/dsi_xlcdc_9x75cur_wsRnd/debug/_ext/1114980236/legato_fixedstring.o
                0x23f16ed0                _leFixedString_SetFromString
 .text._leFixedString_SetFromChar
                0x23f16f98       0xa0 build/dsi_xlcdc_9x75cur_wsRnd/debug/_ext/1114980236/legato_fixedstring.o
                0x23f16f98                _leFixedString_SetFromChar
 .text._leFixedString_Length
                0x23f17038        0x8 build/dsi_xlcdc_9x75cur_wsRnd/debug/_ext/1114980236/legato_fixedstring.o
                0x23f17038                _leFixedString_Length
 .text._leFixedString_IsEmpty
                0x23f17040       0x10 build/dsi_xlcdc_9x75cur_wsRnd/debug/_ext/1114980236/legato_fixedstring.o
                0x23f17040                _leFixedString_IsEmpty
 .text._leFixedString_CharAt