Archive member included to satisfy reference by file (symbol)

c:/program files/microchip/xc32/v4.40/bin/bin/../../lib/gcc/pic32c/8.3.1/arm/v5te/nofp\libgcc.a(_udivsi3.o)
                              build/default/debug/_ext/1865151294/plib_dbgu.o (__aeabi_uidiv)
c:/program files/microchip/xc32/v4.40/bin/bin/../../lib/gcc/pic32c/8.3.1/arm/v5te/nofp\libgcc.a(_divsi3.o)
                              build/default/debug/_ext/1510041067/legato_math.o (__aeabi_idiv)
c:/program files/microchip/xc32/v4.40/bin/bin/../../lib/gcc/pic32c/8.3.1/arm/v5te/nofp\libgcc.a(_dvmd_tls.o)
                              c:/program files/microchip/xc32/v4.40/bin/bin/../../lib/gcc/pic32c/8.3.1/arm/v5te/nofp\libgcc.a(_udivsi3.o) (__aeabi_idiv0)
c:/program files/microchip/xc32/v4.40/bin/bin/../../lib/gcc/pic32c/8.3.1/arm/v5te/nofp\libgcc.a(_arm_addsubdf3.o)
                              build/default/debug/_ext/412764825/plib_xlcdc.o (__aeabi_f2d)
c:/program files/microchip/xc32/v4.40/bin/bin/../../lib/gcc/pic32c/8.3.1/arm/v5te/nofp\libgcc.a(_arm_cmpdf2.o)
                              build/default/debug/_ext/412764825/plib_xlcdc.o (__aeabi_dcmplt)
c:/program files/microchip/xc32/v4.40/bin/bin/../../lib/gcc/pic32c/8.3.1/arm/v5te/nofp\libgcc.a(_arm_addsubsf3.o)
                              build/default/debug/_ext/1510041067/legato_math.o (__aeabi_fsub)
c:/program files/microchip/xc32/v4.40/bin/bin/../../lib/gcc/pic32c/8.3.1/arm/v5te/nofp\libgcc.a(_arm_muldivsf3.o)
                              build/default/debug/_ext/1510041067/legato_math.o (__aeabi_fmul)
c:/program files/microchip/xc32/v4.40/bin/bin/../../lib/gcc/pic32c/8.3.1/arm/v5te/nofp\libgcc.a(_arm_cmpsf2.o)
                              build/default/debug/_ext/1510041067/legato_math.o (__aeabi_fcmplt)
c:/program files/microchip/xc32/v4.40/bin/bin/../../lib/gcc/pic32c/8.3.1/arm/v5te/nofp\libgcc.a(_arm_fixsfsi.o)
                              build/default/debug/_ext/1510041067/legato_math.o (__aeabi_f2iz)
c:/program files/microchip/xc32/v4.40/bin/bin/../../lib/gcc/pic32c/8.3.1/arm/v5te/nofp\libgcc.a(_arm_fixunssfsi.o)
                              build/default/debug/_ext/1510041067/legato_math.o (__aeabi_f2uiz)
c:/program files/microchip/xc32/v4.40/bin/bin/../../lib/gcc/pic32c/8.3.1/arm/v5te/nofp\libgcc.a(_aeabi_uldivmod.o)
                              build/default/debug/_ext/101884895/sys_time.o (__aeabi_uldivmod)
c:/program files/microchip/xc32/v4.40/bin/bin/../../lib/gcc/pic32c/8.3.1/arm/v5te/nofp\libgcc.a(_udivmoddi4.o)
                              c:/program files/microchip/xc32/v4.40/bin/bin/../../lib/gcc/pic32c/8.3.1/arm/v5te/nofp\libgcc.a(_aeabi_uldivmod.o) (__udivmoddi4)
c:/program files/microchip/xc32/v4.40/bin/bin/../../lib/gcc/pic32c/8.3.1/../../../../pic32c/lib/arm/v5te/nofp\libc-size-musl.a(memcpy.o)
                              build/default/debug/_ext/460667659/legato_imagedecoder_png.o (memcpy)
c:/program files/microchip/xc32/v4.40/bin/bin/../../lib/gcc/pic32c/8.3.1/../../../../pic32c/lib/arm/v5te/nofp\libc-size-musl.a(memset.o)
                              build/default/debug/_ext/119635701/drv_gfx_xlcdc.o (memset)
c:/program files/microchip/xc32/v4.40/bin/bin/../../lib/gcc/pic32c/8.3.1/../../../../pic32c/lib/arm/v5te/nofp\libc-size-musl.a(strlen.o)
                              build/default/debug/_ext/1047211973/legato_stringutils.o (strlen)
c:/program files/microchip/xc32/v4.40/bin/bin/../../lib/gcc/pic32c/8.3.1/../../../../pic32c/lib/arm/v5te/nofp\libm-musl.a(atan.o)
                              build/default/debug/_ext/1510041067/legato_math.o (atan)
c:/program files/microchip/xc32/v4.40/bin/bin/../../lib/gcc/pic32c/8.3.1/../../../../pic32c/lib/arm/v5te/nofp\libm-musl.a(fabs.o)
                              c:/program files/microchip/xc32/v4.40/bin/bin/../../lib/gcc/pic32c/8.3.1/../../../../pic32c/lib/arm/v5te/nofp\libm-musl.a(atan.o) (fabs)
c:/program files/microchip/xc32/v4.40/bin/bin/../../lib/gcc/pic32c/8.3.1/../../../../pic32c/lib/arm/v5te/nofp\libg-musl.a(__libc_start_main.o)
                              build/default/debug/_ext/1171490990/cstartup.o (__libc_init_array)
c:/program files/microchip/xc32/v4.40/bin/bin/../../lib/gcc/pic32c/8.3.1/../../../../pic32c/lib/arm/v5te/nofp\libg-musl.a(libc.o)
                              c:/program files/microchip/xc32/v4.40/bin/bin/../../lib/gcc/pic32c/8.3.1/../../../../pic32c/lib/arm/v5te/nofp\libg-musl.a(__libc_start_main.o) (__progname_full)
c:/program files/microchip/xc32/v4.40/bin/bin/../../lib/gcc/pic32c/8.3.1/../../../../pic32c/lib/arm/v5te/nofp\libg-musl.a(__sio_printf_npuxX.o)
                              (_printf_npuxX)
c:/program files/microchip/xc32/v4.40/bin/bin/../../lib/gcc/pic32c/8.3.1/../../../../pic32c/lib/arm/v5te/nofp\libg-musl.a(__fmt_u.o)
                              c:/program files/microchip/xc32/v4.40/bin/bin/../../lib/gcc/pic32c/8.3.1/../../../../pic32c/lib/arm/v5te/nofp\libg-musl.a(__sio_printf_npuxX.o) (__fmt_u_needed)
[...]
Memory Configuration

Name             Origin             Length             Attributes
sram             0x0000000000300000 0x0000000000010000 xw
ram              0x0000000021000000 0x000000000f000000 xwl !r
ram_nocache      0x0000000020000000 0x0000000001000000 !xrw
rom              0x0000000000000000 0x0000000000000000 xrl
*default*        0x0000000000000000 0xffffffffffffffff

Linker script and memory map

LOAD c:/program files/microchip/xc32/v4.40/bin/bin/../../lib/gcc/pic32c/8.3.1/arm/v5te/nofp/crti.o
LOAD c:/program files/microchip/xc32/v4.40/bin/bin/../../lib/gcc/pic32c/8.3.1/arm/v5te/nofp/crtbegin.o
LOAD build/default/debug/_ext/60175171/plib_mmu.o
LOAD build/default/debug/_ext/1171490990/cstartup.o
LOAD build/default/debug/_ext/1171490990/interrupts.o
LOAD build/default/debug/_ext/1171490990/fault_handlers.o
LOAD build/default/debug/_ext/60165520/plib_clk.o
LOAD build/default/debug/_ext/163028504/xc32_monitor.o
LOAD build/default/debug/_ext/60177924/plib_pio.o
LOAD build/default/debug/_ext/1171490990/initialization.o
LOAD build/default/debug/_ext/60163497/plib_aic.o
LOAD build/default/debug/_ext/1360937237/main.o
LOAD build/default/debug/_ext/1434821282/bsp.o
LOAD build/default/debug/_ext/1865151294/plib_dbgu.o
LOAD build/default/debug/_ext/460669194/legato_imagedecoder_raw_palette_stream.o
LOAD build/default/debug/_ext/92283465/legato_event.o
LOAD build/default/debug/_ext/1626882341/le_gen_init.o
LOAD build/default/debug/_ext/460667659/legato_imagedecoder_png.o
LOAD build/default/debug/_ext/460669194/legato_imagedecoder_raw_mask.o
LOAD build/default/debug/_ext/460669194/legato_imagedecoder_raw_convert.o
LOAD build/default/debug/_ext/656756333/legato_gpu.o
LOAD build/default/debug/_ext/2046438975/legato_widget_radial_menu_state.o
LOAD build/default/debug/_ext/2143783897/legato_widget_circular_gauge_skin_classic.o
LOAD build/default/debug/_ext/645187449/legato_widget_line_graph_skin_classic.o
LOAD build/default/debug/_ext/460669194/legato_imagedecoder_raw_blend.o
LOAD build/default/debug/_ext/119635701/drv_gfx_xlcdc.o
LOAD build/default/debug/_ext/1395618758/legato_imagedecoder_jpeg_common.o
LOAD build/default/debug/_ext/656756333/legato_draw_arc.o
LOAD build/default/debug/_ext/662047379/legato_widget_groupbox.o
LOAD build/default/debug/_ext/460669194/legato_imagedecoder_raw_read_stream_index.o
LOAD build/default/debug/_ext/1994224581/legato_widget_imagesequence.o
LOAD build/default/debug/_ext/1496299024/legato_widget_touchtest_skin_classic.o
LOAD build/default/debug/_ext/1047211973/legato_stringutils.o
LOAD build/default/debug/_ext/1788507233/legato_widget_list_skin_classic.o
LOAD build/default/debug/_ext/1043708429/legato_widget_button_skin_classic.o
LOAD build/default/debug/_ext/1828717368/legato_widget_drawsurface.o
LOAD build/default/debug/_ext/1908827647/legato_widget_circular_slider_skin_classic.o
LOAD build/default/debug/_ext/2143783897/legato_widget_circular_gauge.o
LOAD build/default/debug/_ext/656756333/legato_renderer.o
LOAD build/default/debug/_ext/1510041067/legato_math.o
LOAD build/default/debug/_ext/662047379/legato_widget_groupbox_skin_classic.o
LOAD build/default/debug/_ext/1395707457/legato_imagedecoder_mono.o
LOAD build/default/debug/_ext/2123361384/plib_lvdsc.o
LOAD build/default/debug/_ext/1078761039/legato_widget_gradient.o
LOAD build/default/debug/_ext/1078761039/legato_widget_gradient_skin_classic.o
LOAD build/default/debug/_ext/1026237551/legato_widget_circle.o
LOAD build/default/debug/_ext/92372729/legato_rasterfont_stream.o
LOAD build/default/debug/_ext/656756333/legato_draw_line.o
LOAD build/default/debug/_ext/1626882341/le_gen_globalpalette.o
LOAD build/default/debug/_ext/656756333/legato_draw_rect.o
LOAD build/default/debug/_ext/460669194/legato_imagedecoder_raw_palette_internal.o
LOAD build/default/debug/_ext/60180192/plib_rtt.o
LOAD build/default/debug/_ext/739734770/legato_widget_rectangle.o
LOAD build/default/debug/_ext/930643953/le_gen_images.o
LOAD build/default/debug/_ext/92372729/legato_rasterfont_liberationmono1.o
LOAD build/default/debug/_ext/1047211973/legato_stringtable.o
LOAD build/default/debug/_ext/460669194/legato_imagedecoder_raw_read_stream_rlecolor.o
LOAD build/default/debug/_ext/1828717368/legato_widget_drawsurface_skin_classic.o
LOAD build/default/debug/_ext/616308571/legato_widget_progressbar.o
LOAD build/default/debug/_ext/1720272079/legato_widget_arc_skin_classic.o
LOAD build/default/debug/_ext/1857376173/legato_widget_pie_chart_skin_classic.o
LOAD build/default/debug/_ext/1443241019/legato_widget_scrollbar_skin_classic.o
LOAD build/default/debug/_ext/92372729/legato_font.o
LOAD build/default/debug/_ext/1232982741/legato_fixedheap.o
LOAD build/default/debug/_ext/2046438975/legato_widget_radial_menu_skin_classic.o
LOAD build/default/debug/_ext/1626882341/le_gen_stringtable.o
LOAD build/default/debug/_ext/1443241019/legato_widget_scrollbar.o
LOAD build/default/debug/_ext/1047211973/legato_tablestring.o
LOAD build/default/debug/_ext/1428714511/legato_palette.o
LOAD build/default/debug/_ext/1319235455/gfx_driver.o
LOAD build/default/debug/_ext/1047211973/legato_string_renderer_stream.o
LOAD build/default/debug/_ext/1026237551/legato_widget_circle_skin_classic.o
LOAD build/default/debug/_ext/739734770/legato_widget_rectangle_skin_classic.o
LOAD build/default/debug/_ext/1510041067/legato_color_convert.o
LOAD build/default/debug/_ext/1881668453/sys_int.o
LOAD build/default/debug/_ext/1063535966/drv_gfx2d.o
LOAD build/default/debug/_ext/460669194/legato_imagedecoder_raw_read_stream_rleindex.o
LOAD build/default/debug/_ext/92283465/legato_input.o
LOAD build/default/debug/_ext/1014039709/sys_cache.o
LOAD build/default/debug/_ext/1510041067/legato_utils.o
LOAD build/default/debug/_ext/1231657756/legato_widget_listwheel_skin_classic.o
LOAD build/default/debug/_ext/1428714511/legato_image_utils.o
LOAD build/default/debug/_ext/460669194/legato_imagedecoder_raw_setup.o
LOAD build/default/debug/_ext/1310443605/legato_widget_imagerotate.o
LOAD build/default/debug/_ext/565667934/legato_widget_slider_skin_classic.o
LOAD build/default/debug/_ext/1402498444/legato_widget_textfield.o
LOAD build/default/debug/_ext/1047211973/legato_dynamicstring.o
LOAD build/default/debug/_ext/368479812/legato_widget_checkbox_skin_classic.o
LOAD build/default/debug/_ext/388181626/legato_widget_image_skin_classic.o
LOAD build/default/debug/_ext/1047211973/legato_string_renderer.o
LOAD build/default/debug/_ext/1379158940/legato_widget_bar_graph.o
LOAD build/default/debug/_ext/460669194/legato_imagedecoder_raw_read_stream_color.o
LOAD build/default/debug/_ext/1788507403/legato_widget_line_skin_classic.o
LOAD build/default/debug/_ext/1723202356/legato_widget_radiobutton.o
LOAD build/default/debug/_ext/1788507233/legato_widget_list.o
LOAD build/default/debug/_ext/460669194/legato_imagedecoder_raw_rotate.o
LOAD build/default/debug/_ext/460667659/lodepng.o
LOAD build/default/debug/_ext/390595603/legato_widget_label.o
LOAD build/default/debug/_ext/1626882341/le_gen_scheme.o
LOAD build/default/debug/_ext/460669194/legato_imagedecoder_raw_read_internal.o
LOAD build/default/debug/_ext/1994224581/legato_widget_imagesequence_skin_classic.o
LOAD build/default/debug/_ext/1510041067/legato_error.o
LOAD build/default/debug/_ext/1012651792/legato_widget_imagescale.o
LOAD build/default/debug/_ext/460669194/legato_imagedecoder_raw.o
LOAD build/default/debug/_ext/1043708429/legato_widget_button.o
LOAD build/default/debug/_ext/937247594/le_gen_screen_Screen0.o
LOAD build/default/debug/_ext/1171490990/tasks.o
LOAD build/default/debug/_ext/1723202356/legato_radiobutton_group.o
LOAD build/default/debug/_ext/453772623/legato_widget_window.o
LOAD build/default/debug/_ext/943273362/legato_editwidget.o
LOAD build/default/debug/_ext/390595603/legato_widget_label_skin_classic.o
LOAD build/default/debug/_ext/943273362/legato_widget_skin_classic.o
LOAD build/default/debug/_ext/1510041067/legato_pixelbuffer.o
LOAD build/default/debug/_ext/2021927327/legato_list.o
LOAD build/default/debug/_ext/1857376173/legato_widget_pie_chart.o
LOAD build/default/debug/_ext/1395707457/legato_imagedecoder_mono_read_internal.o
LOAD build/default/debug/_ext/943273362/legato_widget_skin_classic_common.o
LOAD build/default/debug/_ext/565667934/legato_widget_slider.o
LOAD build/default/debug/_ext/1232982741/legato_variableheap.o
LOAD build/default/debug/_ext/1232982741/legato_memory.o
LOAD build/default/debug/_ext/101884895/sys_time.o
LOAD build/default/debug/_ext/1395618758/legato_imagedecoder_jpeg.o
LOAD build/default/debug/_ext/656756333/legato_draw.o
LOAD build/default/debug/_ext/460669194/legato_imagedecoder_raw_scale.o
LOAD build/default/debug/_ext/1510041067/legato_color_value.o
LOAD build/default/debug/_ext/1494086919/le_gen_fonts.o
LOAD build/default/debug/_ext/1047211973/legato_fixedstring.o
LOAD build/default/debug/_ext/1988019353/plib_gfx2d.o
LOAD build/default/debug/_ext/1788507403/legato_widget_line.o
LOAD build/default/debug/_ext/1231657756/legato_widget_listwheel.o
LOAD build/default/debug/_ext/1723202356/legato_widget_radiobutton_skin_classic.o
LOAD build/default/debug/_ext/453772623/legato_widget_window_skin_classic.o
LOAD build/default/debug/_ext/388181626/legato_widget_image.o
LOAD build/default/debug/_ext/1510041067/legato_color_lerp.o
LOAD build/default/debug/_ext/800677739/legato_widget_keypad_skin_classic.o
LOAD build/default/debug/_ext/1720272079/legato_widget_arc.o
LOAD build/default/debug/_ext/412764825/plib_xlcdc.o
LOAD build/default/debug/_ext/1510041067/legato_rect.o
LOAD build/default/debug/_ext/2046438975/legato_widget_radial_menu.o
LOAD build/default/debug/_ext/1395707457/legato_imagedecoder_mono_read_stream.o
LOAD build/default/debug/_ext/1626882341/le_gen_harmony.o
LOAD build/default/debug/_ext/92372729/legato_rasterfont_liberationmono8.o
LOAD build/default/debug/_ext/460669194/legato_imagedecoder_raw_write.o
LOAD build/default/debug/_ext/1047211973/legato_string.o
LOAD build/default/debug/_ext/616308571/legato_widget_progressbar_skin_classic.o
LOAD build/default/debug/_ext/92283465/legato_stream.o
LOAD build/default/debug/_ext/1395618758/jidctint.o
LOAD build/default/debug/_ext/1379158940/legato_widget_bar_graph_skin_classic.o
LOAD build/default/debug/_ext/645187449/legato_widget_line_graph.o
LOAD build/default/debug/_ext/943273362/legato_widget.o
LOAD build/default/debug/_ext/1510041067/legato_color_blend.o
LOAD build/default/debug/_ext/92283465/legato_state.o
LOAD build/default/debug/_ext/1012651792/legato_widget_imagescale_skin_classic.o
LOAD build/default/debug/_ext/2021927327/legato_rectarray.o
LOAD build/default/debug/_ext/1428714511/legato_image.o
LOAD build/default/debug/_ext/368479812/legato_widget_checkbox.o
LOAD build/default/debug/_ext/92283465/legato_scheme.o
LOAD build/default/debug/_ext/800677739/legato_widget_keypad.o
LOAD build/default/debug/_ext/1510041067/legato_color.o
LOAD build/default/debug/_ext/1310443605/legato_widget_imagerotate_skin_classic.o
LOAD build/default/debug/_ext/2021927327/legato_array.o
LOAD build/default/debug/_ext/1360937237/app.o
LOAD build/default/debug/_ext/1496299024/legato_widget_touchtest.o
LOAD build/default/debug/_ext/1402498444/legato_widget_textfield_skin_classic.o
LOAD build/default/debug/_ext/1908827647/legato_widget_circular_slider.o
LOAD build/default/debug/_ext/1275055279/gfx_canvas_api.o
LOAD build/default/debug/_ext/1275055279/gfx_canvas.o
                0x0000000000000001                __MPLAB_BUILD = 0x1
                0x0000000000001000                C_STACK_SIZE = 0x1000
                0x0000000000000060                IRQ_STACK_SIZE = 0x60
                0x0000000000000060                FIQ_STACK_SIZE = 0x60
                0x0000000000001000                SVC_STACK_SIZE = 0x1000
                0x0000000000000040                ABT_STACK_SIZE = 0x40
                0x0000000000000040                UND_STACK_SIZE = 0x40

.text           0x0000000023f00000    0x245c4
                0x0000000023f00000                . = ALIGN (0x4)
                [!provide]                        PROVIDE (_sfixed = .)
 *(.textEntry)
 .textEntry     0x0000000023f00000      0x10c build/default/debug/_ext/1171490990/cstartup.o
                0x0000000023f00000                entry
 *(.text .text.* .gnu.linkonce.t.*)
 .text          0x0000000023f0010c       0x70 c:/program files/microchip/xc32/v4.40/bin/bin/../../lib/gcc/pic32c/8.3.1/arm/v5te/nofp/crtbegin.o
 .text.icache_InvalidateAll
                0x0000000023f0017c        0xc build/default/debug/_ext/60175171/plib_mmu.o
                0x0000000023f0017c                icache_InvalidateAll
 .text.icache_Enable
                0x0000000023f00188       0x20 build/default/debug/_ext/60175171/plib_mmu.o
                0x0000000023f00188                icache_Enable
 .text.dcache_InvalidateAll
                0x0000000023f001a8       0x38 build/default/debug/_ext/60175171/plib_mmu.o
                0x0000000023f001a8                dcache_InvalidateAll
 .text.dcache_CleanInvalidateByAddr
                0x0000000023f001e0       0x4c build/default/debug/_ext/60175171/plib_mmu.o
                0x0000000023f001e0                dcache_CleanInvalidateByAddr
 .text.dcache_Enable
                0x0000000023f0022c       0x20 build/default/debug/_ext/60175171/plib_mmu.o
                0x0000000023f0022c                dcache_Enable
 .text.MMU_Initialize
                0x0000000023f0024c      0x20c build/default/debug/_ext/60175171/plib_mmu.o
                0x0000000023f0024c                MMU_Initialize
 *fill*         0x0000000023f00458        0x8 
 .text          0x0000000023f00460       0xa0 build/default/debug/_ext/1171490990/cstartup.o
 .text.SYSC_SharedHandler
                0x0000000023f00500        0xc build/default/debug/_ext/1171490990/interrupts.o
                0x0000000023f00500                SYSC_SharedHandler
 .text.SPURIOUS_INTERRUPT_Handler
                0x0000000023f0050c       0x18 build/default/debug/_ext/1171490990/interrupts.o
                0x0000000023f0050c                SPURIOUS_INTERRUPT_Handler
 .text.undefined_instruction_irq_handler
                0x0000000023f00524        0x4 build/default/debug/_ext/1171490990/fault_handlers.o
                0x0000000023f00524                undefined_instruction_irq_handler
 .text.software_interrupt_irq_handler
                0x0000000023f00528        0x4 build/default/debug/_ext/1171490990/fault_handlers.o
                0x0000000023f00528                software_interrupt_irq_handler
 .text.data_abort_irq_handler
                0x0000000023f0052c        0x4 build/default/debug/_ext/1171490990/fault_handlers.o
                0x0000000023f0052c                data_abort_irq_handler
 .text.prefetch_abort_irq_handler
                0x0000000023f00530        0x4 build/default/debug/_ext/1171490990/fault_handlers.o
                0x0000000023f00530                prefetch_abort_irq_handler
 .text.CLK_Initialize
                0x0000000023f00534       0xbc build/default/debug/_ext/60165520/plib_clk.o
                0x0000000023f00534                CLK_Initialize
 .text.read     0x0000000023f005f0       0x48 build/default/debug/_ext/163028504/xc32_monitor.o
                0x0000000023f005f0                read
 .text.write    0x0000000023f00638       0x34 build/default/debug/_ext/163028504/xc32_monitor.o
                0x0000000023f00638                write
 .text.PIO_Initialize
                0x0000000023f0066c      0x110 build/default/debug/_ext/60177924/plib_pio.o
                0x0000000023f0066c                PIO_Initialize
 .text.PIO_PortInterruptEnable
                0x0000000023f0077c        0x8 build/default/debug/_ext/60177924/plib_pio.o
                0x0000000023f0077c                PIO_PortInterruptEnable
 .text.PIO_PinInterruptCallbackRegister
                0x0000000023f00784       0xb8 build/default/debug/_ext/60177924/plib_pio.o
                0x0000000023f00784                PIO_PinInterruptCallbackRegister
 .text.PIO_Interrupt_Handler
                0x0000000023f0083c       0x88 build/default/debug/_ext/60177924/plib_pio.o
                0x0000000023f0083c                PIO_Interrupt_Handler
 .text.PIOC_InterruptHandler
                0x0000000023f008c4       0x14 build/default/debug/_ext/60177924/plib_pio.o
                0x0000000023f008c4                PIOC_InterruptHandler
 .text.SYS_Initialize
                0x0000000023f008d8       0xf0 build/default/debug/_ext/1171490990/initialization.o
                0x0000000023f008d8                SYS_Initialize
 .text.AIC_INT_Initialize
                0x0000000023f009c8       0xec build/default/debug/_ext/60163497/plib_aic.o
                0x0000000023f009c8                AIC_INT_Initialize
 .text.AIC_INT_IrqDisable
                0x0000000023f00ab4       0x30 build/default/debug/_ext/60163497/plib_aic.o
                0x0000000023f00ab4                AIC_INT_IrqDisable
 .text.AIC_INT_IrqRestore
                0x0000000023f00ae4       0x28 build/default/debug/_ext/60163497/plib_aic.o
                0x0000000023f00ae4                AIC_INT_IrqRestore
 .text.main     0x0000000023f00b0c       0x20 build/default/debug/_ext/1360937237/main.o
                0x0000000023f00b0c                main
 .text.BSP_Initialize
                0x0000000023f00b2c       0x20 build/default/debug/_ext/1434821282/bsp.o
                0x0000000023f00b2c                BSP_Initialize
 .text.DBGU_ErrorClear
                0x0000000023f00b4c       0x30 build/default/debug/_ext/1865151294/plib_dbgu.o
 .text.DBGU_Initialize
                0x0000000023f00b7c       0x28 build/default/debug/_ext/1865151294/plib_dbgu.o
                0x0000000023f00b7c                DBGU_Initialize
 .text.DBGU_Read
                0x0000000023f00ba4       0xa0 build/default/debug/_ext/1865151294/plib_dbgu.o
                0x0000000023f00ba4                DBGU_Read
 .text.DBGU_Write
                0x0000000023f00c44       0x60 build/default/debug/_ext/1865151294/plib_dbgu.o
                0x0000000023f00c44                DBGU_Write
 .text.leEvent_Init
                0x0000000023f00ca4       0x20 build/default/debug/_ext/92283465/legato_event.o
                0x0000000023f00ca4                leEvent_Init
 .text.leEvent_ProcessEvents
                0x0000000023f00cc4       0xb4 build/default/debug/_ext/92283465/legato_event.o
                0x0000000023f00cc4                leEvent_ProcessEvents
 .text.legato_showScreen
                0x0000000023f00d78       0x1c build/default/debug/_ext/1626882341/le_gen_init.o
                0x0000000023f00d78                legato_showScreen
 .text.legato_initializeScreenState
                0x0000000023f00d94       0x40 build/default/debug/_ext/1626882341/le_gen_init.o
                0x0000000023f00d94                legato_initializeScreenState
 .text.legato_updateScreenState
                0x0000000023f00dd4       0x98 build/default/debug/_ext/1626882341/le_gen_init.o
                0x0000000023f00dd4                legato_updateScreenState
 .text._supportsImage
                0x0000000023f00e6c       0x28 build/default/debug/_ext/460667659/legato_imagedecoder_png.o
 .text._decoderCleanup
                0x0000000023f00e94        0x4 build/default/debug/_ext/460667659/legato_imagedecoder_png.o
 .text._decoderExec
                0x0000000023f00e98        0x8 build/default/debug/_ext/460667659/legato_imagedecoder_png.o
 .text._decoderIsDone
                0x0000000023f00ea0        0x8 build/default/debug/_ext/460667659/legato_imagedecoder_png.o
 .text._render  0x0000000023f00ea8       0xf4 build/default/debug/_ext/460667659/legato_imagedecoder_png.o
 .text._draw    0x0000000023f00f9c      0x1f0 build/default/debug/_ext/460667659/legato_imagedecoder_png.o
 .text._lePNGImageDecoder_Init
                0x0000000023f0118c       0x6c build/default/debug/_ext/460667659/legato_imagedecoder_png.o
                0x0000000023f0118c                _lePNGImageDecoder_Init
 .text.stage_rejectMaskedColor
                0x0000000023f011f8       0x24 build/default/debug/_ext/460669194/legato_imagedecoder_raw_mask.o
 .text._leRawImageDecoder_MaskStage_Internal
                0x0000000023f0121c       0x30 build/default/debug/_ext/460669194/legato_imagedecoder_raw_mask.o
                0x0000000023f0121c                _leRawImageDecoder_MaskStage_Internal
 .text.stage_convertColor
                0x0000000023f0124c       0x2c build/default/debug/_ext/460669194/legato_imagedecoder_raw_convert.o
 .text._leRawImageDecoder_ConvertStage
                0x0000000023f01278       0x90 build/default/debug/_ext/460669194/legato_imagedecoder_raw_convert.o
                0x0000000023f01278                _leRawImageDecoder_ConvertStage
 .text._convertColorMode
                0x0000000023f01308        0xc build/default/debug/_ext/656756333/legato_gpu.o
 .text.leGPU_DrawLine
                0x0000000023f01314      0x1e4 build/default/debug/_ext/656756333/legato_gpu.o
                0x0000000023f01314                leGPU_DrawLine
 .text.leGPU_ClearBuffer
                0x0000000023f014f8       0xa4 build/default/debug/_ext/656756333/legato_gpu.o
                0x0000000023f014f8                leGPU_ClearBuffer
 .text.leGPU_FillRect
                0x0000000023f0159c      0x19c build/default/debug/_ext/656756333/legato_gpu.o
                0x0000000023f0159c                leGPU_FillRect
 .text.leGPU_BlitBuffer
                0x0000000023f01738      0x224 build/default/debug/_ext/656756333/legato_gpu.o
                0x0000000023f01738                leGPU_BlitBuffer
 .text.leGPU_BlitStretchBuffer
                0x0000000023f0195c      0x200 build/default/debug/_ext/656756333/legato_gpu.o
                0x0000000023f0195c                leGPU_BlitStretchBuffer
 .text.stage_BlendRGBA5551
                0x0000000023f01b5c       0x1c build/default/debug/_ext/460669194/legato_imagedecoder_raw_blend.o
 .text.stage_BlendARGB8888
                0x0000000023f01b78       0x70 build/default/debug/_ext/460669194/legato_imagedecoder_raw_blend.o
 .text.stage_BlendRGBA8888
                0x0000000023f01be8       0x70 build/default/debug/_ext/460669194/legato_imagedecoder_raw_blend.o
 .text._leRawImageDecoder_BlendStage_Internal
                0x0000000023f01c58       0xb0 build/default/debug/_ext/460669194/legato_imagedecoder_raw_blend.o
                0x0000000023f01c58                _leRawImageDecoder_BlendStage_Internal
 .text.DRV_XLCDC_Update
                0x0000000023f01d08       0x20 build/default/debug/_ext/119635701/drv_gfx_xlcdc.o
                0x0000000023f01d08                DRV_XLCDC_Update
 .text.DRV_XLCDC_Initialize
                0x0000000023f01d28      0x128 build/default/debug/_ext/119635701/drv_gfx_xlcdc.o
                0x0000000023f01d28                DRV_XLCDC_Initialize
 .text.DRV_XLCDC_BlitBuffer
                0x0000000023f01e50       0xd4 build/default/debug/_ext/119635701/drv_gfx_xlcdc.o
                0x0000000023f01e50                DRV_XLCDC_BlitBuffer
 .text.DRV_XLCDC_IOCTL
                0x0000000023f01f24      0x508 build/default/debug/_ext/119635701/drv_gfx_xlcdc.o
                0x0000000023f01f24                DRV_XLCDC_IOCTL
 .text.JPEG_wReadWord
                0x0000000023f0242c       0x50 build/default/debug/_ext/1395618758/legato_imagedecoder_jpeg_common.o
 .text.JPEG_bReadByte
                0x0000000023f0247c       0x2c build/default/debug/_ext/1395618758/legato_imagedecoder_jpeg_common.o
 .text.JPEG_bGet1Bit
                0x0000000023f024a8      0x154 build/default/debug/_ext/1395618758/legato_imagedecoder_jpeg_common.o
 .text.JPEG_wGetBits
                0x0000000023f025fc       0x4c build/default/debug/_ext/1395618758/legato_imagedecoder_jpeg_common.o
 .text.JPEG_sGetBitsValue
                0x0000000023f02648       0x50 build/default/debug/_ext/1395618758/legato_imagedecoder_jpeg_common.o
 .text.JPEG_bGetNextHuffByte
                0x0000000023f02698       0x98 build/default/debug/_ext/1395618758/legato_imagedecoder_jpeg_common.o
 .text.JPEG_vResetDecoder
                0x0000000023f02730       0x20 build/default/debug/_ext/1395618758/legato_imagedecoder_jpeg_common.o
                0x0000000023f02730                JPEG_vResetDecoder
 .text.JPEG_bReadHeader
                0x0000000023f02750      0x7b8 build/default/debug/_ext/1395618758/legato_imagedecoder_jpeg_common.o
                0x0000000023f02750                JPEG_bReadHeader
 .text.JPEG_bGenerateHuffmanTables
                0x0000000023f02f08       0x90 build/default/debug/_ext/1395618758/legato_imagedecoder_jpeg_common.o
                0x0000000023f02f08                JPEG_bGenerateHuffmanTables
 .text.JPEG_bDecodeOneBlock
                0x0000000023f02f98      0x26c build/default/debug/_ext/1395618758/legato_imagedecoder_jpeg_common.o
                0x0000000023f02f98                JPEG_bDecodeOneBlock
 .text.JPEG_vInitDisplay
                0x0000000023f03204       0x10 build/default/debug/_ext/1395618758/legato_imagedecoder_jpeg_common.o
                0x0000000023f03204                JPEG_vInitDisplay
 .text.JPEG_bPaintOneBlock
                0x0000000023f03214      0x9a8 build/default/debug/_ext/1395618758/legato_imagedecoder_jpeg_common.o
                0x0000000023f03214                JPEG_bPaintOneBlock
 .text.drawQ1   0x0000000023f03bbc      0x1d0 build/default/debug/_ext/656756333/legato_draw_arc.o
 .text.drawQ2   0x0000000023f03d8c      0x1bc build/default/debug/_ext/656756333/legato_draw_arc.o
 .text.drawQ3   0x0000000023f03f48      0x1c8 build/default/debug/_ext/656756333/legato_draw_arc.o
 .text.drawQ4   0x0000000023f04110      0x1d8 build/default/debug/_ext/656756333/legato_draw_arc.o
 .text.leRenderer_ArcFill
                0x0000000023f042e8      0x3e0 build/default/debug/_ext/656756333/legato_draw_arc.o
                0x0000000023f042e8                leRenderer_ArcFill
 .text.leRenderer_CircleFill
                0x0000000023f046c8       0xc0 build/default/debug/_ext/656756333/legato_draw_arc.o
                0x0000000023f046c8                leRenderer_CircleFill
 .text.decodeASCII
                0x0000000023f04788       0x18 build/default/debug/_ext/1047211973/legato_stringutils.o
 .text.decodeUTF8
                0x0000000023f047a0      0x1f8 build/default/debug/_ext/1047211973/legato_stringutils.o
 .text.decodeUTF16
                0x0000000023f04998       0x80 build/default/debug/_ext/1047211973/legato_stringutils.o
 .text.leDecodeCodePoint
                0x0000000023f04a18       0x2c build/default/debug/_ext/1047211973/legato_stringutils.o
                0x0000000023f04a18                leDecodeCodePoint
 .text.leStringUtils_KerningRect
                0x0000000023f04a44       0x44 build/default/debug/_ext/1047211973/legato_stringutils.o
                0x0000000023f04a44                leStringUtils_KerningRect
 .text.findDirtyWidget
                0x0000000023f04a88       0x90 build/default/debug/_ext/656756333/legato_renderer.o
 .text._nextRect
                0x0000000023f04b18       0x34 build/default/debug/_ext/656756333/legato_renderer.o
 .text.invalidateWidget
                0x0000000023f04b4c       0xe0 build/default/debug/_ext/656756333/legato_renderer.o
 .text.addDamageRectToList
                0x0000000023f04c2c       0xb8 build/default/debug/_ext/656756333/legato_renderer.o
 .text.leRenderer_IsIdle
                0x0000000023f04ce4       0x18 build/default/debug/_ext/656756333/legato_renderer.o
                0x0000000023f04ce4                leRenderer_IsIdle
 .text.leGetRenderBuffer
                0x0000000023f04cfc       0x28 build/default/debug/_ext/656756333/legato_renderer.o
                0x0000000023f04cfc                leGetRenderBuffer
 .text.leRenderer_CurrentColorMode
                0x0000000023f04d24       0x20 build/default/debug/_ext/656756333/legato_renderer.o
                0x0000000023f04d24                leRenderer_CurrentColorMode
 .text.leRenderer_ConvertColor
                0x0000000023f04d44       0x34 build/default/debug/_ext/656756333/legato_renderer.o
                0x0000000023f04d44                leRenderer_ConvertColor
 .text.leRenderer_DisplaySize
                0x0000000023f04d78       0x40 build/default/debug/_ext/656756333/legato_renderer.o
                0x0000000023f04d78                leRenderer_DisplaySize
 .text.leRenderer_GetClipRect
                0x0000000023f04db8       0x18 build/default/debug/_ext/656756333/legato_renderer.o
                0x0000000023f04db8                leRenderer_GetClipRect
 .text.leRenderer_GetFrameRect
                0x0000000023f04dd0       0x28 build/default/debug/_ext/656756333/legato_renderer.o
                0x0000000023f04dd0                leRenderer_GetFrameRect
 .text.leRenderer_CullDrawRect
                0x0000000023f04df8       0x20 build/default/debug/_ext/656756333/legato_renderer.o
                0x0000000023f04df8                leRenderer_CullDrawRect
 .text.leRenderer_CullDrawXY
                0x0000000023f04e18       0x30 build/default/debug/_ext/656756333/legato_renderer.o
                0x0000000023f04e18                leRenderer_CullDrawXY
 .text.leRenderer_ClipDrawRect
                0x0000000023f04e48       0x18 build/default/debug/_ext/656756333/legato_renderer.o
                0x0000000023f04e48                leRenderer_ClipDrawRect
 .text.leRenderer_Initialize
                0x0000000023f04e60       0xb8 build/default/debug/_ext/656756333/legato_renderer.o
                0x0000000023f04e60                leRenderer_Initialize
 .text.leRenderer_DisplayInterface
                0x0000000023f04f18       0x10 build/default/debug/_ext/656756333/legato_renderer.o
                0x0000000023f04f18                leRenderer_DisplayInterface
 .text.leRenderer_GPUInterface
                0x0000000023f04f28       0x10 build/default/debug/_ext/656756333/legato_renderer.o
                0x0000000023f04f28                leRenderer_GPUInterface
 .text.leRenderer_DamageArea
                0x0000000023f04f38       0xa8 build/default/debug/_ext/656756333/legato_renderer.o
                0x0000000023f04f38                leRenderer_DamageArea
 .text.leRenderer_Paint
                0x0000000023f04fe0      0x7a8 build/default/debug/_ext/656756333/legato_renderer.o
                0x0000000023f04fe0                leRenderer_Paint
 .text._leRenderer_CreateLayerState
                0x0000000023f05788       0x48 build/default/debug/_ext/656756333/legato_renderer.o
                0x0000000023f05788                _leRenderer_CreateLayerState
 .text.leQueryArcQuadrants
                0x0000000023f057d0      0x124 build/default/debug/_ext/1510041067/legato_math.o
 .text.leNormalizeAngle
                0x0000000023f058f4       0x30 build/default/debug/_ext/1510041067/legato_math.o
                0x0000000023f058f4                leNormalizeAngle
 .text.leSin    0x0000000023f05924       0x80 build/default/debug/_ext/1510041067/legato_math.o
                0x0000000023f05924                leSin
 .text.leCos    0x0000000023f059a4       0x78 build/default/debug/_ext/1510041067/legato_math.o
                0x0000000023f059a4                leCos
 .text.lePolarToXY
                0x0000000023f05a1c       0x60 build/default/debug/_ext/1510041067/legato_math.o
                0x0000000023f05a1c                lePolarToXY
 .text.leMini   0x0000000023f05a7c        0xc build/default/debug/_ext/1510041067/legato_math.o
                0x0000000023f05a7c                leMini
 .text.leMaxi   0x0000000023f05a88        0xc build/default/debug/_ext/1510041067/legato_math.o
                0x0000000023f05a88                leMaxi
 .text.leClampi
                0x0000000023f05a94       0x18 build/default/debug/_ext/1510041067/legato_math.o
                0x0000000023f05a94                leClampi
 .text.lePercent
                0x0000000023f05aac       0x1c build/default/debug/_ext/1510041067/legato_math.o
                0x0000000023f05aac                lePercent
 .text.lePercentWholeRounded
                0x0000000023f05ac8       0x3c build/default/debug/_ext/1510041067/legato_math.o
                0x0000000023f05ac8                lePercentWholeRounded
 .text.lePercentOf
                0x0000000023f05b04       0x58 build/default/debug/_ext/1510041067/legato_math.o
                0x0000000023f05b04                lePercentOf
 .text.leScaleInteger
                0x0000000023f05b5c       0x44 build/default/debug/_ext/1510041067/legato_math.o
                0x0000000023f05b5c                leScaleInteger
 .text.leLerp   0x0000000023f05ba0       0x58 build/default/debug/_ext/1510041067/legato_math.o
                0x0000000023f05ba0                leLerp
 .text.lePointOnLineSide
                0x0000000023f05bf8       0x60 build/default/debug/_ext/1510041067/legato_math.o
                0x0000000023f05bf8                lePointOnLineSide
 .text.leRotatePoint
                0x0000000023f05c58       0xbc build/default/debug/_ext/1510041067/legato_math.o
                0x0000000023f05c58                leRotatePoint
 .text.leRotatedRectBounds
                0x0000000023f05d14      0x14c build/default/debug/_ext/1510041067/legato_math.o
                0x0000000023f05d14                leRotatedRectBounds
 .text.leSqrt   0x0000000023f05e60       0x58 build/default/debug/_ext/1510041067/legato_math.o
                0x0000000023f05e60                leSqrt
 .text.lePointOnCircle
                0x0000000023f05eb8       0x30 build/default/debug/_ext/1510041067/legato_math.o
                0x0000000023f05eb8                lePointOnCircle
 .text.leResolveAngles
                0x0000000023f05ee8      0x2a8 build/default/debug/_ext/1510041067/legato_math.o
                0x0000000023f05ee8                leResolveAngles
 .text.leRound  0x0000000023f06190       0xa0 build/default/debug/_ext/1510041067/legato_math.o
                0x0000000023f06190                leRound
 .text._supportsImage
                0x0000000023f06230       0x14 build/default/debug/_ext/1395707457/legato_imagedecoder_mono.o
 .text._decoderCleanup
                0x0000000023f06244       0x64 build/default/debug/_ext/1395707457/legato_imagedecoder_mono.o
 .text._decoderExec
                0x0000000023f062a8       0x84 build/default/debug/_ext/1395707457/legato_imagedecoder_mono.o
 .text._decoderIsDone
                0x0000000023f0632c       0x10 build/default/debug/_ext/1395707457/legato_imagedecoder_mono.o
 .text.stage_sourceIterateSetup
                0x0000000023f0633c       0xb4 build/default/debug/_ext/1395707457/legato_imagedecoder_mono.o
 .text.stage_FrameBufferWrite
                0x0000000023f063f0       0x20 build/default/debug/_ext/1395707457/legato_imagedecoder_mono.o
 .text.stage_ImageWrite
                0x0000000023f06410       0x28 build/default/debug/_ext/1395707457/legato_imagedecoder_mono.o
 .text._leMonoImageDecoder_Init
                0x0000000023f06438       0x84 build/default/debug/_ext/1395707457/legato_imagedecoder_mono.o
                0x0000000023f06438                _leMonoImageDecoder_Init
 .text._leMonoImageDecoder_InjectStage
                0x0000000023f064bc       0x38 build/default/debug/_ext/1395707457/legato_imagedecoder_mono.o
                0x0000000023f064bc                _leMonoImageDecoder_InjectStage
 .text._leMonoImageDecoder_SourceIterateSetupStage
                0x0000000023f064f4       0x38 build/default/debug/_ext/1395707457/legato_imagedecoder_mono.o
                0x0000000023f064f4                _leMonoImageDecoder_SourceIterateSetupStage
 .text._leMonoImageDecoder_FrameBufferWriteStage
                0x0000000023f0652c       0x30 build/default/debug/_ext/1395707457/legato_imagedecoder_mono.o
                0x0000000023f0652c                _leMonoImageDecoder_FrameBufferWriteStage
 .text._draw    0x0000000023f0655c      0x154 build/default/debug/_ext/1395707457/legato_imagedecoder_mono.o
 .text._leMonoImageDecoder_ImageWriteStage
                0x0000000023f066b0       0x30 build/default/debug/_ext/1395707457/legato_imagedecoder_mono.o
                0x0000000023f066b0                _leMonoImageDecoder_ImageWriteStage
 .text._copy    0x0000000023f066e0      0x190 build/default/debug/_ext/1395707457/legato_imagedecoder_mono.o
 .text.LVDSC_Initialize
                0x0000000023f06870       0xb0 build/default/debug/_ext/2123361384/plib_lvdsc.o
                0x0000000023f06870                LVDSC_Initialize
 .text.leRenderer_HorzLine
                0x0000000023f06920       0xe4 build/default/debug/_ext/656756333/legato_draw_line.o
                0x0000000023f06920                leRenderer_HorzLine
 .text.leRenderer_VertLine
                0x0000000023f06a04       0xe4 build/default/debug/_ext/656756333/legato_draw_line.o
                0x0000000023f06a04                leRenderer_VertLine
 .text.leRenderer_RectFill
                0x0000000023f06ae8       0x6c build/default/debug/_ext/656756333/legato_draw_rect.o
                0x0000000023f06ae8                leRenderer_RectFill
 .text.stage_imageRenderPostLookup
                0x0000000023f06b54       0x48 build/default/debug/_ext/460669194/legato_imagedecoder_raw_palette_internal.o
 .text.stage_lookup
                0x0000000023f06b9c       0x40 build/default/debug/_ext/460669194/legato_imagedecoder_raw_palette_internal.o
 .text._leRawImageDecoder_LookupStage_Internal
                0x0000000023f06bdc       0x54 build/default/debug/_ext/460669194/legato_imagedecoder_raw_palette_internal.o
                0x0000000023f06bdc                _leRawImageDecoder_LookupStage_Internal
 .text._leRawImageDecoder_ImageRenderPostLookupStage
                0x0000000023f06c30       0x38 build/default/debug/_ext/460669194/legato_imagedecoder_raw_palette_internal.o
                0x0000000023f06c30                _leRawImageDecoder_ImageRenderPostLookupStage
 .text.RTT_Initialize
                0x0000000023f06c68       0x24 build/default/debug/_ext/60180192/plib_rtt.o
                0x0000000023f06c68                RTT_Initialize
 .text.RTT_Enable
                0x0000000023f06c8c       0x20 build/default/debug/_ext/60180192/plib_rtt.o
                0x0000000023f06c8c                RTT_Enable
 .text.RTT_Disable
                0x0000000023f06cac       0x14 build/default/debug/_ext/60180192/plib_rtt.o
                0x0000000023f06cac                RTT_Disable
 .text.RTT_AlarmValueSet
                0x0000000023f06cc0       0x30 build/default/debug/_ext/60180192/plib_rtt.o
                0x0000000023f06cc0                RTT_AlarmValueSet
 .text.RTT_CallbackRegister
                0x0000000023f06cf0       0x14 build/default/debug/_ext/60180192/plib_rtt.o
                0x0000000023f06cf0                RTT_CallbackRegister
 .text.RTT_TimerValueGet
                0x0000000023f06d04       0x28 build/default/debug/_ext/60180192/plib_rtt.o
                0x0000000023f06d04                RTT_TimerValueGet
 .text.RTT_FrequencyGet
                0x0000000023f06d2c       0x44 build/default/debug/_ext/60180192/plib_rtt.o
                0x0000000023f06d2c                RTT_FrequencyGet
 .text.RTT_InterruptHandler
                0x0000000023f06d70       0xb4 build/default/debug/_ext/60180192/plib_rtt.o
                0x0000000023f06d70                RTT_InterruptHandler
 .text.leStringTable_GetStringOffset
                0x0000000023f06e24       0x64 build/default/debug/_ext/1047211973/legato_stringtable.o
                0x0000000023f06e24                leStringTable_GetStringOffset
 .text.leStringTable_GetStringFont
                0x0000000023f06e88       0x60 build/default/debug/_ext/1047211973/legato_stringtable.o
                0x0000000023f06e88                leStringTable_GetStringFont
 .text.leStringTable_StringLookup
                0x0000000023f06ee8       0x60 build/default/debug/_ext/1047211973/legato_stringtable.o
                0x0000000023f06ee8                leStringTable_StringLookup
 .text.leStringTable_GetStringLength
                0x0000000023f06f48       0x84 build/default/debug/_ext/1047211973/legato_stringtable.o
                0x0000000023f06f48                leStringTable_GetStringLength
 .text.drawGlyphRow8bpp
                0x0000000023f06fcc       0xf4 build/default/debug/_ext/92372729/legato_font.o
 .text.drawGlyphRow1bpp
                0x0000000023f070c0       0xd0 build/default/debug/_ext/92372729/legato_font.o
 .text.drawGlyphRow8bppMono
                0x0000000023f07190       0x5c build/default/debug/_ext/92372729/legato_font.o
 .text.drawGlyphRow1bppMono
                0x0000000023f071ec       0x64 build/default/debug/_ext/92372729/legato_font.o
 .text._drawUnknownGlyph
                0x0000000023f07250       0xf4 build/default/debug/_ext/92372729/legato_font.o
 .text.leFont_GetGlyphInfo
                0x0000000023f07344       0xdc build/default/debug/_ext/92372729/legato_font.o
                0x0000000023f07344                leFont_GetGlyphInfo
 .text.leFont_DrawGlyphData
                0x0000000023f07420      0x12c build/default/debug/_ext/92372729/legato_font.o
                0x0000000023f07420                leFont_DrawGlyphData
 .text.leFont_DrawGlyphData_Lookup
                0x0000000023f0754c      0x300 build/default/debug/_ext/92372729/legato_font.o
                0x0000000023f0754c                leFont_DrawGlyphData_Lookup
 .text.leFont_DrawGlyph
                0x0000000023f0784c       0xa4 build/default/debug/_ext/92372729/legato_font.o
                0x0000000023f0784c                leFont_DrawGlyph
 .text.leFont_DrawGlyph_Lookup
                0x0000000023f078f0       0xb0 build/default/debug/_ext/92372729/legato_font.o
                0x0000000023f078f0                leFont_DrawGlyph_Lookup
 .text.leFixedHeap_Init
                0x0000000023f079a0       0xb0 build/default/debug/_ext/1232982741/legato_fixedheap.o
                0x0000000023f079a0                leFixedHeap_Init
 .text.leFixedHeap_Alloc
                0x0000000023f07a50       0x48 build/default/debug/_ext/1232982741/legato_fixedheap.o
                0x0000000023f07a50                leFixedHeap_Alloc
 .text.leFixedHeap_Free
                0x0000000023f07a98       0x1c build/default/debug/_ext/1232982741/legato_fixedheap.o
                0x0000000023f07a98                leFixedHeap_Free
 .text.leFixedHeap_Contains
                0x0000000023f07ab4       0x60 build/default/debug/_ext/1232982741/legato_fixedheap.o
                0x0000000023f07ab4                leFixedHeap_Contains
 .text.initializeStrings
                0x0000000023f07b14       0x18 build/default/debug/_ext/1626882341/le_gen_stringtable.o
                0x0000000023f07b14                initializeStrings
 .text._leTableString_SetFont
                0x0000000023f07b2c        0x8 build/default/debug/_ext/1047211973/legato_tablestring.o
                0x0000000023f07b2c                _leTableString_SetFont
 .text._leTableString_SetFromString
                0x0000000023f07b34        0x8 build/default/debug/_ext/1047211973/legato_tablestring.o
                0x0000000023f07b34                _leTableString_SetFromString
 .text._leTableString_SetFromChar
                0x0000000023f07b3c        0x8 build/default/debug/_ext/1047211973/legato_tablestring.o
                0x0000000023f07b3c                _leTableString_SetFromChar
 .text._leTableString_SetFromCStr
                0x0000000023f07b44        0x8 build/default/debug/_ext/1047211973/legato_tablestring.o
                0x0000000023f07b44                _leTableString_SetFromCStr
 .text._leTableString_Compare
                0x0000000023f07b4c       0xb8 build/default/debug/_ext/1047211973/legato_tablestring.o
                0x0000000023f07b4c                _leTableString_Compare
 .text._leTableString_Append
                0x0000000023f07c04        0x8 build/default/debug/_ext/1047211973/legato_tablestring.o
                0x0000000023f07c04                _leTableString_Append
 .text._leTableString_Insert
                0x0000000023f07c0c        0x8 build/default/debug/_ext/1047211973/legato_tablestring.o
                0x0000000023f07c0c                _leTableString_Insert
 .text._leTableString_Remove
                0x0000000023f07c14        0x8 build/default/debug/_ext/1047211973/legato_tablestring.o
                0x0000000023f07c14                _leTableString_Remove
 .text._leTableString_Clear
                0x0000000023f07c1c        0x4 build/default/debug/_ext/1047211973/legato_tablestring.o
                0x0000000023f07c1c                _leTableString_Clear
 .text._leTableString_GetID
                0x0000000023f07c20        0x8 build/default/debug/_ext/1047211973/legato_tablestring.o
                0x0000000023f07c20                _leTableString_GetID
 .text._leTableString_SetID
                0x0000000023f07c28       0x34 build/default/debug/_ext/1047211973/legato_tablestring.o
                0x0000000023f07c28                _leTableString_SetID
 .text._leTableString_Destructor
                0x0000000023f07c5c       0x14 build/default/debug/_ext/1047211973/legato_tablestring.o
                0x0000000023f07c5c                _leTableString_Destructor
 .text._leTableString_GetFont
                0x0000000023f07c70       0x2c build/default/debug/_ext/1047211973/legato_tablestring.o
                0x0000000023f07c70                _leTableString_GetFont
 .text._leTableString_Length
                0x0000000023f07c9c       0x78 build/default/debug/_ext/1047211973/legato_tablestring.o
                0x0000000023f07c9c                _leTableString_Length
 .text._leTableString_IsEmpty
                0x0000000023f07d14       0x14 build/default/debug/_ext/1047211973/legato_tablestring.o
                0x0000000023f07d14                _leTableString_IsEmpty
 .text._leTableString_CharAt
                0x0000000023f07d28       0xf8 build/default/debug/_ext/1047211973/legato_tablestring.o
                0x0000000023f07d28                _leTableString_CharAt
 .text.leTableString_Constructor
                0x0000000023f07e20       0x28 build/default/debug/_ext/1047211973/legato_tablestring.o
                0x0000000023f07e20                leTableString_Constructor
 .text.no_conv  0x0000000023f07e48        0x4 build/default/debug/_ext/1319235455/gfx_driver.o
 .text.gs8_rgb332
                0x0000000023f07e4c       0x10 build/default/debug/_ext/1319235455/gfx_driver.o
 .text.gs8_rgb565
                0x0000000023f07e5c       0x20 build/default/debug/_ext/1319235455/gfx_driver.o
 .text.gs8_rgba5551
                0x0000000023f07e7c       0x28 build/default/debug/_ext/1319235455/gfx_driver.o
 .text.gs8_rgb888
                0x0000000023f07ea4       0x10 build/default/debug/_ext/1319235455/gfx_driver.o
 .text.gs8_rgba8888
                0x0000000023f07eb4       0x14 build/default/debug/_ext/1319235455/gfx_driver.o
 .text.gs8_argb8888
                0x0000000023f07ec8       0x14 build/default/debug/_ext/1319235455/gfx_driver.o
 .text.rgb332_rgb565
                0x0000000023f07edc       0x2c build/default/debug/_ext/1319235455/gfx_driver.o
 .text.rgb332_rgba5551
                0x0000000023f07f08       0x2c build/default/debug/_ext/1319235455/gfx_driver.o
 .text.rgb332_rgb888
                0x0000000023f07f34       0x30 build/default/debug/_ext/1319235455/gfx_driver.o
 .text.rgb332_rgba8888
                0x0000000023f07f64       0x2c build/default/debug/_ext/1319235455/gfx_driver.o
 .text.rgb332_argb8888
                0x0000000023f07f90       0x30 build/default/debug/_ext/1319235455/gfx_driver.o
 .text.rgb565_rgb332
                0x0000000023f07fc0       0x20 build/default/debug/_ext/1319235455/gfx_driver.o
 .text.rgb565_rgba5551
                0x0000000023f07fe0       0x20 build/default/debug/_ext/1319235455/gfx_driver.o
 .text.rgb565_rgb888
                0x0000000023f08000       0x24 build/default/debug/_ext/1319235455/gfx_driver.o
 .text.rgb565_rgba8888
                0x0000000023f08024       0x24 build/default/debug/_ext/1319235455/gfx_driver.o
 .text.rgb565_argb8888
                0x0000000023f08048       0x28 build/default/debug/_ext/1319235455/gfx_driver.o
 .text.rgba5551_gs8
                0x0000000023f08070        0x4 build/default/debug/_ext/1319235455/gfx_driver.o
 .text.rgba5551_rgb332
                0x0000000023f08074       0x20 build/default/debug/_ext/1319235455/gfx_driver.o
 .text.rgba5551_rgb565
                0x0000000023f08094       0x1c build/default/debug/_ext/1319235455/gfx_driver.o
 .text.rgba5551_rgb888
                0x0000000023f080b0       0x30 build/default/debug/_ext/1319235455/gfx_driver.o
 .text.rgba5551_rgba8888
                0x0000000023f080e0       0x40 build/default/debug/_ext/1319235455/gfx_driver.o
 .text.rgba5551_argb8888
                0x0000000023f08120       0x40 build/default/debug/_ext/1319235455/gfx_driver.o
 .text.rgb888_gs8
                0x0000000023f08160        0x4 build/default/debug/_ext/1319235455/gfx_driver.o
 .text.rgb888_rgb332
                0x0000000023f08164       0x24 build/default/debug/_ext/1319235455/gfx_driver.o
 .text.rgb888_rgb565
                0x0000000023f08188       0x20 build/default/debug/_ext/1319235455/gfx_driver.o
 .text.rgb888_rgba5551
                0x0000000023f081a8       0x28 build/default/debug/_ext/1319235455/gfx_driver.o
 .text.rgb888_rgba8888
                0x0000000023f081d0        0xc build/default/debug/_ext/1319235455/gfx_driver.o
 .text.rgb888_argb8888
                0x0000000023f081dc        0x8 build/default/debug/_ext/1319235455/gfx_driver.o
 .text.rgba8888_gs8
                0x0000000023f081e4        0x4 build/default/debug/_ext/1319235455/gfx_driver.o
 .text.rgba8888_rgb332
                0x0000000023f081e8       0x20 build/default/debug/_ext/1319235455/gfx_driver.o
 .text.rgba8888_rgb565
                0x0000000023f08208       0x20 build/default/debug/_ext/1319235455/gfx_driver.o
 .text.rgba8888_rgba5551
                0x0000000023f08228       0x34 build/default/debug/_ext/1319235455/gfx_driver.o
 .text.rgba8888_rgb888
                0x0000000023f0825c        0x8 build/default/debug/_ext/1319235455/gfx_driver.o
 .text.rgba8888_argb8888
                0x0000000023f08264        0x8 build/default/debug/_ext/1319235455/gfx_driver.o
 .text.argb8888_rgba5551
                0x0000000023f0826c       0x34 build/default/debug/_ext/1319235455/gfx_driver.o
 .text.argb8888_rgb888
                0x0000000023f082a0        0x8 build/default/debug/_ext/1319235455/gfx_driver.o
 .text.argb8888_rgba8888
                0x0000000023f082a8        0x8 build/default/debug/_ext/1319235455/gfx_driver.o
 .text.rgb332_gs8
                0x0000000023f082b0       0x9c build/default/debug/_ext/1319235455/gfx_driver.o
 .text.rgb565_gs8
                0x0000000023f0834c       0x9c build/default/debug/_ext/1319235455/gfx_driver.o
 .text.gfxPixelBufferCreate
                0x0000000023f083e8       0xd8 build/default/debug/_ext/1319235455/gfx_driver.o
                0x0000000023f083e8                gfxPixelBufferCreate
 .text.gfxPixelBufferOffsetGet
                0x0000000023f084c0       0x4c build/default/debug/_ext/1319235455/gfx_driver.o
                0x0000000023f084c0                gfxPixelBufferOffsetGet
 .text.gfxPixelBuffer_IsLocked
                0x0000000023f0850c       0x14 build/default/debug/_ext/1319235455/gfx_driver.o
                0x0000000023f0850c                gfxPixelBuffer_IsLocked
 .text.gfxPixelBuffer_SetLocked
                0x0000000023f08520       0x2c build/default/debug/_ext/1319235455/gfx_driver.o
                0x0000000023f08520                gfxPixelBuffer_SetLocked
 .text.gfxColorConvert
                0x0000000023f0854c       0x28 build/default/debug/_ext/1319235455/gfx_driver.o
                0x0000000023f0854c                gfxColorConvert
 .text.no_conv  0x0000000023f08574        0x4 build/default/debug/_ext/1510041067/legato_color_convert.o
 .text.gs8_rgb332
                0x0000000023f08578       0x10 build/default/debug/_ext/1510041067/legato_color_convert.o
 .text.gs8_rgb565
                0x0000000023f08588       0x20 build/default/debug/_ext/1510041067/legato_color_convert.o
 .text.gs8_rgba5551
                0x0000000023f085a8       0x28 build/default/debug/_ext/1510041067/legato_color_convert.o
 .text.gs8_rgb888
                0x0000000023f085d0       0x10 build/default/debug/_ext/1510041067/legato_color_convert.o
 .text.gs8_rgba8888
                0x0000000023f085e0       0x14 build/default/debug/_ext/1510041067/legato_color_convert.o
 .text.gs8_argb8888
                0x0000000023f085f4       0x14 build/default/debug/_ext/1510041067/legato_color_convert.o
 .text.gs8_mono
                0x0000000023f08608       0x10 build/default/debug/_ext/1510041067/legato_color_convert.o
 .text.rgb332_rgb565
                0x0000000023f08618       0x2c build/default/debug/_ext/1510041067/legato_color_convert.o
 .text.rgb332_rgba5551
                0x0000000023f08644       0x2c build/default/debug/_ext/1510041067/legato_color_convert.o
 .text.rgb332_rgb888
                0x0000000023f08670       0x30 build/default/debug/_ext/1510041067/legato_color_convert.o
 .text.rgb332_rgba8888
                0x0000000023f086a0       0x2c build/default/debug/_ext/1510041067/legato_color_convert.o
 .text.rgb332_argb8888
                0x0000000023f086cc       0x30 build/default/debug/_ext/1510041067/legato_color_convert.o
 .text.rgb565_rgb332
                0x0000000023f086fc       0x20 build/default/debug/_ext/1510041067/legato_color_convert.o
 .text.rgb565_rgba5551
                0x0000000023f0871c       0x20 build/default/debug/_ext/1510041067/legato_color_convert.o
 .text.rgb565_rgb888
                0x0000000023f0873c       0x24 build/default/debug/_ext/1510041067/legato_color_convert.o
 .text.rgb565_rgba8888
                0x0000000023f08760       0x24 build/default/debug/_ext/1510041067/legato_color_convert.o
 .text.rgb565_argb8888
                0x0000000023f08784       0x28 build/default/debug/_ext/1510041067/legato_color_convert.o
 .text.rgba5551_gs8
                0x0000000023f087ac        0x4 build/default/debug/_ext/1510041067/legato_color_convert.o
 .text.rgba5551_rgb332
                0x0000000023f087b0       0x20 build/default/debug/_ext/1510041067/legato_color_convert.o
 .text.rgba5551_rgb565
                0x0000000023f087d0       0x1c build/default/debug/_ext/1510041067/legato_color_convert.o
 .text.rgba5551_rgb888
                0x0000000023f087ec       0x30 build/default/debug/_ext/1510041067/legato_color_convert.o
 .text.rgba5551_rgba8888
                0x0000000023f0881c       0x40 build/default/debug/_ext/1510041067/legato_color_convert.o
 .text.rgba5551_argb8888
                0x0000000023f0885c       0x40 build/default/debug/_ext/1510041067/legato_color_convert.o
 .text.rgb888_gs8
                0x0000000023f0889c        0x4 build/default/debug/_ext/1510041067/legato_color_convert.o
 .text.rgb888_rgb332
                0x0000000023f088a0       0x24 build/default/debug/_ext/1510041067/legato_color_convert.o
 .text.rgb888_rgb565
                0x0000000023f088c4       0x20 build/default/debug/_ext/1510041067/legato_color_convert.o
 .text.rgb888_rgba5551
                0x0000000023f088e4       0x28 build/default/debug/_ext/1510041067/legato_color_convert.o
 .text.rgb888_rgba8888
                0x0000000023f0890c        0xc build/default/debug/_ext/1510041067/legato_color_convert.o
 .text.rgb888_argb8888
                0x0000000023f08918        0x8 build/default/debug/_ext/1510041067/legato_color_convert.o
 .text.rgba8888_gs8
                0x0000000023f08920        0x4 build/default/debug/_ext/1510041067/legato_color_convert.o
 .text.rgba8888_rgb332
                0x0000000023f08924       0x20 build/default/debug/_ext/1510041067/legato_color_convert.o
 .text.rgba8888_rgb565
                0x0000000023f08944       0x20 build/default/debug/_ext/1510041067/legato_color_convert.o
 .text.rgba8888_rgba5551
                0x0000000023f08964       0x34 build/default/debug/_ext/1510041067/legato_color_convert.o
 .text.rgba8888_rgb888
                0x0000000023f08998        0x8 build/default/debug/_ext/1510041067/legato_color_convert.o
 .text.rgba8888_argb8888
                0x0000000023f089a0        0x8 build/default/debug/_ext/1510041067/legato_color_convert.o
 .text.argb8888_rgba5551
                0x0000000023f089a8       0x34 build/default/debug/_ext/1510041067/legato_color_convert.o
 .text.argb8888_rgb888
                0x0000000023f089dc        0x8 build/default/debug/_ext/1510041067/legato_color_convert.o
 .text.argb8888_rgba8888
                0x0000000023f089e4        0x8 build/default/debug/_ext/1510041067/legato_color_convert.o
 .text.rgb565_gs8
                0x0000000023f089ec       0x54 build/default/debug/_ext/1510041067/legato_color_convert.o
 .text.rgb332_gs8
                0x0000000023f08a40       0x54 build/default/debug/_ext/1510041067/legato_color_convert.o
 .text.leColorConvert
                0x0000000023f08a94       0x28 build/default/debug/_ext/1510041067/legato_color_convert.o
                0x0000000023f08a94                leColorConvert
 .text.SYS_INT_Disable
                0x0000000023f08abc        0xc build/default/debug/_ext/1881668453/sys_int.o
                0x0000000023f08abc                SYS_INT_Disable
 .text.SYS_INT_Restore
                0x0000000023f08ac8        0xc build/default/debug/_ext/1881668453/sys_int.o
                0x0000000023f08ac8                SYS_INT_Restore
 .text.SYS_INT_SourceIsEnabled
                0x0000000023f08ad4       0x28 build/default/debug/_ext/1881668453/sys_int.o
                0x0000000023f08ad4                SYS_INT_SourceIsEnabled
 .text.SYS_INT_SourceDisable
                0x0000000023f08afc       0x3c build/default/debug/_ext/1881668453/sys_int.o
                0x0000000023f08afc                SYS_INT_SourceDisable
 .text.SYS_INT_SourceRestore
                0x0000000023f08b38       0x30 build/default/debug/_ext/1881668453/sys_int.o
                0x0000000023f08b38                SYS_INT_SourceRestore
 .text.DRV_GFX2D_Initialize
                0x0000000023f08b68       0x28 build/default/debug/_ext/1063535966/drv_gfx2d.o
                0x0000000023f08b68                DRV_GFX2D_Initialize
 .text.DRV_GFX2D_Fill
                0x0000000023f08b90       0xac build/default/debug/_ext/1063535966/drv_gfx2d.o
                0x0000000023f08b90                DRV_GFX2D_Fill
 .text.DRV_GFX2D_Blit
                0x0000000023f08c3c      0x12c build/default/debug/_ext/1063535966/drv_gfx2d.o
                0x0000000023f08c3c                DRV_GFX2D_Blit
 .text.DRV_GFX2D_SetBlend
                0x0000000023f08d68       0x14 build/default/debug/_ext/1063535966/drv_gfx2d.o
                0x0000000023f08d68                DRV_GFX2D_SetBlend
 .text.DRV_GFX2D_SetGlobalAlpha
                0x0000000023f08d7c        0x8 build/default/debug/_ext/1063535966/drv_gfx2d.o
                0x0000000023f08d7c                DRV_GFX2D_SetGlobalAlpha
 .text.DRV_GFX2D_SetPalette
                0x0000000023f08d84        0x8 build/default/debug/_ext/1063535966/drv_gfx2d.o
                0x0000000023f08d84                DRV_GFX2D_SetPalette
 .text.DRV_GFX2D_SetTransparency
                0x0000000023f08d8c        0x8 build/default/debug/_ext/1063535966/drv_gfx2d.o
                0x0000000023f08d8c                DRV_GFX2D_SetTransparency
 .text.leInput_Init
                0x0000000023f08d94       0x2c build/default/debug/_ext/92283465/legato_input.o
                0x0000000023f08d94                leInput_Init
 .text.handleTouchDown
                0x0000000023f08dc0      0x118 build/default/debug/_ext/92283465/legato_input.o
                0x0000000023f08dc0                handleTouchDown
 .text.handleTouchUp
                0x0000000023f08ed8       0x70 build/default/debug/_ext/92283465/legato_input.o
                0x0000000023f08ed8                handleTouchUp
 .text.handleTouchMoved
                0x0000000023f08f48       0x70 build/default/debug/_ext/92283465/legato_input.o
                0x0000000023f08f48                handleTouchMoved
 .text._leInput_HandleInputEvent
                0x0000000023f08fb8       0x40 build/default/debug/_ext/92283465/legato_input.o
                0x0000000023f08fb8                _leInput_HandleInputEvent
 .text.leUtils_PickFromWidget
                0x0000000023f08ff8       0xe0 build/default/debug/_ext/1510041067/legato_utils.o
                0x0000000023f08ff8                leUtils_PickFromWidget
 .text.leUtils_RectToScreenSpace
                0x0000000023f090d8       0x44 build/default/debug/_ext/1510041067/legato_utils.o
                0x0000000023f090d8                leUtils_RectToScreenSpace
 .text.leUtils_ClipRectToAncestors
                0x0000000023f0911c       0x94 build/default/debug/_ext/1510041067/legato_utils.o
                0x0000000023f0911c                leUtils_ClipRectToAncestors
 .text.leUtils_ArrangeRectangleRelative
                0x0000000023f091b0      0x2ac build/default/debug/_ext/1510041067/legato_utils.o
                0x0000000023f091b0                leUtils_ArrangeRectangleRelative
 .text.leUtils_GetSchemeLookupTable
                0x0000000023f0945c       0x64 build/default/debug/_ext/1510041067/legato_utils.o
                0x0000000023f0945c                leUtils_GetSchemeLookupTable
 .text.getDiscreteValueAtIndex1
                0x0000000023f094c0       0x18 build/default/debug/_ext/1428714511/legato_image_utils.o
 .text.getDiscreteValueAtIndex4
                0x0000000023f094d8       0x10 build/default/debug/_ext/1428714511/legato_image_utils.o
 .text.getDiscreteValueAtIndex8
                0x0000000023f094e8        0x8 build/default/debug/_ext/1428714511/legato_image_utils.o
 .text.calcOffset1bpp
                0x0000000023f094f0        0x8 build/default/debug/_ext/1428714511/legato_image_utils.o
 .text.calcOffset4bpp
                0x0000000023f094f8        0x8 build/default/debug/_ext/1428714511/legato_image_utils.o
 .text.calcOffset8bpp
                0x0000000023f09500        0x4 build/default/debug/_ext/1428714511/legato_image_utils.o
 .text.calcOffset16bpp
                0x0000000023f09504        0x8 build/default/debug/_ext/1428714511/legato_image_utils.o
 .text.calcOffset24bpp
                0x0000000023f0950c        0x8 build/default/debug/_ext/1428714511/legato_image_utils.o
 .text.calcOffset32bpp
                0x0000000023f09514        0x8 build/default/debug/_ext/1428714511/legato_image_utils.o
 .text.leGetRLEDataAtIndex
                0x0000000023f0951c       0xd8 build/default/debug/_ext/1428714511/legato_image_utils.o
                0x0000000023f0951c                leGetRLEDataAtIndex
 .text.leGetDiscreteValueAtIndex
                0x0000000023f095f4       0x18 build/default/debug/_ext/1428714511/legato_image_utils.o
                0x0000000023f095f4                leGetDiscreteValueAtIndex
 .text.leGetOffsetFromIndexAndBPP
                0x0000000023f0960c       0x18 build/default/debug/_ext/1428714511/legato_image_utils.o
                0x0000000023f0960c                leGetOffsetFromIndexAndBPP
 .text.stage_sourceIterateSetup
                0x0000000023f09624       0xb4 build/default/debug/_ext/460669194/legato_imagedecoder_raw_setup.o
 .text.stage_targetIterateSetup
                0x0000000023f096d8       0x94 build/default/debug/_ext/460669194/legato_imagedecoder_raw_setup.o
 .text._leRawImageDecoder_SourceIterateSetupStage
                0x0000000023f0976c       0x38 build/default/debug/_ext/460669194/legato_imagedecoder_raw_setup.o
                0x0000000023f0976c                _leRawImageDecoder_SourceIterateSetupStage
 .text._leRawImageDecoder_TargetIterateSetupStage
                0x0000000023f097a4       0x38 build/default/debug/_ext/460669194/legato_imagedecoder_raw_setup.o
                0x0000000023f097a4                _leRawImageDecoder_TargetIterateSetupStage
 .text.leStringRenderer_DrawString
                0x0000000023f097dc      0x290 build/default/debug/_ext/1047211973/legato_string_renderer.o
                0x0000000023f097dc                leStringRenderer_DrawString
 .text.stage_rotateNearestNeighborPreRead
                0x0000000023f09a6c      0x120 build/default/debug/_ext/460669194/legato_imagedecoder_raw_rotate.o
 .text.stage_bilinearPreRead
                0x0000000023f09b8c      0x20c build/default/debug/_ext/460669194/legato_imagedecoder_raw_rotate.o
 .text.stage_rotateBilinearPostRead
                0x0000000023f09d98       0x60 build/default/debug/_ext/460669194/legato_imagedecoder_raw_rotate.o
 .text._leRawImageDecoder_RotateNearestNeighborPreReadStage
                0x0000000023f09df8       0x30 build/default/debug/_ext/460669194/legato_imagedecoder_raw_rotate.o
                0x0000000023f09df8                _leRawImageDecoder_RotateNearestNeighborPreReadStage
 .text._leRawImageDecoder_RotateBilinearPreReadStage
                0x0000000023f09e28       0x38 build/default/debug/_ext/460669194/legato_imagedecoder_raw_rotate.o
                0x0000000023f09e28                _leRawImageDecoder_RotateBilinearPreReadStage
 .text._leRawImageDecoder_RotateBilinearPostReadStage
                0x0000000023f09e60       0x30 build/default/debug/_ext/460669194/legato_imagedecoder_raw_rotate.o
                0x0000000023f09e60                _leRawImageDecoder_RotateBilinearPostReadStage
 .text.readBitsFromStream
                0x0000000023f09e90       0x50 build/default/debug/_ext/460667659/lodepng.o
 .text.huffmanDecodeSymbol
                0x0000000023f09ee0       0x64 build/default/debug/_ext/460667659/lodepng.o
 .text.readBitFromReversedStream
                0x0000000023f09f44       0x24 build/default/debug/_ext/460667659/lodepng.o
 .text.readBitsFromReversedStream
                0x0000000023f09f68       0x48 build/default/debug/_ext/460667659/lodepng.o
 .text.getNumColorChannels
                0x0000000023f09fb0       0x50 build/default/debug/_ext/460667659/lodepng.o
 .text.lodepng_color_mode_equal
                0x0000000023f0a000      0x120 build/default/debug/_ext/460667659/lodepng.o
 .text.addColorBits
                0x0000000023f0a120       0x50 build/default/debug/_ext/460667659/lodepng.o
 .text.getPixelColorsRGBA8
                0x0000000023f0a170      0x51c build/default/debug/_ext/460667659/lodepng.o
 .text.Adam7_getpassvalues
                0x0000000023f0a68c      0x184 build/default/debug/_ext/460667659/lodepng.o
 .text.unfilter
                0x0000000023f0a810      0x400 build/default/debug/_ext/460667659/lodepng.o
 .text.removePaddingBits
                0x0000000023f0ac10       0xa4 build/default/debug/_ext/460667659/lodepng.o
 .text.ucvector_reserve
                0x0000000023f0acb4       0x58 build/default/debug/_ext/460667659/lodepng.o
 .text.ucvector_resize
                0x0000000023f0ad0c       0x20 build/default/debug/_ext/460667659/lodepng.o
 .text.ucvector_push_back
                0x0000000023f0ad2c       0x34 build/default/debug/_ext/460667659/lodepng.o
 .text.color_tree_cleanup
                0x0000000023f0ad60       0x34 build/default/debug/_ext/460667659/lodepng.o
 .text.LodePNGIText_cleanup
                0x0000000023f0ad94       0x90 build/default/debug/_ext/460667659/lodepng.o
 .text.LodePNGText_cleanup
                0x0000000023f0ae24       0x60 build/default/debug/_ext/460667659/lodepng.o
 .text.HuffmanTree_cleanup
                0x0000000023f0ae84       0x24 build/default/debug/_ext/460667659/lodepng.o
 .text.string_set
                0x0000000023f0aea8       0x68 build/default/debug/_ext/460667659/lodepng.o
 .text.string_init
                0x0000000023f0af10       0x2c build/default/debug/_ext/460667659/lodepng.o
 .text.uivector_reserve
                0x0000000023f0af3c       0x58 build/default/debug/_ext/460667659/lodepng.o
 .text.HuffmanTree_makeFromLengths
                0x0000000023f0af94      0x424 build/default/debug/_ext/460667659/lodepng.o
 .text.lodepng_read32bitInt
                0x0000000023f0b3b8       0x24 build/default/debug/_ext/460667659/lodepng.o
                0x0000000023f0b3b8                lodepng_read32bitInt
 .text.lodepng_inflate
                0x0000000023f0b3dc      0x990 build/default/debug/_ext/460667659/lodepng.o
                0x0000000023f0b3dc                lodepng_inflate
 .text.lodepng_zlib_decompress
                0x0000000023f0bd6c      0x198 build/default/debug/_ext/460667659/lodepng.o
                0x0000000023f0bd6c                lodepng_zlib_decompress
 .text.zlib_decompress
                0x0000000023f0bf04       0x34 build/default/debug/_ext/460667659/lodepng.o
 .text.lodepng_crc32
                0x0000000023f0bf38       0x4c build/default/debug/_ext/460667659/lodepng.o
                0x0000000023f0bf38                lodepng_crc32
 .text.lodepng_chunk_type_equals
                0x0000000023f0bf84       0x80 build/default/debug/_ext/460667659/lodepng.o
                0x0000000023f0bf84                lodepng_chunk_type_equals
 .text.lodepng_chunk_check_crc
                0x0000000023f0c004       0x38 build/default/debug/_ext/460667659/lodepng.o
                0x0000000023f0c004                lodepng_chunk_check_crc
 .text.lodepng_chunk_next_const
                0x0000000023f0c03c       0x18 build/default/debug/_ext/460667659/lodepng.o
                0x0000000023f0c03c                lodepng_chunk_next_const
 .text.lodepng_chunk_append
                0x0000000023f0c054       0xa4 build/default/debug/_ext/460667659/lodepng.o
                0x0000000023f0c054                lodepng_chunk_append
 .text.lodepng_color_mode_init
                0x0000000023f0c0f8       0x30 build/default/debug/_ext/460667659/lodepng.o
                0x0000000023f0c0f8                lodepng_color_mode_init
 .text.lodepng_palette_clear
                0x0000000023f0c128       0x28 build/default/debug/_ext/460667659/lodepng.o
                0x0000000023f0c128                lodepng_palette_clear
 .text.lodepng_color_mode_copy
                0x0000000023f0c150       0x98 build/default/debug/_ext/460667659/lodepng.o
                0x0000000023f0c150                lodepng_color_mode_copy
 .text.lodepng_get_bpp
                0x0000000023f0c1e8       0x1c build/default/debug/_ext/460667659/lodepng.o
                0x0000000023f0c1e8                lodepng_get_bpp
 .text.lodepng_get_raw_size_idat
                0x0000000023f0c204       0x34 build/default/debug/_ext/460667659/lodepng.o
 .text.lodepng_get_raw_size
                0x0000000023f0c238       0x38 build/default/debug/_ext/460667659/lodepng.o
                0x0000000023f0c238                lodepng_get_raw_size
 .text.lodepng_add_text
                0x0000000023f0c270       0xcc build/default/debug/_ext/460667659/lodepng.o
                0x0000000023f0c270                lodepng_add_text
 .text.lodepng_add_itext
                0x0000000023f0c33c      0x17c build/default/debug/_ext/460667659/lodepng.o
                0x0000000023f0c33c                lodepng_add_itext
 .text.lodepng_info_init
                0x0000000023f0c4b8       0x74 build/default/debug/_ext/460667659/lodepng.o
                0x0000000023f0c4b8                lodepng_info_init
 .text.lodepng_info_cleanup
                0x0000000023f0c52c       0x3c build/default/debug/_ext/460667659/lodepng.o
                0x0000000023f0c52c                lodepng_info_cleanup
 .text.lodepng_convert
                0x0000000023f0c568      0xb88 build/default/debug/_ext/460667659/lodepng.o
                0x0000000023f0c568                lodepng_convert
 .text.lodepng_inspect
                0x0000000023f0d0f0      0x290 build/default/debug/_ext/460667659/lodepng.o
                0x0000000023f0d0f0                lodepng_inspect
 .text.lodepng_decode
                0x0000000023f0d380     0x171c build/default/debug/_ext/460667659/lodepng.o
                0x0000000023f0d380                lodepng_decode
 .text.lodepng_decoder_settings_init
                0x0000000023f0ea9c       0x2c build/default/debug/_ext/460667659/lodepng.o
                0x0000000023f0ea9c                lodepng_decoder_settings_init
 .text.lodepng_state_init
                0x0000000023f0eac8       0x28 build/default/debug/_ext/460667659/lodepng.o
                0x0000000023f0eac8                lodepng_state_init
 .text.lodepng_state_cleanup
                0x0000000023f0eaf0       0x1c build/default/debug/_ext/460667659/lodepng.o
                0x0000000023f0eaf0                lodepng_state_cleanup
 .text.lodepng_decode_memory
                0x0000000023f0eb0c       0x68 build/default/debug/_ext/460667659/lodepng.o
                0x0000000023f0eb0c                lodepng_decode_memory
 .text.handleLanguageChangeEvent
                0x0000000023f0eb74       0x20 build/default/debug/_ext/390595603/legato_widget_label.o
 .text.getString
                0x0000000023f0eb94        0x8 build/default/debug/_ext/390595603/legato_widget_label.o
 .text._leLabelWidget_Destructor
                0x0000000023f0eb9c       0x14 build/default/debug/_ext/390595603/legato_widget_label.o
 .text.invalidateContents
                0x0000000023f0ebb0       0x40 build/default/debug/_ext/390595603/legato_widget_label.o
 .text.setString
                0x0000000023f0ebf0       0xb0 build/default/debug/_ext/390595603/legato_widget_label.o
 .text.stringInvalidate
                0x0000000023f0eca0       0x10 build/default/debug/_ext/390595603/legato_widget_label.o
 .text.stringPreinvalidate
                0x0000000023f0ecb0       0x10 build/default/debug/_ext/390595603/legato_widget_label.o
 .text.leLabelWidget_Constructor
                0x0000000023f0ecc0       0x48 build/default/debug/_ext/390595603/legato_widget_label.o
                0x0000000023f0ecc0                leLabelWidget_Constructor
 .text.leLabelWidget_New
                0x0000000023f0ed08       0x1c build/default/debug/_ext/390595603/legato_widget_label.o
                0x0000000023f0ed08                leLabelWidget_New
 .text.stage_decode
                0x0000000023f0ed24       0x74 build/default/debug/_ext/460669194/legato_imagedecoder_raw_read_internal.o
 .text.rleRandomDecode
                0x0000000023f0ed98       0x54 build/default/debug/_ext/460669194/legato_imagedecoder_raw_read_internal.o
 .text.rleSequentialDecode
                0x0000000023f0edec       0x48 build/default/debug/_ext/460669194/legato_imagedecoder_raw_read_internal.o
 .text.colorDecode
                0x0000000023f0ee34       0x34 build/default/debug/_ext/460669194/legato_imagedecoder_raw_read_internal.o
 .text.indexRLERandomDecode
                0x0000000023f0ee68       0x80 build/default/debug/_ext/460669194/legato_imagedecoder_raw_read_internal.o
 .text.indexRLESequentialDecode
                0x0000000023f0eee8       0x74 build/default/debug/_ext/460669194/legato_imagedecoder_raw_read_internal.o
 .text.indexDecode
                0x0000000023f0ef5c       0x30 build/default/debug/_ext/460669194/legato_imagedecoder_raw_read_internal.o
 .text._leRawImageDecoder_ReadStage_Internal
                0x0000000023f0ef8c      0x100 build/default/debug/_ext/460669194/legato_imagedecoder_raw_read_internal.o
                0x0000000023f0ef8c                _leRawImageDecoder_ReadStage_Internal
 .text._supportsImage
                0x0000000023f0f08c       0x14 build/default/debug/_ext/460669194/legato_imagedecoder_raw.o
 .text._decoderCleanup
                0x0000000023f0f0a0       0x64 build/default/debug/_ext/460669194/legato_imagedecoder_raw.o
 .text._decoderExec
                0x0000000023f0f104       0x84 build/default/debug/_ext/460669194/legato_imagedecoder_raw.o
 .text._decoderIsDone
                0x0000000023f0f188       0x10 build/default/debug/_ext/460669194/legato_imagedecoder_raw.o
 .text._initReadStage
                0x0000000023f0f198       0x1c build/default/debug/_ext/460669194/legato_imagedecoder_raw.o
 .text._initMaskStage
                0x0000000023f0f1b4       0x24 build/default/debug/_ext/460669194/legato_imagedecoder_raw.o
 .text._initBlendStage
                0x0000000023f0f1d8       0x44 build/default/debug/_ext/460669194/legato_imagedecoder_raw.o
 .text._initConvertStage
                0x0000000023f0f21c       0x4c build/default/debug/_ext/460669194/legato_imagedecoder_raw.o
 .text._rotateDraw
                0x0000000023f0f268      0x2b0 build/default/debug/_ext/460669194/legato_imagedecoder_raw.o
 .text._rotate  0x0000000023f0f518      0x2f4 build/default/debug/_ext/460669194/legato_imagedecoder_raw.o
 .text._resizeDraw
                0x0000000023f0f80c      0x294 build/default/debug/_ext/460669194/legato_imagedecoder_raw.o
 .text._resize  0x0000000023f0faa0      0x238 build/default/debug/_ext/460669194/legato_imagedecoder_raw.o
 .text._copy    0x0000000023f0fcd8      0x1b8 build/default/debug/_ext/460669194/legato_imagedecoder_raw.o
 .text._initLookupStage
                0x0000000023f0fe90       0x4c build/default/debug/_ext/460669194/legato_imagedecoder_raw.o
 .text._render  0x0000000023f0fedc      0x260 build/default/debug/_ext/460669194/legato_imagedecoder_raw.o
 .text._draw    0x0000000023f1013c      0x2f4 build/default/debug/_ext/460669194/legato_imagedecoder_raw.o
 .text._leRawImageDecoder_Init
                0x0000000023f10430       0xa8 build/default/debug/_ext/460669194/legato_imagedecoder_raw.o
                0x0000000023f10430                _leRawImageDecoder_Init
 .text._leRawImageDecoder_InjectStage
                0x0000000023f104d8       0x38 build/default/debug/_ext/460669194/legato_imagedecoder_raw.o
                0x0000000023f104d8                _leRawImageDecoder_InjectStage
 .text.screenInit_Screen0
                0x0000000023f10510       0x28 build/default/debug/_ext/937247594/le_gen_screen_Screen0.o
                0x0000000023f10510                screenInit_Screen0
 .text.screenShow_Screen0
                0x0000000023f10538      0x2b8 build/default/debug/_ext/937247594/le_gen_screen_Screen0.o
                0x0000000023f10538                screenShow_Screen0
 .text.screenUpdate_Screen0
                0x0000000023f107f0       0x68 build/default/debug/_ext/937247594/le_gen_screen_Screen0.o
                0x0000000023f107f0                screenUpdate_Screen0
 .text.screenHide_Screen0
                0x0000000023f10858       0x90 build/default/debug/_ext/937247594/le_gen_screen_Screen0.o
                0x0000000023f10858                screenHide_Screen0
 .text.SYS_Tasks
                0x0000000023f108e8       0x18 build/default/debug/_ext/1171490990/tasks.o
                0x0000000023f108e8                SYS_Tasks
 .text.nextState
                0x0000000023f10900      0x100 build/default/debug/_ext/390595603/legato_widget_label_skin_classic.o
 .text.drawBorder
                0x0000000023f10a00       0x4c build/default/debug/_ext/390595603/legato_widget_label_skin_classic.o
 .text.drawBackground
                0x0000000023f10a4c       0x24 build/default/debug/_ext/390595603/legato_widget_label_skin_classic.o
 .text._leLabelWidget_GetTextRects
                0x0000000023f10a70      0x120 build/default/debug/_ext/390595603/legato_widget_label_skin_classic.o
                0x0000000023f10a70                _leLabelWidget_GetTextRects
 .text.drawString
                0x0000000023f10b90       0x98 build/default/debug/_ext/390595603/legato_widget_label_skin_classic.o
 .text._leLabelWidget_Paint
                0x0000000023f10c28       0x44 build/default/debug/_ext/390595603/legato_widget_label_skin_classic.o
                0x0000000023f10c28                _leLabelWidget_Paint
 .text.drawBorder
                0x0000000023f10c6c       0x54 build/default/debug/_ext/943273362/legato_widget_skin_classic.o
 .text.drawBackground
                0x0000000023f10cc0       0xb8 build/default/debug/_ext/943273362/legato_widget_skin_classic.o
 .text._leWidget_Paint
                0x0000000023f10d78       0x7c build/default/debug/_ext/943273362/legato_widget_skin_classic.o
                0x0000000023f10d78                _leWidget_Paint
 .text.indexGet1bpp
                0x0000000023f10df4       0x20 build/default/debug/_ext/1510041067/legato_pixelbuffer.o
 .text.indexGet4bpp
                0x0000000023f10e14       0x18 build/default/debug/_ext/1510041067/legato_pixelbuffer.o
 .text.indexGet
                0x0000000023f10e2c       0x64 build/default/debug/_ext/1510041067/legato_pixelbuffer.o
 .text.get1byte
                0x0000000023f10e90        0x8 build/default/debug/_ext/1510041067/legato_pixelbuffer.o
 .text.get2byte
                0x0000000023f10e98        0x8 build/default/debug/_ext/1510041067/legato_pixelbuffer.o
 .text.get3byte
                0x0000000023f10ea0       0x1c build/default/debug/_ext/1510041067/legato_pixelbuffer.o
 .text.get4byte
                0x0000000023f10ebc        0x8 build/default/debug/_ext/1510041067/legato_pixelbuffer.o
 .text.set1byte
                0x0000000023f10ec4        0xc build/default/debug/_ext/1510041067/legato_pixelbuffer.o
 .text.set2byte
                0x0000000023f10ed0        0xc build/default/debug/_ext/1510041067/legato_pixelbuffer.o
 .text.set3byte
                0x0000000023f10edc       0x1c build/default/debug/_ext/1510041067/legato_pixelbuffer.o
 .text.set4byte
                0x0000000023f10ef8        0xc build/default/debug/_ext/1510041067/legato_pixelbuffer.o
 .text.lePixelBufferCreate
                0x0000000023f10f04       0xd0 build/default/debug/_ext/1510041067/legato_pixelbuffer.o
                0x0000000023f10f04                lePixelBufferCreate
 .text.lePixelBufferOffsetGet
                0x0000000023f10fd4       0x5c build/default/debug/_ext/1510041067/legato_pixelbuffer.o
                0x0000000023f10fd4                lePixelBufferOffsetGet
 .text.lePixelBufferOffsetGet_Unsafe
                0x0000000023f11030       0x44 build/default/debug/_ext/1510041067/legato_pixelbuffer.o
                0x0000000023f11030                lePixelBufferOffsetGet_Unsafe
 .text.lePixelBufferGet_Unsafe
                0x0000000023f11074       0x64 build/default/debug/_ext/1510041067/legato_pixelbuffer.o
                0x0000000023f11074                lePixelBufferGet_Unsafe
 .text.lePixelBufferGet
                0x0000000023f110d8       0x34 build/default/debug/_ext/1510041067/legato_pixelbuffer.o
                0x0000000023f110d8                lePixelBufferGet
 .text.lePixelBufferClipRect
                0x0000000023f1110c       0x84 build/default/debug/_ext/1510041067/legato_pixelbuffer.o
                0x0000000023f1110c                lePixelBufferClipRect
 .text.lePixelBufferGetIndex_Unsafe
                0x0000000023f11190       0x2c build/default/debug/_ext/1510041067/legato_pixelbuffer.o
                0x0000000023f11190                lePixelBufferGetIndex_Unsafe
 .text.lePixelBufferSet_Unsafe
                0x0000000023f111bc       0x7c build/default/debug/_ext/1510041067/legato_pixelbuffer.o
                0x0000000023f111bc                lePixelBufferSet_Unsafe
 .text.lePixelBufferSet
                0x0000000023f11238       0x28 build/default/debug/_ext/1510041067/legato_pixelbuffer.o
                0x0000000023f11238                lePixelBufferSet
 .text.lePixelBufferAreaFill_Unsafe
                0x0000000023f11260      0x118 build/default/debug/_ext/1510041067/legato_pixelbuffer.o
                0x0000000023f11260                lePixelBufferAreaFill_Unsafe
 .text.lePixelBufferAreaFill
                0x0000000023f11378       0x70 build/default/debug/_ext/1510041067/legato_pixelbuffer.o
                0x0000000023f11378                lePixelBufferAreaFill
 .text.lePixelBufferCopy
                0x0000000023f113e8       0xd8 build/default/debug/_ext/1510041067/legato_pixelbuffer.o
                0x0000000023f113e8                lePixelBufferCopy
 .text.leList_Create
                0x0000000023f114c0       0x1c build/default/debug/_ext/2021927327/legato_list.o
                0x0000000023f114c0                leList_Create
 .text.leList_PushBack
                0x0000000023f114dc       0x68 build/default/debug/_ext/2021927327/legato_list.o
                0x0000000023f114dc                leList_PushBack
 .text.leList_Get
                0x0000000023f11544       0x44 build/default/debug/_ext/2021927327/legato_list.o
                0x0000000023f11544                leList_Get
 .text.leList_Remove
                0x0000000023f11588       0xbc build/default/debug/_ext/2021927327/legato_list.o
                0x0000000023f11588                leList_Remove
 .text.leList_Destroy
                0x0000000023f11644       0x4c build/default/debug/_ext/2021927327/legato_list.o
                0x0000000023f11644                leList_Destroy
 .text.stage_decode
                0x0000000023f11690       0x3c build/default/debug/_ext/1395707457/legato_imagedecoder_mono_read_internal.o
 .text._leMonoImageDecoder_ReadStage_Internal
                0x0000000023f116cc       0x30 build/default/debug/_ext/1395707457/legato_imagedecoder_mono_read_internal.o
                0x0000000023f116cc                _leMonoImageDecoder_ReadStage_Internal
 .text.leWidget_SkinClassic_FillRoundCornerRect
                0x0000000023f116fc      0x2b4 build/default/debug/_ext/943273362/legato_widget_skin_classic_common.o
                0x0000000023f116fc                leWidget_SkinClassic_FillRoundCornerRect
 .text.leWidget_SkinClassic_DrawBackground
                0x0000000023f119b0       0x68 build/default/debug/_ext/943273362/legato_widget_skin_classic_common.o
                0x0000000023f119b0                leWidget_SkinClassic_DrawBackground
 .text.leWidget_SkinClassic_DrawRoundCornerBackground
                0x0000000023f11a18       0x40 build/default/debug/_ext/943273362/legato_widget_skin_classic_common.o
                0x0000000023f11a18                leWidget_SkinClassic_DrawRoundCornerBackground
 .text.leWidget_SkinClassic_DrawStandardBackground
                0x0000000023f11a58       0x38 build/default/debug/_ext/943273362/legato_widget_skin_classic_common.o
                0x0000000023f11a58                leWidget_SkinClassic_DrawStandardBackground
 .text.leWidget_SkinClassic_DrawRoundCornerLineBorder
                0x0000000023f11a90      0x250 build/default/debug/_ext/943273362/legato_widget_skin_classic_common.o
                0x0000000023f11a90                leWidget_SkinClassic_DrawRoundCornerLineBorder
 .text.leWidget_SkinClassic_DrawLineBorder
                0x0000000023f11ce0       0xa4 build/default/debug/_ext/943273362/legato_widget_skin_classic_common.o
                0x0000000023f11ce0                leWidget_SkinClassic_DrawLineBorder
 .text.leWidget_SkinClassic_Draw2x2BeveledBorder
                0x0000000023f11d84      0x150 build/default/debug/_ext/943273362/legato_widget_skin_classic_common.o
                0x0000000023f11d84                leWidget_SkinClassic_Draw2x2BeveledBorder
 .text.leWidget_SkinClassic_DrawStandardLineBorder
                0x0000000023f11ed4       0x74 build/default/debug/_ext/943273362/legato_widget_skin_classic_common.o
                0x0000000023f11ed4                leWidget_SkinClassic_DrawStandardLineBorder
 .text.leWidget_SkinClassic_DrawStandardRaisedBorder
                0x0000000023f11f48       0x80 build/default/debug/_ext/943273362/legato_widget_skin_classic_common.o
                0x0000000023f11f48                leWidget_SkinClassic_DrawStandardRaisedBorder
 .text.leWidget_SkinClassic_InvalidateBorderAreas
                0x0000000023f11fc8      0x1a0 build/default/debug/_ext/943273362/legato_widget_skin_classic_common.o
                0x0000000023f11fc8                leWidget_SkinClassic_InvalidateBorderAreas
 .text._insertIntoList
                0x0000000023f12168       0x84 build/default/debug/_ext/1232982741/legato_variableheap.o
 .text._removeFromList
                0x0000000023f121ec       0x38 build/default/debug/_ext/1232982741/legato_variableheap.o
 .text._findPreviousBlock
                0x0000000023f12224       0xa0 build/default/debug/_ext/1232982741/legato_variableheap.o
 .text._findNextBlock
                0x0000000023f122c4       0x74 build/default/debug/_ext/1232982741/legato_variableheap.o
 .text._canSplit
                0x0000000023f12338       0x3c build/default/debug/_ext/1232982741/legato_variableheap.o
 .text._combineFreeBlockNext
                0x0000000023f12374       0x7c build/default/debug/_ext/1232982741/legato_variableheap.o
 .text._growAllocBlock
                0x0000000023f123f0      0x104 build/default/debug/_ext/1232982741/legato_variableheap.o
 .text.leVariableHeap_Init
                0x0000000023f124f4       0x58 build/default/debug/_ext/1232982741/legato_variableheap.o
                0x0000000023f124f4                leVariableHeap_Init
 .text.leVariableHeap_Alloc
                0x0000000023f1254c      0x130 build/default/debug/_ext/1232982741/legato_variableheap.o
                0x0000000023f1254c                leVariableHeap_Alloc
 .text.leVariableHeap_Free
                0x0000000023f1267c       0xd8 build/default/debug/_ext/1232982741/legato_variableheap.o
                0x0000000023f1267c                leVariableHeap_Free
 .text.leVariableHeap_Realloc
                0x0000000023f12754      0x2a0 build/default/debug/_ext/1232982741/legato_variableheap.o
                0x0000000023f12754                leVariableHeap_Realloc
 .text.leVariableHeap_Contains
                0x0000000023f129f4       0x20 build/default/debug/_ext/1232982741/legato_variableheap.o
                0x0000000023f129f4                leVariableHeap_Contains
 .text.leVariableHeap_SizeOf
                0x0000000023f12a14        0x8 build/default/debug/_ext/1232982741/legato_variableheap.o
                0x0000000023f12a14                leVariableHeap_SizeOf
 .text.leVariableHeap_Validate
                0x0000000023f12a1c        0x8 build/default/debug/_ext/1232982741/legato_variableheap.o
                0x0000000023f12a1c                leVariableHeap_Validate
 .text._fixedHeapAlloc
                0x0000000023f12a24       0x60 build/default/debug/_ext/1232982741/legato_memory.o
 .text._findFixedHeapForPointer
                0x0000000023f12a84       0x5c build/default/debug/_ext/1232982741/legato_memory.o
 .text.leMemory_Init
                0x0000000023f12ae0       0xb0 build/default/debug/_ext/1232982741/legato_memory.o
                0x0000000023f12ae0                leMemory_Init
 .text.leMalloc
                0x0000000023f12b90       0x28 build/default/debug/_ext/1232982741/legato_memory.o
                0x0000000023f12b90                leMalloc
 .text.leFree   0x0000000023f12bb8       0x6c build/default/debug/_ext/1232982741/legato_memory.o
                0x0000000023f12bb8                leFree
 .text.leRealloc
                0x0000000023f12c24      0x25c build/default/debug/_ext/1232982741/legato_memory.o
                0x0000000023f12c24                leRealloc
 .text.SYS_TIME_GetTimerObject
                0x0000000023f12e80       0x70 build/default/debug/_ext/101884895/sys_time.o
 .text.SYS_TIME_HwTimerCompareUpdate
                0x0000000023f12ef0       0xfc build/default/debug/_ext/101884895/sys_time.o
 .text.SYS_TIME_RemoveFromList
                0x0000000023f12fec       0x94 build/default/debug/_ext/101884895/sys_time.o
 .text.SYS_TIME_AddToList
                0x0000000023f13080       0xe0 build/default/debug/_ext/101884895/sys_time.o
 .text.SYS_TIME_UpdateTimerList
                0x0000000023f13160       0x74 build/default/debug/_ext/101884895/sys_time.o
 .text.SYS_TIME_ResourceLock
                0x0000000023f131d4       0x58 build/default/debug/_ext/101884895/sys_time.o
 .text.SYS_TIME_ResourceUnlock
                0x0000000023f1322c       0x2c build/default/debug/_ext/101884895/sys_time.o
 .text.SYS_TIME_TimerObjectCreate
                0x0000000023f13258      0x12c build/default/debug/_ext/101884895/sys_time.o
 .text.SYS_TIME_TimerAdd
                0x0000000023f13384       0x74 build/default/debug/_ext/101884895/sys_time.o
 .text.SYS_TIME_Initialize
                0x0000000023f133f8      0x154 build/default/debug/_ext/101884895/sys_time.o
                0x0000000023f133f8                SYS_TIME_Initialize
 .text.SYS_TIME_TimerDestroy
                0x0000000023f1354c       0x6c build/default/debug/_ext/101884895/sys_time.o
                0x0000000023f1354c                SYS_TIME_TimerDestroy
 .text.SYS_TIME_PLIBCallback
                0x0000000023f135b8      0x174 build/default/debug/_ext/101884895/sys_time.o
 .text.SYS_TIME_TimerStart
                0x0000000023f1372c       0x94 build/default/debug/_ext/101884895/sys_time.o
                0x0000000023f1372c                SYS_TIME_TimerStart
 .text.SYS_TIME_TimerStop
                0x0000000023f137c0       0x6c build/default/debug/_ext/101884895/sys_time.o
                0x0000000023f137c0                SYS_TIME_TimerStop
 .text.SYS_TIME_CallbackRegisterMS
                0x0000000023f1382c       0x9c build/default/debug/_ext/101884895/sys_time.o
                0x0000000023f1382c                SYS_TIME_CallbackRegisterMS
 .text._supportsImage
                0x0000000023f138c8       0x28 build/default/debug/_ext/1395618758/legato_imagedecoder_jpeg.o
 .text.internalMemoryRead
                0x0000000023f138f0       0x48 build/default/debug/_ext/1395618758/legato_imagedecoder_jpeg.o
 .text.exec     0x0000000023f13938        0x8 build/default/debug/_ext/1395618758/legato_imagedecoder_jpeg.o
 .text._render  0x0000000023f13940      0x1f8 build/default/debug/_ext/1395618758/legato_imagedecoder_jpeg.o
 .text._draw    0x0000000023f13b38      0x208 build/default/debug/_ext/1395618758/legato_imagedecoder_jpeg.o
 .text.blitToImage
                0x0000000023f13d40       0xa4 build/default/debug/_ext/1395618758/legato_imagedecoder_jpeg.o
 .text.blitToFrameBuffer
                0x0000000023f13de4       0x98 build/default/debug/_ext/1395618758/legato_imagedecoder_jpeg.o
 .text._leJPEGImageDecoder_Init
                0x0000000023f13e7c       0x5c build/default/debug/_ext/1395618758/legato_imagedecoder_jpeg.o
                0x0000000023f13e7c                _leJPEGImageDecoder_Init
 .text._MonoFill
                0x0000000023f13ed8       0x64 build/default/debug/_ext/656756333/legato_draw.o
 .text._MonoPutPixel
                0x0000000023f13f3c       0x30 build/default/debug/_ext/656756333/legato_draw.o
 .text._RGBPutPixel