Archive member included to satisfy reference by file (symbol)

c:/program files/microchip/xc32/v4.21/bin/bin/../../lib/gcc/pic32c/8.3.1/../../../../pic32c/lib/arm/v5te/nofp\libpic32c.a(data_init_0_1.o)
                              (__copy_needed)
c:/program files/microchip/xc32/v4.21/bin/bin/../../lib/gcc/pic32c/8.3.1/arm/v5te/nofp\libgcc.a(_udivsi3.o)
                              build/dsi_xlcdc_9x75curiosity_wsRnd/debug/_ext/271857333/gfx_canvas.o (__aeabi_uidiv)
c:/program files/microchip/xc32/v4.21/bin/bin/../../lib/gcc/pic32c/8.3.1/arm/v5te/nofp\libgcc.a(_divsi3.o)
                              build/dsi_xlcdc_9x75curiosity_wsRnd/debug/_ext/723909967/legato_math.o (__aeabi_idiv)
c:/program files/microchip/xc32/v4.21/bin/bin/../../lib/gcc/pic32c/8.3.1/arm/v5te/nofp\libgcc.a(_dvmd_tls.o)
                              c:/program files/microchip/xc32/v4.21/bin/bin/../../lib/gcc/pic32c/8.3.1/arm/v5te/nofp\libgcc.a(_udivsi3.o) (__aeabi_idiv0)
c:/program files/microchip/xc32/v4.21/bin/bin/../../lib/gcc/pic32c/8.3.1/arm/v5te/nofp\libgcc.a(_arm_addsubdf3.o)
                              build/dsi_xlcdc_9x75curiosity_wsRnd/debug/_ext/1360937237/app.o (__aeabi_dsub)
c:/program files/microchip/xc32/v4.21/bin/bin/../../lib/gcc/pic32c/8.3.1/arm/v5te/nofp\libgcc.a(_arm_muldivdf3.o)
                              build/dsi_xlcdc_9x75curiosity_wsRnd/debug/_ext/1360937237/app.o (__aeabi_dmul)
c:/program files/microchip/xc32/v4.21/bin/bin/../../lib/gcc/pic32c/8.3.1/arm/v5te/nofp\libgcc.a(_arm_cmpdf2.o)
                              build/dsi_xlcdc_9x75curiosity_wsRnd/debug/_ext/1360937237/app.o (__aeabi_dcmpgt)
c:/program files/microchip/xc32/v4.21/bin/bin/../../lib/gcc/pic32c/8.3.1/arm/v5te/nofp\libgcc.a(_arm_fixdfsi.o)
                              build/dsi_xlcdc_9x75curiosity_wsRnd/debug/_ext/1360937237/app.o (__aeabi_d2iz)
c:/program files/microchip/xc32/v4.21/bin/bin/../../lib/gcc/pic32c/8.3.1/arm/v5te/nofp\libgcc.a(_arm_truncdfsf2.o)
                              build/dsi_xlcdc_9x75curiosity_wsRnd/debug/_ext/1360937237/app.o (__aeabi_d2f)
c:/program files/microchip/xc32/v4.21/bin/bin/../../lib/gcc/pic32c/8.3.1/arm/v5te/nofp\libgcc.a(_arm_addsubsf3.o)
                              build/dsi_xlcdc_9x75curiosity_wsRnd/debug/_ext/723909967/legato_math.o (__aeabi_fsub)
c:/program files/microchip/xc32/v4.21/bin/bin/../../lib/gcc/pic32c/8.3.1/arm/v5te/nofp\libgcc.a(_arm_muldivsf3.o)
                              build/dsi_xlcdc_9x75curiosity_wsRnd/debug/_ext/958628613/ws_touch_display.o (__aeabi_fmul)
c:/program files/microchip/xc32/v4.21/bin/bin/../../lib/gcc/pic32c/8.3.1/arm/v5te/nofp\libgcc.a(_arm_cmpsf2.o)
                              build/dsi_xlcdc_9x75curiosity_wsRnd/debug/_ext/723909967/legato_math.o (__aeabi_fcmplt)
c:/program files/microchip/xc32/v4.21/bin/bin/../../lib/gcc/pic32c/8.3.1/arm/v5te/nofp\libgcc.a(_arm_fixsfsi.o)
                              build/dsi_xlcdc_9x75curiosity_wsRnd/debug/_ext/316037509/gfx_driver.o (__aeabi_f2iz)
c:/program files/microchip/xc32/v4.21/bin/bin/../../lib/gcc/pic32c/8.3.1/arm/v5te/nofp\libgcc.a(_arm_fixunssfsi.o)
                              build/dsi_xlcdc_9x75curiosity_wsRnd/debug/_ext/958628613/ws_touch_display.o (__aeabi_f2uiz)
c:/program files/microchip/xc32/v4.21/bin/bin/../../lib/gcc/pic32c/8.3.1/arm/v5te/nofp\libgcc.a(_aeabi_uldivmod.o)
                              build/dsi_xlcdc_9x75curiosity_wsRnd/debug/_ext/1574418981/sys_time.o (__aeabi_uldivmod)
c:/program files/microchip/xc32/v4.21/bin/bin/../../lib/gcc/pic32c/8.3.1/arm/v5te/nofp\libgcc.a(_udivmoddi4.o)
                              c:/program files/microchip/xc32/v4.21/bin/bin/../../lib/gcc/pic32c/8.3.1/arm/v5te/nofp\libgcc.a(_aeabi_uldivmod.o) (__udivmoddi4)
c:/program files/microchip/xc32/v4.21/bin/bin/../../lib/gcc/pic32c/8.3.1/../../../../pic32c/lib/arm/v5te/nofp\libm-musl.a(asin.o)
                              build/dsi_xlcdc_9x75curiosity_wsRnd/debug/_ext/1360937237/app.o (asin)
c:/program files/microchip/xc32/v4.21/bin/bin/../../lib/gcc/pic32c/8.3.1/../../../../pic32c/lib/arm/v5te/nofp\libm-musl.a(atan.o)
                              build/dsi_xlcdc_9x75curiosity_wsRnd/debug/_ext/723909967/legato_math.o (atan)
c:/program files/microchip/xc32/v4.21/bin/bin/../../lib/gcc/pic32c/8.3.1/../../../../pic32c/lib/arm/v5te/nofp\libm-musl.a(atan2f.o)
                              build/dsi_xlcdc_9x75curiosity_wsRnd/debug/_ext/1173611641/legato_widget_circular_slider.o (atan2f)
c:/program files/microchip/xc32/v4.21/bin/bin/../../lib/gcc/pic32c/8.3.1/../../../../pic32c/lib/arm/v5te/nofp\libm-musl.a(atanf.o)
                              c:/program files/microchip/xc32/v4.21/bin/bin/../../lib/gcc/pic32c/8.3.1/../../../../pic32c/lib/arm/v5te/nofp\libm-musl.a(atan2f.o) (atanf)
c:/program files/microchip/xc32/v4.21/bin/bin/../../lib/gcc/pic32c/8.3.1/../../../../pic32c/lib/arm/v5te/nofp\libm-musl.a(cos.o)
                              build/dsi_xlcdc_9x75curiosity_wsRnd/debug/_ext/1360937237/app.o (cos)
[...]
Memory Configuration

Name             Origin             Length             Attributes
sram             0x00300000         0x00010000         xw
ram              0x21000000         0x0f000000         xwl !r
ram_nocache      0x20000000         0x01000000         !xrw
rom              0x00000000         0x00000000         xrl
*default*        0x00000000         0xffffffff

Linker script and memory map

LOAD c:/program files/microchip/xc32/v4.21/bin/bin/../../lib/gcc/pic32c/8.3.1/arm/v5te/nofp/crti.o
LOAD c:/program files/microchip/xc32/v4.21/bin/bin/../../lib/gcc/pic32c/8.3.1/arm/v5te/nofp/crtbegin.o
LOAD build/dsi_xlcdc_9x75curiosity_wsRnd/debug/_ext/1773451919/drv_i2c.o
LOAD build/dsi_xlcdc_9x75curiosity_wsRnd/debug/_ext/271857333/gfx_canvas.o
LOAD build/dsi_xlcdc_9x75curiosity_wsRnd/debug/_ext/271857333/gfx_canvas_api.o
LOAD build/dsi_xlcdc_9x75curiosity_wsRnd/debug/_ext/958628613/ws_touch_display.o
LOAD build/dsi_xlcdc_9x75curiosity_wsRnd/debug/_ext/1434444644/drv_gfx2d.o
LOAD build/dsi_xlcdc_9x75curiosity_wsRnd/debug/_ext/1599154878/plib_dsi.o
LOAD build/dsi_xlcdc_9x75curiosity_wsRnd/debug/_ext/1506368571/drv_gfx_xlcdc.o
LOAD build/dsi_xlcdc_9x75curiosity_wsRnd/debug/_ext/316037509/gfx_driver.o
LOAD build/dsi_xlcdc_9x75curiosity_wsRnd/debug/_ext/1147980831/plib_xlcdc.o
LOAD build/dsi_xlcdc_9x75curiosity_wsRnd/debug/_ext/723909967/legato_color_lerp.o
LOAD build/dsi_xlcdc_9x75curiosity_wsRnd/debug/_ext/723909967/legato_color_convert.o
LOAD build/dsi_xlcdc_9x75curiosity_wsRnd/debug/_ext/723909967/legato_color.o
LOAD build/dsi_xlcdc_9x75curiosity_wsRnd/debug/_ext/723909967/legato_color_value.o
LOAD build/dsi_xlcdc_9x75curiosity_wsRnd/debug/_ext/723909967/legato_math.o
LOAD build/dsi_xlcdc_9x75curiosity_wsRnd/debug/_ext/723909967/legato_rect.o
LOAD build/dsi_xlcdc_9x75curiosity_wsRnd/debug/_ext/723909967/legato_color_blend.o
LOAD build/dsi_xlcdc_9x75curiosity_wsRnd/debug/_ext/723909967/legato_pixelbuffer.o
LOAD build/dsi_xlcdc_9x75curiosity_wsRnd/debug/_ext/723909967/legato_error.o
LOAD build/dsi_xlcdc_9x75curiosity_wsRnd/debug/_ext/723909967/legato_utils.o
LOAD build/dsi_xlcdc_9x75curiosity_wsRnd/debug/_ext/1380250621/legato_state.o
LOAD build/dsi_xlcdc_9x75curiosity_wsRnd/debug/_ext/1380250621/legato_stream.o
LOAD build/dsi_xlcdc_9x75curiosity_wsRnd/debug/_ext/1380250621/legato_scheme.o
LOAD build/dsi_xlcdc_9x75curiosity_wsRnd/debug/_ext/1380250621/legato_event.o
LOAD build/dsi_xlcdc_9x75curiosity_wsRnd/debug/_ext/1380250621/legato_input.o
LOAD build/dsi_xlcdc_9x75curiosity_wsRnd/debug/_ext/958688987/legato_rectarray.o
LOAD build/dsi_xlcdc_9x75curiosity_wsRnd/debug/_ext/958688987/legato_array.o
LOAD build/dsi_xlcdc_9x75curiosity_wsRnd/debug/_ext/958688987/legato_list.o
LOAD build/dsi_xlcdc_9x75curiosity_wsRnd/debug/_ext/1380161357/legato_rasterfont_stream.o
LOAD build/dsi_xlcdc_9x75curiosity_wsRnd/debug/_ext/1380161357/legato_rasterfont_liberationmono1.o
LOAD build/dsi_xlcdc_9x75curiosity_wsRnd/debug/_ext/1380161357/legato_font.o
LOAD build/dsi_xlcdc_9x75curiosity_wsRnd/debug/_ext/1380161357/legato_rasterfont_liberationmono8.o
LOAD build/dsi_xlcdc_9x75curiosity_wsRnd/debug/_ext/596087859/le_gen_fonts.o
LOAD build/dsi_xlcdc_9x75curiosity_wsRnd/debug/_ext/1301552631/le_gen_images.o
LOAD build/dsi_xlcdc_9x75curiosity_wsRnd/debug/_ext/1970986832/le_gen_screen_Screen0.o
LOAD build/dsi_xlcdc_9x75curiosity_wsRnd/debug/_ext/1551082581/le_gen_globalpalette.o
LOAD build/dsi_xlcdc_9x75curiosity_wsRnd/debug/_ext/1551082581/le_gen_init.o
LOAD build/dsi_xlcdc_9x75curiosity_wsRnd/debug/_ext/1551082581/le_gen_stringtable.o
LOAD build/dsi_xlcdc_9x75curiosity_wsRnd/debug/_ext/1551082581/le_gen_harmony.o
LOAD build/dsi_xlcdc_9x75curiosity_wsRnd/debug/_ext/1551082581/le_gen_scheme.o
LOAD build/dsi_xlcdc_9x75curiosity_wsRnd/debug/_ext/1662953984/legato_imagedecoder_jpeg_common.o
LOAD build/dsi_xlcdc_9x75curiosity_wsRnd/debug/_ext/1662953984/jidctint.o
LOAD build/dsi_xlcdc_9x75curiosity_wsRnd/debug/_ext/1662953984/legato_imagedecoder_jpeg.o
LOAD build/dsi_xlcdc_9x75curiosity_wsRnd/debug/_ext/1663042683/legato_imagedecoder_mono_read_internal.o
LOAD build/dsi_xlcdc_9x75curiosity_wsRnd/debug/_ext/1663042683/legato_imagedecoder_mono.o
LOAD build/dsi_xlcdc_9x75curiosity_wsRnd/debug/_ext/1663042683/legato_imagedecoder_mono_read_stream.o
LOAD build/dsi_xlcdc_9x75curiosity_wsRnd/debug/_ext/1577670033/legato_imagedecoder_png.o
LOAD build/dsi_xlcdc_9x75curiosity_wsRnd/debug/_ext/1577670033/lodepng.o
LOAD build/dsi_xlcdc_9x75curiosity_wsRnd/debug/_ext/1577671568/legato_imagedecoder_raw_palette_stream.o
LOAD build/dsi_xlcdc_9x75curiosity_wsRnd/debug/_ext/1577671568/legato_imagedecoder_raw_read_stream_rleindex.o
LOAD build/dsi_xlcdc_9x75curiosity_wsRnd/debug/_ext/1577671568/legato_imagedecoder_raw_mask.o
LOAD build/dsi_xlcdc_9x75curiosity_wsRnd/debug/_ext/1577671568/legato_imagedecoder_raw_read_stream_color.o
LOAD build/dsi_xlcdc_9x75curiosity_wsRnd/debug/_ext/1577671568/legato_imagedecoder_raw_setup.o
LOAD build/dsi_xlcdc_9x75curiosity_wsRnd/debug/_ext/1577671568/legato_imagedecoder_raw_convert.o
LOAD build/dsi_xlcdc_9x75curiosity_wsRnd/debug/_ext/1577671568/legato_imagedecoder_raw_blend.o
LOAD build/dsi_xlcdc_9x75curiosity_wsRnd/debug/_ext/1577671568/legato_imagedecoder_raw.o
LOAD build/dsi_xlcdc_9x75curiosity_wsRnd/debug/_ext/1577671568/legato_imagedecoder_raw_read_stream_rlecolor.o
LOAD build/dsi_xlcdc_9x75curiosity_wsRnd/debug/_ext/1577671568/legato_imagedecoder_raw_read_internal.o
LOAD build/dsi_xlcdc_9x75curiosity_wsRnd/debug/_ext/1577671568/legato_imagedecoder_raw_rotate.o
LOAD build/dsi_xlcdc_9x75curiosity_wsRnd/debug/_ext/1577671568/legato_imagedecoder_raw_write.o
LOAD build/dsi_xlcdc_9x75curiosity_wsRnd/debug/_ext/1577671568/legato_imagedecoder_raw_palette_internal.o
LOAD build/dsi_xlcdc_9x75curiosity_wsRnd/debug/_ext/1577671568/legato_imagedecoder_raw_read_stream_index.o
LOAD build/dsi_xlcdc_9x75curiosity_wsRnd/debug/_ext/1577671568/legato_imagedecoder_raw_scale.o
LOAD build/dsi_xlcdc_9x75curiosity_wsRnd/debug/_ext/167369079/legato_image.o
LOAD build/dsi_xlcdc_9x75curiosity_wsRnd/debug/_ext/167369079/legato_palette.o
LOAD build/dsi_xlcdc_9x75curiosity_wsRnd/debug/_ext/167369079/legato_image_utils.o
LOAD build/dsi_xlcdc_9x75curiosity_wsRnd/debug/_ext/1000968293/legato_variableheap.o
LOAD build/dsi_xlcdc_9x75curiosity_wsRnd/debug/_ext/1000968293/legato_fixedheap.o
LOAD build/dsi_xlcdc_9x75curiosity_wsRnd/debug/_ext/1000968293/legato_memory.o
LOAD build/dsi_xlcdc_9x75curiosity_wsRnd/debug/_ext/52007/legato_gpu.o
LOAD build/dsi_xlcdc_9x75curiosity_wsRnd/debug/_ext/52007/legato_draw_line.o
LOAD build/dsi_xlcdc_9x75curiosity_wsRnd/debug/_ext/52007/legato_draw_rect.o
LOAD build/dsi_xlcdc_9x75curiosity_wsRnd/debug/_ext/52007/legato_draw_arc.o
LOAD build/dsi_xlcdc_9x75curiosity_wsRnd/debug/_ext/52007/legato_draw.o
LOAD build/dsi_xlcdc_9x75curiosity_wsRnd/debug/_ext/52007/legato_renderer.o
LOAD build/dsi_xlcdc_9x75curiosity_wsRnd/debug/_ext/1186739061/legato_fixedstring.o
LOAD build/dsi_xlcdc_9x75curiosity_wsRnd/debug/_ext/1186739061/legato_string_renderer.o
LOAD build/dsi_xlcdc_9x75curiosity_wsRnd/debug/_ext/1186739061/legato_stringutils.o
LOAD build/dsi_xlcdc_9x75curiosity_wsRnd/debug/_ext/1186739061/legato_string_renderer_stream.o
LOAD build/dsi_xlcdc_9x75curiosity_wsRnd/debug/_ext/1186739061/legato_tablestring.o
LOAD build/dsi_xlcdc_9x75curiosity_wsRnd/debug/_ext/1186739061/legato_string.o
LOAD build/dsi_xlcdc_9x75curiosity_wsRnd/debug/_ext/1186739061/legato_dynamicstring.o
LOAD build/dsi_xlcdc_9x75curiosity_wsRnd/debug/_ext/1186739061/legato_stringtable.o
LOAD build/dsi_xlcdc_9x75curiosity_wsRnd/debug/_ext/1452936853/legato_widget_arc_skin_classic.o
LOAD build/dsi_xlcdc_9x75curiosity_wsRnd/debug/_ext/1452936853/legato_widget_arc.o
LOAD build/dsi_xlcdc_9x75curiosity_wsRnd/debug/_ext/1750067618/legato_widget_bar_graph_skin_classic.o
LOAD build/dsi_xlcdc_9x75curiosity_wsRnd/debug/_ext/1750067618/legato_widget_bar_graph.o
LOAD build/dsi_xlcdc_9x75curiosity_wsRnd/debug/_ext/270642553/legato_widget_button_skin_classic.o
LOAD build/dsi_xlcdc_9x75curiosity_wsRnd/debug/_ext/270642553/legato_widget_button.o
LOAD build/dsi_xlcdc_9x75curiosity_wsRnd/debug/_ext/739388490/legato_widget_checkbox_skin_classic.o
LOAD build/dsi_xlcdc_9x75curiosity_wsRnd/debug/_ext/739388490/legato_widget_checkbox.o
LOAD build/dsi_xlcdc_9x75curiosity_wsRnd/debug/_ext/288113431/legato_widget_circle_skin_classic.o
LOAD build/dsi_xlcdc_9x75curiosity_wsRnd/debug/_ext/288113431/legato_widget_circle.o
LOAD build/dsi_xlcdc_9x75curiosity_wsRnd/debug/_ext/1434730093/legato_widget_circular_gauge.o
LOAD build/dsi_xlcdc_9x75curiosity_wsRnd/debug/_ext/1434730093/legato_widget_circular_gauge_skin_classic.o
LOAD build/dsi_xlcdc_9x75curiosity_wsRnd/debug/_ext/1173611641/legato_widget_circular_slider_skin_classic.o
LOAD build/dsi_xlcdc_9x75curiosity_wsRnd/debug/_ext/1173611641/legato_widget_circular_slider.o
LOAD build/dsi_xlcdc_9x75curiosity_wsRnd/debug/_ext/1255823618/legato_widget_drawsurface.o
LOAD build/dsi_xlcdc_9x75curiosity_wsRnd/debug/_ext/1255823618/legato_widget_drawsurface_skin_classic.o
LOAD build/dsi_xlcdc_9x75curiosity_wsRnd/debug/_ext/707852361/legato_widget_gradient_skin_classic.o
LOAD build/dsi_xlcdc_9x75curiosity_wsRnd/debug/_ext/707852361/legato_widget_gradient.o
LOAD build/dsi_xlcdc_9x75curiosity_wsRnd/debug/_ext/291138701/legato_widget_groupbox.o
LOAD build/dsi_xlcdc_9x75curiosity_wsRnd/debug/_ext/291138701/legato_widget_groupbox_skin_classic.o
LOAD build/dsi_xlcdc_9x75curiosity_wsRnd/debug/_ext/400703948/legato_widget_image_skin_classic.o
LOAD build/dsi_xlcdc_9x75curiosity_wsRnd/debug/_ext/400703948/legato_widget_image.o
LOAD build/dsi_xlcdc_9x75curiosity_wsRnd/debug/_ext/100017295/legato_widget_imagerotate_skin_classic.o
LOAD build/dsi_xlcdc_9x75curiosity_wsRnd/debug/_ext/100017295/legato_widget_imagerotate.o
LOAD build/dsi_xlcdc_9x75curiosity_wsRnd/debug/_ext/973605782/legato_widget_imagescale.o
LOAD build/dsi_xlcdc_9x75curiosity_wsRnd/debug/_ext/973605782/legato_widget_imagescale_skin_classic.o
LOAD build/dsi_xlcdc_9x75curiosity_wsRnd/debug/_ext/1277771275/legato_widget_imagesequence_skin_classic.o
LOAD build/dsi_xlcdc_9x75curiosity_wsRnd/debug/_ext/1277771275/legato_widget_imagesequence.o
LOAD build/dsi_xlcdc_9x75curiosity_wsRnd/debug/_ext/513673243/legato_widget_keypad.o
LOAD build/dsi_xlcdc_9x75curiosity_wsRnd/debug/_ext/513673243/legato_widget_keypad_skin_classic.o
LOAD build/dsi_xlcdc_9x75curiosity_wsRnd/debug/_ext/398289971/legato_widget_label_skin_classic.o
LOAD build/dsi_xlcdc_9x75curiosity_wsRnd/debug/_ext/398289971/legato_widget_label.o
LOAD build/dsi_xlcdc_9x75curiosity_wsRnd/debug/_ext/2091049989/legato_widget_line.o
LOAD build/dsi_xlcdc_9x75curiosity_wsRnd/debug/_ext/2091049989/legato_widget_line_skin_classic.o
LOAD build/dsi_xlcdc_9x75curiosity_wsRnd/debug/_ext/741545421/legato_widget_line_graph.o
LOAD build/dsi_xlcdc_9x75curiosity_wsRnd/debug/_ext/741545421/legato_widget_line_graph_skin_classic.o
LOAD build/dsi_xlcdc_9x75curiosity_wsRnd/debug/_ext/2091049819/legato_widget_list.o
LOAD build/dsi_xlcdc_9x75curiosity_wsRnd/debug/_ext/2091049819/legato_widget_list_skin_classic.o
LOAD build/dsi_xlcdc_9x75curiosity_wsRnd/debug/_ext/155075114/legato_widget_listwheel_skin_classic.o
LOAD build/dsi_xlcdc_9x75curiosity_wsRnd/debug/_ext/155075114/legato_widget_listwheel.o
LOAD build/dsi_xlcdc_9x75curiosity_wsRnd/debug/_ext/1486467495/legato_widget_pie_chart_skin_classic.o
LOAD build/dsi_xlcdc_9x75curiosity_wsRnd/debug/_ext/1486467495/legato_widget_pie_chart.o
LOAD build/dsi_xlcdc_9x75curiosity_wsRnd/debug/_ext/1826734881/legato_widget_progressbar.o
LOAD build/dsi_xlcdc_9x75curiosity_wsRnd/debug/_ext/1826734881/legato_widget_progressbar_skin_classic.o
LOAD build/dsi_xlcdc_9x75curiosity_wsRnd/debug/_ext/2007392965/legato_widget_radial_menu.o
LOAD build/dsi_xlcdc_9x75curiosity_wsRnd/debug/_ext/2007392965/legato_widget_radial_menu_skin_classic.o
LOAD build/dsi_xlcdc_9x75curiosity_wsRnd/debug/_ext/2007392965/legato_widget_radial_menu_state.o
LOAD build/dsi_xlcdc_9x75curiosity_wsRnd/debug/_ext/1361338630/legato_widget_radiobutton_skin_classic.o
LOAD build/dsi_xlcdc_9x75curiosity_wsRnd/debug/_ext/1361338630/legato_radiobutton_group.o
LOAD build/dsi_xlcdc_9x75curiosity_wsRnd/debug/_ext/1361338630/legato_widget_radiobutton.o
LOAD build/dsi_xlcdc_9x75curiosity_wsRnd/debug/_ext/2126467640/legato_widget_rectangle.o
LOAD build/dsi_xlcdc_9x75curiosity_wsRnd/debug/_ext/2126467640/legato_widget_rectangle_skin_classic.o
LOAD build/dsi_xlcdc_9x75curiosity_wsRnd/debug/_ext/1464993407/legato_widget_scrollbar_skin_classic.o
LOAD build/dsi_xlcdc_9x75curiosity_wsRnd/debug/_ext/1464993407/legato_widget_scrollbar.o
LOAD build/dsi_xlcdc_9x75curiosity_wsRnd/debug/_ext/748683048/legato_widget_slider.o
LOAD build/dsi_xlcdc_9x75curiosity_wsRnd/debug/_ext/748683048/legato_widget_slider_skin_classic.o
LOAD build/dsi_xlcdc_9x75curiosity_wsRnd/debug/_ext/15765574/legato_widget_textfield.o
LOAD build/dsi_xlcdc_9x75curiosity_wsRnd/debug/_ext/15765574/legato_widget_textfield_skin_classic.o
LOAD build/dsi_xlcdc_9x75curiosity_wsRnd/debug/_ext/1411935402/legato_widget_touchtest.o
LOAD build/dsi_xlcdc_9x75curiosity_wsRnd/debug/_ext/1411935402/legato_widget_touchtest_skin_classic.o
LOAD build/dsi_xlcdc_9x75curiosity_wsRnd/debug/_ext/860578359/legato_widget_window_skin_classic.o
LOAD build/dsi_xlcdc_9x75curiosity_wsRnd/debug/_ext/860578359/legato_widget_window.o
LOAD build/dsi_xlcdc_9x75curiosity_wsRnd/debug/_ext/1290677672/legato_widget_skin_classic.o
LOAD build/dsi_xlcdc_9x75curiosity_wsRnd/debug/_ext/1290677672/legato_widget_skin_classic_common.o
LOAD build/dsi_xlcdc_9x75curiosity_wsRnd/debug/_ext/1290677672/legato_widget.o
LOAD build/dsi_xlcdc_9x75curiosity_wsRnd/debug/_ext/1290677672/legato_editwidget.o
LOAD build/dsi_xlcdc_9x75curiosity_wsRnd/debug/_ext/1675230383/plib_aic.o
LOAD build/dsi_xlcdc_9x75curiosity_wsRnd/debug/_ext/1675232406/plib_clk.o
LOAD build/dsi_xlcdc_9x75curiosity_wsRnd/debug/_ext/392617208/plib_dbgu.o
LOAD build/dsi_xlcdc_9x75curiosity_wsRnd/debug/_ext/780987938/plib_flexcom6_twi_master.o
LOAD build/dsi_xlcdc_9x75curiosity_wsRnd/debug/_ext/710864353/plib_gfx2d.o
LOAD build/dsi_xlcdc_9x75curiosity_wsRnd/debug/_ext/1675242057/plib_mmu.o
LOAD build/dsi_xlcdc_9x75curiosity_wsRnd/debug/_ext/1675244810/plib_pio.o
LOAD build/dsi_xlcdc_9x75curiosity_wsRnd/debug/_ext/1675247078/plib_rtt.o
LOAD build/dsi_xlcdc_9x75curiosity_wsRnd/debug/_ext/1187990562/xc32_monitor.o
LOAD build/dsi_xlcdc_9x75curiosity_wsRnd/debug/_ext/1280375785/sys_cache.o
LOAD build/dsi_xlcdc_9x75curiosity_wsRnd/debug/_ext/1286317105/sys_input.o
LOAD build/dsi_xlcdc_9x75curiosity_wsRnd/debug/_ext/1286317105/sys_input_listener.o
LOAD build/dsi_xlcdc_9x75curiosity_wsRnd/debug/_ext/798231957/sys_int.o
LOAD build/dsi_xlcdc_9x75curiosity_wsRnd/debug/_ext/1574418981/sys_time.o
LOAD build/dsi_xlcdc_9x75curiosity_wsRnd/debug/_ext/1753405848/tasks.o
LOAD build/dsi_xlcdc_9x75curiosity_wsRnd/debug/_ext/1753405848/initialization.o
LOAD build/dsi_xlcdc_9x75curiosity_wsRnd/debug/_ext/1753405848/interrupts.o
LOAD build/dsi_xlcdc_9x75curiosity_wsRnd/debug/_ext/1753405848/cstartup.o
LOAD build/dsi_xlcdc_9x75curiosity_wsRnd/debug/_ext/1753405848/fault_handlers.o
LOAD build/dsi_xlcdc_9x75curiosity_wsRnd/debug/_ext/1360937237/app.o
LOAD build/dsi_xlcdc_9x75curiosity_wsRnd/debug/_ext/1360937237/main.o
                0x00000001                __MPLAB_BUILD = 0x1
                0x00001000                C_STACK_SIZE = 0x1000
                0x00000060                IRQ_STACK_SIZE = 0x60
                0x00000060                FIQ_STACK_SIZE = 0x60
                0x00001000                SVC_STACK_SIZE = 0x1000
                0x00000040                ABT_STACK_SIZE = 0x40
                0x00000040                UND_STACK_SIZE = 0x40

.text           0x23f00000   0x8d32f0
                0x23f00000                . = ALIGN (0x4)
                [!provide]                PROVIDE (_sfixed = .)
 *(.textEntry)
 .textEntry     0x23f00000      0x10c build/dsi_xlcdc_9x75curiosity_wsRnd/debug/_ext/1753405848/cstartup.o
                0x23f00000                entry
 *(.text .text.* .gnu.linkonce.t.*)
 .text          0x23f0010c       0x70 c:/program files/microchip/xc32/v4.21/bin/bin/../../lib/gcc/pic32c/8.3.1/arm/v5te/nofp/crtbegin.o
 .text.lDRV_I2C_DriverHandleValidate
                0x23f0017c       0x6c build/dsi_xlcdc_9x75curiosity_wsRnd/debug/_ext/1773451919/drv_i2c.o
 .text.lDRV_I2C_RemoveTransferObjFromList
                0x23f001e8       0x28 build/dsi_xlcdc_9x75curiosity_wsRnd/debug/_ext/1773451919/drv_i2c.o
 .text.lDRV_I2C_ClientCallback
                0x23f00210       0x80 build/dsi_xlcdc_9x75curiosity_wsRnd/debug/_ext/1773451919/drv_i2c.o
 .text.lDRV_I2C_NextTransferInitiate
                0x23f00290      0x12c build/dsi_xlcdc_9x75curiosity_wsRnd/debug/_ext/1773451919/drv_i2c.o
 .text.lDRV_I2C_ResourceLock
                0x23f003bc       0xdc build/dsi_xlcdc_9x75curiosity_wsRnd/debug/_ext/1773451919/drv_i2c.o
 .text.lDRV_I2C_ResourceUnlock
                0x23f00498       0xbc build/dsi_xlcdc_9x75curiosity_wsRnd/debug/_ext/1773451919/drv_i2c.o
 .text.lDRV_I2C_WriteReadTransferAdd
                0x23f00554      0x360 build/dsi_xlcdc_9x75curiosity_wsRnd/debug/_ext/1773451919/drv_i2c.o
 .text.lDRV_I2C_PLibCallbackHandler
                0x23f008b4       0x84 build/dsi_xlcdc_9x75curiosity_wsRnd/debug/_ext/1773451919/drv_i2c.o
 .text.DRV_I2C_Initialize
                0x23f00938       0xbc build/dsi_xlcdc_9x75curiosity_wsRnd/debug/_ext/1773451919/drv_i2c.o
                0x23f00938                DRV_I2C_Initialize
 .text.DRV_I2C_Open
                0x23f009f4      0x1ac build/dsi_xlcdc_9x75curiosity_wsRnd/debug/_ext/1773451919/drv_i2c.o
                0x23f009f4                DRV_I2C_Open
 .text.DRV_I2C_TransferEventHandlerSet
                0x23f00ba0       0x50 build/dsi_xlcdc_9x75curiosity_wsRnd/debug/_ext/1773451919/drv_i2c.o
                0x23f00ba0                DRV_I2C_TransferEventHandlerSet
 .text.DRV_I2C_ErrorGet
                0x23f00bf0       0x88 build/dsi_xlcdc_9x75curiosity_wsRnd/debug/_ext/1773451919/drv_i2c.o
                0x23f00bf0                DRV_I2C_ErrorGet
 .text.DRV_I2C_WriteTransferAdd
                0x23f00c78       0x30 build/dsi_xlcdc_9x75curiosity_wsRnd/debug/_ext/1773451919/drv_i2c.o
                0x23f00c78                DRV_I2C_WriteTransferAdd
 .text.DRV_I2C_WriteReadTransferAdd
                0x23f00ca8       0x34 build/dsi_xlcdc_9x75curiosity_wsRnd/debug/_ext/1773451919/drv_i2c.o
                0x23f00ca8                DRV_I2C_WriteReadTransferAdd
 .text.effectsTimerCallback
                0x23f00cdc       0x18 build/dsi_xlcdc_9x75curiosity_wsRnd/debug/_ext/271857333/gfx_canvas.o
 .text.GFXC_Update
                0x23f00cf4        0x4 build/dsi_xlcdc_9x75curiosity_wsRnd/debug/_ext/271857333/gfx_canvas.o
 .text.GFX_CANVAS_IOCTL
                0x23f00cf8      0x2b4 build/dsi_xlcdc_9x75curiosity_wsRnd/debug/_ext/271857333/gfx_canvas.o
 .text.GFXC_BlitBuffer
                0x23f00fac       0xf0 build/dsi_xlcdc_9x75curiosity_wsRnd/debug/_ext/271857333/gfx_canvas.o
 .text.GFX_CANVAS_Initialize
                0x23f0109c      0x1ac build/dsi_xlcdc_9x75curiosity_wsRnd/debug/_ext/271857333/gfx_canvas.o
                0x23f0109c                GFX_CANVAS_Initialize
 .text._gfxcCanvasUpdate
                0x23f01248      0x2f8 build/dsi_xlcdc_9x75curiosity_wsRnd/debug/_ext/271857333/gfx_canvas.o
                0x23f01248                _gfxcCanvasUpdate
 .text.GFX_CANVAS_Task
                0x23f01540      0x3f0 build/dsi_xlcdc_9x75curiosity_wsRnd/debug/_ext/271857333/gfx_canvas.o
                0x23f01540                GFX_CANVAS_Task
 .text.gfxcCreate
                0x23f01930       0x78 build/dsi_xlcdc_9x75curiosity_wsRnd/debug/_ext/271857333/gfx_canvas_api.o
                0x23f01930                gfxcCreate
 .text.gfxcSetPixelBuffer
                0x23f019a8       0x78 build/dsi_xlcdc_9x75curiosity_wsRnd/debug/_ext/271857333/gfx_canvas_api.o
                0x23f019a8                gfxcSetPixelBuffer
 .text.gfxcSetLayer
                0x23f01a20       0x50 build/dsi_xlcdc_9x75curiosity_wsRnd/debug/_ext/271857333/gfx_canvas_api.o
                0x23f01a20                gfxcSetLayer
 .text.gfxcSetWindowPosition
                0x23f01a70       0x3c build/dsi_xlcdc_9x75curiosity_wsRnd/debug/_ext/271857333/gfx_canvas_api.o
                0x23f01a70                gfxcSetWindowPosition
 .text.gfxcSetWindowSize
                0x23f01aac       0x3c build/dsi_xlcdc_9x75curiosity_wsRnd/debug/_ext/271857333/gfx_canvas_api.o
                0x23f01aac                gfxcSetWindowSize
 .text.gfxcShowCanvas
                0x23f01ae8       0x2c build/dsi_xlcdc_9x75curiosity_wsRnd/debug/_ext/271857333/gfx_canvas_api.o
                0x23f01ae8                gfxcShowCanvas
 .text.gfxcHideCanvas
                0x23f01b14       0x28 build/dsi_xlcdc_9x75curiosity_wsRnd/debug/_ext/271857333/gfx_canvas_api.o
                0x23f01b14                gfxcHideCanvas
 .text.gfxcCanvasUpdate
                0x23f01b3c       0x20 build/dsi_xlcdc_9x75curiosity_wsRnd/debug/_ext/271857333/gfx_canvas_api.o
                0x23f01b3c                gfxcCanvasUpdate
 .text.DISP_I2CEventHandler
                0x23f01b5c       0x88 build/dsi_xlcdc_9x75curiosity_wsRnd/debug/_ext/958628613/ws_touch_display.o
 .text.DISP_ReadRegisterMultiple
                0x23f01be4       0xa0 build/dsi_xlcdc_9x75curiosity_wsRnd/debug/_ext/958628613/ws_touch_display.o
 .text.DISP_DelayNextState
                0x23f01c84       0x30 build/dsi_xlcdc_9x75curiosity_wsRnd/debug/_ext/958628613/ws_touch_display.o
 .text.DISP_WS_Initialize
                0x23f01cb4       0x30 build/dsi_xlcdc_9x75curiosity_wsRnd/debug/_ext/958628613/ws_touch_display.o
                0x23f01cb4                DISP_WS_Initialize
 .text.DISP_WS_Update
                0x23f01ce4      0x678 build/dsi_xlcdc_9x75curiosity_wsRnd/debug/_ext/958628613/ws_touch_display.o
                0x23f01ce4                DISP_WS_Update
 .text.DRV_GFX2D_Initialize
                0x23f0235c       0x28 build/dsi_xlcdc_9x75curiosity_wsRnd/debug/_ext/1434444644/drv_gfx2d.o
                0x23f0235c                DRV_GFX2D_Initialize
 .text.DRV_GFX2D_Fill
                0x23f02384       0x90 build/dsi_xlcdc_9x75curiosity_wsRnd/debug/_ext/1434444644/drv_gfx2d.o
                0x23f02384                DRV_GFX2D_Fill
 .text.DRV_GFX2D_Blit
                0x23f02414      0x12c build/dsi_xlcdc_9x75curiosity_wsRnd/debug/_ext/1434444644/drv_gfx2d.o
                0x23f02414                DRV_GFX2D_Blit
 .text.DRV_GFX2D_SetBlend
                0x23f02540       0x14 build/dsi_xlcdc_9x75curiosity_wsRnd/debug/_ext/1434444644/drv_gfx2d.o
                0x23f02540                DRV_GFX2D_SetBlend
 .text.DRV_GFX2D_SetGlobalAlpha
                0x23f02554        0x8 build/dsi_xlcdc_9x75curiosity_wsRnd/debug/_ext/1434444644/drv_gfx2d.o
                0x23f02554                DRV_GFX2D_SetGlobalAlpha
 .text.DRV_GFX2D_SetPalette
                0x23f0255c        0x8 build/dsi_xlcdc_9x75curiosity_wsRnd/debug/_ext/1434444644/drv_gfx2d.o
                0x23f0255c                DRV_GFX2D_SetPalette
 .text.DRV_GFX2D_SetTransparency
                0x23f02564        0x8 build/dsi_xlcdc_9x75curiosity_wsRnd/debug/_ext/1434444644/drv_gfx2d.o
                0x23f02564                DRV_GFX2D_SetTransparency
 .text.DSI_DPHY_GeneralControlOperation
                0x23f0256c       0x30 build/dsi_xlcdc_9x75curiosity_wsRnd/debug/_ext/1599154878/plib_dsi.o
 .text.DSI_Initialize
                0x23f0259c      0x108 build/dsi_xlcdc_9x75curiosity_wsRnd/debug/_ext/1599154878/plib_dsi.o
                0x23f0259c                DSI_Initialize
 .text.DSI_VideoMode
                0x23f026a4       0x74 build/dsi_xlcdc_9x75curiosity_wsRnd/debug/_ext/1599154878/plib_dsi.o
                0x23f026a4                DSI_VideoMode
 .text.DRV_XLCDC_Update
                0x23f02718       0x20 build/dsi_xlcdc_9x75curiosity_wsRnd/debug/_ext/1506368571/drv_gfx_xlcdc.o
                0x23f02718                DRV_XLCDC_Update
 .text.DRV_XLCDC_Initialize
                0x23f02738      0x11c build/dsi_xlcdc_9x75curiosity_wsRnd/debug/_ext/1506368571/drv_gfx_xlcdc.o
                0x23f02738                DRV_XLCDC_Initialize
 .text.DRV_XLCDC_BlitBuffer
                0x23f02854       0xd4 build/dsi_xlcdc_9x75curiosity_wsRnd/debug/_ext/1506368571/drv_gfx_xlcdc.o
                0x23f02854                DRV_XLCDC_BlitBuffer
 .text.DRV_XLCDC_IOCTL
                0x23f02928      0x514 build/dsi_xlcdc_9x75curiosity_wsRnd/debug/_ext/1506368571/drv_gfx_xlcdc.o
                0x23f02928                DRV_XLCDC_IOCTL
 .text.gfxPixelBufferCreate
                0x23f02e3c       0xd8 build/dsi_xlcdc_9x75curiosity_wsRnd/debug/_ext/316037509/gfx_driver.o
                0x23f02e3c                gfxPixelBufferCreate
 .text.gfxPixelBufferOffsetGet
                0x23f02f14       0x4c build/dsi_xlcdc_9x75curiosity_wsRnd/debug/_ext/316037509/gfx_driver.o
                0x23f02f14                gfxPixelBufferOffsetGet
 .text.gfxPixelBuffer_IsLocked
                0x23f02f60       0x14 build/dsi_xlcdc_9x75curiosity_wsRnd/debug/_ext/316037509/gfx_driver.o
                0x23f02f60                gfxPixelBuffer_IsLocked
 .text.gfxPixelBuffer_SetLocked
                0x23f02f74       0x2c build/dsi_xlcdc_9x75curiosity_wsRnd/debug/_ext/316037509/gfx_driver.o
                0x23f02f74                gfxPixelBuffer_SetLocked
 .text.XLCDC_EnableClocks
                0x23f02fa0       0x54 build/dsi_xlcdc_9x75curiosity_wsRnd/debug/_ext/1147980831/plib_xlcdc.o
                0x23f02fa0                XLCDC_EnableClocks
 .text.XLCDC_SetupTimingEngine
                0x23f02ff4       0xa8 build/dsi_xlcdc_9x75curiosity_wsRnd/debug/_ext/1147980831/plib_xlcdc.o
                0x23f02ff4                XLCDC_SetupTimingEngine
 .text.XLCDC_SetupBaseLayer
                0x23f0309c       0x5c build/dsi_xlcdc_9x75curiosity_wsRnd/debug/_ext/1147980831/plib_xlcdc.o
                0x23f0309c                XLCDC_SetupBaseLayer
 .text.XLCDC_SetupOVR1Layer
                0x23f030f8       0x78 build/dsi_xlcdc_9x75curiosity_wsRnd/debug/_ext/1147980831/plib_xlcdc.o
                0x23f030f8                XLCDC_SetupOVR1Layer
 .text.XLCDC_SetupOVR2Layer
                0x23f03170       0x78 build/dsi_xlcdc_9x75curiosity_wsRnd/debug/_ext/1147980831/plib_xlcdc.o
                0x23f03170                XLCDC_SetupOVR2Layer
 .text.XLCDC_SetupHEOLayer
                0x23f031e8      0x108 build/dsi_xlcdc_9x75curiosity_wsRnd/debug/_ext/1147980831/plib_xlcdc.o
                0x23f031e8                XLCDC_SetupHEOLayer
 .text.XLCDC_UpdateLayerAttributes
                0x23f032f0       0xc8 build/dsi_xlcdc_9x75curiosity_wsRnd/debug/_ext/1147980831/plib_xlcdc.o
                0x23f032f0                XLCDC_UpdateLayerAttributes
 .text.XLCDC_SetLayerEnable
                0x23f033b8       0x74 build/dsi_xlcdc_9x75curiosity_wsRnd/debug/_ext/1147980831/plib_xlcdc.o
                0x23f033b8                XLCDC_SetLayerEnable
 .text.XLCDC_SetLayerOpts
                0x23f0342c       0x98 build/dsi_xlcdc_9x75curiosity_wsRnd/debug/_ext/1147980831/plib_xlcdc.o
                0x23f0342c                XLCDC_SetLayerOpts
 .text.XLCDC_SetLayerWindowXYPos
                0x23f034c4       0x9c build/dsi_xlcdc_9x75curiosity_wsRnd/debug/_ext/1147980831/plib_xlcdc.o
                0x23f034c4                XLCDC_SetLayerWindowXYPos
 .text.XLCDC_SetLayerWindowXYSize
                0x23f03560       0xc8 build/dsi_xlcdc_9x75curiosity_wsRnd/debug/_ext/1147980831/plib_xlcdc.o
                0x23f03560                XLCDC_SetLayerWindowXYSize
 .text.XLCDC_SetLayerXStride
                0x23f03628       0x74 build/dsi_xlcdc_9x75curiosity_wsRnd/debug/_ext/1147980831/plib_xlcdc.o
                0x23f03628                XLCDC_SetLayerXStride
 .text.XLCDC_SetLayerAddress
                0x23f0369c       0x74 build/dsi_xlcdc_9x75curiosity_wsRnd/debug/_ext/1147980831/plib_xlcdc.o
                0x23f0369c                XLCDC_SetLayerAddress
 .text.XLCDC_Stop
                0x23f03710       0xb8 build/dsi_xlcdc_9x75curiosity_wsRnd/debug/_ext/1147980831/plib_xlcdc.o
                0x23f03710                XLCDC_Stop
 .text.XLCDC_Start
                0x23f037c8       0xb8 build/dsi_xlcdc_9x75curiosity_wsRnd/debug/_ext/1147980831/plib_xlcdc.o
                0x23f037c8                XLCDC_Start
 .text.XLCDC_Initialize
                0x23f03880       0x24 build/dsi_xlcdc_9x75curiosity_wsRnd/debug/_ext/1147980831/plib_xlcdc.o
                0x23f03880                XLCDC_Initialize
 .text.lerp_argb8888
                0x23f038a4       0x78 build/dsi_xlcdc_9x75curiosity_wsRnd/debug/_ext/723909967/legato_color_lerp.o
 .text.lerp_rgba8888
                0x23f0391c       0x78 build/dsi_xlcdc_9x75curiosity_wsRnd/debug/_ext/723909967/legato_color_lerp.o
 .text.lerp_rgb888
                0x23f03994       0x60 build/dsi_xlcdc_9x75curiosity_wsRnd/debug/_ext/723909967/legato_color_lerp.o
 .text.lerp_rgba5551
                0x23f039f4       0x74 build/dsi_xlcdc_9x75curiosity_wsRnd/debug/_ext/723909967/legato_color_lerp.o
 .text.lerp_rgb565
                0x23f03a68       0x60 build/dsi_xlcdc_9x75curiosity_wsRnd/debug/_ext/723909967/legato_color_lerp.o
 .text.lerp_rgb332
                0x23f03ac8       0x60 build/dsi_xlcdc_9x75curiosity_wsRnd/debug/_ext/723909967/legato_color_lerp.o
 .text.lerp_gs8
                0x23f03b28        0xc build/dsi_xlcdc_9x75curiosity_wsRnd/debug/_ext/723909967/legato_color_lerp.o
 .text.leColorLerp
                0x23f03b34       0x40 build/dsi_xlcdc_9x75curiosity_wsRnd/debug/_ext/723909967/legato_color_lerp.o
                0x23f03b34                leColorLerp
 .text.leColorBilerp
                0x23f03b74       0x5c build/dsi_xlcdc_9x75curiosity_wsRnd/debug/_ext/723909967/legato_color_lerp.o
                0x23f03b74                leColorBilerp
 .text.no_conv  0x23f03bd0        0x4 build/dsi_xlcdc_9x75curiosity_wsRnd/debug/_ext/723909967/legato_color_convert.o
 .text.gs8_rgb332
                0x23f03bd4       0x10 build/dsi_xlcdc_9x75curiosity_wsRnd/debug/_ext/723909967/legato_color_convert.o
 .text.gs8_rgb565
                0x23f03be4       0x20 build/dsi_xlcdc_9x75curiosity_wsRnd/debug/_ext/723909967/legato_color_convert.o
 .text.gs8_rgba5551
                0x23f03c04       0x28 build/dsi_xlcdc_9x75curiosity_wsRnd/debug/_ext/723909967/legato_color_convert.o
 .text.gs8_rgb888
                0x23f03c2c       0x10 build/dsi_xlcdc_9x75curiosity_wsRnd/debug/_ext/723909967/legato_color_convert.o
 .text.gs8_rgba8888
                0x23f03c3c       0x14 build/dsi_xlcdc_9x75curiosity_wsRnd/debug/_ext/723909967/legato_color_convert.o
 .text.gs8_argb8888
                0x23f03c50       0x14 build/dsi_xlcdc_9x75curiosity_wsRnd/debug/_ext/723909967/legato_color_convert.o
 .text.gs8_mono
                0x23f03c64       0x10 build/dsi_xlcdc_9x75curiosity_wsRnd/debug/_ext/723909967/legato_color_convert.o
 .text.rgb332_rgb565
                0x23f03c74       0x2c build/dsi_xlcdc_9x75curiosity_wsRnd/debug/_ext/723909967/legato_color_convert.o
 .text.rgb332_rgba5551
                0x23f03ca0       0x2c build/dsi_xlcdc_9x75curiosity_wsRnd/debug/_ext/723909967/legato_color_convert.o
 .text.rgb332_rgb888
                0x23f03ccc       0x30 build/dsi_xlcdc_9x75curiosity_wsRnd/debug/_ext/723909967/legato_color_convert.o
 .text.rgb332_rgba8888
                0x23f03cfc       0x2c build/dsi_xlcdc_9x75curiosity_wsRnd/debug/_ext/723909967/legato_color_convert.o
 .text.rgb332_argb8888
                0x23f03d28       0x30 build/dsi_xlcdc_9x75curiosity_wsRnd/debug/_ext/723909967/legato_color_convert.o
 .text.rgb565_rgb332
                0x23f03d58       0x20 build/dsi_xlcdc_9x75curiosity_wsRnd/debug/_ext/723909967/legato_color_convert.o
 .text.rgb565_rgba5551
                0x23f03d78       0x20 build/dsi_xlcdc_9x75curiosity_wsRnd/debug/_ext/723909967/legato_color_convert.o
 .text.rgb565_rgb888
                0x23f03d98       0x24 build/dsi_xlcdc_9x75curiosity_wsRnd/debug/_ext/723909967/legato_color_convert.o
 .text.rgb565_rgba8888
                0x23f03dbc       0x24 build/dsi_xlcdc_9x75curiosity_wsRnd/debug/_ext/723909967/legato_color_convert.o
 .text.rgb565_argb8888
                0x23f03de0       0x28 build/dsi_xlcdc_9x75curiosity_wsRnd/debug/_ext/723909967/legato_color_convert.o
 .text.rgba5551_gs8
                0x23f03e08        0x4 build/dsi_xlcdc_9x75curiosity_wsRnd/debug/_ext/723909967/legato_color_convert.o
 .text.rgba5551_rgb332
                0x23f03e0c       0x20 build/dsi_xlcdc_9x75curiosity_wsRnd/debug/_ext/723909967/legato_color_convert.o
 .text.rgba5551_rgb565
                0x23f03e2c       0x1c build/dsi_xlcdc_9x75curiosity_wsRnd/debug/_ext/723909967/legato_color_convert.o
 .text.rgba5551_rgb888
                0x23f03e48       0x30 build/dsi_xlcdc_9x75curiosity_wsRnd/debug/_ext/723909967/legato_color_convert.o
 .text.rgba5551_rgba8888
                0x23f03e78       0x40 build/dsi_xlcdc_9x75curiosity_wsRnd/debug/_ext/723909967/legato_color_convert.o
 .text.rgba5551_argb8888
                0x23f03eb8       0x40 build/dsi_xlcdc_9x75curiosity_wsRnd/debug/_ext/723909967/legato_color_convert.o
 .text.rgb888_gs8
                0x23f03ef8        0x4 build/dsi_xlcdc_9x75curiosity_wsRnd/debug/_ext/723909967/legato_color_convert.o
 .text.rgb888_rgb332
                0x23f03efc       0x24 build/dsi_xlcdc_9x75curiosity_wsRnd/debug/_ext/723909967/legato_color_convert.o
 .text.rgb888_rgb565
                0x23f03f20       0x20 build/dsi_xlcdc_9x75curiosity_wsRnd/debug/_ext/723909967/legato_color_convert.o
 .text.rgb888_rgba5551
                0x23f03f40       0x28 build/dsi_xlcdc_9x75curiosity_wsRnd/debug/_ext/723909967/legato_color_convert.o
 .text.rgb888_rgba8888
                0x23f03f68        0xc build/dsi_xlcdc_9x75curiosity_wsRnd/debug/_ext/723909967/legato_color_convert.o
 .text.rgb888_argb8888
                0x23f03f74        0x8 build/dsi_xlcdc_9x75curiosity_wsRnd/debug/_ext/723909967/legato_color_convert.o
 .text.rgba8888_gs8
                0x23f03f7c        0x4 build/dsi_xlcdc_9x75curiosity_wsRnd/debug/_ext/723909967/legato_color_convert.o
 .text.rgba8888_rgb332
                0x23f03f80       0x20 build/dsi_xlcdc_9x75curiosity_wsRnd/debug/_ext/723909967/legato_color_convert.o
 .text.rgba8888_rgb565
                0x23f03fa0       0x20 build/dsi_xlcdc_9x75curiosity_wsRnd/debug/_ext/723909967/legato_color_convert.o
 .text.rgba8888_rgba5551
                0x23f03fc0       0x34 build/dsi_xlcdc_9x75curiosity_wsRnd/debug/_ext/723909967/legato_color_convert.o
 .text.rgba8888_rgb888
                0x23f03ff4        0x8 build/dsi_xlcdc_9x75curiosity_wsRnd/debug/_ext/723909967/legato_color_convert.o
 .text.rgba8888_argb8888
                0x23f03ffc        0x8 build/dsi_xlcdc_9x75curiosity_wsRnd/debug/_ext/723909967/legato_color_convert.o
 .text.argb8888_rgba5551
                0x23f04004       0x34 build/dsi_xlcdc_9x75curiosity_wsRnd/debug/_ext/723909967/legato_color_convert.o
 .text.argb8888_rgb888
                0x23f04038        0x8 build/dsi_xlcdc_9x75curiosity_wsRnd/debug/_ext/723909967/legato_color_convert.o
 .text.argb8888_rgba8888
                0x23f04040        0x8 build/dsi_xlcdc_9x75curiosity_wsRnd/debug/_ext/723909967/legato_color_convert.o
 .text.rgb565_gs8
                0x23f04048       0x54 build/dsi_xlcdc_9x75curiosity_wsRnd/debug/_ext/723909967/legato_color_convert.o
 .text.rgb332_gs8
                0x23f0409c       0x54 build/dsi_xlcdc_9x75curiosity_wsRnd/debug/_ext/723909967/legato_color_convert.o
 .text.leColorConvert
                0x23f040f0       0x28 build/dsi_xlcdc_9x75curiosity_wsRnd/debug/_ext/723909967/legato_color_convert.o
                0x23f040f0                leColorConvert
 .text.leColorChannelAlpha
                0x23f04118       0x30 build/dsi_xlcdc_9x75curiosity_wsRnd/debug/_ext/723909967/legato_color.o
                0x23f04118                leColorChannelAlpha
 .text.leColorSwap
                0x23f04148       0xa8 build/dsi_xlcdc_9x75curiosity_wsRnd/debug/_ext/723909967/legato_color.o
                0x23f04148                leColorSwap
 .text.leQueryArcQuadrants
                0x23f041f0      0x124 build/dsi_xlcdc_9x75curiosity_wsRnd/debug/_ext/723909967/legato_math.o
 .text.leNormalizeAngle
                0x23f04314       0x30 build/dsi_xlcdc_9x75curiosity_wsRnd/debug/_ext/723909967/legato_math.o
                0x23f04314                leNormalizeAngle
 .text.leSin    0x23f04344       0x80 build/dsi_xlcdc_9x75curiosity_wsRnd/debug/_ext/723909967/legato_math.o
                0x23f04344                leSin
 .text.leCos    0x23f043c4       0x78 build/dsi_xlcdc_9x75curiosity_wsRnd/debug/_ext/723909967/legato_math.o
                0x23f043c4                leCos
 .text.lePolarToXY
                0x23f0443c       0x60 build/dsi_xlcdc_9x75curiosity_wsRnd/debug/_ext/723909967/legato_math.o
                0x23f0443c                lePolarToXY
 .text.leMini   0x23f0449c        0xc build/dsi_xlcdc_9x75curiosity_wsRnd/debug/_ext/723909967/legato_math.o
                0x23f0449c                leMini
 .text.leMaxi   0x23f044a8        0xc build/dsi_xlcdc_9x75curiosity_wsRnd/debug/_ext/723909967/legato_math.o
                0x23f044a8                leMaxi
 .text.leClampi
                0x23f044b4       0x18 build/dsi_xlcdc_9x75curiosity_wsRnd/debug/_ext/723909967/legato_math.o
                0x23f044b4                leClampi
 .text.lePercent
                0x23f044cc       0x1c build/dsi_xlcdc_9x75curiosity_wsRnd/debug/_ext/723909967/legato_math.o
                0x23f044cc                lePercent
 .text.lePercentWholeRounded
                0x23f044e8       0x3c build/dsi_xlcdc_9x75curiosity_wsRnd/debug/_ext/723909967/legato_math.o
                0x23f044e8                lePercentWholeRounded
 .text.lePercentOf
                0x23f04524       0x58 build/dsi_xlcdc_9x75curiosity_wsRnd/debug/_ext/723909967/legato_math.o
                0x23f04524                lePercentOf
 .text.leScaleInteger
                0x23f0457c       0x44 build/dsi_xlcdc_9x75curiosity_wsRnd/debug/_ext/723909967/legato_math.o
                0x23f0457c                leScaleInteger
 .text.leLerp   0x23f045c0       0x58 build/dsi_xlcdc_9x75curiosity_wsRnd/debug/_ext/723909967/legato_math.o
                0x23f045c0                leLerp
 .text.lePointOnLineSide
                0x23f04618       0x60 build/dsi_xlcdc_9x75curiosity_wsRnd/debug/_ext/723909967/legato_math.o
                0x23f04618                lePointOnLineSide
 .text.leRotatePoint
                0x23f04678       0xbc build/dsi_xlcdc_9x75curiosity_wsRnd/debug/_ext/723909967/legato_math.o
                0x23f04678                leRotatePoint
 .text.leRotatedRectBounds
                0x23f04734      0x14c build/dsi_xlcdc_9x75curiosity_wsRnd/debug/_ext/723909967/legato_math.o
                0x23f04734                leRotatedRectBounds
 .text.leSqrt   0x23f04880       0x58 build/dsi_xlcdc_9x75curiosity_wsRnd/debug/_ext/723909967/legato_math.o
                0x23f04880                leSqrt
 .text.lePointOnCircle
                0x23f048d8       0x30 build/dsi_xlcdc_9x75curiosity_wsRnd/debug/_ext/723909967/legato_math.o
                0x23f048d8                lePointOnCircle
 .text.leNormalizeAngles
                0x23f04908       0x80 build/dsi_xlcdc_9x75curiosity_wsRnd/debug/_ext/723909967/legato_math.o
                0x23f04908                leNormalizeAngles
 .text.leResolveAngles
                0x23f04988      0x2a8 build/dsi_xlcdc_9x75curiosity_wsRnd/debug/_ext/723909967/legato_math.o
                0x23f04988                leResolveAngles
 .text.leRound  0x23f04c30       0xa0 build/dsi_xlcdc_9x75curiosity_wsRnd/debug/_ext/723909967/legato_math.o
                0x23f04c30                leRound
 .text.leDegreesFromPercent
                0x23f04cd0       0x2c build/dsi_xlcdc_9x75curiosity_wsRnd/debug/_ext/723909967/legato_math.o
                0x23f04cd0                leDegreesFromPercent
 .text.leRectContainsPoint
                0x23f04cfc       0x60 build/dsi_xlcdc_9x75curiosity_wsRnd/debug/_ext/723909967/legato_rect.o
                0x23f04cfc                leRectContainsPoint
 .text.leRectContainsRect
                0x23f04d5c       0x70 build/dsi_xlcdc_9x75curiosity_wsRnd/debug/_ext/723909967/legato_rect.o
                0x23f04d5c                leRectContainsRect
 .text.leRectIntersects
                0x23f04dcc       0x70 build/dsi_xlcdc_9x75curiosity_wsRnd/debug/_ext/723909967/legato_rect.o
                0x23f04dcc                leRectIntersects
 .text.leRectCombine
                0x23f04e3c       0x88 build/dsi_xlcdc_9x75curiosity_wsRnd/debug/_ext/723909967/legato_rect.o
                0x23f04e3c                leRectCombine
 .text.leRectClipAdj
                0x23f04ec4      0x180 build/dsi_xlcdc_9x75curiosity_wsRnd/debug/_ext/723909967/legato_rect.o
                0x23f04ec4                leRectClipAdj
 .text.leRectClip
                0x23f05044       0xa0 build/dsi_xlcdc_9x75curiosity_wsRnd/debug/_ext/723909967/legato_rect.o
                0x23f05044                leRectClip
 .text.leRectCompare
                0x23f050e4       0x60 build/dsi_xlcdc_9x75curiosity_wsRnd/debug/_ext/723909967/legato_rect.o
                0x23f050e4                leRectCompare
 .text.leRectsAreSimilar
                0x23f05144       0xcc build/dsi_xlcdc_9x75curiosity_wsRnd/debug/_ext/723909967/legato_rect.o
                0x23f05144                leRectsAreSimilar
 .text.leColorBlend_RGBA_8888
                0x23f05210      0x168 build/dsi_xlcdc_9x75curiosity_wsRnd/debug/_ext/723909967/legato_color_blend.o
                0x23f05210                leColorBlend_RGBA_8888
 .text.leColorBlend_ARGB_8888
                0x23f05378      0x14c build/dsi_xlcdc_9x75curiosity_wsRnd/debug/_ext/723909967/legato_color_blend.o
                0x23f05378                leColorBlend_ARGB_8888
 .text.indexGet1bpp
                0x23f054c4       0x20 build/dsi_xlcdc_9x75curiosity_wsRnd/debug/_ext/723909967/legato_pixelbuffer.o
 .text.indexGet4bpp
                0x23f054e4       0x18 build/dsi_xlcdc_9x75curiosity_wsRnd/debug/_ext/723909967/legato_pixelbuffer.o
 .text.indexGet
                0x23f054fc       0x64 build/dsi_xlcdc_9x75curiosity_wsRnd/debug/_ext/723909967/legato_pixelbuffer.o
 .text.get1byte
                0x23f05560        0x8 build/dsi_xlcdc_9x75curiosity_wsRnd/debug/_ext/723909967/legato_pixelbuffer.o
 .text.get2byte
                0x23f05568        0x8 build/dsi_xlcdc_9x75curiosity_wsRnd/debug/_ext/723909967/legato_pixelbuffer.o
 .text.get3byte
                0x23f05570       0x1c build/dsi_xlcdc_9x75curiosity_wsRnd/debug/_ext/723909967/legato_pixelbuffer.o
 .text.get4byte
                0x23f0558c        0x8 build/dsi_xlcdc_9x75curiosity_wsRnd/debug/_ext/723909967/legato_pixelbuffer.o
 .text.set1byte
                0x23f05594        0xc build/dsi_xlcdc_9x75curiosity_wsRnd/debug/_ext/723909967/legato_pixelbuffer.o
 .text.set2byte
                0x23f055a0        0xc build/dsi_xlcdc_9x75curiosity_wsRnd/debug/_ext/723909967/legato_pixelbuffer.o
 .text.set3byte
                0x23f055ac       0x1c build/dsi_xlcdc_9x75curiosity_wsRnd/debug/_ext/723909967/legato_pixelbuffer.o
 .text.set4byte
                0x23f055c8        0xc build/dsi_xlcdc_9x75curiosity_wsRnd/debug/_ext/723909967/legato_pixelbuffer.o
 .text.lePixelBufferCreate
                0x23f055d4       0xd0 build/dsi_xlcdc_9x75curiosity_wsRnd/debug/_ext/723909967/legato_pixelbuffer.o
                0x23f055d4                lePixelBufferCreate
 .text.lePixelBufferOffsetGet
                0x23f056a4       0x5c build/dsi_xlcdc_9x75curiosity_wsRnd/debug/_ext/723909967/legato_pixelbuffer.o
                0x23f056a4                lePixelBufferOffsetGet
 .text.lePixelBufferOffsetGet_Unsafe
                0x23f05700       0x44 build/dsi_xlcdc_9x75curiosity_wsRnd/debug/_ext/723909967/legato_pixelbuffer.o
                0x23f05700                lePixelBufferOffsetGet_Unsafe
 .text.lePixelBufferGet_Unsafe
                0x23f05744       0x64 build/dsi_xlcdc_9x75curiosity_wsRnd/debug/_ext/723909967/legato_pixelbuffer.o
                0x23f05744                lePixelBufferGet_Unsafe
 .text.lePixelBufferGet
                0x23f057a8       0x34 build/dsi_xlcdc_9x75curiosity_wsRnd/debug/_ext/723909967/legato_pixelbuffer.o
                0x23f057a8                lePixelBufferGet
 .text.lePixelBufferClipRect
                0x23f057dc       0x84 build/dsi_xlcdc_9x75curiosity_wsRnd/debug/_ext/723909967/legato_pixelbuffer.o
                0x23f057dc                lePixelBufferClipRect
 .text.lePixelBufferGetIndex_Unsafe
                0x23f05860       0x2c build/dsi_xlcdc_9x75curiosity_wsRnd/debug/_ext/723909967/legato_pixelbuffer.o
                0x23f05860                lePixelBufferGetIndex_Unsafe
 .text.lePixelBufferSet_Unsafe
                0x23f0588c       0x7c build/dsi_xlcdc_9x75curiosity_wsRnd/debug/_ext/723909967/legato_pixelbuffer.o
                0x23f0588c                lePixelBufferSet_Unsafe
 .text.lePixelBufferSet
                0x23f05908       0x28 build/dsi_xlcdc_9x75curiosity_wsRnd/debug/_ext/723909967/legato_pixelbuffer.o
                0x23f05908                lePixelBufferSet
 .text.lePixelBufferAreaFill_Unsafe
                0x23f05930      0x110 build/dsi_xlcdc_9x75curiosity_wsRnd/debug/_ext/723909967/legato_pixelbuffer.o
                0x23f05930                lePixelBufferAreaFill_Unsafe
 .text.lePixelBufferAreaFill
                0x23f05a40       0x70 build/dsi_xlcdc_9x75curiosity_wsRnd/debug/_ext/723909967/legato_pixelbuffer.o
                0x23f05a40                lePixelBufferAreaFill
 .text.lePixelBufferCopy
                0x23f05ab0       0xd8 build/dsi_xlcdc_9x75curiosity_wsRnd/debug/_ext/723909967/legato_pixelbuffer.o
                0x23f05ab0                lePixelBufferCopy
 .text.leUtils_PickFromWidget
                0x23f05b88       0xe4 build/dsi_xlcdc_9x75curiosity_wsRnd/debug/_ext/723909967/legato_utils.o
                0x23f05b88                leUtils_PickFromWidget
 .text.leUtils_PointToScreenSpace
                0x23f05c6c       0x44 build/dsi_xlcdc_9x75curiosity_wsRnd/debug/_ext/723909967/legato_utils.o
                0x23f05c6c                leUtils_PointToScreenSpace
 .text.leUtils_PointScreenToLocalSpace
                0x23f05cb0       0x70 build/dsi_xlcdc_9x75curiosity_wsRnd/debug/_ext/723909967/legato_utils.o
                0x23f05cb0                leUtils_PointScreenToLocalSpace
 .text.leUtils_ClipRectToParent
                0x23f05d20       0x84 build/dsi_xlcdc_9x75curiosity_wsRnd/debug/_ext/723909967/legato_utils.o
                0x23f05d20                leUtils_ClipRectToParent
 .text.leUtils_RectToScreenSpace
                0x23f05da4       0x44 build/dsi_xlcdc_9x75curiosity_wsRnd/debug/_ext/723909967/legato_utils.o
                0x23f05da4                leUtils_RectToScreenSpace
 .text.leUtils_ClipRectToAncestors
                0x23f05de8       0x94 build/dsi_xlcdc_9x75curiosity_wsRnd/debug/_ext/723909967/legato_utils.o
                0x23f05de8                leUtils_ClipRectToAncestors
 .text.leUtils_ArrangeRectangle
                0x23f05e7c      0x280 build/dsi_xlcdc_9x75curiosity_wsRnd/debug/_ext/723909967/legato_utils.o
                0x23f05e7c                leUtils_ArrangeRectangle
 .text.leUtils_ArrangeRectangleRelative
                0x23f060fc      0x2b0 build/dsi_xlcdc_9x75curiosity_wsRnd/debug/_ext/723909967/legato_utils.o
                0x23f060fc                leUtils_ArrangeRectangleRelative
 .text.leUtils_GetSchemeLookupTable
                0x23f063ac       0x64 build/dsi_xlcdc_9x75curiosity_wsRnd/debug/_ext/723909967/legato_utils.o
                0x23f063ac                leUtils_GetSchemeLookupTable
 .text.updateWidget
                0x23f06410       0x4c build/dsi_xlcdc_9x75curiosity_wsRnd/debug/_ext/1380250621/legato_state.o
 .text.leGetState
                0x23f0645c        0xc build/dsi_xlcdc_9x75curiosity_wsRnd/debug/_ext/1380250621/legato_state.o
                0x23f0645c                leGetState
 .text.leAddLayer
                0x23f06468       0xb8 build/dsi_xlcdc_9x75curiosity_wsRnd/debug/_ext/1380250621/legato_state.o
                0x23f06468                leAddLayer
 .text.leInitialize
                0x23f06520       0xb8 build/dsi_xlcdc_9x75curiosity_wsRnd/debug/_ext/1380250621/legato_state.o
                0x23f06520                leInitialize
 .text.leGetLayerState
                0x23f065d8       0x50 build/dsi_xlcdc_9x75curiosity_wsRnd/debug/_ext/1380250621/legato_state.o
                0x23f065d8                leGetLayerState
 .text.leGetLayerColorMode
                0x23f06628       0x54 build/dsi_xlcdc_9x75curiosity_wsRnd/debug/_ext/1380250621/legato_state.o
                0x23f06628                leGetLayerColorMode
 .text.leGetLayerRenderHorizontal
                0x23f0667c       0x54 build/dsi_xlcdc_9x75curiosity_wsRnd/debug/_ext/1380250621/legato_state.o
                0x23f0667c                leGetLayerRenderHorizontal
 .text.leGetFocusWidget
                0x23f066d0       0x10 build/dsi_xlcdc_9x75curiosity_wsRnd/debug/_ext/1380250621/legato_state.o
                0x23f066d0                leGetFocusWidget
 .text.leSetFocusWidget
                0x23f066e0       0x84 build/dsi_xlcdc_9x75curiosity_wsRnd/debug/_ext/1380250621/legato_state.o
                0x23f066e0                leSetFocusWidget
 .text.leGetEditWidget
                0x23f06764       0x10 build/dsi_xlcdc_9x75curiosity_wsRnd/debug/_ext/1380250621/legato_state.o
                0x23f06764                leGetEditWidget
 .text.leSetEditWidget
                0x23f06774       0x84 build/dsi_xlcdc_9x75curiosity_wsRnd/debug/_ext/1380250621/legato_state.o
                0x23f06774                leSetEditWidget
 .text.leRedrawAll
                0x23f067f8       0x50 build/dsi_xlcdc_9x75curiosity_wsRnd/debug/_ext/1380250621/legato_state.o
                0x23f067f8                leRedrawAll
 .text.leSetLayerColorMode
                0x23f06848       0x74 build/dsi_xlcdc_9x75curiosity_wsRnd/debug/_ext/1380250621/legato_state.o
                0x23f06848                leSetLayerColorMode
 .text.leSetStringTable
                0x23f068bc       0x18 build/dsi_xlcdc_9x75curiosity_wsRnd/debug/_ext/1380250621/legato_state.o
                0x23f068bc                leSetStringTable
 .text.leIsDrawing
                0x23f068d4       0x14 build/dsi_xlcdc_9x75curiosity_wsRnd/debug/_ext/1380250621/legato_state.o
                0x23f068d4                leIsDrawing
 .text.leUpdate
                0x23f068e8      0x114 build/dsi_xlcdc_9x75curiosity_wsRnd/debug/_ext/1380250621/legato_state.o
                0x23f068e8                leUpdate
 .text.leAddRootWidget
                0x23f069fc       0x68 build/dsi_xlcdc_9x75curiosity_wsRnd/debug/_ext/1380250621/legato_state.o
                0x23f069fc                leAddRootWidget
 .text.leRemoveRootWidget
                0x23f06a64       0x74 build/dsi_xlcdc_9x75curiosity_wsRnd/debug/_ext/1380250621/legato_state.o
                0x23f06a64                leRemoveRootWidget
 .text.leGetWidgetLayer
                0x23f06ad8       0x8c build/dsi_xlcdc_9x75curiosity_wsRnd/debug/_ext/1380250621/legato_state.o
                0x23f06ad8                leGetWidgetLayer
 .text.leWidgetIsInScene
                0x23f06b64       0x14 build/dsi_xlcdc_9x75curiosity_wsRnd/debug/_ext/1380250621/legato_state.o
                0x23f06b64                leWidgetIsInScene
 .text.leScheme_GetRenderColor
                0x23f06b78       0x38 build/dsi_xlcdc_9x75curiosity_wsRnd/debug/_ext/1380250621/legato_scheme.o
                0x23f06b78                leScheme_GetRenderColor
 .text._leGetEventState
                0x23f06bb0        0xc build/dsi_xlcdc_9x75curiosity_wsRnd/debug/_ext/1380250621/legato_event.o
                0x23f06bb0                _leGetEventState
 .text.leEvent_Init
                0x23f06bbc       0x20 build/dsi_xlcdc_9x75curiosity_wsRnd/debug/_ext/1380250621/legato_event.o
                0x23f06bbc                leEvent_Init
 .text.leEvent_AddEvent
                0x23f06bdc       0x28 build/dsi_xlcdc_9x75curiosity_wsRnd/debug/_ext/1380250621/legato_event.o
                0x23f06bdc                leEvent_AddEvent
 .text.leEvent_ProcessEvents
                0x23f06c04       0xb4 build/dsi_xlcdc_9x75curiosity_wsRnd/debug/_ext/1380250621/legato_event.o
                0x23f06c04                leEvent_ProcessEvents
 .text.leWidgetEvent_Accept
                0x23f06cb8       0x14 build/dsi_xlcdc_9x75curiosity_wsRnd/debug/_ext/1380250621/legato_event.o
                0x23f06cb8                leWidgetEvent_Accept
 .text.leInput_Init
                0x23f06ccc       0x2c build/dsi_xlcdc_9x75curiosity_wsRnd/debug/_ext/1380250621/legato_input.o
                0x23f06ccc                leInput_Init
 .text.leInput_InjectTouchDown
                0x23f06cf8       0xd8 build/dsi_xlcdc_9x75curiosity_wsRnd/debug/_ext/1380250621/legato_input.o
                0x23f06cf8                leInput_InjectTouchDown
 .text.leInput_InjectTouchUp
                0x23f06dd0       0xb4 build/dsi_xlcdc_9x75curiosity_wsRnd/debug/_ext/1380250621/legato_input.o
                0x23f06dd0                leInput_InjectTouchUp
 .text.leInput_InjectTouchMoved
                0x23f06e84      0x12c build/dsi_xlcdc_9x75curiosity_wsRnd/debug/_ext/1380250621/legato_input.o
                0x23f06e84                leInput_InjectTouchMoved
 .text.handleTouchDown
                0x23f06fb0      0x118 build/dsi_xlcdc_9x75curiosity_wsRnd/debug/_ext/1380250621/legato_input.o
                0x23f06fb0                handleTouchDown
 .text.handleTouchUp
                0x23f070c8       0x70 build/dsi_xlcdc_9x75curiosity_wsRnd/debug/_ext/1380250621/legato_input.o
                0x23f070c8                handleTouchUp
 .text.handleTouchMoved
                0x23f07138       0x70 build/dsi_xlcdc_9x75curiosity_wsRnd/debug/_ext/1380250621/legato_input.o
                0x23f07138                handleTouchMoved
 .text._leInput_HandleInputEvent
                0x23f071a8       0x40 build/dsi_xlcdc_9x75curiosity_wsRnd/debug/_ext/1380250621/legato_input.o
                0x23f071a8                _leInput_HandleInputEvent
 .text._shuffleLeft
                0x23f071e8       0xac build/dsi_xlcdc_9x75curiosity_wsRnd/debug/_ext/958688987/legato_rectarray.o
 .text.leRectArray_Create
                0x23f07294       0x1c build/dsi_xlcdc_9x75curiosity_wsRnd/debug/_ext/958688987/legato_rectarray.o
                0x23f07294                leRectArray_Create
 .text.leRectArray_Resize
                0x23f072b0       0x7c build/dsi_xlcdc_9x75curiosity_wsRnd/debug/_ext/958688987/legato_rectarray.o
                0x23f072b0                leRectArray_Resize
 .text.leRectArray_PushBack
                0x23f0732c       0x70 build/dsi_xlcdc_9x75curiosity_wsRnd/debug/_ext/958688987/legato_rectarray.o
                0x23f0732c                leRectArray_PushBack
 .text.leRectArray_RemoveAt
                0x23f0739c       0x38 build/dsi_xlcdc_9x75curiosity_wsRnd/debug/_ext/958688987/legato_rectarray.o
                0x23f0739c                leRectArray_RemoveAt
 .text.leRectArray_Copy
                0x23f073d4       0x74 build/dsi_xlcdc_9x75curiosity_wsRnd/debug/_ext/958688987/legato_rectarray.o
                0x23f073d4                leRectArray_Copy
 .text.leRectArray_Clear
                0x23f07448       0x14 build/dsi_xlcdc_9x75curiosity_wsRnd/debug/_ext/958688987/legato_rectarray.o
                0x23f07448                leRectArray_Clear
 .text.leRectArray_Destroy
                0x23f0745c       0x3c build/dsi_xlcdc_9x75curiosity_wsRnd/debug/_ext/958688987/legato_rectarray.o
                0x23f0745c                leRectArray_Destroy
 .text.leRectArray_RemoveDuplicates
                0x23f07498       0x90 build/dsi_xlcdc_9x75curiosity_wsRnd/debug/_ext/958688987/legato_rectarray.o
                0x23f07498                leRectArray_RemoveDuplicates
 .text.leRectArray_SortBySize
                0x23f07528       0xdc build/dsi_xlcdc_9x75curiosity_wsRnd/debug/_ext/958688987/legato_rectarray.o
                0x23f07528                leRectArray_SortBySize
 .text.leRectArray_SortByX
                0x23f07604       0xfc build/dsi_xlcdc_9x75curiosity_wsRnd/debug/_ext/958688987/legato_rectarray.o
                0x23f07604                leRectArray_SortByX
 .text.leRectArray_SortByY
                0x23f07700       0xf4 build/dsi_xlcdc_9x75curiosity_wsRnd/debug/_ext/958688987/legato_rectarray.o
                0x23f07700                leRectArray_SortByY
 .text.leRectArray_MergeSimilar
                0x23f077f4       0x98 build/dsi_xlcdc_9x75curiosity_wsRnd/debug/_ext/958688987/legato_rectarray.o
                0x23f077f4                leRectArray_MergeSimilar
 .text.leRectArray_RemoveOverlapping
                0x23f0788c       0x84 build/dsi_xlcdc_9x75curiosity_wsRnd/debug/_ext/958688987/legato_rectarray.o
                0x23f0788c                leRectArray_RemoveOverlapping
 .text.leRectArray_PadRectangleWidth
                0x23f07910      0x120 build/dsi_xlcdc_9x75curiosity_wsRnd/debug/_ext/958688987/legato_rectarray.o
                0x23f07910                leRectArray_PadRectangleWidth
 .text.leRectArray_CropToSizeY
                0x23f07a30      0x134 build/dsi_xlcdc_9x75curiosity_wsRnd/debug/_ext/958688987/legato_rectarray.o
                0x23f07a30                leRectArray_CropToSizeY
 .text.leRectArray_CropToSizeX
                0x23f07b64      0x134 build/dsi_xlcdc_9x75curiosity_wsRnd/debug/_ext/958688987/legato_rectarray.o
                0x23f07b64                leRectArray_CropToSizeX
 .text._shuffleRight
                0x23f07c98       0x78 build/dsi_xlcdc_9x75curiosity_wsRnd/debug/_ext/958688987/legato_array.o
 .text._shuffleLeft
                0x23f07d10       0x5c build/dsi_xlcdc_9x75curiosity_wsRnd/debug/_ext/958688987/legato_array.o
 .text.leArray_Create
                0x23f07d6c       0x1c build/dsi_xlcdc_9x75curiosity_wsRnd/debug/_ext/958688987/legato_array.o
                0x23f07d6c                leArray_Create
 .text.leArray_Resize
                0x23f07d88       0x70 build/dsi_xlcdc_9x75curiosity_wsRnd/debug/_ext/958688987/legato_array.o
                0x23f07d88                leArray_Resize
 .text.leArray_PushBack
                0x23f07df8       0x60 build/dsi_xlcdc_9x75curiosity_wsRnd/debug/_ext/958688987/legato_array.o
                0x23f07df8                leArray_PushBack
 .text.leArray_InsertAt
                0x23f07e58       0x9c build/dsi_xlcdc_9x75curiosity_wsRnd/debug/_ext/958688987/legato_array.o
                0x23f07e58                leArray_InsertAt
 .text.leArray_RemoveAt
                0x23f07ef4       0x38 build/dsi_xlcdc_9x75curiosity_wsRnd/debug/_ext/958688987/legato_array.o
                0x23f07ef4                leArray_RemoveAt
 .text.leArray_Get
                0x23f07f2c       0x18 build/dsi_xlcdc_9x75curiosity_wsRnd/debug/_ext/958688987/legato_array.o
                0x23f07f2c                leArray_Get
 .text.leArray_Find
                0x23f07f44       0x68 build/dsi_xlcdc_9x75curiosity_wsRnd/debug/_ext/958688987/legato_array.o
                0x23f07f44                leArray_Find
 .text.leArray_Remove
                0x23f07fac       0x58 build/dsi_xlcdc_9x75curiosity_wsRnd/debug/_ext/958688987/legato_array.o
                0x23f07fac                leArray_Remove
 .text.leArray_Clear
                0x23f08004       0x38 build/dsi_xlcdc_9x75curiosity_wsRnd/debug/_ext/958688987/legato_array.o
                0x23f08004                leArray_Clear
 .text.leList_Create
                0x23f0803c       0x1c build/dsi_xlcdc_9x75curiosity_wsRnd/debug/_ext/958688987/legato_list.o
                0x23f0803c                leList_Create
 .text.leList_PushBack
                0x23f08058       0x68 build/dsi_xlcdc_9x75curiosity_wsRnd/debug/_ext/958688987/legato_list.o
                0x23f08058                leList_PushBack
 .text.leList_Get
                0x23f080c0       0x44 build/dsi_xlcdc_9x75curiosity_wsRnd/debug/_ext/958688987/legato_list.o
                0x23f080c0                leList_Get
 .text.leList_Remove
                0x23f08104       0xbc build/dsi_xlcdc_9x75curiosity_wsRnd/debug/_ext/958688987/legato_list.o
                0x23f08104                leList_Remove
 .text.leList_Destroy
                0x23f081c0       0x4c build/dsi_xlcdc_9x75curiosity_wsRnd/debug/_ext/958688987/legato_list.o
                0x23f081c0                leList_Destroy
 .text.drawGlyphRow8bpp
                0x23f0820c       0xf8 build/dsi_xlcdc_9x75curiosity_wsRnd/debug/_ext/1380161357/legato_font.o
 .text.drawGlyphRow1bpp
                0x23f08304       0xd0 build/dsi_xlcdc_9x75curiosity_wsRnd/debug/_ext/1380161357/legato_font.o
 .text.drawGlyphRow8bppMono
                0x23f083d4       0x5c build/dsi_xlcdc_9x75curiosity_wsRnd/debug/_ext/1380161357/legato_font.o
 .text.drawGlyphRow1bppMono
                0x23f08430       0x64 build/dsi_xlcdc_9x75curiosity_wsRnd/debug/_ext/1380161357/legato_font.o
 .text._drawUnknownGlyph
                0x23f08494       0xf4 build/dsi_xlcdc_9x75curiosity_wsRnd/debug/_ext/1380161357/legato_font.o
 .text.leFont_GetGlyphInfo
                0x23f08588       0xdc build/dsi_xlcdc_9x75curiosity_wsRnd/debug/_ext/1380161357/legato_font.o
                0x23f08588                leFont_GetGlyphInfo
 .text.leFont_DrawGlyphData
                0x23f08664      0x12c build/dsi_xlcdc_9x75curiosity_wsRnd/debug/_ext/1380161357/legato_font.o
                0x23f08664                leFont_DrawGlyphData
 .text.leFont_DrawGlyphData_Lookup
                0x23f08790      0x300 build/dsi_xlcdc_9x75curiosity_wsRnd/debug/_ext/1380161357/legato_font.o
                0x23f08790                leFont_DrawGlyphData_Lookup
 .text.leFont_DrawGlyph
                0x23f08a90       0xa4 build/dsi_xlcdc_9x75curiosity_wsRnd/debug/_ext/1380161357/legato_font.o
                0x23f08a90                leFont_DrawGlyph
 .text.leFont_DrawGlyph_Lookup
                0x23f08b34       0xb4 build/dsi_xlcdc_9x75curiosity_wsRnd/debug/_ext/1380161357/legato_font.o
                0x23f08b34                leFont_DrawGlyph_Lookup
 .text.screenInit_Screen0
                0x23f08be8       0x28 build/dsi_xlcdc_9x75curiosity_wsRnd/debug/_ext/1970986832/le_gen_screen_Screen0.o
                0x23f08be8                screenInit_Screen0
 .text.screenShow_Screen0
                0x23f08c10     0x261c build/dsi_xlcdc_9x75curiosity_wsRnd/debug/_ext/1970986832/le_gen_screen_Screen0.o
                0x23f08c10                screenShow_Screen0
 .text.screenUpdate_Screen0
                0x23f0b22c      0x108 build/dsi_xlcdc_9x75curiosity_wsRnd/debug/_ext/1970986832/le_gen_screen_Screen0.o
                0x23f0b22c                screenUpdate_Screen0
 .text.screenHide_Screen0
                0x23f0b334      0x358 build/dsi_xlcdc_9x75curiosity_wsRnd/debug/_ext/1970986832/le_gen_screen_Screen0.o
                0x23f0b334                screenHide_Screen0
 .text.legato_showScreen
                0x23f0b68c       0x1c build/dsi_xlcdc_9x75curiosity_wsRnd/debug/_ext/1551082581/le_gen_init.o
                0x23f0b68c                legato_showScreen
 .text.legato_initializeScreenState
                0x23f0b6a8       0x40 build/dsi_xlcdc_9x75curiosity_wsRnd/debug/_ext/1551082581/le_gen_init.o
                0x23f0b6a8                legato_initializeScreenState
 .text.legato_updateScreenState
                0x23f0b6e8       0x98 build/dsi_xlcdc_9x75curiosity_wsRnd/debug/_ext/1551082581/le_gen_init.o
                0x23f0b6e8                legato_updateScreenState
 .text.initializeStrings
                0x23f0b780       0xe8 build/dsi_xlcdc_9x75curiosity_wsRnd/debug/_ext/1551082581/le_gen_stringtable.o
                0x23f0b780                initializeStrings
 .text.touchMoveHandler
                0x23f0b868       0x18 build/dsi_xlcdc_9x75curiosity_wsRnd/debug/_ext/1551082581/le_gen_harmony.o
 .text.touchUpHandler
                0x23f0b880       0x18 build/dsi_xlcdc_9x75curiosity_wsRnd/debug/_ext/1551082581/le_gen_harmony.o
 .text.touchDownHandler
                0x23f0b898       0x18 build/dsi_xlcdc_9x75curiosity_wsRnd/debug/_ext/1551082581/le_gen_harmony.o
 .text.Legato_Initialize
                0x23f0b8b0       0x98 build/dsi_xlcdc_9x75curiosity_wsRnd/debug/_ext/1551082581/le_gen_harmony.o
                0x23f0b8b0                Legato_Initialize
 .text.Legato_Tasks
                0x23f0b948       0x4c build/dsi_xlcdc_9x75curiosity_wsRnd/debug/_ext/1551082581/le_gen_harmony.o
                0x23f0b948                Legato_Tasks
 .text.JPEG_wReadWord
                0x23f0b994       0x50 build/dsi_xlcdc_9x75curiosity_wsRnd/debug/_ext/1662953984/legato_imagedecoder_jpeg_common.o
 .text.JPEG_bReadByte
                0x23f0b9e4       0x2c build/dsi_xlcdc_9x75curiosity_wsRnd/debug/_ext/1662953984/legato_imagedecoder_jpeg_common.o
 .text.JPEG_bGet1Bit
                0x23f0ba10      0x154 build/dsi_xlcdc_9x75curiosity_wsRnd/debug/_ext/1662953984/legato_imagedecoder_jpeg_common.o
 .text.JPEG_wGetBits
                0x23f0bb64       0x4c build/dsi_xlcdc_9x75curiosity_wsRnd/debug/_ext/1662953984/legato_imagedecoder_jpeg_common.o
 .text.JPEG_sGetBitsValue
                0x23f0bbb0       0x50 build/dsi_xlcdc_9x75curiosity_wsRnd/debug/_ext/1662953984/legato_imagedecoder_jpeg_common.o
 .text.JPEG_bGetNextHuffByte
                0x23f0bc00       0x98 build/dsi_xlcdc_9x75curiosity_wsRnd/debug/_ext/1662953984/legato_imagedecoder_jpeg_common.o
 .text.JPEG_vResetDecoder
                0x23f0bc98       0x20 build/dsi_xlcdc_9x75curiosity_wsRnd/debug/_ext/1662953984/legato_imagedecoder_jpeg_common.o
                0x23f0bc98                JPEG_vResetDecoder
 .text.JPEG_bReadHeader
                0x23f0bcb8      0x7c8 build/dsi_xlcdc_9x75curiosity_wsRnd/debug/_ext/1662953984/legato_imagedecoder_jpeg_common.o
                0x23f0bcb8                JPEG_bReadHeader
 .text.JPEG_bGenerateHuffmanTables
                0x23f0c480       0x90 build/dsi_xlcdc_9x75curiosity_wsRnd/debug/_ext/1662953984/legato_imagedecoder_jpeg_common.o
                0x23f0c480                JPEG_bGenerateHuffmanTables
 .text.JPEG_bDecodeOneBlock
                0x23f0c510      0x270 build/dsi_xlcdc_9x75curiosity_wsRnd/debug/_ext/1662953984/legato_imagedecoder_jpeg_common.o
                0x23f0c510                JPEG_bDecodeOneBlock
 .text.JPEG_vInitDisplay
                0x23f0c780       0x10 build/dsi_xlcdc_9x75curiosity_wsRnd/debug/_ext/1662953984/legato_imagedecoder_jpeg_common.o
                0x23f0c780                JPEG_vInitDisplay
 .text.JPEG_bPaintOneBlock
                0x23f0c790      0x9c4 build/dsi_xlcdc_9x75curiosity_wsRnd/debug/_ext/1662953984/legato_imagedecoder_jpeg_common.o
                0x23f0c790                JPEG_bPaintOneBlock
 .text.jpeg_idct_islow_leg
                0x23f0d154      0x514 build/dsi_xlcdc_9x75curiosity_wsRnd/debug/_ext/1662953984/jidctint.o
                0x23f0d154                jpeg_idct_islow_leg
 .text._supportsImage
                0x23f0d668       0x28 build/dsi_xlcdc_9x75curiosity_wsRnd/debug/_ext/1662953984/legato_imagedecoder_jpeg.o
 .text.internalMemoryRead
                0x23f0d690       0x48 build/dsi_xlcdc_9x75curiosity_wsRnd/debug/_ext/1662953984/legato_imagedecoder_jpeg.o
 .text.exec     0x23f0d6d8        0x8 build/dsi_xlcdc_9x75curiosity_wsRnd/debug/_ext/1662953984/legato_imagedecoder_jpeg.o
 .text._render  0x23f0d6e0      0x1fc build/dsi_xlcdc_9x75curiosity_wsRnd/debug/_ext/1662953984/legato_imagedecoder_jpeg.o
 .text._draw    0x23f0d8dc      0x20c build/dsi_xlcdc_9x75curiosity_wsRnd/debug/_ext/1662953984/legato_imagedecoder_jpeg.o
 .text.blitToImage
                0x23f0dae8       0xa4 build/dsi_xlcdc_9x75curiosity_wsRnd/debug/_ext/1662953984/legato_imagedecoder_jpeg.o
 .text.blitToFrameBuffer
                0x23f0db8c       0x98 build/dsi_xlcdc_9x75curiosity_wsRnd/debug/_ext/1662953984/legato_imagedecoder_jpeg.o
 .text._leJPEGImageDecoder_Init
                0x23f0dc24       0x5c build/dsi_xlcdc_9x75curiosity_wsRnd/debug/_ext/1662953984/legato_imagedecoder_jpeg.o
                0x23f0dc24                _leJPEGImageDecoder_Init
 .text.stage_decode
                0x23f0dc80       0x3c build/dsi_xlcdc_9x75curiosity_wsRnd/debug/_ext/1663042683/legato_imagedecoder_mono_read_internal.o
 .text._leMonoImageDecoder_ReadStage_Internal
                0x23f0dcbc       0x30 build/dsi_xlcdc_9x75curiosity_wsRnd/debug/_ext/1663042683/legato_imagedecoder_mono_read_internal.o
                0x23f0dcbc                _leMonoImageDecoder_ReadStage_Internal
 .text._supportsImage
                0x23f0dcec       0x14 build/dsi_xlcdc_9x75curiosity_wsRnd/debug/_ext/1663042683/legato_imagedecoder_mono.o
 .text._decoderCleanup
                0x23f0dd00       0x64 build/dsi_xlcdc_9x75curiosity_wsRnd/debug/_ext/1663042683/legato_imagedecoder_mono.o
 .text._decoderExec
                0x23f0dd64       0x84 build/dsi_xlcdc_9x75curiosity_wsRnd/debug/_ext/1663042683/legato_imagedecoder_mono.o
 .text._decoderIsDone
                0x23f0dde8       0x10 build/dsi_xlcdc_9x75curiosity_wsRnd/debug/_ext/1663042683/legato_imagedecoder_mono.o
 .text.stage_sourceIterateSetup
                0x23f0ddf8       0xb4 build/dsi_xlcdc_9x75curiosity_wsRnd/debug/_ext/1663042683/legato_imagedecoder_mono.o
 .text.stage_FrameBufferWrite
                0x23f0deac       0x20 build/dsi_xlcdc_9x75curiosity_wsRnd/debug/_ext/1663042683/legato_imagedecoder_mono.o
 .text.stage_ImageWrite
                0x23f0decc       0x28 build/dsi_xlcdc_9x75curiosity_wsRnd/debug/_ext/1663042683/legato_imagedecoder_mono.o
 .text._leMonoImageDecoder_Init
                0x23f0def4       0x84 build/dsi_xlcdc_9x75curiosity_wsRnd/debug/_ext/1663042683/legato_imagedecoder_mono.o
                0x23f0def4                _leMonoImageDecoder_Init
 .text._leMonoImageDecoder_InjectStage
                0x23f0df78       0x38 build/dsi_xlcdc_9x75curiosity_wsRnd/debug/_ext/1663042683/legato_imagedecoder_mono.o
                0x23f0df78                _leMonoImageDecoder_InjectStage
 .text._leMonoImageDecoder_SourceIterateSetupStage
                0x23f0dfb0       0x38 build/dsi_xlcdc_9x75curiosity_wsRnd/debug/_ext/1663042683/legato_imagedecoder_mono.o
                0x23f0dfb0                _leMonoImageDecoder_SourceIterateSetupStage
 .text._leMonoImageDecoder_FrameBufferWriteStage
                0x23f0dfe8       0x30 build/dsi_xlcdc_9x75curiosity_wsRnd/debug/_ext/1663042683/legato_imagedecoder_mono.o
                0x23f0dfe8                _leMonoImageDecoder_FrameBufferWriteStage
 .text._draw    0x23f0e018      0x154 build/dsi_xlcdc_9x75curiosity_wsRnd/debug/_ext/1663042683/legato_imagedecoder_mono.o
 .text._leMonoImageDecoder_ImageWriteStage
                0x23f0e16c       0x30 build/dsi_xlcdc_9x75curiosity_wsRnd/debug/_ext/1663042683/legato_imagedecoder_mono.o
                0x23f0e16c                _leMonoImageDecoder_ImageWriteStage
 .text._copy    0x23f0e19c      0x190 build/dsi_xlcdc_9x75curiosity_wsRnd/debug/_ext/1663042683/legato_imagedecoder_mono.o
 .text._supportsImage
                0x23f0e32c       0x28 build/dsi_xlcdc_9x75curiosity_wsRnd/debug/_ext/1577670033/legato_imagedecoder_png.o
 .text._decoderCleanup
                0x23f0e354        0x4 build/dsi_xlcdc_9x75curiosity_wsRnd/debug/_ext/1577670033/legato_imagedecoder_png.o
 .text._decoderExec
                0x23f0e358        0x8 build/dsi_xlcdc_9x75curiosity_wsRnd/debug/_ext/1577670033/legato_imagedecoder_png.o
 .text._decoderIsDone
                0x23f0e360        0x8 build/dsi_xlcdc_9x75curiosity_wsRnd/debug/_ext/1577670033/legato_imagedecoder_png.o
 .text._render  0x23f0e368       0xf4 build/dsi_xlcdc_9x75curiosity_wsRnd/debug/_ext/1577670033/legato_imagedecoder_png.o
 .text._draw    0x23f0e45c      0x1f0 build/dsi_xlcdc_9x75curiosity_wsRnd/debug/_ext/1577670033/legato_imagedecoder_png.o
 .text._lePNGImageDecoder_Init
                0x23f0e64c       0x6c build/dsi_xlcdc_9x75curiosity_wsRnd/debug/_ext/1577670033/legato_imagedecoder_png.o
                0x23f0e64c                _lePNGImageDecoder_Init
 .text.readBitsFromStream
                0x23f0e6b8       0x50 build/dsi_xlcdc_9x75curiosity_wsRnd/debug/_ext/1577670033/lodepng.o
 .text.huffmanDecodeSymbol
                0x23f0e708       0x64 build/dsi_xlcdc_9x75curiosity_wsRnd/debug/_ext/1577670033/lodepng.o
 .text.readBitFromReversedStream
                0x23f0e76c       0x24 build/dsi_xlcdc_9x75curiosity_wsRnd/debug/_ext/1577670033/lodepng.o
 .text.readBitsFromReversedStream
                0x23f0e790       0x48 build/dsi_xlcdc_9x75curiosity_wsRnd/debug/_ext/1577670033/lodepng.o
 .text.getNumColorChannels
                0x23f0e7d8       0x50 build/dsi_xlcdc_9x75curiosity_wsRnd/debug/_ext/1577670033/lodepng.o
 .text.lodepng_color_mode_equal
                0x23f0e828      0x120 build/dsi_xlcdc_9x75curiosity_wsRnd/debug/_ext/1577670033/lodepng.o
 .text.addColorBits
                0x23f0e948       0x50 build/dsi_xlcdc_9x75curiosity_wsRnd/debug/_ext/1577670033/lodepng.o
 .text.getPixelColorsRGBA8
                0x23f0e998      0x51c build/dsi_xlcdc_9x75curiosity_wsRnd/debug/_ext/1577670033/lodepng.o
 .text.Adam7_getpassvalues
                0x23f0eeb4      0x18c build/dsi_xlcdc_9x75curiosity_wsRnd/debug/_ext/1577670033/lodepng.o
 .text.unfilter
                0x23f0f040      0x424 build/dsi_xlcdc_9x75curiosity_wsRnd/debug/_ext/1577670033/lodepng.o
 .text.removePaddingBits
                0x23f0f464       0xa4 build/dsi_xlcdc_9x75curiosity_wsRnd/debug/_ext/1577670033/lodepng.o
 .text.ucvector_reserve
                0x23f0f508       0x58 build/dsi_xlcdc_9x75curiosity_wsRnd/debug/_ext/1577670033/lodepng.o
 .text.ucvector_resize
                0x23f0f560       0x20 build/dsi_xlcdc_9x75curiosity_wsRnd/debug/_ext/1577670033/lodepng.o
 .text.ucvector_push_back
                0x23f0f580       0x34 build/dsi_xlcdc_9x75curiosity_wsRnd/debug/_ext/1577670033/lodepng.o
 .text.color_tree_cleanup
                0x23f0f5b4       0x34 build/dsi_xlcdc_9x75curiosity_wsRnd/debug/_ext/1577670033/lodepng.o
 .text.LodePNGIText_cleanup
                0x23f0f5e8       0x90 build/dsi_xlcdc_9x75curiosity_wsRnd/debug/_ext/1577670033/lodepng.o
 .text.LodePNGText_cleanup
                0x23f0f678       0x60 build/dsi_xlcdc_9x75curiosity_wsRnd/debug/_ext/1577670033/lodepng.o
 .text.HuffmanTree_cleanup
                0x23f0f6d8       0x24 build/dsi_xlcdc_9x75curiosity_wsRnd/debug/_ext/1577670033/lodepng.o
 .text.string_set
                0x23f0f6fc       0x68 build/dsi_xlcdc_9x75curiosity_wsRnd/debug/_ext/1577670033/lodepng.o
 .text.string_init
                0x23f0f764       0x2c build/dsi_xlcdc_9x75curiosity_wsRnd/debug/_ext/1577670033/lodepng.o
 .text.uivector_reserve
                0x23f0f790       0x58 build/dsi_xlcdc_9x75curiosity_wsRnd/debug/_ext/1577670033/lodepng.o
 .text.HuffmanTree_makeFromLengths
                0x23f0f7e8      0x424 build/dsi_xlcdc_9x75curiosity_wsRnd/debug/_ext/1577670033/lodepng.o
 .text.lodepng_read32bitInt
                0x23f0fc0c       0x24 build/dsi_xlcdc_9x75curiosity_wsRnd/debug/_ext/1577670033/lodepng.o
                0x23f0fc0c                lodepng_read32bitInt
 .text.lodepng_inflate
                0x23f0fc30      0x998 build/dsi_xlcdc_9x75curiosity_wsRnd/debug/_ext/1577670033/lodepng.o
                0x23f0fc30                lodepng_inflate
 .text.lodepng_zlib_decompress
                0x23f105c8      0x198 build/dsi_xlcdc_9x75curiosity_wsRnd/debug/_ext/1577670033/lodepng.o
                0x23f105c8                lodepng_zlib_decompress
 .text.zlib_decompress
                0x23f10760       0x34 build/dsi_xlcdc_9x75curiosity_wsRnd/debug/_ext/1577670033/lodepng.o
 .text.lodepng_crc32
                0x23f10794       0x4c build/dsi_xlcdc_9x75curiosity_wsRnd/debug/_ext/1577670033/lodepng.o
                0x23f10794                lodepng_crc32
 .text.lodepng_chunk_type_equals
                0x23f107e0       0x80 build/dsi_xlcdc_9x75curiosity_wsRnd/debug/_ext/1577670033/lodepng.o
                0x23f107e0                lodepng_chunk_type_equals
 .text.lodepng_chunk_check_crc
                0x23f10860       0x38 build/dsi_xlcdc_9x75curiosity_wsRnd/debug/_ext/1577670033/lodepng.o
                0x23f10860                lodepng_chunk_check_crc
 .text.lodepng_chunk_next_const
                0x23f10898       0x18 build/dsi_xlcdc_9x75curiosity_wsRnd/debug/_ext/1577670033/lodepng.o
                0x23f10898                lodepng_chunk_next_const
 .text.lodepng_chunk_append
                0x23f108b0       0xa4 build/dsi_xlcdc_9x75curiosity_wsRnd/debug/_ext/1577670033/lodepng.o
                0x23f108b0                lodepng_chunk_append
 .text.lodepng_color_mode_init
                0x23f10954       0x30 build/dsi_xlcdc_9x75curiosity_wsRnd/debug/_ext/1577670033/lodepng.o
                0x23f10954                lodepng_color_mode_init
 .text.lodepng_palette_clear
                0x23f10984       0x28 build/dsi_xlcdc_9x75curiosity_wsRnd/debug/_ext/1577670033/lodepng.o
                0x23f10984                lodepng_palette_clear
 .text.lodepng_color_mode_copy
                0x23f109ac       0x98 build/dsi_xlcdc_9x75curiosity_wsRnd/debug/_ext/1577670033/lodepng.o
                0x23f109ac                lodepng_color_mode_copy
 .text.lodepng_get_bpp
                0x23f10a44       0x1c build/dsi_xlcdc_9x75curiosity_wsRnd/debug/_ext/1577670033/lodepng.o
                0x23f10a44                lodepng_get_bpp
 .text.lodepng_get_raw_size_idat
                0x23f10a60       0x34 build/dsi_xlcdc_9x75curiosity_wsRnd/debug/_ext/1577670033/lodepng.o
 .text.lodepng_get_raw_size
                0x23f10a94       0x38 build/dsi_xlcdc_9x75curiosity_wsRnd/debug/_ext/1577670033/lodepng.o
                0x23f10a94                lodepng_get_raw_size
 .text.lodepng_add_text
                0x23f10acc       0xcc build/dsi_xlcdc_9x75curiosity_wsRnd/debug/_ext/1577670033/lodepng.o
                0x23f10acc                lodepng_add_text
 .text.lodepng_add_itext
                0x23f10b98      0x17c build/dsi_xlcdc_9x75curiosity_wsRnd/debug/_ext/1577670033/lodepng.o
                0x23f10b98                lodepng_add_itext
 .text.lodepng_info_init
                0x23f10d14       0x74 build/dsi_xlcdc_9x75curiosity_wsRnd/debug/_ext/1577670033/lodepng.o
                0x23f10d14                lodepng_info_init
 .text.lodepng_info_cleanup
                0x23f10d88       0x3c build/dsi_xlcdc_9x75curiosity_wsRnd/debug/_ext/1577670033/lodepng.o
                0x23f10d88                lodepng_info_cleanup
 .text.lodepng_convert
                0x23f10dc4      0xbb8 build/dsi_xlcdc_9x75curiosity_wsRnd/debug/_ext/1577670033/lodepng.o
                0x23f10dc4                lodepng_convert
 .text.lodepng_inspect
                0x23f1197c      0x290 build/dsi_xlcdc_9x75curiosity_wsRnd/debug/_ext/1577670033/lodepng.o
                0x23f1197c                lodepng_inspect
 .text.lodepng_decode
                0x23f11c0c     0x1740 build/dsi_xlcdc_9x75curiosity_wsRnd/debug/_ext/1577670033/lodepng.o
                0x23f11c0c                lodepng_decode
 .text.lodepng_decoder_settings_init
                0x23f1334c       0x2c build/dsi_xlcdc_9x75curiosity_wsRnd/debug/_ext/1577670033/lodepng.o
                0x23f1334c                lodepng_decoder_settings_init
 .text.lodepng_state_init
                0x23f13378       0x28 build/dsi_xlcdc_9x75curiosity_wsRnd/debug/_ext/1577670033/lodepng.o
                0x23f13378                lodepng_state_init
 .text.lodepng_state_cleanup
                0x23f133a0       0x1c build/dsi_xlcdc_9x75curiosity_wsRnd/debug/_ext/1577670033/lodepng.o
                0x23f133a0                lodepng_state_cleanup
 .text.lodepng_decode_memory
                0x23f133bc       0x68 build/dsi_xlcdc_9x75curiosity_wsRnd/debug/_ext/1577670033/lodepng.o
                0x23f133bc                lodepng_decode_memory
 .text.stage_rejectMaskedColor
                0x23f13424       0x24 build/dsi_xlcdc_9x75curiosity_wsRnd/debug/_ext/1577671568/legato_imagedecoder_raw_mask.o
 .text._leRawImageDecoder_MaskStage_Internal
                0x23f13448       0x30 build/dsi_xlcdc_9x75curiosity_wsRnd/debug/_ext/1577671568/legato_imagedecoder_raw_mask.o
                0x23f13448                _leRawImageDecoder_MaskStage_Internal
 .text.stage_sourceIterateSetup
                0x23f13478       0xb4 build/dsi_xlcdc_9x75curiosity_wsRnd/debug/_ext/1577671568/legato_imagedecoder_raw_setup.o
 .text.stage_targetIterateSetup
                0x23f1352c       0x94 build/dsi_xlcdc_9x75curiosity_wsRnd/debug/_ext/1577671568/legato_imagedecoder_raw_setup.o
 .text._leRawImageDecoder_SourceIterateSetupStage
                0x23f135c0       0x38 build/dsi_xlcdc_9x75curiosity_wsRnd/debug/_ext/1577671568/legato_imagedecoder_raw_setup.o
                0x23f135c0                _leRawImageDecoder_SourceIterateSetupStage
 .text._leRawImageDecoder_TargetIterateSetupStage
                0x23f135f8       0x38 build/dsi_xlcdc_9x75curiosity_wsRnd/debug/_ext/1577671568/legato_imagedecoder_raw_setup.o
                0x23f135f8                _leRawImageDecoder_TargetIterateSetupStage
 .text.stage_convertColor
                0x23f13630       0x2c build/dsi_xlcdc_9x75curiosity_wsRnd/debug/_ext/1577671568/legato_imagedecoder_raw_convert.o
 .text._leRawImageDecoder_ConvertStage
                0x23f1365c       0x90 build/dsi_xlcdc_9x75curiosity_wsRnd/debug/_ext/1577671568/legato_imagedecoder_raw_convert.o
                0x23f1365c                _leRawImageDecoder_ConvertStage
 .text.stage_BlendRGBA5551
                0x23f136ec       0x1c build/dsi_xlcdc_9x75curiosity_wsRnd/debug/_ext/1577671568/legato_imagedecoder_raw_blend.o
 .text.stage_BlendARGB8888
                0x23f13708       0x70 build/dsi_xlcdc_9x75curiosity_wsRnd/debug/_ext/1577671568/legato_imagedecoder_raw_blend.o
 .text.stage_BlendRGBA8888
                0x23f13778       0x70 build/dsi_xlcdc_9x75curiosity_wsRnd/debug/_ext/1577671568/legato_imagedecoder_raw_blend.o
 .text._leRawImageDecoder_BlendStage_Internal
                0x23f137e8       0xb0 build/dsi_xlcdc_9x75curiosity_wsRnd/debug/_ext/1577671568/legato_imagedecoder_raw_blend.o
                0x23f137e8                _leRawImageDecoder_BlendStage_Internal
 .text._supportsImage
                0x23f13898       0x14 build/dsi_xlcdc_9x75curiosity_wsRnd/debug/_ext/1577671568/legato_imagedecoder_raw.o
 .text._decoderCleanup
                0x23f138ac       0x64 build/dsi_xlcdc_9x75curiosity_wsRnd/debug/_ext/1577671568/legato_imagedecoder_raw.o
 .text._decoderExec
                0x23f13910       0x84 build/dsi_xlcdc_9x75curiosity_wsRnd/debug/_ext/1577671568/legato_imagedecoder_raw.o
 .text._decoderIsDone
                0x23f13994       0x10 build/dsi_xlcdc_9x75curiosity_wsRnd/debug/_ext/1577671568/legato_imagedecoder_raw.o
 .text._initReadStage
                0x23f139a4       0x1c build/dsi_xlcdc_9x75curiosity_wsRnd/debug/_ext/1577671568/legato_imagedecoder_raw.o
 .text._initMaskStage
                0x23f139c0       0x24 build/dsi_xlcdc_9x75curiosity_wsRnd/debug/_ext/1577671568/legato_imagedecoder_raw.o
 .text._initBlendStage
                0x23f139e4       0x44 build/dsi_xlcdc_9x75curiosity_wsRnd/debug/_ext/1577671568/legato_imagedecoder_raw.o
 .text._initConvertStage
                0x23f13a28       0x4c build/dsi_xlcdc_9x75curiosity_wsRnd/debug/_ext/1577671568/legato_imagedecoder_raw.o
 .text._rotateDraw
                0x23f13a74      0x2b0 build/dsi_xlcdc_9x75curiosity_wsRnd/debug/_ext/1577671568/legato_imagedecoder_raw.o
 .text._rotate  0x23f13d24      0x2f4 build/dsi_xlcdc_9x75curiosity_wsRnd/debug/_ext/1577671568/legato_imagedecoder_raw.o
 .text._resizeDraw
                0x23f14018      0x294 build/dsi_xlcdc_9x75curiosity_wsRnd/debug/_ext/1577671568/legato_imagedecoder_raw.o
 .text._resize  0x23f142ac      0x238 build/dsi_xlcdc_9x75curiosity_wsRnd/debug/_ext/1577671568/legato_imagedecoder_raw.o
 .text._copy    0x23f144e4      0x1b8 build/dsi_xlcdc_9x75curiosity_wsRnd/debug/_ext/1577671568/legato_imagedecoder_raw.o
 .text._initLookupStage
                0x23f1469c       0x4c build/dsi_xlcdc_9x75curiosity_wsRnd/debug/_ext/1577671568/legato_imagedecoder_raw.o
 .text._render  0x23f146e8      0x260 build/dsi_xlcdc_9x75curiosity_wsRnd/debug/_ext/1577671568/legato_imagedecoder_raw.o
 .text._draw    0x23f14948      0x2f4 build/dsi_xlcdc_9x75curiosity_wsRnd/debug/_ext/1577671568/legato_imagedecoder_raw.o
 .text._leRawImageDecoder_Init
                0x23f14c3c       0xa8 build/dsi_xlcdc_9x75curiosity_wsRnd/debug/_ext/1577671568/legato_imagedecoder_raw.o
                0x23f14c3c                _leRawImageDecoder_Init
 .text._leRawImageDecoder_InjectStage
                0x23f14ce4       0x38 build/dsi_xlcdc_9x75curiosity_wsRnd/debug/_ext/1577671568/legato_imagedecoder_raw.o
                0x23f14ce4                _leRawImageDecoder_InjectStage
 .text.stage_decode
                0x23f14d1c       0x74 build/dsi_xlcdc_9x75curiosity_wsRnd/debug/_ext/1577671568/legato_imagedecoder_raw_read_internal.o
 .text.rleRandomDecode
                0x23f14d90       0x54 build/dsi_xlcdc_9x75curiosity_wsRnd/debug/_ext/1577671568/legato_imagedecoder_raw_read_internal.o
 .text.rleSequentialDecode
                0x23f14de4       0x48 build/dsi_xlcdc_9x75curiosity_wsRnd/debug/_ext/1577671568/legato_imagedecoder_raw_read_internal.o
 .text.colorDecode
                0x23f14e2c       0x34 build/dsi_xlcdc_9x75curiosity_wsRnd/debug/_ext/1577671568/legato_imagedecoder_raw_read_internal.o
 .text.indexRLERandomDecode
                0x23f14e60       0x80 build/dsi_xlcdc_9x75curiosity_wsRnd/debug/_ext/1577671568/legato_imagedecoder_raw_read_internal.o
 .text.indexRLESequentialDecode
                0x23f14ee0       0x74 build/dsi_xlcdc_9x75curiosity_wsRnd/debug/_ext/1577671568/legato_imagedecoder_raw_read_internal.o
 .text.indexDecode
                0x23f14f54       0x30 build/dsi_xlcdc_9x75curiosity_wsRnd/debug/_ext/1577671568/legato_imagedecoder_raw_read_internal.o
 .text._leRawImageDecoder_ReadStage_Internal
                0x23f14f84      0x100 build/dsi_xlcdc_9x75curiosity_wsRnd/debug/_ext/1577671568/legato_imagedecoder_raw_read_internal.o
                0x23f14f84                _leRawImageDecoder_ReadStage_Internal
 .text.stage_rotateNearestNeighborPreRead
                0x23f15084      0x120 build/dsi_xlcdc_9x75curiosity_wsRnd/debug/_ext/1577671568/legato_imagedecoder_raw_rotate.o
 .text.stage_bilinearPreRead
                0x23f151a4      0x20c build/dsi_xlcdc_9x75curiosity_wsRnd/debug/_ext/1577671568/legato_imagedecoder_raw_rotate.o
 .text.stage_rotateBilinearPostRead
                0x23f153b0       0x60 build/dsi_xlcdc_9x75curiosity_wsRnd/debug/_ext/1577671568/legato_imagedecoder_raw_rotate.o
 .text._leRawImageDecoder_RotateNearestNeighborPreReadStage
                0x23f15410       0x30 build/dsi_xlcdc_9x75curiosity_wsRnd/debug/_ext/1577671568/legato_imagedecoder_raw_rotate.o
                0x23f15410                _leRawImageDecoder_RotateNearestNeighborPreReadStage
 .text._leRawImageDecoder_RotateBilinearPreReadStage
                0x23f15440       0x38 build/dsi_xlcdc_9x75curiosity_wsRnd/debug/_ext/1577671568/legato_imagedecoder_raw_rotate.o
                0x23f15440                _leRawImageDecoder_RotateBilinearPreReadStage
 .text._leRawImageDecoder_RotateBilinearPostReadStage
                0x23f15478       0x30 build/dsi_xlcdc_9x75curiosity_wsRnd/debug/_ext/1577671568/legato_imagedecoder_raw_rotate.o
                0x23f15478                _leRawImageDecoder_RotateBilinearPostReadStage
 .text.stage_FrameBufferWrite
                0x23f154a8       0x24 build/dsi_xlcdc_9x75curiosity_wsRnd/debug/_ext/1577671568/legato_imagedecoder_raw_write.o
 .text.stage_ImageWrite
                0x23f154cc       0x28 build/dsi_xlcdc_9x75curiosity_wsRnd/debug/_ext/1577671568/legato_imagedecoder_raw_write.o
 .text._leRawImageDecoder_FrameBufferWriteStage
                0x23f154f4       0x30 build/dsi_xlcdc_9x75curiosity_wsRnd/debug/_ext/1577671568/legato_imagedecoder_raw_write.o
                0x23f154f4                _leRawImageDecoder_FrameBufferWriteStage
 .text._leRawImageDecoder_ImageWriteStage
                0x23f15524       0x30 build/dsi_xlcdc_9x75curiosity_wsRnd/debug/_ext/1577671568/legato_imagedecoder_raw_write.o
                0x23f15524                _leRawImageDecoder_ImageWriteStage
 .text.stage_imageRenderPostLookup
                0x23f15554       0x48 build/dsi_xlcdc_9x75curiosity_wsRnd/debug/_ext/1577671568/legato_imagedecoder_raw_palette_internal.o
 .text.stage_lookup
                0x23f1559c       0x40 build/dsi_xlcdc_9x75curiosity_wsRnd/debug/_ext/1577671568/legato_imagedecoder_raw_palette_internal.o
 .text._leRawImageDecoder_LookupStage_Internal
                0x23f155dc       0x54 build/dsi_xlcdc_9x75curiosity_wsRnd/debug/_ext/1577671568/legato_imagedecoder_raw_palette_internal.o
                0x23f155dc                _leRawImageDecoder_LookupStage_Internal
 .text._leRawImageDecoder_ImageRenderPostLookupStage
                0x23f15630       0x38 build/dsi_xlcdc_9x75curiosity_wsRnd/debug/_ext/1577671568/legato_imagedecoder_raw_palette_internal.o
                0x23f15630                _leRawImageDecoder_ImageRenderPostLookupStage
 .text.stage_postRead
                0x23f15668       0x14 build/dsi_xlcdc_9x75curiosity_wsRnd/debug/_ext/1577671568/legato_imagedecoder_raw_scale.o
 .text.stage_scaledNearestNeighborPreRead
                0x23f1567c       0xc4 build/dsi_xlcdc_9x75curiosity_wsRnd/debug/_ext/1577671568/legato_imagedecoder_raw_scale.o
 .text.stage_bilinearPreRead
                0x23f15740      0x164 build/dsi_xlcdc_9x75curiosity_wsRnd/debug/_ext/1577671568/legato_imagedecoder_raw_scale.o
 .text.stage_scaledBilinearPostRead
                0x23f158a4       0x8c build/dsi_xlcdc_9x75curiosity_wsRnd/debug/_ext/1577671568/legato_imagedecoder_raw_scale.o
 .text._leRawImageDecoder_ScaleNearestNeighborPreReadStage
                0x23f15930       0x6c build/dsi_xlcdc_9x75curiosity_wsRnd/debug/_ext/1577671568/legato_imagedecoder_raw_scale.o
                0x23f15930                _leRawImageDecoder_ScaleNearestNeighborPreReadStage
 .text._leRawImageDecoder_ScaleBilinearPreReadStage
                0x23f1599c       0x74 build/dsi_xlcdc_9x75curiosity_wsRnd/debug/_ext/1577671568/legato_imagedecoder_raw_scale.o
                0x23f1599c                _leRawImageDecoder_ScaleBilinearPreReadStage
 .text._leRawImageDecoder_PostReadStage
                0x23f15a10       0x30 build/dsi_xlcdc_9x75curiosity_wsRnd/debug/_ext/1577671568/legato_imagedecoder_raw_scale.o
                0x23f15a10                _leRawImageDecoder_PostReadStage
 .text._leRawImageDecoder_ScaleBilinearPostReadStage
                0x23f15a40       0x30 build/dsi_xlcdc_9x75curiosity_wsRnd/debug/_ext/1577671568/legato_imagedecoder_raw_scale.o
                0x23f15a40                _leRawImageDecoder_ScaleBilinearPostReadStage
 .text.leImage_InitDecoders
                0x23f15a70       0x30 build/dsi_xlcdc_9x75curiosity_wsRnd/debug/_ext/167369079/legato_image.o
                0x23f15a70                leImage_InitDecoders
 .text.leImage_Create
                0x23f15aa0       0x94 build/dsi_xlcdc_9x75curiosity_wsRnd/debug/_ext/167369079/legato_image.o
                0x23f15aa0                leImage_Create
 .text.leImage_Allocate
                0x23f15b34       0xb4 build/dsi_xlcdc_9x75curiosity_wsRnd/debug/_ext/167369079/legato_image.o
                0x23f15b34                leImage_Allocate
 .text.leImage_Draw
                0x23f15be8       0xd4 build/dsi_xlcdc_9x75curiosity_wsRnd/debug/_ext/167369079/legato_image.o
                0x23f15be8                leImage_Draw
 .text.getDiscreteValueAtIndex1
                0x23f15cbc       0x18 build/dsi_xlcdc_9x75curiosity_wsRnd/debug/_ext/167369079/legato_image_utils.o
 .text.getDiscreteValueAtIndex4
                0x23f15cd4       0x10 build/dsi_xlcdc_9x75curiosity_wsRnd/debug/_ext/167369079/legato_image_utils.o
 .text.getDiscreteValueAtIndex8
                0x23f15ce4        0x8 build/dsi_xlcdc_9x75curiosity_wsRnd/debug/_ext/167369079/legato_image_utils.o
 .text.calcOffset1bpp
                0x23f15cec        0x8 build/dsi_xlcdc_9x75curiosity_wsRnd/debug/_ext/167369079/legato_image_utils.o
 .text.calcOffset4bpp
                0x23f15cf4        0x8 build/dsi_xlcdc_9x75curiosity_wsRnd/debug/_ext/167369079/legato_image_utils.o
 .text.calcOffset8bpp
                0x23f15cfc        0x4 build/dsi_xlcdc_9x75curiosity_wsRnd/debug/_ext/167369079/legato_image_utils.o
 .text.calcOffset16bpp
                0x23f15d00        0x8 build/dsi_xlcdc_9x75curiosity_wsRnd/debug/_ext/167369079/legato_image_utils.o
 .text.calcOffset24bpp
                0x23f15d08        0x8 build/dsi_xlcdc_9x75curiosity_wsRnd/debug/_ext/167369079/legato_image_utils.o
 .text.calcOffset32bpp
                0x23f15d10        0x8 build/dsi_xlcdc_9x75curiosity_wsRnd/debug/_ext/167369079/legato_image_utils.o
 .text.leGetRLEDataAtIndex
                0x23f15d18       0xd8 build/dsi_xlcdc_9x75curiosity_wsRnd/debug/_ext/167369079/legato_image_utils.o
                0x23f15d18                leGetRLEDataAtIndex
 .text.leGetDiscreteValueAtIndex
                0x23f15df0       0x18 build/dsi_xlcdc_9x75curiosity_wsRnd/debug/_ext/167369079/legato_image_utils.o
                0x23f15df0                leGetDiscreteValueAtIndex
 .text.leGetOffsetFromIndexAndBPP
                0x23f15e08       0x18 build/dsi_xlcdc_9x75curiosity_wsRnd/debug/_ext/167369079/legato_image_utils.o
                0x23f15e08                leGetOffsetFromIndexAndBPP
 .text._insertIntoList
                0x23f15e20       0x84 build/dsi_xlcdc_9x75curiosity_wsRnd/debug/_ext/1000968293/legato_variableheap.o
 .text._removeFromList
                0x23f15ea4       0x38 build/dsi_xlcdc_9x75curiosity_wsRnd/debug/_ext/1000968293/legato_variableheap.o
 .text._findPreviousBlock
                0x23f15edc       0xa0 build/dsi_xlcdc_9x75curiosity_wsRnd/debug/_ext/1000968293/legato_variableheap.o
 .text._findNextBlock