Archive member included to satisfy reference by file (symbol)

c:/program files/microchip/xc32/v4.40/bin/bin/../../lib/gcc/pic32c/8.3.1/arm/v5te/nofp\libgcc.a(_udivsi3.o)
                              build/default/debug/_ext/1510041067/legato_math.o (__aeabi_uidiv)
c:/program files/microchip/xc32/v4.40/bin/bin/../../lib/gcc/pic32c/8.3.1/arm/v5te/nofp\libgcc.a(_divsi3.o)
                              build/default/debug/_ext/1510041067/legato_math.o (__aeabi_idiv)
c:/program files/microchip/xc32/v4.40/bin/bin/../../lib/gcc/pic32c/8.3.1/arm/v5te/nofp\libgcc.a(_dvmd_tls.o)
                              c:/program files/microchip/xc32/v4.40/bin/bin/../../lib/gcc/pic32c/8.3.1/arm/v5te/nofp\libgcc.a(_udivsi3.o) (__aeabi_idiv0)
c:/program files/microchip/xc32/v4.40/bin/bin/../../lib/gcc/pic32c/8.3.1/arm/v5te/nofp\libgcc.a(_arm_addsubdf3.o)
                              build/default/debug/_ext/412764825/plib_xlcdc.o (__aeabi_f2d)
c:/program files/microchip/xc32/v4.40/bin/bin/../../lib/gcc/pic32c/8.3.1/arm/v5te/nofp\libgcc.a(_arm_cmpdf2.o)
                              build/default/debug/_ext/412764825/plib_xlcdc.o (__aeabi_dcmplt)
c:/program files/microchip/xc32/v4.40/bin/bin/../../lib/gcc/pic32c/8.3.1/arm/v5te/nofp\libgcc.a(_arm_addsubsf3.o)
                              build/default/debug/_ext/1510041067/legato_math.o (__aeabi_fsub)
c:/program files/microchip/xc32/v4.40/bin/bin/../../lib/gcc/pic32c/8.3.1/arm/v5te/nofp\libgcc.a(_arm_muldivsf3.o)
                              build/default/debug/_ext/1510041067/legato_math.o (__aeabi_fmul)
c:/program files/microchip/xc32/v4.40/bin/bin/../../lib/gcc/pic32c/8.3.1/arm/v5te/nofp\libgcc.a(_arm_cmpsf2.o)
                              build/default/debug/_ext/1510041067/legato_math.o (__aeabi_fcmplt)
c:/program files/microchip/xc32/v4.40/bin/bin/../../lib/gcc/pic32c/8.3.1/arm/v5te/nofp\libgcc.a(_arm_fixsfsi.o)
                              build/default/debug/_ext/1510041067/legato_math.o (__aeabi_f2iz)
c:/program files/microchip/xc32/v4.40/bin/bin/../../lib/gcc/pic32c/8.3.1/arm/v5te/nofp\libgcc.a(_arm_fixunssfsi.o)
                              build/default/debug/_ext/1510041067/legato_math.o (__aeabi_f2uiz)
c:/program files/microchip/xc32/v4.40/bin/bin/../../lib/gcc/pic32c/8.3.1/arm/v5te/nofp\libgcc.a(_aeabi_uldivmod.o)
                              build/default/debug/_ext/101884895/sys_time.o (__aeabi_uldivmod)
c:/program files/microchip/xc32/v4.40/bin/bin/../../lib/gcc/pic32c/8.3.1/arm/v5te/nofp\libgcc.a(_udivmoddi4.o)
                              c:/program files/microchip/xc32/v4.40/bin/bin/../../lib/gcc/pic32c/8.3.1/arm/v5te/nofp\libgcc.a(_aeabi_uldivmod.o) (__udivmoddi4)
c:/program files/microchip/xc32/v4.40/bin/bin/../../lib/gcc/pic32c/8.3.1/../../../../pic32c/lib/arm/v5te/nofp\libc-size-musl.a(memcpy.o)
                              build/default/debug/_ext/1510041067/legato_pixelbuffer.o (memcpy)
c:/program files/microchip/xc32/v4.40/bin/bin/../../lib/gcc/pic32c/8.3.1/../../../../pic32c/lib/arm/v5te/nofp\libc-size-musl.a(memset.o)
                              build/default/debug/_ext/1992993867/rpi_touch_display.o (memset)
c:/program files/microchip/xc32/v4.40/bin/bin/../../lib/gcc/pic32c/8.3.1/../../../../pic32c/lib/arm/v5te/nofp\libc-size-musl.a(strlen.o)
                              build/default/debug/_ext/1047211973/legato_stringutils.o (strlen)
c:/program files/microchip/xc32/v4.40/bin/bin/../../lib/gcc/pic32c/8.3.1/../../../../pic32c/lib/arm/v5te/nofp\libm-musl.a(atan.o)
                              build/default/debug/_ext/1510041067/legato_math.o (atan)
c:/program files/microchip/xc32/v4.40/bin/bin/../../lib/gcc/pic32c/8.3.1/../../../../pic32c/lib/arm/v5te/nofp\libm-musl.a(fabs.o)
                              c:/program files/microchip/xc32/v4.40/bin/bin/../../lib/gcc/pic32c/8.3.1/../../../../pic32c/lib/arm/v5te/nofp\libm-musl.a(atan.o) (fabs)
c:/program files/microchip/xc32/v4.40/bin/bin/../../lib/gcc/pic32c/8.3.1/../../../../pic32c/lib/arm/v5te/nofp\libg-musl.a(__libc_start_main.o)
                              build/default/debug/_ext/1171490990/cstartup.o (__libc_init_array)
c:/program files/microchip/xc32/v4.40/bin/bin/../../lib/gcc/pic32c/8.3.1/../../../../pic32c/lib/arm/v5te/nofp\libg-musl.a(libc.o)
                              c:/program files/microchip/xc32/v4.40/bin/bin/../../lib/gcc/pic32c/8.3.1/../../../../pic32c/lib/arm/v5te/nofp\libg-musl.a(__libc_start_main.o) (__progname_full)
c:/program files/microchip/xc32/v4.40/bin/bin/../../lib/gcc/pic32c/8.3.1/../../../../pic32c/lib/arm/v5te/nofp\libg-musl.a(__sio_printf_dnpuxX.o)
                              (_printf_dnpuxX)
c:/program files/microchip/xc32/v4.40/bin/bin/../../lib/gcc/pic32c/8.3.1/../../../../pic32c/lib/arm/v5te/nofp\libg-musl.a(__sio_sprintf_dnpuxX.o)
                              (_sprintf_dnpuxX)
c:/program files/microchip/xc32/v4.40/bin/bin/../../lib/gcc/pic32c/8.3.1/../../../../pic32c/lib/arm/v5te/nofp\libg-musl.a(__fmt_d.o)
[...]
Memory Configuration

Name             Origin             Length             Attributes
sram             0x0000000000300000 0x0000000000010000 xw
ram              0x0000000021000000 0x000000000f000000 xwl !r
ram_nocache      0x0000000020000000 0x0000000001000000 !xrw
rom              0x0000000000000000 0x0000000000000000 xrl
*default*        0x0000000000000000 0xffffffffffffffff

Linker script and memory map

LOAD c:/program files/microchip/xc32/v4.40/bin/bin/../../lib/gcc/pic32c/8.3.1/arm/v5te/nofp/crti.o
LOAD c:/program files/microchip/xc32/v4.40/bin/bin/../../lib/gcc/pic32c/8.3.1/arm/v5te/nofp/crtbegin.o
LOAD build/default/debug/_ext/1992993867/rpi_touch_display.o
LOAD build/default/debug/_ext/662047379/legato_widget_groupbox_skin_classic.o
LOAD build/default/debug/_ext/1494086919/le_gen_fonts.o
LOAD build/default/debug/_ext/1171490990/fault_handlers.o
LOAD build/default/debug/_ext/158385033/drv_i2c.o
LOAD build/default/debug/_ext/739734770/legato_widget_rectangle.o
LOAD build/default/debug/_ext/1232982741/legato_fixedheap.o
LOAD build/default/debug/_ext/1908827647/legato_widget_circular_slider_skin_classic.o
LOAD build/default/debug/_ext/1231657756/legato_widget_listwheel.o
LOAD build/default/debug/_ext/1510041067/legato_pixelbuffer.o
LOAD build/default/debug/_ext/943273362/legato_widget_skin_classic_common.o
LOAD build/default/debug/_ext/1510041067/legato_math.o
LOAD build/default/debug/_ext/368479812/legato_widget_checkbox.o
LOAD build/default/debug/_ext/930643953/le_gen_images.o
LOAD build/default/debug/_ext/1043708429/legato_widget_button_skin_classic.o
LOAD build/default/debug/_ext/60163497/plib_aic.o
LOAD build/default/debug/_ext/937247594/le_gen_screen_Screen0.o
LOAD build/default/debug/_ext/1310443605/legato_widget_imagerotate.o
LOAD build/default/debug/_ext/1360937237/app.o
LOAD build/default/debug/_ext/1063535966/drv_gfx2d.o
LOAD build/default/debug/_ext/1994224581/legato_widget_imagesequence_skin_classic.o
LOAD build/default/debug/_ext/460669194/legato_imagedecoder_raw_write.o
LOAD build/default/debug/_ext/163028504/xc32_monitor.o
LOAD build/default/debug/_ext/1510041067/legato_color_value.o
LOAD build/default/debug/_ext/101884895/sys_time.o
LOAD build/default/debug/_ext/2021927327/legato_rectarray.o
LOAD build/default/debug/_ext/1510041067/legato_color_lerp.o
LOAD build/default/debug/_ext/1788507403/legato_widget_line_skin_classic.o
LOAD build/default/debug/_ext/2021927327/legato_list.o
LOAD build/default/debug/_ext/460669194/legato_imagedecoder_raw_setup.o
LOAD build/default/debug/_ext/1788507403/legato_widget_line.o
LOAD build/default/debug/_ext/1443241019/legato_widget_scrollbar_skin_classic.o
LOAD build/default/debug/_ext/1510041067/legato_color_convert.o
LOAD build/default/debug/_ext/460669194/legato_imagedecoder_raw_palette_stream.o
LOAD build/default/debug/_ext/60177924/plib_pio.o
LOAD build/default/debug/_ext/1510041067/legato_utils.o
LOAD build/default/debug/_ext/800677739/legato_widget_keypad.o
LOAD build/default/debug/_ext/1379158940/legato_widget_bar_graph.o
LOAD build/default/debug/_ext/1047211973/legato_stringutils.o
LOAD build/default/debug/_ext/1723202356/legato_radiobutton_group.o
LOAD build/default/debug/_ext/1428714511/legato_image_utils.o
LOAD build/default/debug/_ext/656756333/legato_renderer.o
LOAD build/default/debug/_ext/1012651792/legato_widget_imagescale.o
LOAD build/default/debug/_ext/1012651792/legato_widget_imagescale_skin_classic.o
LOAD build/default/debug/_ext/943273362/legato_widget_skin_classic.o
LOAD build/default/debug/_ext/1319235455/gfx_driver.o
LOAD build/default/debug/_ext/1395618758/legato_imagedecoder_jpeg.o
LOAD build/default/debug/_ext/1788507233/legato_widget_list_skin_classic.o
LOAD build/default/debug/_ext/2046438975/legato_widget_radial_menu_state.o
LOAD build/default/debug/_ext/460669194/legato_imagedecoder_raw_blend.o
LOAD build/default/debug/_ext/1078761039/legato_widget_gradient_skin_classic.o
LOAD build/default/debug/_ext/92372729/legato_rasterfont_stream.o
LOAD build/default/debug/_ext/390595603/legato_widget_label_skin_classic.o
LOAD build/default/debug/_ext/1171490990/interrupts.o
LOAD build/default/debug/_ext/565667934/legato_widget_slider_skin_classic.o
LOAD build/default/debug/_ext/368479812/legato_widget_checkbox_skin_classic.o
LOAD build/default/debug/_ext/460669194/legato_imagedecoder_raw_mask.o
LOAD build/default/debug/_ext/412764825/plib_xlcdc.o
LOAD build/default/debug/_ext/1988019353/plib_gfx2d.o
LOAD build/default/debug/_ext/1043708429/legato_widget_button.o
LOAD build/default/debug/_ext/1008098389/sys_input.o
LOAD build/default/debug/_ext/645187449/legato_widget_line_graph.o
LOAD build/default/debug/_ext/1402498444/legato_widget_textfield_skin_classic.o
LOAD build/default/debug/_ext/460669194/legato_imagedecoder_raw_convert.o
LOAD build/default/debug/_ext/1232982741/legato_memory.o
LOAD build/default/debug/_ext/1026237551/legato_widget_circle.o
LOAD build/default/debug/_ext/616308571/legato_widget_progressbar_skin_classic.o
LOAD build/default/debug/_ext/1171490990/cstartup.o
LOAD build/default/debug/_ext/460667659/lodepng.o
LOAD build/default/debug/_ext/92372729/legato_rasterfont_liberationmono8.o
LOAD build/default/debug/_ext/92283465/legato_scheme.o
LOAD build/default/debug/_ext/388181626/legato_widget_image_skin_classic.o
LOAD build/default/debug/_ext/1510041067/legato_color_blend.o
LOAD build/default/debug/_ext/943273362/legato_widget.o
LOAD build/default/debug/_ext/2046438975/legato_widget_radial_menu.o
LOAD build/default/debug/_ext/1720272079/legato_widget_arc.o
LOAD build/default/debug/_ext/1360937237/main.o
LOAD build/default/debug/_ext/1310443605/legato_widget_imagerotate_skin_classic.o
LOAD build/default/debug/_ext/1395707457/legato_imagedecoder_mono.o
LOAD build/default/debug/_ext/616308571/legato_widget_progressbar.o
LOAD build/default/debug/_ext/1047211973/legato_string_renderer_stream.o
LOAD build/default/debug/_ext/645187449/legato_widget_line_graph_skin_classic.o
LOAD build/default/debug/_ext/1232982741/legato_variableheap.o
LOAD build/default/debug/_ext/460669194/legato_imagedecoder_raw_palette_internal.o
LOAD build/default/debug/_ext/1047211973/legato_string_renderer.o
LOAD build/default/debug/_ext/739734770/legato_widget_rectangle_skin_classic.o
LOAD build/default/debug/_ext/388181626/legato_widget_image.o
LOAD build/default/debug/_ext/1078761039/legato_widget_gradient.o
LOAD build/default/debug/_ext/453772623/legato_widget_window.o
LOAD build/default/debug/_ext/1231657756/legato_widget_listwheel_skin_classic.o
LOAD build/default/debug/_ext/1496299024/legato_widget_touchtest_skin_classic.o
LOAD build/default/debug/_ext/429438372/plib_flexcom6_twi_master.o
LOAD build/default/debug/_ext/2143783897/legato_widget_circular_gauge_skin_classic.o
LOAD build/default/debug/_ext/943273362/legato_editwidget.o
LOAD build/default/debug/_ext/1008098389/sys_input_listener.o
LOAD build/default/debug/_ext/60180192/plib_rtt.o
LOAD build/default/debug/_ext/1395618758/legato_imagedecoder_jpeg_common.o
LOAD build/default/debug/_ext/1510041067/legato_error.o
LOAD build/default/debug/_ext/460667659/legato_imagedecoder_png.o
LOAD build/default/debug/_ext/1626882341/le_gen_init.o
LOAD build/default/debug/_ext/1047211973/legato_fixedstring.o
LOAD build/default/debug/_ext/1395618758/jidctint.o
LOAD build/default/debug/_ext/460669194/legato_imagedecoder_raw_read_internal.o
LOAD build/default/debug/_ext/1496299024/legato_widget_touchtest.o
LOAD build/default/debug/_ext/119635701/drv_gfx_xlcdc.o
LOAD build/default/debug/_ext/1026237551/legato_widget_circle_skin_classic.o
LOAD build/default/debug/_ext/1171490990/initialization.o
LOAD build/default/debug/_ext/1047211973/legato_dynamicstring.o
LOAD build/default/debug/_ext/662047379/legato_widget_groupbox.o
LOAD build/default/debug/_ext/1047211973/legato_stringtable.o
LOAD build/default/debug/_ext/92283465/legato_state.o
LOAD build/default/debug/_ext/1857376173/legato_widget_pie_chart_skin_classic.o
LOAD build/default/debug/_ext/1047211973/legato_string.o
LOAD build/default/debug/_ext/460669194/legato_imagedecoder_raw_read_stream_color.o
LOAD build/default/debug/_ext/2046438975/legato_widget_radial_menu_skin_classic.o
LOAD build/default/debug/_ext/453772623/legato_widget_window_skin_classic.o
LOAD build/default/debug/_ext/1402498444/legato_widget_textfield.o
LOAD build/default/debug/_ext/1828717368/legato_widget_drawsurface_skin_classic.o
LOAD build/default/debug/_ext/1723202356/legato_widget_radiobutton_skin_classic.o
LOAD build/default/debug/_ext/656756333/legato_draw_arc.o
LOAD build/default/debug/_ext/656756333/legato_draw_rect.o
LOAD build/default/debug/_ext/1510041067/legato_rect.o
LOAD build/default/debug/_ext/460669194/legato_imagedecoder_raw.o
LOAD build/default/debug/_ext/92283465/legato_input.o
LOAD build/default/debug/_ext/2021927327/legato_array.o
LOAD build/default/debug/_ext/1428714511/legato_palette.o
LOAD build/default/debug/_ext/656756333/legato_draw_line.o
LOAD build/default/debug/_ext/1510041067/legato_color.o
LOAD build/default/debug/_ext/60175171/plib_mmu.o
LOAD build/default/debug/_ext/1908827647/legato_widget_circular_slider.o
LOAD build/default/debug/_ext/460669194/legato_imagedecoder_raw_read_stream_rlecolor.o
LOAD build/default/debug/_ext/390595603/legato_widget_label.o
LOAD build/default/debug/_ext/1626882341/le_gen_scheme.o
LOAD build/default/debug/_ext/1723202356/legato_widget_radiobutton.o
LOAD build/default/debug/_ext/1379158940/legato_widget_bar_graph_skin_classic.o
LOAD build/default/debug/_ext/800677739/legato_widget_keypad_skin_classic.o
LOAD build/default/debug/_ext/460669194/legato_imagedecoder_raw_rotate.o
LOAD build/default/debug/_ext/92283465/legato_stream.o
LOAD build/default/debug/_ext/656756333/legato_gpu.o
LOAD build/default/debug/_ext/1788507233/legato_widget_list.o
LOAD build/default/debug/_ext/1881668453/sys_int.o
LOAD build/default/debug/_ext/1395707457/legato_imagedecoder_mono_read_stream.o
LOAD build/default/debug/_ext/1014039709/sys_cache.o
LOAD build/default/debug/_ext/1428714511/legato_image.o
LOAD build/default/debug/_ext/60165520/plib_clk.o
LOAD build/default/debug/_ext/460669194/legato_imagedecoder_raw_read_stream_rleindex.o
LOAD build/default/debug/_ext/1720272079/legato_widget_arc_skin_classic.o
LOAD build/default/debug/_ext/1626882341/le_gen_stringtable.o
LOAD build/default/debug/_ext/92283465/legato_event.o
LOAD build/default/debug/_ext/92372729/legato_rasterfont_liberationmono1.o
LOAD build/default/debug/_ext/614491576/plib_dsi.o
LOAD build/default/debug/_ext/1626882341/le_gen_harmony.o
LOAD build/default/debug/_ext/565667934/legato_widget_slider.o
LOAD build/default/debug/_ext/1171490990/tasks.o
LOAD build/default/debug/_ext/2143783897/legato_widget_circular_gauge.o
LOAD build/default/debug/_ext/656756333/legato_draw.o
LOAD build/default/debug/_ext/1626882341/le_gen_globalpalette.o
LOAD build/default/debug/_ext/1857376173/legato_widget_pie_chart.o
LOAD build/default/debug/_ext/1047211973/legato_tablestring.o
LOAD build/default/debug/_ext/1395707457/legato_imagedecoder_mono_read_internal.o
LOAD build/default/debug/_ext/460669194/legato_imagedecoder_raw_scale.o
LOAD build/default/debug/_ext/1443241019/legato_widget_scrollbar.o
LOAD build/default/debug/_ext/460669194/legato_imagedecoder_raw_read_stream_index.o
LOAD build/default/debug/_ext/1828717368/legato_widget_drawsurface.o
LOAD build/default/debug/_ext/1994224581/legato_widget_imagesequence.o
LOAD build/default/debug/_ext/92372729/legato_font.o
LOAD build/default/debug/_ext/1360937237/appKey.o
LOAD build/default/debug/_ext/1360937237/appScreen.o
LOAD build/default/debug/_ext/1275055279/gfx_canvas.o
LOAD build/default/debug/_ext/1275055279/gfx_canvas_api.o
                0x0000000000000001                __MPLAB_BUILD = 0x1
                0x0000000000001000                C_STACK_SIZE = 0x1000
                0x0000000000000060                IRQ_STACK_SIZE = 0x60
                0x0000000000000060                FIQ_STACK_SIZE = 0x60
                0x0000000000001000                SVC_STACK_SIZE = 0x1000
                0x0000000000000040                ABT_STACK_SIZE = 0x40
                0x0000000000000040                UND_STACK_SIZE = 0x40

.text           0x0000000023f00000   0x3937c4
                0x0000000023f00000                . = ALIGN (0x4)
                [!provide]                        PROVIDE (_sfixed = .)
 *(.textEntry)
 .textEntry     0x0000000023f00000      0x10c build/default/debug/_ext/1171490990/cstartup.o
                0x0000000023f00000                entry
 *(.text .text.* .gnu.linkonce.t.*)
 .text          0x0000000023f0010c       0x70 c:/program files/microchip/xc32/v4.40/bin/bin/../../lib/gcc/pic32c/8.3.1/arm/v5te/nofp/crtbegin.o
 .text.DISP_WriteRegister
                0x0000000023f0017c       0x5c build/default/debug/_ext/1992993867/rpi_touch_display.o
 .text.DISP_I2CEventHandler
                0x0000000023f001d8       0x98 build/default/debug/_ext/1992993867/rpi_touch_display.o
 .text.DISP_TC358762XBG_Write
                0x0000000023f00270       0x54 build/default/debug/_ext/1992993867/rpi_touch_display.o
 .text.DISP_DelayMS
                0x0000000023f002c4       0x30 build/default/debug/_ext/1992993867/rpi_touch_display.o
 .text.DISP_DelayNextState
                0x0000000023f002f4       0x30 build/default/debug/_ext/1992993867/rpi_touch_display.o
 .text.DISP_RPi_Initialize
                0x0000000023f00324       0x30 build/default/debug/_ext/1992993867/rpi_touch_display.o
                0x0000000023f00324                DISP_RPi_Initialize
 .text.DISP_RPi_Update
                0x0000000023f00354      0x4e0 build/default/debug/_ext/1992993867/rpi_touch_display.o
                0x0000000023f00354                DISP_RPi_Update
 .text.undefined_instruction_irq_handler
                0x0000000023f00834        0x4 build/default/debug/_ext/1171490990/fault_handlers.o
                0x0000000023f00834                undefined_instruction_irq_handler
 .text.software_interrupt_irq_handler
                0x0000000023f00838        0x4 build/default/debug/_ext/1171490990/fault_handlers.o
                0x0000000023f00838                software_interrupt_irq_handler
 .text.data_abort_irq_handler
                0x0000000023f0083c        0x4 build/default/debug/_ext/1171490990/fault_handlers.o
                0x0000000023f0083c                data_abort_irq_handler
 .text.prefetch_abort_irq_handler
                0x0000000023f00840        0x4 build/default/debug/_ext/1171490990/fault_handlers.o
                0x0000000023f00840                prefetch_abort_irq_handler
 .text.lDRV_I2C_DriverHandleValidate
                0x0000000023f00844       0x6c build/default/debug/_ext/158385033/drv_i2c.o
 .text.lDRV_I2C_RemoveTransferObjFromList
                0x0000000023f008b0       0x28 build/default/debug/_ext/158385033/drv_i2c.o
 .text.lDRV_I2C_ClientCallback
                0x0000000023f008d8       0x80 build/default/debug/_ext/158385033/drv_i2c.o
 .text.lDRV_I2C_NextTransferInitiate
                0x0000000023f00958      0x130 build/default/debug/_ext/158385033/drv_i2c.o
 .text.lDRV_I2C_ResourceLock
                0x0000000023f00a88       0xdc build/default/debug/_ext/158385033/drv_i2c.o
 .text.lDRV_I2C_ResourceUnlock
                0x0000000023f00b64       0xbc build/default/debug/_ext/158385033/drv_i2c.o
 .text.lDRV_I2C_WriteReadTransferAdd
                0x0000000023f00c20      0x360 build/default/debug/_ext/158385033/drv_i2c.o
 .text.lDRV_I2C_PLibCallbackHandler
                0x0000000023f00f80       0x84 build/default/debug/_ext/158385033/drv_i2c.o
 .text.DRV_I2C_Initialize
                0x0000000023f01004       0xbc build/default/debug/_ext/158385033/drv_i2c.o
                0x0000000023f01004                DRV_I2C_Initialize
 .text.DRV_I2C_Open
                0x0000000023f010c0      0x1ac build/default/debug/_ext/158385033/drv_i2c.o
                0x0000000023f010c0                DRV_I2C_Open
 .text.DRV_I2C_TransferEventHandlerSet
                0x0000000023f0126c       0x50 build/default/debug/_ext/158385033/drv_i2c.o
                0x0000000023f0126c                DRV_I2C_TransferEventHandlerSet
 .text.DRV_I2C_ErrorGet
                0x0000000023f012bc       0x88 build/default/debug/_ext/158385033/drv_i2c.o
                0x0000000023f012bc                DRV_I2C_ErrorGet
 .text.DRV_I2C_WriteTransferAdd
                0x0000000023f01344       0x30 build/default/debug/_ext/158385033/drv_i2c.o
                0x0000000023f01344                DRV_I2C_WriteTransferAdd
 .text.DRV_I2C_WriteReadTransferAdd
                0x0000000023f01374       0x34 build/default/debug/_ext/158385033/drv_i2c.o
                0x0000000023f01374                DRV_I2C_WriteReadTransferAdd
 .text.leFixedHeap_Init
                0x0000000023f013a8       0xb0 build/default/debug/_ext/1232982741/legato_fixedheap.o
                0x0000000023f013a8                leFixedHeap_Init
 .text.leFixedHeap_Alloc
                0x0000000023f01458       0x48 build/default/debug/_ext/1232982741/legato_fixedheap.o
                0x0000000023f01458                leFixedHeap_Alloc
 .text.leFixedHeap_Free
                0x0000000023f014a0       0x1c build/default/debug/_ext/1232982741/legato_fixedheap.o
                0x0000000023f014a0                leFixedHeap_Free
 .text.leFixedHeap_Contains
                0x0000000023f014bc       0x60 build/default/debug/_ext/1232982741/legato_fixedheap.o
                0x0000000023f014bc                leFixedHeap_Contains
 .text.indexGet1bpp
                0x0000000023f0151c       0x20 build/default/debug/_ext/1510041067/legato_pixelbuffer.o
 .text.indexGet4bpp
                0x0000000023f0153c       0x18 build/default/debug/_ext/1510041067/legato_pixelbuffer.o
 .text.indexGet
                0x0000000023f01554       0x64 build/default/debug/_ext/1510041067/legato_pixelbuffer.o
 .text.get1byte
                0x0000000023f015b8        0x8 build/default/debug/_ext/1510041067/legato_pixelbuffer.o
 .text.get2byte
                0x0000000023f015c0        0x8 build/default/debug/_ext/1510041067/legato_pixelbuffer.o
 .text.get3byte
                0x0000000023f015c8       0x1c build/default/debug/_ext/1510041067/legato_pixelbuffer.o
 .text.get4byte
                0x0000000023f015e4        0x8 build/default/debug/_ext/1510041067/legato_pixelbuffer.o
 .text.set1byte
                0x0000000023f015ec        0xc build/default/debug/_ext/1510041067/legato_pixelbuffer.o
 .text.set2byte
                0x0000000023f015f8        0xc build/default/debug/_ext/1510041067/legato_pixelbuffer.o
 .text.set3byte
                0x0000000023f01604       0x1c build/default/debug/_ext/1510041067/legato_pixelbuffer.o
 .text.set4byte
                0x0000000023f01620        0xc build/default/debug/_ext/1510041067/legato_pixelbuffer.o
 .text.lePixelBufferCreate
                0x0000000023f0162c       0xd0 build/default/debug/_ext/1510041067/legato_pixelbuffer.o
                0x0000000023f0162c                lePixelBufferCreate
 .text.lePixelBufferOffsetGet
                0x0000000023f016fc       0x5c build/default/debug/_ext/1510041067/legato_pixelbuffer.o
                0x0000000023f016fc                lePixelBufferOffsetGet
 .text.lePixelBufferOffsetGet_Unsafe
                0x0000000023f01758       0x44 build/default/debug/_ext/1510041067/legato_pixelbuffer.o
                0x0000000023f01758                lePixelBufferOffsetGet_Unsafe
 .text.lePixelBufferGet_Unsafe
                0x0000000023f0179c       0x64 build/default/debug/_ext/1510041067/legato_pixelbuffer.o
                0x0000000023f0179c                lePixelBufferGet_Unsafe
 .text.lePixelBufferGet
                0x0000000023f01800       0x34 build/default/debug/_ext/1510041067/legato_pixelbuffer.o
                0x0000000023f01800                lePixelBufferGet
 .text.lePixelBufferClipRect
                0x0000000023f01834       0x84 build/default/debug/_ext/1510041067/legato_pixelbuffer.o
                0x0000000023f01834                lePixelBufferClipRect
 .text.lePixelBufferGetIndex_Unsafe
                0x0000000023f018b8       0x2c build/default/debug/_ext/1510041067/legato_pixelbuffer.o
                0x0000000023f018b8                lePixelBufferGetIndex_Unsafe
 .text.lePixelBufferSet_Unsafe
                0x0000000023f018e4       0x7c build/default/debug/_ext/1510041067/legato_pixelbuffer.o
                0x0000000023f018e4                lePixelBufferSet_Unsafe
 .text.lePixelBufferSet
                0x0000000023f01960       0x28 build/default/debug/_ext/1510041067/legato_pixelbuffer.o
                0x0000000023f01960                lePixelBufferSet
 .text.lePixelBufferAreaFill_Unsafe
                0x0000000023f01988      0x118 build/default/debug/_ext/1510041067/legato_pixelbuffer.o
                0x0000000023f01988                lePixelBufferAreaFill_Unsafe
 .text.lePixelBufferAreaFill
                0x0000000023f01aa0       0x70 build/default/debug/_ext/1510041067/legato_pixelbuffer.o
                0x0000000023f01aa0                lePixelBufferAreaFill
 .text.lePixelBufferCopy
                0x0000000023f01b10       0xd8 build/default/debug/_ext/1510041067/legato_pixelbuffer.o
                0x0000000023f01b10                lePixelBufferCopy
 .text.leWidget_SkinClassic_FillRoundCornerRect
                0x0000000023f01be8      0x2b4 build/default/debug/_ext/943273362/legato_widget_skin_classic_common.o
                0x0000000023f01be8                leWidget_SkinClassic_FillRoundCornerRect
 .text.leWidget_SkinClassic_DrawBackground
                0x0000000023f01e9c       0x68 build/default/debug/_ext/943273362/legato_widget_skin_classic_common.o
                0x0000000023f01e9c                leWidget_SkinClassic_DrawBackground
 .text.leWidget_SkinClassic_DrawRoundCornerBackground
                0x0000000023f01f04       0x40 build/default/debug/_ext/943273362/legato_widget_skin_classic_common.o
                0x0000000023f01f04                leWidget_SkinClassic_DrawRoundCornerBackground
 .text.leWidget_SkinClassic_DrawStandardBackground
                0x0000000023f01f44       0x38 build/default/debug/_ext/943273362/legato_widget_skin_classic_common.o
                0x0000000023f01f44                leWidget_SkinClassic_DrawStandardBackground
 .text.leWidget_SkinClassic_DrawRoundCornerLineBorder
                0x0000000023f01f7c      0x250 build/default/debug/_ext/943273362/legato_widget_skin_classic_common.o
                0x0000000023f01f7c                leWidget_SkinClassic_DrawRoundCornerLineBorder
 .text.leWidget_SkinClassic_DrawLineBorder
                0x0000000023f021cc       0xa4 build/default/debug/_ext/943273362/legato_widget_skin_classic_common.o
                0x0000000023f021cc                leWidget_SkinClassic_DrawLineBorder
 .text.leWidget_SkinClassic_Draw2x2BeveledBorder
                0x0000000023f02270      0x150 build/default/debug/_ext/943273362/legato_widget_skin_classic_common.o
                0x0000000023f02270                leWidget_SkinClassic_Draw2x2BeveledBorder
 .text.leWidget_SkinClassic_Draw1x2BeveledBorder
                0x0000000023f023c0      0x104 build/default/debug/_ext/943273362/legato_widget_skin_classic_common.o
                0x0000000023f023c0                leWidget_SkinClassic_Draw1x2BeveledBorder
 .text.leWidget_SkinClassic_DrawStandardLineBorder
                0x0000000023f024c4       0x74 build/default/debug/_ext/943273362/legato_widget_skin_classic_common.o
                0x0000000023f024c4                leWidget_SkinClassic_DrawStandardLineBorder
 .text.leWidget_SkinClassic_DrawStandardRaisedBorder
                0x0000000023f02538       0x80 build/default/debug/_ext/943273362/legato_widget_skin_classic_common.o
                0x0000000023f02538                leWidget_SkinClassic_DrawStandardRaisedBorder
 .text.leWidget_SkinClassic_DrawStandardLoweredBorder
                0x0000000023f025b8       0x80 build/default/debug/_ext/943273362/legato_widget_skin_classic_common.o
                0x0000000023f025b8                leWidget_SkinClassic_DrawStandardLoweredBorder
 .text.leWidget_SkinClassic_DrawStandardHybridBorder
                0x0000000023f02638       0x6c build/default/debug/_ext/943273362/legato_widget_skin_classic_common.o
                0x0000000023f02638                leWidget_SkinClassic_DrawStandardHybridBorder
 .text.leWidget_SkinClassic_InvalidateBorderAreas
                0x0000000023f026a4      0x1a0 build/default/debug/_ext/943273362/legato_widget_skin_classic_common.o
                0x0000000023f026a4                leWidget_SkinClassic_InvalidateBorderAreas
 .text.leQueryArcQuadrants
                0x0000000023f02844      0x124 build/default/debug/_ext/1510041067/legato_math.o
 .text.leNormalizeAngle
                0x0000000023f02968       0x30 build/default/debug/_ext/1510041067/legato_math.o
                0x0000000023f02968                leNormalizeAngle
 .text.leSin    0x0000000023f02998       0x80 build/default/debug/_ext/1510041067/legato_math.o
                0x0000000023f02998                leSin
 .text.leCos    0x0000000023f02a18       0x78 build/default/debug/_ext/1510041067/legato_math.o
                0x0000000023f02a18                leCos
 .text.lePolarToXY
                0x0000000023f02a90       0x60 build/default/debug/_ext/1510041067/legato_math.o
                0x0000000023f02a90                lePolarToXY
 .text.leMini   0x0000000023f02af0        0xc build/default/debug/_ext/1510041067/legato_math.o
                0x0000000023f02af0                leMini
 .text.leMaxi   0x0000000023f02afc        0xc build/default/debug/_ext/1510041067/legato_math.o
                0x0000000023f02afc                leMaxi
 .text.leClampi
                0x0000000023f02b08       0x18 build/default/debug/_ext/1510041067/legato_math.o
                0x0000000023f02b08                leClampi
 .text.lePercent
                0x0000000023f02b20       0x1c build/default/debug/_ext/1510041067/legato_math.o
                0x0000000023f02b20                lePercent
 .text.lePercentWholeRounded
                0x0000000023f02b3c       0x3c build/default/debug/_ext/1510041067/legato_math.o
                0x0000000023f02b3c                lePercentWholeRounded
 .text.lePercentOf
                0x0000000023f02b78       0x58 build/default/debug/_ext/1510041067/legato_math.o
                0x0000000023f02b78                lePercentOf
 .text.leScaleInteger
                0x0000000023f02bd0       0x44 build/default/debug/_ext/1510041067/legato_math.o
                0x0000000023f02bd0                leScaleInteger
 .text.leLerp   0x0000000023f02c14       0x58 build/default/debug/_ext/1510041067/legato_math.o
                0x0000000023f02c14                leLerp
 .text.lePointOnLineSide
                0x0000000023f02c6c       0x60 build/default/debug/_ext/1510041067/legato_math.o
                0x0000000023f02c6c                lePointOnLineSide
 .text.leRotatePoint
                0x0000000023f02ccc       0xbc build/default/debug/_ext/1510041067/legato_math.o
                0x0000000023f02ccc                leRotatePoint
 .text.leRotatedRectBounds
                0x0000000023f02d88      0x14c build/default/debug/_ext/1510041067/legato_math.o
                0x0000000023f02d88                leRotatedRectBounds
 .text.leSqrt   0x0000000023f02ed4       0x58 build/default/debug/_ext/1510041067/legato_math.o
                0x0000000023f02ed4                leSqrt
 .text.lePointOnCircle
                0x0000000023f02f2c       0x30 build/default/debug/_ext/1510041067/legato_math.o
                0x0000000023f02f2c                lePointOnCircle
 .text.leResolveAngles
                0x0000000023f02f5c      0x2a8 build/default/debug/_ext/1510041067/legato_math.o
                0x0000000023f02f5c                leResolveAngles
 .text.leRound  0x0000000023f03204       0xa0 build/default/debug/_ext/1510041067/legato_math.o
                0x0000000023f03204                leRound
 .text.nextState
                0x0000000023f032a4      0x140 build/default/debug/_ext/1043708429/legato_widget_button_skin_classic.o
 .text.drawBorder
                0x0000000023f033e4       0x68 build/default/debug/_ext/1043708429/legato_widget_button_skin_classic.o
 .text.drawBackground
                0x0000000023f0344c       0x54 build/default/debug/_ext/1043708429/legato_widget_button_skin_classic.o
 .text._leButtonWidget_GetImageRect
                0x0000000023f034a0      0x160 build/default/debug/_ext/1043708429/legato_widget_button_skin_classic.o
                0x0000000023f034a0                _leButtonWidget_GetImageRect
 .text.drawImage
                0x0000000023f03600       0x5c build/default/debug/_ext/1043708429/legato_widget_button_skin_classic.o
 .text._leButtonWidget_GetTextRects
                0x0000000023f0365c      0x184 build/default/debug/_ext/1043708429/legato_widget_button_skin_classic.o
                0x0000000023f0365c                _leButtonWidget_GetTextRects
 .text.drawString
                0x0000000023f037e0       0xa0 build/default/debug/_ext/1043708429/legato_widget_button_skin_classic.o
 .text._leButtonWidget_InvalidateBorderAreas
                0x0000000023f03880      0x1a4 build/default/debug/_ext/1043708429/legato_widget_button_skin_classic.o
                0x0000000023f03880                _leButtonWidget_InvalidateBorderAreas
 .text._leButtonWidget_Paint
                0x0000000023f03a24       0x44 build/default/debug/_ext/1043708429/legato_widget_button_skin_classic.o
                0x0000000023f03a24                _leButtonWidget_Paint
 .text.AIC_INT_Initialize
                0x0000000023f03a68       0xec build/default/debug/_ext/60163497/plib_aic.o
                0x0000000023f03a68                AIC_INT_Initialize
 .text.AIC_INT_IrqDisable
                0x0000000023f03b54       0x30 build/default/debug/_ext/60163497/plib_aic.o
                0x0000000023f03b54                AIC_INT_IrqDisable
 .text.AIC_INT_IrqRestore
                0x0000000023f03b84       0x28 build/default/debug/_ext/60163497/plib_aic.o
                0x0000000023f03b84                AIC_INT_IrqRestore
 .text.screenInit_Screen0
                0x0000000023f03bac       0x28 build/default/debug/_ext/937247594/le_gen_screen_Screen0.o
                0x0000000023f03bac                screenInit_Screen0
 .text.screenShow_Screen0
                0x0000000023f03bd4     0x5434 build/default/debug/_ext/937247594/le_gen_screen_Screen0.o
                0x0000000023f03bd4                screenShow_Screen0
 .text.screenUpdate_Screen0
                0x0000000023f09008      0x12c build/default/debug/_ext/937247594/le_gen_screen_Screen0.o
                0x0000000023f09008                screenUpdate_Screen0
 .text.screenHide_Screen0
                0x0000000023f09134      0x72c build/default/debug/_ext/937247594/le_gen_screen_Screen0.o
                0x0000000023f09134                screenHide_Screen0
 .text.APP_Initialize
                0x0000000023f09860       0x1c build/default/debug/_ext/1360937237/app.o
                0x0000000023f09860                APP_Initialize
 .text.APP_Tasks
                0x0000000023f0987c       0x20 build/default/debug/_ext/1360937237/app.o
                0x0000000023f0987c                APP_Tasks
 .text.DRV_GFX2D_Initialize
                0x0000000023f0989c       0x28 build/default/debug/_ext/1063535966/drv_gfx2d.o
                0x0000000023f0989c                DRV_GFX2D_Initialize
 .text.DRV_GFX2D_Fill
                0x0000000023f098c4       0xac build/default/debug/_ext/1063535966/drv_gfx2d.o
                0x0000000023f098c4                DRV_GFX2D_Fill
 .text.DRV_GFX2D_Blit
                0x0000000023f09970      0x12c build/default/debug/_ext/1063535966/drv_gfx2d.o
                0x0000000023f09970                DRV_GFX2D_Blit
 .text.DRV_GFX2D_SetBlend
                0x0000000023f09a9c       0x14 build/default/debug/_ext/1063535966/drv_gfx2d.o
                0x0000000023f09a9c                DRV_GFX2D_SetBlend
 .text.DRV_GFX2D_SetGlobalAlpha
                0x0000000023f09ab0        0x8 build/default/debug/_ext/1063535966/drv_gfx2d.o
                0x0000000023f09ab0                DRV_GFX2D_SetGlobalAlpha
 .text.DRV_GFX2D_SetPalette
                0x0000000023f09ab8        0x8 build/default/debug/_ext/1063535966/drv_gfx2d.o
                0x0000000023f09ab8                DRV_GFX2D_SetPalette
 .text.DRV_GFX2D_SetTransparency
                0x0000000023f09ac0        0x8 build/default/debug/_ext/1063535966/drv_gfx2d.o
                0x0000000023f09ac0                DRV_GFX2D_SetTransparency
 .text.stage_FrameBufferWrite
                0x0000000023f09ac8       0x24 build/default/debug/_ext/460669194/legato_imagedecoder_raw_write.o
 .text.stage_ImageWrite
                0x0000000023f09aec       0x28 build/default/debug/_ext/460669194/legato_imagedecoder_raw_write.o
 .text._leRawImageDecoder_FrameBufferWriteStage
                0x0000000023f09b14       0x30 build/default/debug/_ext/460669194/legato_imagedecoder_raw_write.o
                0x0000000023f09b14                _leRawImageDecoder_FrameBufferWriteStage
 .text._leRawImageDecoder_ImageWriteStage
                0x0000000023f09b44       0x30 build/default/debug/_ext/460669194/legato_imagedecoder_raw_write.o
                0x0000000023f09b44                _leRawImageDecoder_ImageWriteStage
 .text.write    0x0000000023f09b74        0x8 build/default/debug/_ext/163028504/xc32_monitor.o
                0x0000000023f09b74                write
 .text.SYS_TIME_GetTimerObject
                0x0000000023f09b7c       0x70 build/default/debug/_ext/101884895/sys_time.o
 .text.SYS_TIME_HwTimerCompareUpdate
                0x0000000023f09bec       0xfc build/default/debug/_ext/101884895/sys_time.o
 .text.SYS_TIME_RemoveFromList
                0x0000000023f09ce8       0x94 build/default/debug/_ext/101884895/sys_time.o
 .text.SYS_TIME_AddToList
                0x0000000023f09d7c       0xe0 build/default/debug/_ext/101884895/sys_time.o
 .text.SYS_TIME_UpdateTimerList
                0x0000000023f09e5c       0x74 build/default/debug/_ext/101884895/sys_time.o
 .text.SYS_TIME_ResourceLock
                0x0000000023f09ed0       0x58 build/default/debug/_ext/101884895/sys_time.o
 .text.SYS_TIME_ResourceUnlock
                0x0000000023f09f28       0x2c build/default/debug/_ext/101884895/sys_time.o
 .text.SYS_TIME_TimerObjectCreate
                0x0000000023f09f54      0x12c build/default/debug/_ext/101884895/sys_time.o
 .text.SYS_TIME_TimerAdd
                0x0000000023f0a080       0x74 build/default/debug/_ext/101884895/sys_time.o
 *fill*         0x0000000023f0a0f4        0x4 
 .text.SYS_TIME_Initialize
                0x0000000023f0a0f8      0x154 build/default/debug/_ext/101884895/sys_time.o
                0x0000000023f0a0f8                SYS_TIME_Initialize
 .text.SYS_TIME_TimerDestroy
                0x0000000023f0a24c       0x6c build/default/debug/_ext/101884895/sys_time.o
                0x0000000023f0a24c                SYS_TIME_TimerDestroy
 .text.SYS_TIME_PLIBCallback
                0x0000000023f0a2b8      0x174 build/default/debug/_ext/101884895/sys_time.o
 .text.SYS_TIME_TimerStart
                0x0000000023f0a42c       0x94 build/default/debug/_ext/101884895/sys_time.o
                0x0000000023f0a42c                SYS_TIME_TimerStart
 .text.SYS_TIME_TimerStop
                0x0000000023f0a4c0       0x6c build/default/debug/_ext/101884895/sys_time.o
                0x0000000023f0a4c0                SYS_TIME_TimerStop
 .text.SYS_TIME_TimerPeriodHasExpired
                0x0000000023f0a52c       0x40 build/default/debug/_ext/101884895/sys_time.o
                0x0000000023f0a52c                SYS_TIME_TimerPeriodHasExpired
 .text.SYS_TIME_DelayMS
                0x0000000023f0a56c       0x84 build/default/debug/_ext/101884895/sys_time.o
                0x0000000023f0a56c                SYS_TIME_DelayMS
 .text.SYS_TIME_DelayIsComplete
                0x0000000023f0a5f0       0x28 build/default/debug/_ext/101884895/sys_time.o
                0x0000000023f0a5f0                SYS_TIME_DelayIsComplete
 .text.SYS_TIME_CallbackRegisterMS
                0x0000000023f0a618       0x9c build/default/debug/_ext/101884895/sys_time.o
                0x0000000023f0a618                SYS_TIME_CallbackRegisterMS
 .text._shuffleLeft
                0x0000000023f0a6b4       0xac build/default/debug/_ext/2021927327/legato_rectarray.o
 .text.leRectArray_Create
                0x0000000023f0a760       0x1c build/default/debug/_ext/2021927327/legato_rectarray.o
                0x0000000023f0a760                leRectArray_Create
 .text.leRectArray_Resize
                0x0000000023f0a77c       0x7c build/default/debug/_ext/2021927327/legato_rectarray.o
                0x0000000023f0a77c                leRectArray_Resize
 .text.leRectArray_PushBack
                0x0000000023f0a7f8       0x70 build/default/debug/_ext/2021927327/legato_rectarray.o
                0x0000000023f0a7f8                leRectArray_PushBack
 .text.leRectArray_RemoveAt
                0x0000000023f0a868       0x38 build/default/debug/_ext/2021927327/legato_rectarray.o
                0x0000000023f0a868                leRectArray_RemoveAt
 .text.leRectArray_Copy
                0x0000000023f0a8a0       0x74 build/default/debug/_ext/2021927327/legato_rectarray.o
                0x0000000023f0a8a0                leRectArray_Copy
 .text.leRectArray_Clear
                0x0000000023f0a914       0x14 build/default/debug/_ext/2021927327/legato_rectarray.o
                0x0000000023f0a914                leRectArray_Clear
 .text.leRectArray_Destroy
                0x0000000023f0a928       0x3c build/default/debug/_ext/2021927327/legato_rectarray.o
                0x0000000023f0a928                leRectArray_Destroy
 .text.leRectArray_RemoveDuplicates
                0x0000000023f0a964       0x90 build/default/debug/_ext/2021927327/legato_rectarray.o
                0x0000000023f0a964                leRectArray_RemoveDuplicates
 .text.leRectArray_SortBySize
                0x0000000023f0a9f4       0xdc build/default/debug/_ext/2021927327/legato_rectarray.o
                0x0000000023f0a9f4                leRectArray_SortBySize
 .text.leRectArray_SortByX
                0x0000000023f0aad0       0xfc build/default/debug/_ext/2021927327/legato_rectarray.o
                0x0000000023f0aad0                leRectArray_SortByX
 .text.leRectArray_SortByY
                0x0000000023f0abcc       0xf4 build/default/debug/_ext/2021927327/legato_rectarray.o
                0x0000000023f0abcc                leRectArray_SortByY
 .text.leRectArray_MergeSimilar
                0x0000000023f0acc0       0x98 build/default/debug/_ext/2021927327/legato_rectarray.o
                0x0000000023f0acc0                leRectArray_MergeSimilar
 .text.leRectArray_RemoveOverlapping
                0x0000000023f0ad58       0x84 build/default/debug/_ext/2021927327/legato_rectarray.o
                0x0000000023f0ad58                leRectArray_RemoveOverlapping
 .text.leRectArray_CropToSizeY
                0x0000000023f0addc      0x130 build/default/debug/_ext/2021927327/legato_rectarray.o
                0x0000000023f0addc                leRectArray_CropToSizeY
 .text.leRectArray_CropToSizeX
                0x0000000023f0af0c      0x130 build/default/debug/_ext/2021927327/legato_rectarray.o
                0x0000000023f0af0c                leRectArray_CropToSizeX
 .text.lerp_argb8888
                0x0000000023f0b03c       0x78 build/default/debug/_ext/1510041067/legato_color_lerp.o
 .text.lerp_rgba8888
                0x0000000023f0b0b4       0x78 build/default/debug/_ext/1510041067/legato_color_lerp.o
 .text.lerp_rgb888
                0x0000000023f0b12c       0x60 build/default/debug/_ext/1510041067/legato_color_lerp.o
 .text.lerp_rgba5551
                0x0000000023f0b18c       0x74 build/default/debug/_ext/1510041067/legato_color_lerp.o
 .text.lerp_rgb565
                0x0000000023f0b200       0x60 build/default/debug/_ext/1510041067/legato_color_lerp.o
 .text.lerp_rgb332
                0x0000000023f0b260       0x60 build/default/debug/_ext/1510041067/legato_color_lerp.o
 .text.lerp_gs8
                0x0000000023f0b2c0        0xc build/default/debug/_ext/1510041067/legato_color_lerp.o
 .text.leColorLerp
                0x0000000023f0b2cc       0x40 build/default/debug/_ext/1510041067/legato_color_lerp.o
                0x0000000023f0b2cc                leColorLerp
 .text.leColorBilerp
                0x0000000023f0b30c       0x5c build/default/debug/_ext/1510041067/legato_color_lerp.o
                0x0000000023f0b30c                leColorBilerp
 .text.leList_Create
                0x0000000023f0b368       0x1c build/default/debug/_ext/2021927327/legato_list.o
                0x0000000023f0b368                leList_Create
 .text.leList_PushBack
                0x0000000023f0b384       0x68 build/default/debug/_ext/2021927327/legato_list.o
                0x0000000023f0b384                leList_PushBack
 .text.leList_Get
                0x0000000023f0b3ec       0x44 build/default/debug/_ext/2021927327/legato_list.o
                0x0000000023f0b3ec                leList_Get
 .text.leList_Remove
                0x0000000023f0b430       0xbc build/default/debug/_ext/2021927327/legato_list.o
                0x0000000023f0b430                leList_Remove
 .text.leList_Destroy
                0x0000000023f0b4ec       0x4c build/default/debug/_ext/2021927327/legato_list.o
                0x0000000023f0b4ec                leList_Destroy
 .text.stage_sourceIterateSetup
                0x0000000023f0b538       0xb4 build/default/debug/_ext/460669194/legato_imagedecoder_raw_setup.o
 .text.stage_targetIterateSetup
                0x0000000023f0b5ec       0x94 build/default/debug/_ext/460669194/legato_imagedecoder_raw_setup.o
 .text._leRawImageDecoder_SourceIterateSetupStage
                0x0000000023f0b680       0x38 build/default/debug/_ext/460669194/legato_imagedecoder_raw_setup.o
                0x0000000023f0b680                _leRawImageDecoder_SourceIterateSetupStage
 .text._leRawImageDecoder_TargetIterateSetupStage
                0x0000000023f0b6b8       0x38 build/default/debug/_ext/460669194/legato_imagedecoder_raw_setup.o
                0x0000000023f0b6b8                _leRawImageDecoder_TargetIterateSetupStage
 .text.no_conv  0x0000000023f0b6f0        0x4 build/default/debug/_ext/1510041067/legato_color_convert.o
 .text.gs8_rgb332
                0x0000000023f0b6f4       0x10 build/default/debug/_ext/1510041067/legato_color_convert.o
 .text.gs8_rgb565
                0x0000000023f0b704       0x20 build/default/debug/_ext/1510041067/legato_color_convert.o
 .text.gs8_rgba5551
                0x0000000023f0b724       0x28 build/default/debug/_ext/1510041067/legato_color_convert.o
 .text.gs8_rgb888
                0x0000000023f0b74c       0x10 build/default/debug/_ext/1510041067/legato_color_convert.o
 .text.gs8_rgba8888
                0x0000000023f0b75c       0x14 build/default/debug/_ext/1510041067/legato_color_convert.o
 .text.gs8_argb8888
                0x0000000023f0b770       0x14 build/default/debug/_ext/1510041067/legato_color_convert.o
 .text.gs8_mono
                0x0000000023f0b784       0x10 build/default/debug/_ext/1510041067/legato_color_convert.o
 .text.rgb332_rgb565
                0x0000000023f0b794       0x2c build/default/debug/_ext/1510041067/legato_color_convert.o
 .text.rgb332_rgba5551
                0x0000000023f0b7c0       0x2c build/default/debug/_ext/1510041067/legato_color_convert.o
 .text.rgb332_rgb888
                0x0000000023f0b7ec       0x30 build/default/debug/_ext/1510041067/legato_color_convert.o
 .text.rgb332_rgba8888
                0x0000000023f0b81c       0x2c build/default/debug/_ext/1510041067/legato_color_convert.o
 .text.rgb332_argb8888
                0x0000000023f0b848       0x30 build/default/debug/_ext/1510041067/legato_color_convert.o
 .text.rgb565_rgb332
                0x0000000023f0b878       0x20 build/default/debug/_ext/1510041067/legato_color_convert.o
 .text.rgb565_rgba5551
                0x0000000023f0b898       0x20 build/default/debug/_ext/1510041067/legato_color_convert.o
 .text.rgb565_rgb888
                0x0000000023f0b8b8       0x24 build/default/debug/_ext/1510041067/legato_color_convert.o
 .text.rgb565_rgba8888
                0x0000000023f0b8dc       0x24 build/default/debug/_ext/1510041067/legato_color_convert.o
 .text.rgb565_argb8888
                0x0000000023f0b900       0x28 build/default/debug/_ext/1510041067/legato_color_convert.o
 .text.rgba5551_gs8
                0x0000000023f0b928        0x4 build/default/debug/_ext/1510041067/legato_color_convert.o
 .text.rgba5551_rgb332
                0x0000000023f0b92c       0x20 build/default/debug/_ext/1510041067/legato_color_convert.o
 .text.rgba5551_rgb565
                0x0000000023f0b94c       0x1c build/default/debug/_ext/1510041067/legato_color_convert.o
 .text.rgba5551_rgb888
                0x0000000023f0b968       0x30 build/default/debug/_ext/1510041067/legato_color_convert.o
 .text.rgba5551_rgba8888
                0x0000000023f0b998       0x40 build/default/debug/_ext/1510041067/legato_color_convert.o
 .text.rgba5551_argb8888
                0x0000000023f0b9d8       0x40 build/default/debug/_ext/1510041067/legato_color_convert.o
 .text.rgb888_gs8
                0x0000000023f0ba18        0x4 build/default/debug/_ext/1510041067/legato_color_convert.o
 .text.rgb888_rgb332
                0x0000000023f0ba1c       0x24 build/default/debug/_ext/1510041067/legato_color_convert.o
 .text.rgb888_rgb565
                0x0000000023f0ba40       0x20 build/default/debug/_ext/1510041067/legato_color_convert.o
 .text.rgb888_rgba5551
                0x0000000023f0ba60       0x28 build/default/debug/_ext/1510041067/legato_color_convert.o
 .text.rgb888_rgba8888
                0x0000000023f0ba88        0xc build/default/debug/_ext/1510041067/legato_color_convert.o
 .text.rgb888_argb8888
                0x0000000023f0ba94        0x8 build/default/debug/_ext/1510041067/legato_color_convert.o
 .text.rgba8888_gs8
                0x0000000023f0ba9c        0x4 build/default/debug/_ext/1510041067/legato_color_convert.o
 .text.rgba8888_rgb332
                0x0000000023f0baa0       0x20 build/default/debug/_ext/1510041067/legato_color_convert.o
 .text.rgba8888_rgb565
                0x0000000023f0bac0       0x20 build/default/debug/_ext/1510041067/legato_color_convert.o
 .text.rgba8888_rgba5551
                0x0000000023f0bae0       0x34 build/default/debug/_ext/1510041067/legato_color_convert.o
 .text.rgba8888_rgb888
                0x0000000023f0bb14        0x8 build/default/debug/_ext/1510041067/legato_color_convert.o
 .text.rgba8888_argb8888
                0x0000000023f0bb1c        0x8 build/default/debug/_ext/1510041067/legato_color_convert.o
 .text.argb8888_rgba5551
                0x0000000023f0bb24       0x34 build/default/debug/_ext/1510041067/legato_color_convert.o
 .text.argb8888_rgb888
                0x0000000023f0bb58        0x8 build/default/debug/_ext/1510041067/legato_color_convert.o
 .text.argb8888_rgba8888
                0x0000000023f0bb60        0x8 build/default/debug/_ext/1510041067/legato_color_convert.o
 .text.rgb565_gs8
                0x0000000023f0bb68       0x54 build/default/debug/_ext/1510041067/legato_color_convert.o
 .text.rgb332_gs8
                0x0000000023f0bbbc       0x54 build/default/debug/_ext/1510041067/legato_color_convert.o
 .text.leColorConvert
                0x0000000023f0bc10       0x28 build/default/debug/_ext/1510041067/legato_color_convert.o
                0x0000000023f0bc10                leColorConvert
 .text.PIO_Initialize
                0x0000000023f0bc38       0xc8 build/default/debug/_ext/60177924/plib_pio.o
                0x0000000023f0bc38                PIO_Initialize
 .text.leUtils_PickFromWidget
                0x0000000023f0bd00       0xe0 build/default/debug/_ext/1510041067/legato_utils.o
                0x0000000023f0bd00                leUtils_PickFromWidget
 .text.leUtils_PointToScreenSpace
                0x0000000023f0bde0       0x44 build/default/debug/_ext/1510041067/legato_utils.o
                0x0000000023f0bde0                leUtils_PointToScreenSpace
 .text.leUtils_ClipRectToParent
                0x0000000023f0be24       0x84 build/default/debug/_ext/1510041067/legato_utils.o
                0x0000000023f0be24                leUtils_ClipRectToParent
 .text.leUtils_RectToScreenSpace
                0x0000000023f0bea8       0x44 build/default/debug/_ext/1510041067/legato_utils.o
                0x0000000023f0bea8                leUtils_RectToScreenSpace
 .text.leUtils_ClipRectToAncestors
                0x0000000023f0beec       0x94 build/default/debug/_ext/1510041067/legato_utils.o
                0x0000000023f0beec                leUtils_ClipRectToAncestors
 .text.leUtils_ArrangeRectangle
                0x0000000023f0bf80      0x280 build/default/debug/_ext/1510041067/legato_utils.o
                0x0000000023f0bf80                leUtils_ArrangeRectangle
 .text.leUtils_ArrangeRectangleRelative
                0x0000000023f0c200      0x2ac build/default/debug/_ext/1510041067/legato_utils.o
                0x0000000023f0c200                leUtils_ArrangeRectangleRelative
 .text.leUtils_GetSchemeLookupTable
                0x0000000023f0c4ac       0x64 build/default/debug/_ext/1510041067/legato_utils.o
                0x0000000023f0c4ac                leUtils_GetSchemeLookupTable
 .text._resizeCells
                0x0000000023f0c510      0x144 build/default/debug/_ext/800677739/legato_widget_keypad.o
 .text._resizeCellEvent
                0x0000000023f0c654        0xc build/default/debug/_ext/800677739/legato_widget_keypad.o
 .text.getKeyPadActionTrigger
                0x0000000023f0c660        0x8 build/default/debug/_ext/800677739/legato_widget_keypad.o
 .text.setKeyPadActionTrigger
                0x0000000023f0c668        0xc build/default/debug/_ext/800677739/legato_widget_keypad.o
 .text.getKeyClickEventCallback
                0x0000000023f0c674        0x8 build/default/debug/_ext/800677739/legato_widget_keypad.o
 .text.setKeyClickEventCallback
                0x0000000023f0c67c        0xc build/default/debug/_ext/800677739/legato_widget_keypad.o
 .text.setKeyVisible
                0x0000000023f0c688       0x50 build/default/debug/_ext/800677739/legato_widget_keypad.o
 .text.getKeyAction
                0x0000000023f0c6d8       0x3c build/default/debug/_ext/800677739/legato_widget_keypad.o
 .text.setKeyAction
                0x0000000023f0c714       0x40 build/default/debug/_ext/800677739/legato_widget_keypad.o
 .text.getKeyValue
                0x0000000023f0c754       0x3c build/default/debug/_ext/800677739/legato_widget_keypad.o
 .text.setKeyValue
                0x0000000023f0c790       0x50 build/default/debug/_ext/800677739/legato_widget_keypad.o
 .text.getCellButton
                0x0000000023f0c7e0       0x44 build/default/debug/_ext/800677739/legato_widget_keypad.o
 .text.handleLanguageChangeEvent
                0x0000000023f0c824       0x14 build/default/debug/_ext/800677739/legato_widget_keypad.o
 .text.destructor
                0x0000000023f0c838       0x1c build/default/debug/_ext/800677739/legato_widget_keypad.o
 .text._reallocateCells
                0x0000000023f0c854      0x25c build/default/debug/_ext/800677739/legato_widget_keypad.o
 .text.setCellArraySize
                0x0000000023f0cab0       0x3c build/default/debug/_ext/800677739/legato_widget_keypad.o
 .text.buttonClicked
                0x0000000023f0caec      0x158 build/default/debug/_ext/800677739/legato_widget_keypad.o
 .text.leKeyPadWidget_Constructor
                0x0000000023f0cc44       0x78 build/default/debug/_ext/800677739/legato_widget_keypad.o
                0x0000000023f0cc44                leKeyPadWidget_Constructor
 .text.leKeyPadWidget_New
                0x0000000023f0ccbc       0x2c build/default/debug/_ext/800677739/legato_widget_keypad.o
                0x0000000023f0ccbc                leKeyPadWidget_New
 .text.decodeASCII
                0x0000000023f0cce8       0x18 build/default/debug/_ext/1047211973/legato_stringutils.o
 .text.decodeUTF8
                0x0000000023f0cd00      0x1f8 build/default/debug/_ext/1047211973/legato_stringutils.o
 .text.decodeUTF16
                0x0000000023f0cef8       0x80 build/default/debug/_ext/1047211973/legato_stringutils.o
 .text.leDecodeCodePoint
                0x0000000023f0cf78       0x2c build/default/debug/_ext/1047211973/legato_stringutils.o
                0x0000000023f0cf78                leDecodeCodePoint
 .text.leStringUtils_KerningRect
                0x0000000023f0cfa4       0x44 build/default/debug/_ext/1047211973/legato_stringutils.o
                0x0000000023f0cfa4                leStringUtils_KerningRect
 .text.getDiscreteValueAtIndex1
                0x0000000023f0cfe8       0x18 build/default/debug/_ext/1428714511/legato_image_utils.o
 .text.getDiscreteValueAtIndex4
                0x0000000023f0d000       0x10 build/default/debug/_ext/1428714511/legato_image_utils.o
 .text.getDiscreteValueAtIndex8
                0x0000000023f0d010        0x8 build/default/debug/_ext/1428714511/legato_image_utils.o
 .text.calcOffset1bpp
                0x0000000023f0d018        0x8 build/default/debug/_ext/1428714511/legato_image_utils.o
 .text.calcOffset4bpp
                0x0000000023f0d020        0x8 build/default/debug/_ext/1428714511/legato_image_utils.o
 .text.calcOffset8bpp
                0x0000000023f0d028        0x4 build/default/debug/_ext/1428714511/legato_image_utils.o
 .text.calcOffset16bpp
                0x0000000023f0d02c        0x8 build/default/debug/_ext/1428714511/legato_image_utils.o
 .text.calcOffset24bpp
                0x0000000023f0d034        0x8 build/default/debug/_ext/1428714511/legato_image_utils.o
 .text.calcOffset32bpp
                0x0000000023f0d03c        0x8 build/default/debug/_ext/1428714511/legato_image_utils.o
 .text.leGetRLEDataAtIndex
                0x0000000023f0d044       0xd8 build/default/debug/_ext/1428714511/legato_image_utils.o
                0x0000000023f0d044                leGetRLEDataAtIndex
 .text.leGetDiscreteValueAtIndex
                0x0000000023f0d11c       0x18 build/default/debug/_ext/1428714511/legato_image_utils.o
                0x0000000023f0d11c                leGetDiscreteValueAtIndex
 .text.leGetOffsetFromIndexAndBPP
                0x0000000023f0d134       0x18 build/default/debug/_ext/1428714511/legato_image_utils.o
                0x0000000023f0d134                leGetOffsetFromIndexAndBPP
 .text.findDirtyWidget
                0x0000000023f0d14c       0x90 build/default/debug/_ext/656756333/legato_renderer.o
 .text._nextRect
                0x0000000023f0d1dc       0x34 build/default/debug/_ext/656756333/legato_renderer.o
 .text.invalidateWidget
                0x0000000023f0d210       0xe0 build/default/debug/_ext/656756333/legato_renderer.o
 .text.addDamageRectToList
                0x0000000023f0d2f0       0xb8 build/default/debug/_ext/656756333/legato_renderer.o
 .text.leRenderer_IsIdle
                0x0000000023f0d3a8       0x18 build/default/debug/_ext/656756333/legato_renderer.o
                0x0000000023f0d3a8                leRenderer_IsIdle
 .text.leGetRenderBuffer
                0x0000000023f0d3c0       0x28 build/default/debug/_ext/656756333/legato_renderer.o
                0x0000000023f0d3c0                leGetRenderBuffer
 .text.leRenderer_CurrentColorMode
                0x0000000023f0d3e8       0x20 build/default/debug/_ext/656756333/legato_renderer.o
                0x0000000023f0d3e8                leRenderer_CurrentColorMode
 .text.leRenderer_ConvertColor
                0x0000000023f0d408       0x34 build/default/debug/_ext/656756333/legato_renderer.o
                0x0000000023f0d408                leRenderer_ConvertColor
 .text.leRenderer_DisplaySize
                0x0000000023f0d43c       0x40 build/default/debug/_ext/656756333/legato_renderer.o
                0x0000000023f0d43c                leRenderer_DisplaySize
 .text.leRenderer_GetClipRect
                0x0000000023f0d47c       0x18 build/default/debug/_ext/656756333/legato_renderer.o
                0x0000000023f0d47c                leRenderer_GetClipRect
 .text.leRenderer_GetFrameRect
                0x0000000023f0d494       0x28 build/default/debug/_ext/656756333/legato_renderer.o
                0x0000000023f0d494                leRenderer_GetFrameRect
 .text.leRenderer_CullDrawRect
                0x0000000023f0d4bc       0x20 build/default/debug/_ext/656756333/legato_renderer.o
                0x0000000023f0d4bc                leRenderer_CullDrawRect
 .text.leRenderer_CullDrawXY
                0x0000000023f0d4dc       0x30 build/default/debug/_ext/656756333/legato_renderer.o
                0x0000000023f0d4dc                leRenderer_CullDrawXY
 .text.leRenderer_ClipDrawRect
                0x0000000023f0d50c       0x18 build/default/debug/_ext/656756333/legato_renderer.o
                0x0000000023f0d50c                leRenderer_ClipDrawRect
 .text.leRenderer_Initialize
                0x0000000023f0d524       0xb8 build/default/debug/_ext/656756333/legato_renderer.o
                0x0000000023f0d524                leRenderer_Initialize
 .text.leRenderer_DisplayInterface
                0x0000000023f0d5dc       0x10 build/default/debug/_ext/656756333/legato_renderer.o
                0x0000000023f0d5dc                leRenderer_DisplayInterface
 .text.leRenderer_GPUInterface
                0x0000000023f0d5ec       0x10 build/default/debug/_ext/656756333/legato_renderer.o
                0x0000000023f0d5ec                leRenderer_GPUInterface
 .text.leRenderer_DamageArea
                0x0000000023f0d5fc       0xa8 build/default/debug/_ext/656756333/legato_renderer.o
                0x0000000023f0d5fc                leRenderer_DamageArea
 .text.leRenderer_Paint
                0x0000000023f0d6a4      0x7a8 build/default/debug/_ext/656756333/legato_renderer.o
                0x0000000023f0d6a4                leRenderer_Paint
 .text._leRenderer_CreateLayerState
                0x0000000023f0de4c       0x48 build/default/debug/_ext/656756333/legato_renderer.o
                0x0000000023f0de4c                _leRenderer_CreateLayerState
 .text.drawBorder
                0x0000000023f0de94       0x54 build/default/debug/_ext/943273362/legato_widget_skin_classic.o
 .text.drawBackground
                0x0000000023f0dee8       0xb8 build/default/debug/_ext/943273362/legato_widget_skin_classic.o
 .text._leWidget_Paint
                0x0000000023f0dfa0       0x7c build/default/debug/_ext/943273362/legato_widget_skin_classic.o
                0x0000000023f0dfa0                _leWidget_Paint
 .text.no_conv  0x0000000023f0e01c        0x4 build/default/debug/_ext/1319235455/gfx_driver.o
 .text.gs8_rgb332
                0x0000000023f0e020       0x10 build/default/debug/_ext/1319235455/gfx_driver.o
 .text.gs8_rgb565
                0x0000000023f0e030       0x20 build/default/debug/_ext/1319235455/gfx_driver.o
 .text.gs8_rgba5551
                0x0000000023f0e050       0x28 build/default/debug/_ext/1319235455/gfx_driver.o
 .text.gs8_rgb888
                0x0000000023f0e078       0x10 build/default/debug/_ext/1319235455/gfx_driver.o
 .text.gs8_rgba8888
                0x0000000023f0e088       0x14 build/default/debug/_ext/1319235455/gfx_driver.o
 .text.gs8_argb8888
                0x0000000023f0e09c       0x14 build/default/debug/_ext/1319235455/gfx_driver.o
 .text.rgb332_rgb565
                0x0000000023f0e0b0       0x2c build/default/debug/_ext/1319235455/gfx_driver.o
 .text.rgb332_rgba5551
                0x0000000023f0e0dc       0x2c build/default/debug/_ext/1319235455/gfx_driver.o
 .text.rgb332_rgb888
                0x0000000023f0e108       0x30 build/default/debug/_ext/1319235455/gfx_driver.o
 .text.rgb332_rgba8888
                0x0000000023f0e138       0x2c build/default/debug/_ext/1319235455/gfx_driver.o
 .text.rgb332_argb8888
                0x0000000023f0e164       0x30 build/default/debug/_ext/1319235455/gfx_driver.o
 .text.rgb565_rgb332
                0x0000000023f0e194       0x20 build/default/debug/_ext/1319235455/gfx_driver.o
 .text.rgb565_rgba5551
                0x0000000023f0e1b4       0x20 build/default/debug/_ext/1319235455/gfx_driver.o
 .text.rgb565_rgb888
                0x0000000023f0e1d4       0x24 build/default/debug/_ext/1319235455/gfx_driver.o
 .text.rgb565_rgba8888
                0x0000000023f0e1f8       0x24 build/default/debug/_ext/1319235455/gfx_driver.o
 .text.rgb565_argb8888
                0x0000000023f0e21c       0x28 build/default/debug/_ext/1319235455/gfx_driver.o
 .text.rgba5551_gs8
                0x0000000023f0e244        0x4 build/default/debug/_ext/1319235455/gfx_driver.o
 .text.rgba5551_rgb332
                0x0000000023f0e248       0x20 build/default/debug/_ext/1319235455/gfx_driver.o
 .text.rgba5551_rgb565
                0x0000000023f0e268       0x1c build/default/debug/_ext/1319235455/gfx_driver.o
 .text.rgba5551_rgb888
                0x0000000023f0e284       0x30 build/default/debug/_ext/1319235455/gfx_driver.o
 .text.rgba5551_rgba8888
                0x0000000023f0e2b4       0x40 build/default/debug/_ext/1319235455/gfx_driver.o
 .text.rgba5551_argb8888
                0x0000000023f0e2f4       0x40 build/default/debug/_ext/1319235455/gfx_driver.o
 .text.rgb888_gs8
                0x0000000023f0e334        0x4 build/default/debug/_ext/1319235455/gfx_driver.o
 .text.rgb888_rgb332
                0x0000000023f0e338       0x24 build/default/debug/_ext/1319235455/gfx_driver.o
 .text.rgb888_rgb565
                0x0000000023f0e35c       0x20 build/default/debug/_ext/1319235455/gfx_driver.o
 .text.rgb888_rgba5551
                0x0000000023f0e37c       0x28 build/default/debug/_ext/1319235455/gfx_driver.o
 .text.rgb888_rgba8888
                0x0000000023f0e3a4        0xc build/default/debug/_ext/1319235455/gfx_driver.o
 .text.rgb888_argb8888
                0x0000000023f0e3b0        0x8 build/default/debug/_ext/1319235455/gfx_driver.o
 .text.rgba8888_gs8
                0x0000000023f0e3b8        0x4 build/default/debug/_ext/1319235455/gfx_driver.o
 .text.rgba8888_rgb332
                0x0000000023f0e3bc       0x20 build/default/debug/_ext/1319235455/gfx_driver.o
 .text.rgba8888_rgb565
                0x0000000023f0e3dc       0x20 build/default/debug/_ext/1319235455/gfx_driver.o
 .text.rgba8888_rgba5551
                0x0000000023f0e3fc       0x34 build/default/debug/_ext/1319235455/gfx_driver.o
 .text.rgba8888_rgb888
                0x0000000023f0e430        0x8 build/default/debug/_ext/1319235455/gfx_driver.o
 .text.rgba8888_argb8888
                0x0000000023f0e438        0x8 build/default/debug/_ext/1319235455/gfx_driver.o
 .text.argb8888_rgba5551
                0x0000000023f0e440       0x34 build/default/debug/_ext/1319235455/gfx_driver.o
 .text.argb8888_rgb888
                0x0000000023f0e474        0x8 build/default/debug/_ext/1319235455/gfx_driver.o
 .text.argb8888_rgba8888
                0x0000000023f0e47c        0x8 build/default/debug/_ext/1319235455/gfx_driver.o
 .text.rgb332_gs8
                0x0000000023f0e484       0x9c build/default/debug/_ext/1319235455/gfx_driver.o
 .text.rgb565_gs8
                0x0000000023f0e520       0x9c build/default/debug/_ext/1319235455/gfx_driver.o
 .text.gfxPixelBufferCreate
                0x0000000023f0e5bc       0xd8 build/default/debug/_ext/1319235455/gfx_driver.o
                0x0000000023f0e5bc                gfxPixelBufferCreate
 .text.gfxPixelBufferOffsetGet
                0x0000000023f0e694       0x4c build/default/debug/_ext/1319235455/gfx_driver.o
                0x0000000023f0e694                gfxPixelBufferOffsetGet
 .text.gfxPixelBuffer_IsLocked
                0x0000000023f0e6e0       0x14 build/default/debug/_ext/1319235455/gfx_driver.o
                0x0000000023f0e6e0                gfxPixelBuffer_IsLocked
 .text.gfxPixelBuffer_SetLocked
                0x0000000023f0e6f4       0x2c build/default/debug/_ext/1319235455/gfx_driver.o
                0x0000000023f0e6f4                gfxPixelBuffer_SetLocked
 .text.gfxColorConvert
                0x0000000023f0e720       0x28 build/default/debug/_ext/1319235455/gfx_driver.o
                0x0000000023f0e720                gfxColorConvert
 .text._supportsImage
                0x0000000023f0e748       0x28 build/default/debug/_ext/1395618758/legato_imagedecoder_jpeg.o
 .text.internalMemoryRead
                0x0000000023f0e770       0x48 build/default/debug/_ext/1395618758/legato_imagedecoder_jpeg.o
 .text.exec     0x0000000023f0e7b8        0x8 build/default/debug/_ext/1395618758/legato_imagedecoder_jpeg.o
 .text._render  0x0000000023f0e7c0      0x1f8 build/default/debug/_ext/1395618758/legato_imagedecoder_jpeg.o
 .text._draw    0x0000000023f0e9b8      0x208 build/default/debug/_ext/1395618758/legato_imagedecoder_jpeg.o
 .text.blitToImage
                0x0000000023f0ebc0       0xa4 build/default/debug/_ext/1395618758/legato_imagedecoder_jpeg.o
 .text.blitToFrameBuffer
                0x0000000023f0ec64       0x98 build/default/debug/_ext/1395618758/legato_imagedecoder_jpeg.o
 .text._leJPEGImageDecoder_Init
                0x0000000023f0ecfc       0x5c build/default/debug/_ext/1395618758/legato_imagedecoder_jpeg.o
                0x0000000023f0ecfc                _leJPEGImageDecoder_Init
 .text.stage_BlendRGBA5551
                0x0000000023f0ed58       0x1c build/default/debug/_ext/460669194/legato_imagedecoder_raw_blend.o
 .text.stage_BlendARGB8888
                0x0000000023f0ed74       0x70 build/default/debug/_ext/460669194/legato_imagedecoder_raw_blend.o
 .text.stage_BlendRGBA8888
                0x0000000023f0ede4       0x70 build/default/debug/_ext/460669194/legato_imagedecoder_raw_blend.o
 .text._leRawImageDecoder_BlendStage_Internal
                0x0000000023f0ee54       0xb0 build/default/debug/_ext/460669194/legato_imagedecoder_raw_blend.o
                0x0000000023f0ee54                _leRawImageDecoder_BlendStage_Internal
 .text.nextState
                0x0000000023f0ef04      0x100 build/default/debug/_ext/390595603/legato_widget_label_skin_classic.o
 .text.drawBorder
                0x0000000023f0f004       0x4c build/default/debug/_ext/390595603/legato_widget_label_skin_classic.o
 .text.drawBackground
                0x0000000023f0f050       0x24 build/default/debug/_ext/390595603/legato_widget_label_skin_classic.o
 .text._leLabelWidget_GetTextRects
                0x0000000023f0f074      0x120 build/default/debug/_ext/390595603/legato_widget_label_skin_classic.o
                0x0000000023f0f074                _leLabelWidget_GetTextRects
 .text.drawString
                0x0000000023f0f194       0x98 build/default/debug/_ext/390595603/legato_widget_label_skin_classic.o
 .text._leLabelWidget_Paint
                0x0000000023f0f22c       0x44 build/default/debug/_ext/390595603/legato_widget_label_skin_classic.o
                0x0000000023f0f22c                _leLabelWidget_Paint
 .text.SYSC_SharedHandler
                0x0000000023f0f270        0xc build/default/debug/_ext/1171490990/interrupts.o
                0x0000000023f0f270                SYSC_SharedHandler
 .text.SPURIOUS_INTERRUPT_Handler
                0x0000000023f0f27c       0x18 build/default/debug/_ext/1171490990/interrupts.o
                0x0000000023f0f27c                SPURIOUS_INTERRUPT_Handler
 .text.stage_rejectMaskedColor
                0x0000000023f0f294       0x24 build/default/debug/_ext/460669194/legato_imagedecoder_raw_mask.o
 .text._leRawImageDecoder_MaskStage_Internal
                0x0000000023f0f2b8       0x30 build/default/debug/_ext/460669194/legato_imagedecoder_raw_mask.o
                0x0000000023f0f2b8                _leRawImageDecoder_MaskStage_Internal
 .text.XLCDC_EnableClocks
                0x0000000023f0f2e8       0x54 build/default/debug/_ext/412764825/plib_xlcdc.o
                0x0000000023f0f2e8                XLCDC_EnableClocks
 .text.XLCDC_SetupTimingEngine
                0x0000000023f0f33c       0xa8 build/default/debug/_ext/412764825/plib_xlcdc.o
                0x0000000023f0f33c                XLCDC_SetupTimingEngine
 .text.XLCDC_SetupBaseLayer
                0x0000000023f0f3e4       0x5c build/default/debug/_ext/412764825/plib_xlcdc.o
                0x0000000023f0f3e4                XLCDC_SetupBaseLayer
 .text.XLCDC_SetupOVR1Layer
                0x0000000023f0f440       0x78 build/default/debug/_ext/412764825/plib_xlcdc.o
                0x0000000023f0f440                XLCDC_SetupOVR1Layer
 .text.XLCDC_SetupOVR2Layer
                0x0000000023f0f4b8       0x78 build/default/debug/_ext/412764825/plib_xlcdc.o
                0x0000000023f0f4b8                XLCDC_SetupOVR2Layer
 .text.XLCDC_SetupHEOLayer
                0x0000000023f0f530      0x124 build/default/debug/_ext/412764825/plib_xlcdc.o
                0x0000000023f0f530                XLCDC_SetupHEOLayer
 .text.XLCDC_UpdateLayerAttributes
                0x0000000023f0f654       0xc8 build/default/debug/_ext/412764825/plib_xlcdc.o
                0x0000000023f0f654                XLCDC_UpdateLayerAttributes
 .text.XLCDC_SetLayerEnable
                0x0000000023f0f71c       0x74 build/default/debug/_ext/412764825/plib_xlcdc.o
                0x0000000023f0f71c                XLCDC_SetLayerEnable
 .text.XLCDC_SetLayerOpts
                0x0000000023f0f790       0x98 build/default/debug/_ext/412764825/plib_xlcdc.o
                0x0000000023f0f790                XLCDC_SetLayerOpts
 .text.XLCDC_SetLayerWindowXYPos
                0x0000000023f0f828       0x9c build/default/debug/_ext/412764825/plib_xlcdc.o
                0x0000000023f0f828                XLCDC_SetLayerWindowXYPos
 .text.XLCDC_SetLayerWindowXYSize
                0x0000000023f0f8c4       0xc8 build/default/debug/_ext/412764825/plib_xlcdc.o
                0x0000000023f0f8c4                XLCDC_SetLayerWindowXYSize
 .text.XLCDC_SetLayerXStride
                0x0000000023f0f98c       0x74 build/default/debug/_ext/412764825/plib_xlcdc.o
                0x0000000023f0f98c                XLCDC_SetLayerXStride
 .text.XLCDC_SetLayerAddress
                0x0000000023f0fa00       0x74 build/default/debug/_ext/412764825/plib_xlcdc.o
                0x0000000023f0fa00                XLCDC_SetLayerAddress
 .text.XLCDC_Start
                0x0000000023f0fa74       0xb8 build/default/debug/_ext/412764825/plib_xlcdc.o
                0x0000000023f0fa74                XLCDC_Start
 .text.XLCDC_Initialize
                0x0000000023f0fb2c       0x24 build/default/debug/_ext/412764825/plib_xlcdc.o
                0x0000000023f0fb2c                XLCDC_Initialize
 .text.PLIB_GFX2D_SetOutstandingRegulationEnable
                0x0000000023f0fb50       0x2c build/default/debug/_ext/1988019353/plib_gfx2d.o
                0x0000000023f0fb50                PLIB_GFX2D_SetOutstandingRegulationEnable
 .text.PLIB_GFX2D_SetQOSLatency
                0x0000000023f0fb7c       0x50 build/default/debug/_ext/1988019353/plib_gfx2d.o
                0x0000000023f0fb7c                PLIB_GFX2D_SetQOSLatency
 .text.PLIB_GFX2D_SetMemoryAccess
                0x0000000023f0fbcc       0x2c build/default/debug/_ext/1988019353/plib_gfx2d.o
                0x0000000023f0fbcc                PLIB_GFX2D_SetMemoryAccess
 .text.PLIB_GFX2D_SetGlobalStatusEnabled
                0x0000000023f0fbf8       0x28 build/default/debug/_ext/1988019353/plib_gfx2d.o
                0x0000000023f0fbf8                PLIB_GFX2D_SetGlobalStatusEnabled
 .text.PLIB_GFX2D_GetGlobalStatusBusy
                0x0000000023f0fc20       0x18 build/default/debug/_ext/1988019353/plib_gfx2d.o
                0x0000000023f0fc20                PLIB_GFX2D_GetGlobalStatusBusy
 .text.PLIB_GFX2D_SetPerformanceFilter
                0x0000000023f0fc38       0x54 build/default/debug/_ext/1988019353/plib_gfx2d.o
                0x0000000023f0fc38                PLIB_GFX2D_SetPerformanceFilter
 .text.PLIB_GFX2D_SetPerformanceMetric
                0x0000000023f0fc8c       0x54 build/default/debug/_ext/1988019353/plib_gfx2d.o
                0x0000000023f0fc8c                PLIB_GFX2D_SetPerformanceMetric
 .text._gpu_instruction
                0x0000000023f0fce0       0xe8 build/default/debug/_ext/1988019353/plib_gfx2d.o
                0x0000000023f0fce0                _gpu_instruction
 .text.PLIB_GFX2D_Initialize
                0x0000000023f0fdc8       0x58 build/default/debug/_ext/1988019353/plib_gfx2d.o
                0x0000000023f0fdc8                PLIB_GFX2D_Initialize
 .text.PLIB_GFX2D_Enable
                0x0000000023f0fe20       0x34 build/default/debug/_ext/1988019353/plib_gfx2d.o
                0x0000000023f0fe20                PLIB_GFX2D_Enable
 .text.PLIB_GFX2D_Fill
                0x0000000023f0fe54       0xa8 build/default/debug/_ext/1988019353/plib_gfx2d.o
                0x0000000023f0fe54                PLIB_GFX2D_Fill
 .text.PLIB_GFX2D_Copy
                0x0000000023f0fefc       0xc4 build/default/debug/_ext/1988019353/plib_gfx2d.o
                0x0000000023f0fefc                PLIB_GFX2D_Copy
 .text.getToggleable
                0x0000000023f0ffc0        0x8 build/default/debug/_ext/1043708429/legato_widget_button.o
 .text.setToggleable
                0x0000000023f0ffc8       0x14 build/default/debug/_ext/1043708429/legato_widget_button.o
 .text.getPressed
                0x0000000023f0ffdc       0x18 build/default/debug/_ext/1043708429/legato_widget_button.o
 .text.setPressed
                0x0000000023f0fff4      0x110 build/default/debug/_ext/1043708429/legato_widget_button.o
 .text.getString
                0x0000000023f10104        0x8 build/default/debug/_ext/1043708429/legato_widget_button.o
 .text.setString
                0x0000000023f1010c       0xa0 build/default/debug/_ext/1043708429/legato_widget_button.o
 .text.getPressedImage
                0x0000000023f101ac        0x8 build/default/debug/_ext/1043708429/legato_widget_button.o
 .text.setPressedImage
                0x0000000023f101b4       0x1c build/default/debug/_ext/1043708429/legato_widget_button.o
 .text.getReleasedImage
                0x0000000023f101d0        0x8 build/default/debug/_ext/1043708429/legato_widget_button.o
 .text.setReleasedImage
                0x0000000023f101d8       0x1c build/default/debug/_ext/1043708429/legato_widget_button.o
 .text.getImagePosition
                0x0000000023f101f4        0x8 build/default/debug/_ext/1043708429/legato_widget_button.o
 .text.setImagePosition
                0x0000000023f101fc       0x48 build/default/debug/_ext/1043708429/legato_widget_button.o
 .text.getImageMargin
                0x0000000023f10244        0x8 build/default/debug/_ext/1043708429/legato_widget_button.o
 .text.setImageMargin
                0x0000000023f1024c       0x48 build/default/debug/_ext/1043708429/legato_widget_button.o
 .text.getPressedOffset
                0x0000000023f10294        0x8 build/default/debug/_ext/1043708429/legato_widget_button.o
 .text.setPressedOffset
                0x0000000023f1029c       0x60 build/default/debug/_ext/1043708429/legato_widget_button.o
 .text.getPressedEventCallback
                0x0000000023f102fc        0x8 build/default/debug/_ext/1043708429/legato_widget_button.o
 .text.setPressedEventCallback
                0x0000000023f10304        0xc build/default/debug/_ext/1043708429/legato_widget_button.o
 .text.getReleasedEventCallback
                0x0000000023f10310        0x8 build/default/debug/_ext/1043708429/legato_widget_button.o
 .text.setReleasedEventCallback
                0x0000000023f10318        0xc build/default/debug/_ext/1043708429/legato_widget_button.o
 .text.languageChanging
                0x0000000023f10324       0x20 build/default/debug/_ext/1043708429/legato_widget_button.o
 .text.invalidateTextRect
                0x0000000023f10344       0x34 build/default/debug/_ext/1043708429/legato_widget_button.o
 .text.stringInvalidate
                0x0000000023f10378       0x10 build/default/debug/_ext/1043708429/legato_widget_button.o
 .text.stringPreinvalidate
                0x0000000023f10388       0x10 build/default/debug/_ext/1043708429/legato_widget_button.o
 .text.touchDown
                0x0000000023f10398       0xac build/default/debug/_ext/1043708429/legato_widget_button.o
 .text.touchMoved
                0x0000000023f10444      0x168 build/default/debug/_ext/1043708429/legato_widget_button.o
 .text.touchUp  0x0000000023f105ac      0x158 build/default/debug/_ext/1043708429/legato_widget_button.o
 .text.invalidateContents
                0x0000000023f10704       0x8c build/default/debug/_ext/1043708429/legato_widget_button.o
 .text._leButtonWidget_Destructor
                0x0000000023f10790       0x1c build/default/debug/_ext/1043708429/legato_widget_button.o
                0x0000000023f10790                _leButtonWidget_Destructor
 .text.leButtonWidget_Constructor
                0x0000000023f107ac       0x70 build/default/debug/_ext/1043708429/legato_widget_button.o
                0x0000000023f107ac                leButtonWidget_Constructor
 .text.leButtonWidget_New
                0x0000000023f1081c       0x24 build/default/debug/_ext/1043708429/legato_widget_button.o
                0x0000000023f1081c                leButtonWidget_New
 .text.SYS_INP_Init
                0x0000000023f10840       0x44 build/default/debug/_ext/1008098389/sys_input.o
                0x0000000023f10840                SYS_INP_Init
 .text.SYS_INP_Tasks
                0x0000000023f10884      0x1d8 build/default/debug/_ext/1008098389/sys_input.o
                0x0000000023f10884                SYS_INP_Tasks
 .text.SYS_INP_AddListener
                0x0000000023f10a5c       0x84 build/default/debug/_ext/1008098389/sys_input.o
                0x0000000023f10a5c                SYS_INP_AddListener
 .text.SYS_INP_InjectTouchDown
                0x0000000023f10ae0       0x54 build/default/debug/_ext/1008098389/sys_input.o
                0x0000000023f10ae0                SYS_INP_InjectTouchDown
 .text.SYS_INP_InjectTouchUp
                0x0000000023f10b34       0x54 build/default/debug/_ext/1008098389/sys_input.o
                0x0000000023f10b34                SYS_INP_InjectTouchUp
 .text.SYS_INP_InjectTouchMove
                0x0000000023f10b88       0x54 build/default/debug/_ext/1008098389/sys_input.o
                0x0000000023f10b88                SYS_INP_InjectTouchMove
 .text.nextState
                0x0000000023f10bdc      0x144 build/default/debug/_ext/1402498444/legato_widget_textfield_skin_classic.o
 .text.drawBorder
                0x0000000023f10d20       0x4c build/default/debug/_ext/1402498444/legato_widget_textfield_skin_classic.o
 .text.drawBackground
                0x0000000023f10d6c       0x48 build/default/debug/_ext/1402498444/legato_widget_textfield_skin_classic.o
 .text._leTextFieldWidget_GetTextRects
                0x0000000023f10db4      0x198 build/default/debug/_ext/1402498444/legato_widget_textfield_skin_classic.o
                0x0000000023f10db4                _leTextFieldWidget_GetTextRects
 .text.drawString
                0x0000000023f10f4c       0xf0 build/default/debug/_ext/1402498444/legato_widget_textfield_skin_classic.o
 .text._leTextFieldWidget_GetCursorRect
                0x0000000023f1103c      0x1b0 build/default/debug/_ext/1402498444/legato_widget_textfield_skin_classic.o
                0x0000000023f1103c                _leTextFieldWidget_GetCursorRect
 .text.drawCursor
                0x0000000023f111ec       0x48 build/default/debug/_ext/1402498444/legato_widget_textfield_skin_classic.o
 .text._leTextFieldWidget_Paint
                0x0000000023f11234       0x44 build/default/debug/_ext/1402498444/legato_widget_textfield_skin_classic.o
                0x0000000023f11234                _leTextFieldWidget_Paint
 .text.stage_convertColor
                0x0000000023f11278       0x2c build/default/debug/_ext/460669194/legato_imagedecoder_raw_convert.o
 .text._leRawImageDecoder_ConvertStage
                0x0000000023f112a4       0x90 build/default/debug/_ext/460669194/legato_imagedecoder_raw_convert.o
                0x0000000023f112a4                _leRawImageDecoder_ConvertStage
 .text._fixedHeapAlloc
                0x0000000023f11334       0x60 build/default/debug/_ext/1232982741/legato_memory.o
 .text._findFixedHeapForPointer
                0x0000000023f11394       0x5c build/default/debug/_ext/1232982741/legato_memory.o
 .text.leMemory_Init
                0x0000000023f113f0       0xb0 build/default/debug/_ext/1232982741/legato_memory.o
                0x0000000023f113f0                leMemory_Init
 .text.leMalloc
                0x0000000023f114a0       0x28 build/default/debug/_ext/1232982741/legato_memory.o
                0x0000000023f114a0                leMalloc
 .text.leFree   0x0000000023f114c8       0x6c build/default/debug/_ext/1232982741/legato_memory.o
                0x0000000023f114c8                leFree
 .text.leRealloc
                0x0000000023f11534      0x25c build/default/debug/_ext/1232982741/legato_memory.o
                0x0000000023f11534                leRealloc
 .text          0x0000000023f11790       0xa0 build/default/debug/_ext/1171490990/cstartup.o
 .text.readBitsFromStream
                0x0000000023f11830       0x50 build/default/debug/_ext/460667659/lodepng.o
 .text.huffmanDecodeSymbol
                0x0000000023f11880       0x64 build/default/debug/_ext/460667659/lodepng.o
 .text.readBitFromReversedStream
                0x0000000023f118e4       0x24 build/default/debug/_ext/460667659/lodepng.o
 .text.readBitsFromReversedStream
                0x0000000023f11908       0x48 build/default/debug/_ext/460667659/lodepng.o
 .text.getNumColorChannels
                0x0000000023f11950       0x50 build/default/debug/_ext/460667659/lodepng.o
 .text.lodepng_color_mode_equal
                0x0000000023f119a0      0x120 build/default/debug/_ext/460667659/lodepng.o
 .text.addColorBits
                0x0000000023f11ac0       0x50 build/default/debug/_ext/460667659/lodepng.o
 .text.getPixelColorsRGBA8
                0x0000000023f11b10      0x51c build/default/debug/_ext/460667659/lodepng.o
 .text.Adam7_getpassvalues
                0x0000000023f1202c      0x184 build/default/debug/_ext/460667659/lodepng.o
 .text.unfilter
                0x0000000023f121b0      0x400 build/default/debug/_ext/460667659/lodepng.o
 .text.removePaddingBits
                0x0000000023f125b0       0xa4 build/default/debug/_ext/460667659/lodepng.o
 .text.ucvector_reserve
                0x0000000023f12654       0x58 build/default/debug/_ext/460667659/lodepng.o
 .text.ucvector_resize
                0x0000000023f126ac       0x20 build/default/debug/_ext/460667659/lodepng.o
 .text.ucvector_push_back
                0x0000000023f126cc       0x34 build/default/debug/_ext/460667659/lodepng.o
 .text.color_tree_cleanup
                0x0000000023f12700       0x34 build/default/debug/_ext/460667659/lodepng.o
 .text.LodePNGIText_cleanup
                0x0000000023f12734       0x90 build/default/debug/_ext/460667659/lodepng.o
 .text.LodePNGText_cleanup
                0x0000000023f127c4       0x60 build/default/debug/_ext/460667659/lodepng.o
 .text.HuffmanTree_cleanup
                0x0000000023f12824       0x24 build/default/debug/_ext/460667659/lodepng.o
 .text.string_set
                0x0000000023f12848       0x68 build/default/debug/_ext/460667659/lodepng.o
 .text.string_init
                0x0000000023f128b0       0x2c build/default/debug/_ext/460667659/lodepng.o
 .text.uivector_reserve
                0x0000000023f128dc       0x58 build/default/debug/_ext/460667659/lodepng.o
 .text.HuffmanTree_makeFromLengths
                0x0000000023f12934      0x424 build/default/debug/_ext/460667659/lodepng.o
 .text.lodepng_read32bitInt
                0x0000000023f12d58       0x24 build/default/debug/_ext/460667659/lodepng.o
                0x0000000023f12d58                lodepng_read32bitInt
 .text.lodepng_inflate
                0x0000000023f12d7c      0x990 build/default/debug/_ext/460667659/lodepng.o
                0x0000000023f12d7c                lodepng_inflate
 .text.lodepng_zlib_decompress
                0x0000000023f1370c      0x198 build/default/debug/_ext/460667659/lodepng.o
                0x0000000023f1370c                lodepng_zlib_decompress
 .text.zlib_decompress
                0x0000000023f138a4       0x34 build/default/debug/_ext/460667659/lodepng.o
 .text.lodepng_crc32
                0x0000000023f138d8       0x4c build/default/debug/_ext/460667659/lodepng.o
                0x0000000023f138d8                lodepng_crc32
 .text.lodepng_chunk_type_equals
                0x0000000023f13924       0x80 build/default/debug/_ext/460667659/lodepng.o
                0x0000000023f13924                lodepng_chunk_type_equals
 .text.lodepng_chunk_check_crc
                0x0000000023f139a4       0x38 build/default/debug/_ext/460667659/lodepng.o
                0x0000000023f139a4                lodepng_chunk_check_crc
 .text.lodepng_chunk_next_const
                0x0000000023f139dc       0x18 build/default/debug/_ext/460667659/lodepng.o
                0x0000000023f139dc                lodepng_chunk_next_const
 .text.lodepng_chunk_append
                0x0000000023f139f4       0xa4 build/default/debug/_ext/460667659/lodepng.o
                0x0000000023f139f4                lodepng_chunk_append
 .text.lodepng_color_mode_init
                0x0000000023f13a98       0x30 build/default/debug/_ext/460667659/lodepng.o
                0x0000000023f13a98                lodepng_color_mode_init
 .text.lodepng_palette_clear
                0x0000000023f13ac8       0x28 build/default/debug/_ext/460667659/lodepng.o
                0x0000000023f13ac8                lodepng_palette_clear
 .text.lodepng_color_mode_copy
                0x0000000023f13af0       0x98 build/default/debug/_ext/460667659/lodepng.o
                0x0000000023f13af0                lodepng_color_mode_copy
 .text.lodepng_get_bpp
                0x0000000023f13b88       0x1c build/default/debug/_ext/460667659/lodepng.o
                0x0000000023f13b88                lodepng_get_bpp
 .text.lodepng_get_raw_size_idat
                0x0000000023f13ba4       0x34 build/default/debug/_ext/460667659/lodepng.o
 .text.lodepng_get_raw_size
                0x0000000023f13bd8       0x38 build/default/debug/_ext/460667659/lodepng.o
                0x0000000023f13bd8                lodepng_get_raw_size
 .text.lodepng_add_text
                0x0000000023f13c10       0xcc build/default/debug/_ext/460667659/lodepng.o
                0x0000000023f13c10                lodepng_add_text
 .text.lodepng_add_itext
                0x0000000023f13cdc      0x17c build/default/debug/_ext/460667659/lodepng.o
                0x0000000023f13cdc                lodepng_add_itext
 .text.lodepng_info_init
                0x0000000023f13e58       0x74 build/default/debug/_ext/460667659/lodepng.o
                0x0000000023f13e58                lodepng_info_init
 .text.lodepng_info_cleanup
                0x0000000023f13ecc       0x3c build/default/debug/_ext/460667659/lodepng.o
                0x0000000023f13ecc                lodepng_info_cleanup
 .text.lodepng_convert
                0x0000000023f13f08      0xb88 build/default/debug/_ext/460667659/lodepng.o
                0x0000000023f13f08                lodepng_convert
 .text.lodepng_inspect
                0x0000000023f14a90      0x290 build/default/debug/_ext/460667659/lodepng.o
                0x0000000023f14a90                lodepng_inspect
 .text.lodepng_decode
                0x0000000023f14d20     0x171c build/default/debug/_ext/460667659/lodepng.o
                0x0000000023f14d20                lodepng_decode
 .text.lodepng_decoder_settings_init
                0x0000000023f1643c       0x2c build/default/debug/_ext/460667659/lodepng.o
                0x0000000023f1643c                lodepng_decoder_settings_init
 .text.lodepng_state_init
                0x0000000023f16468       0x28 build/default/debug/_ext/460667659/lodepng.o
                0x0000000023f16468                lodepng_state_init
 .text.lodepng_state_cleanup
                0x0000000023f16490       0x1c build/default/debug/_ext/460667659/lodepng.o
                0x0000000023f16490                lodepng_state_cleanup
 .text.lodepng_decode_memory
                0x0000000023f164ac       0x68 build/default/debug/_ext/460667659/lodepng.o
                0x0000000023f164ac                lodepng_decode_memory
 .text.leScheme_GetRenderColor
                0x0000000023f16514       0x38 build/default/debug/_ext/92283465/legato_scheme.o
                0x0000000023f16514                leScheme_GetRenderColor
 .text.nextState
                0x0000000023f1654c       0xec build/default/debug/_ext/388181626/legato_widget_image_skin_classic.o
 .text.drawBorder
                0x0000000023f16638       0x4c build/default/debug/_ext/388181626/legato_widget_image_skin_classic.o
 .text.drawBackground
                0x0000000023f16684       0x24 build/default/debug/_ext/388181626/legato_widget_image_skin_classic.o
 .text._leImageWidget_GetImageRect
                0x0000000023f166a8       0xb4 build/default/debug/_ext/388181626/legato_widget_image_skin_classic.o
                0x0000000023f166a8                _leImageWidget_GetImageRect
 .text.drawImage
                0x0000000023f1675c       0x74 build/default/debug/_ext/388181626/legato_widget_image_skin_classic.o
 .text._leImageWidget_Paint
                0x0000000023f167d0       0x44 build/default/debug/_ext/388181626/legato_widget_image_skin_classic.o
                0x0000000023f167d0                _leImageWidget_Paint
 .text.leColorBlend_RGBA_8888
                0x0000000023f16814      0x168 build/default/debug/_ext/1510041067/legato_color_blend.o
                0x0000000023f16814                leColorBlend_RGBA_8888
 .text.leColorBlend_ARGB_8888
                0x0000000023f1697c      0x14c build/default/debug/_ext/1510041067/legato_color_blend.o
                0x0000000023f1697c                leColorBlend_ARGB_8888
 .text._leWidget_GetType
                0x0000000023f16ac8        0x8 build/default/debug/_ext/943273362/legato_widget.o
                0x0000000023f16ac8                _leWidget_GetType
 .text._leWidget_GetX
                0x0000000023f16ad0        0x8 build/default/debug/_ext/943273362/legato_widget.o
                0x0000000023f16ad0                _leWidget_GetX
 .text._leWidget_SetX
                0x0000000023f16ad8       0x80 build/default/debug/_ext/943273362/legato_widget.o
                0x0000000023f16ad8                _leWidget_SetX
 .text._leWidget_GetY
                0x0000000023f16b58        0x8 build/default/debug/_ext/943273362/legato_widget.o
                0x0000000023f16b58                _leWidget_GetY
 .text._leWidget_SetY
                0x0000000023f16b60       0x80 build/default/debug/_ext/943273362/legato_widget.o
                0x0000000023f16b60                _leWidget_SetY
 .text._leWidget_SetPosition
                0x0000000023f16be0       0xd0 build/default/debug/_ext/943273362/legato_widget.o
                0x0000000023f16be0                _leWidget_SetPosition
 .text._leWidget_Translate
                0x0000000023f16cb0       0xcc build/default/debug/_ext/943273362/legato_widget.o
                0x0000000023f16cb0                _leWidget_Translate
 .text._leWidget_GetWidth
                0x0000000023f16d7c        0x8 build/default/debug/_ext/943273362/legato_widget.o
                0x0000000023f16d7c                _leWidget_GetWidth
 .text._leWidget_SetWidth
                0x0000000023f16d84       0xb8 build/default/debug/_ext/943273362/legato_widget.o
                0x0000000023f16d84                _leWidget_SetWidth
 .text._leWidget_GetHeight
                0x0000000023f16e3c        0x8 build/default/debug/_ext/943273362/legato_widget.o
                0x0000000023f16e3c                _leWidget_GetHeight
 .text._leWidget_SetHeight
                0x0000000023f16e44       0xb8 build/default/debug/_ext/943273362/legato_widget.o
                0x0000000023f16e44                _leWidget_SetHeight
 .text._leWidget_SetSize
                0x0000000023f16efc       0xe8 build/default/debug/_ext/943273362/legato_widget.o
                0x0000000023f16efc                _leWidget_SetSize
 .text._leWidget_GetAlphaEnabled
                0x0000000023f16fe4       0x10 build/default/debug/_ext/943273362/legato_widget.o
                0x0000000023f16fe4                _leWidget_GetAlphaEnabled
 .text._leWidget_GetCumulativeAlphaEnabled
                0x0000000023f16ff4       0x44 build/default/debug/_ext/943273362/legato_widget.o
                0x0000000023f16ff4                _leWidget_GetCumulativeAlphaEnabled
 .text._leWidget_SetAlphaEnabled
                0x0000000023f17038       0x44 build/default/debug/_ext/943273362/legato_widget.o
                0x0000000023f17038                _leWidget_SetAlphaEnabled
 .text._leWidget_GetAlphaAmount
                0x0000000023f1707c        0x8 build/default/debug/_ext/943273362/legato_widget.o
                0x0000000023f1707c                _leWidget_GetAlphaAmount
 .text._leWidget_SetAlphaAmount
                0x0000000023f17084       0x38 build/default/debug/_ext/943273362/legato_widget.o
                0x0000000023f17084                _leWidget_SetAlphaAmount
 .text._leWidget_IsOpaque
                0x0000000023f170bc       0x4c build/default/debug/_ext/943273362/legato_widget.o
                0x0000000023f170bc                _leWidget_IsOpaque
 .text._leWidget_GetEnabled
                0x0000000023f17108        0xc build/default/debug/_ext/943273362/legato_widget.o
                0x0000000023f17108                _leWidget_GetEnabled
 .text._leWidget_SetEnabled
                0x0000000023f17114       0x40 build/default/debug/_ext/943273362/legato_widget.o
                0x0000000023f17114                _leWidget_SetEnabled
 .text._leWidget_GetVisible
                0x0000000023f17154       0x10 build/default/debug/_ext/943273362/legato_widget.o
                0x0000000023f17154                _leWidget_GetVisible
 .text._leWidget_SetVisible
                0x0000000023f17164       0x44 build/default/debug/_ext/943273362/legato_widget.o