Archive member included to satisfy reference by file (symbol)

c:/program files/microchip/xc32/v4.40/bin/bin/../../lib/gcc/pic32c/8.3.1/arm/v5te/nofp\libgcc.a(_udivsi3.o)
                              build/default/debug/_ext/1275055279/gfx_canvas.o (__aeabi_uidiv)
c:/program files/microchip/xc32/v4.40/bin/bin/../../lib/gcc/pic32c/8.3.1/arm/v5te/nofp\libgcc.a(_divsi3.o)
                              build/default/debug/_ext/1510041067/legato_math.o (__aeabi_idiv)
c:/program files/microchip/xc32/v4.40/bin/bin/../../lib/gcc/pic32c/8.3.1/arm/v5te/nofp\libgcc.a(_dvmd_tls.o)
                              c:/program files/microchip/xc32/v4.40/bin/bin/../../lib/gcc/pic32c/8.3.1/arm/v5te/nofp\libgcc.a(_udivsi3.o) (__aeabi_idiv0)
c:/program files/microchip/xc32/v4.40/bin/bin/../../lib/gcc/pic32c/8.3.1/arm/v5te/nofp\libgcc.a(_arm_addsubdf3.o)
                              build/default/debug/_ext/412764825/plib_xlcdc.o (__aeabi_f2d)
c:/program files/microchip/xc32/v4.40/bin/bin/../../lib/gcc/pic32c/8.3.1/arm/v5te/nofp\libgcc.a(_arm_cmpdf2.o)
                              build/default/debug/_ext/412764825/plib_xlcdc.o (__aeabi_dcmplt)
c:/program files/microchip/xc32/v4.40/bin/bin/../../lib/gcc/pic32c/8.3.1/arm/v5te/nofp\libgcc.a(_arm_addsubsf3.o)
                              build/default/debug/_ext/1510041067/legato_math.o (__aeabi_fsub)
c:/program files/microchip/xc32/v4.40/bin/bin/../../lib/gcc/pic32c/8.3.1/arm/v5te/nofp\libgcc.a(_arm_muldivsf3.o)
                              build/default/debug/_ext/1319235455/gfx_driver.o (__aeabi_fmul)
c:/program files/microchip/xc32/v4.40/bin/bin/../../lib/gcc/pic32c/8.3.1/arm/v5te/nofp\libgcc.a(_arm_cmpsf2.o)
                              build/default/debug/_ext/1510041067/legato_math.o (__aeabi_fcmplt)
c:/program files/microchip/xc32/v4.40/bin/bin/../../lib/gcc/pic32c/8.3.1/arm/v5te/nofp\libgcc.a(_arm_fixsfsi.o)
                              build/default/debug/_ext/1319235455/gfx_driver.o (__aeabi_f2iz)
c:/program files/microchip/xc32/v4.40/bin/bin/../../lib/gcc/pic32c/8.3.1/arm/v5te/nofp\libgcc.a(_arm_fixunssfsi.o)
                              build/default/debug/_ext/1319235455/gfx_driver.o (__aeabi_f2uiz)
c:/program files/microchip/xc32/v4.40/bin/bin/../../lib/gcc/pic32c/8.3.1/arm/v5te/nofp\libgcc.a(_aeabi_uldivmod.o)
                              build/default/debug/_ext/412764825/plib_xlcdc.o (__aeabi_uldivmod)
c:/program files/microchip/xc32/v4.40/bin/bin/../../lib/gcc/pic32c/8.3.1/arm/v5te/nofp\libgcc.a(_udivmoddi4.o)
                              c:/program files/microchip/xc32/v4.40/bin/bin/../../lib/gcc/pic32c/8.3.1/arm/v5te/nofp\libgcc.a(_aeabi_uldivmod.o) (__udivmoddi4)
c:/program files/microchip/xc32/v4.40/bin/bin/../../lib/gcc/pic32c/8.3.1/../../../../pic32c/lib/arm/v5te/nofp\libc-size-musl.a(memcpy.o)
                              build/default/debug/_ext/462837020/drv_maxtouch.o (memcpy)
c:/program files/microchip/xc32/v4.40/bin/bin/../../lib/gcc/pic32c/8.3.1/../../../../pic32c/lib/arm/v5te/nofp\libc-size-musl.a(memset.o)
                              build/default/debug/_ext/462837020/drv_maxtouch.o (memset)
c:/program files/microchip/xc32/v4.40/bin/bin/../../lib/gcc/pic32c/8.3.1/../../../../pic32c/lib/arm/v5te/nofp\libc-size-musl.a(strlen.o)
                              build/default/debug/_ext/460667659/lodepng.o (strlen)
c:/program files/microchip/xc32/v4.40/bin/bin/../../lib/gcc/pic32c/8.3.1/../../../../pic32c/lib/arm/v5te/nofp\libc-size-musl.a(strcmp.o)
                              build/default/debug/_ext/462837020/drv_maxtouch.o (strcmp)
c:/program files/microchip/xc32/v4.40/bin/bin/../../lib/gcc/pic32c/8.3.1/../../../../pic32c/lib/arm/v5te/nofp\libc-size-musl.a(strncmp.o)
                              build/default/debug/_ext/462837020/drv_maxtouch.o (strncmp)
c:/program files/microchip/xc32/v4.40/bin/bin/../../lib/gcc/pic32c/8.3.1/../../../../pic32c/lib/arm/v5te/nofp\libc-size-musl.a(strrchr.o)
                              build/default/debug/_ext/462837020/drv_maxtouch.o (strrchr)
c:/program files/microchip/xc32/v4.40/bin/bin/../../lib/gcc/pic32c/8.3.1/../../../../pic32c/lib/arm/v5te/nofp\libc-size-musl.a(strtok.o)
                              build/default/debug/_ext/462837020/drv_maxtouch.o (strtok)
c:/program files/microchip/xc32/v4.40/bin/bin/../../lib/gcc/pic32c/8.3.1/../../../../pic32c/lib/arm/v5te/nofp\libc-size-musl.a(memrchr.o)
                              c:/program files/microchip/xc32/v4.40/bin/bin/../../lib/gcc/pic32c/8.3.1/../../../../pic32c/lib/arm/v5te/nofp\libc-size-musl.a(strrchr.o) (__memrchr)
c:/program files/microchip/xc32/v4.40/bin/bin/../../lib/gcc/pic32c/8.3.1/../../../../pic32c/lib/arm/v5te/nofp\libc-size-musl.a(strcspn.o)
                              c:/program files/microchip/xc32/v4.40/bin/bin/../../lib/gcc/pic32c/8.3.1/../../../../pic32c/lib/arm/v5te/nofp\libc-size-musl.a(strtok.o) (strcspn)
[...]
Memory Configuration

Name             Origin             Length             Attributes
sram             0x0000000000300000 0x0000000000010000 xw
ram              0x0000000021000000 0x000000000f000000 xwl !r
ram_nocache      0x0000000020000000 0x0000000001000000 !xrw
rom              0x0000000000000000 0x0000000000000000 xrl
*default*        0x0000000000000000 0xffffffffffffffff

Linker script and memory map

LOAD c:/program files/microchip/xc32/v4.40/bin/bin/../../lib/gcc/pic32c/8.3.1/arm/v5te/nofp/crti.o
LOAD c:/program files/microchip/xc32/v4.40/bin/bin/../../lib/gcc/pic32c/8.3.1/arm/v5te/nofp/crtbegin.o
LOAD build/default/debug/_ext/158385033/drv_i2c.o
LOAD build/default/debug/_ext/462837020/drv_maxtouch.o
LOAD build/default/debug/_ext/1275055279/gfx_canvas_api.o
LOAD build/default/debug/_ext/1275055279/gfx_canvas.o
LOAD build/default/debug/_ext/1063535966/drv_gfx2d.o
LOAD build/default/debug/_ext/2123361384/plib_lvdsc.o
LOAD build/default/debug/_ext/119635701/drv_gfx_xlcdc.o
LOAD build/default/debug/_ext/412764825/plib_xlcdc.o
LOAD build/default/debug/_ext/1319235455/gfx_driver.o
LOAD build/default/debug/_ext/1510041067/legato_color_convert.o
LOAD build/default/debug/_ext/1510041067/legato_color.o
LOAD build/default/debug/_ext/1510041067/legato_color_value.o
LOAD build/default/debug/_ext/1510041067/legato_color_blend.o
LOAD build/default/debug/_ext/1510041067/legato_error.o
LOAD build/default/debug/_ext/1510041067/legato_utils.o
LOAD build/default/debug/_ext/1510041067/legato_color_lerp.o
LOAD build/default/debug/_ext/1510041067/legato_math.o
LOAD build/default/debug/_ext/1510041067/legato_pixelbuffer.o
LOAD build/default/debug/_ext/1510041067/legato_rect.o
LOAD build/default/debug/_ext/92283465/legato_input.o
LOAD build/default/debug/_ext/92283465/legato_event.o
LOAD build/default/debug/_ext/92283465/legato_stream.o
LOAD build/default/debug/_ext/92283465/legato_state.o
LOAD build/default/debug/_ext/92283465/legato_scheme.o
LOAD build/default/debug/_ext/2021927327/legato_list.o
LOAD build/default/debug/_ext/2021927327/legato_array.o
LOAD build/default/debug/_ext/2021927327/legato_rectarray.o
LOAD build/default/debug/_ext/92372729/legato_rasterfont_liberationmono8.o
LOAD build/default/debug/_ext/92372729/legato_font.o
LOAD build/default/debug/_ext/92372729/legato_rasterfont_stream.o
LOAD build/default/debug/_ext/92372729/legato_rasterfont_liberationmono1.o
LOAD build/default/debug/_ext/1494086919/le_gen_fonts.o
LOAD build/default/debug/_ext/930643953/le_gen_images.o
LOAD build/default/debug/_ext/937247594/le_gen_screen_Screen0.o
LOAD build/default/debug/_ext/1626882341/le_gen_harmony.o
LOAD build/default/debug/_ext/1626882341/le_gen_init.o
LOAD build/default/debug/_ext/1626882341/le_gen_scheme.o
LOAD build/default/debug/_ext/1626882341/le_gen_globalpalette.o
LOAD build/default/debug/_ext/1626882341/le_gen_stringtable.o
LOAD build/default/debug/_ext/1395618758/legato_imagedecoder_jpeg.o
LOAD build/default/debug/_ext/1395618758/jidctint.o
LOAD build/default/debug/_ext/1395618758/legato_imagedecoder_jpeg_common.o
LOAD build/default/debug/_ext/1395707457/legato_imagedecoder_mono_read_internal.o
LOAD build/default/debug/_ext/1395707457/legato_imagedecoder_mono_read_stream.o
LOAD build/default/debug/_ext/1395707457/legato_imagedecoder_mono.o
LOAD build/default/debug/_ext/460667659/lodepng.o
LOAD build/default/debug/_ext/460667659/legato_imagedecoder_png.o
LOAD build/default/debug/_ext/460669194/legato_imagedecoder_raw_blend.o
LOAD build/default/debug/_ext/460669194/legato_imagedecoder_raw_palette_internal.o
LOAD build/default/debug/_ext/460669194/legato_imagedecoder_raw_read_stream_rlecolor.o
LOAD build/default/debug/_ext/460669194/legato_imagedecoder_raw_rotate.o
LOAD build/default/debug/_ext/460669194/legato_imagedecoder_raw_palette_stream.o
LOAD build/default/debug/_ext/460669194/legato_imagedecoder_raw_scale.o
LOAD build/default/debug/_ext/460669194/legato_imagedecoder_raw_read_stream_index.o
LOAD build/default/debug/_ext/460669194/legato_imagedecoder_raw_write.o
LOAD build/default/debug/_ext/460669194/legato_imagedecoder_raw_setup.o
LOAD build/default/debug/_ext/460669194/legato_imagedecoder_raw_mask.o
LOAD build/default/debug/_ext/460669194/legato_imagedecoder_raw_read_stream_color.o
LOAD build/default/debug/_ext/460669194/legato_imagedecoder_raw_read_stream_rleindex.o
LOAD build/default/debug/_ext/460669194/legato_imagedecoder_raw.o
LOAD build/default/debug/_ext/460669194/legato_imagedecoder_raw_convert.o
LOAD build/default/debug/_ext/460669194/legato_imagedecoder_raw_read_internal.o
LOAD build/default/debug/_ext/1428714511/legato_image_utils.o
LOAD build/default/debug/_ext/1428714511/legato_palette.o
LOAD build/default/debug/_ext/1428714511/legato_image.o
LOAD build/default/debug/_ext/1232982741/legato_memory.o
LOAD build/default/debug/_ext/1232982741/legato_variableheap.o
LOAD build/default/debug/_ext/1232982741/legato_fixedheap.o
LOAD build/default/debug/_ext/656756333/legato_draw.o
LOAD build/default/debug/_ext/656756333/legato_gpu.o
LOAD build/default/debug/_ext/656756333/legato_draw_arc.o
LOAD build/default/debug/_ext/656756333/legato_draw_line.o
LOAD build/default/debug/_ext/656756333/legato_draw_rect.o
LOAD build/default/debug/_ext/656756333/legato_renderer.o
LOAD build/default/debug/_ext/1047211973/legato_string.o
LOAD build/default/debug/_ext/1047211973/legato_stringtable.o
LOAD build/default/debug/_ext/1047211973/legato_string_renderer_stream.o
LOAD build/default/debug/_ext/1047211973/legato_fixedstring.o
LOAD build/default/debug/_ext/1047211973/legato_string_renderer.o
LOAD build/default/debug/_ext/1047211973/legato_dynamicstring.o
LOAD build/default/debug/_ext/1047211973/legato_stringutils.o
LOAD build/default/debug/_ext/1047211973/legato_tablestring.o
LOAD build/default/debug/_ext/1720272079/legato_widget_arc_skin_classic.o
LOAD build/default/debug/_ext/1720272079/legato_widget_arc.o
LOAD build/default/debug/_ext/1379158940/legato_widget_bar_graph.o
LOAD build/default/debug/_ext/1379158940/legato_widget_bar_graph_skin_classic.o
LOAD build/default/debug/_ext/1043708429/legato_widget_button_skin_classic.o
LOAD build/default/debug/_ext/1043708429/legato_widget_button.o
LOAD build/default/debug/_ext/368479812/legato_widget_checkbox.o
LOAD build/default/debug/_ext/368479812/legato_widget_checkbox_skin_classic.o
LOAD build/default/debug/_ext/1026237551/legato_widget_circle.o
LOAD build/default/debug/_ext/1026237551/legato_widget_circle_skin_classic.o
LOAD build/default/debug/_ext/2143783897/legato_widget_circular_gauge.o
LOAD build/default/debug/_ext/2143783897/legato_widget_circular_gauge_skin_classic.o
LOAD build/default/debug/_ext/1908827647/legato_widget_circular_slider.o
LOAD build/default/debug/_ext/1908827647/legato_widget_circular_slider_skin_classic.o
LOAD build/default/debug/_ext/1828717368/legato_widget_drawsurface.o
LOAD build/default/debug/_ext/1828717368/legato_widget_drawsurface_skin_classic.o
LOAD build/default/debug/_ext/1078761039/legato_widget_gradient.o
LOAD build/default/debug/_ext/1078761039/legato_widget_gradient_skin_classic.o
LOAD build/default/debug/_ext/662047379/legato_widget_groupbox_skin_classic.o
LOAD build/default/debug/_ext/662047379/legato_widget_groupbox.o
LOAD build/default/debug/_ext/388181626/legato_widget_image.o
LOAD build/default/debug/_ext/388181626/legato_widget_image_skin_classic.o
LOAD build/default/debug/_ext/1310443605/legato_widget_imagerotate_skin_classic.o
LOAD build/default/debug/_ext/1310443605/legato_widget_imagerotate.o
LOAD build/default/debug/_ext/1012651792/legato_widget_imagescale_skin_classic.o
LOAD build/default/debug/_ext/1012651792/legato_widget_imagescale.o
LOAD build/default/debug/_ext/1994224581/legato_widget_imagesequence.o
LOAD build/default/debug/_ext/1994224581/legato_widget_imagesequence_skin_classic.o
LOAD build/default/debug/_ext/800677739/legato_widget_keypad.o
LOAD build/default/debug/_ext/800677739/legato_widget_keypad_skin_classic.o
LOAD build/default/debug/_ext/390595603/legato_widget_label.o
LOAD build/default/debug/_ext/390595603/legato_widget_label_skin_classic.o
LOAD build/default/debug/_ext/1788507403/legato_widget_line.o
LOAD build/default/debug/_ext/1788507403/legato_widget_line_skin_classic.o
LOAD build/default/debug/_ext/645187449/legato_widget_line_graph_skin_classic.o
LOAD build/default/debug/_ext/645187449/legato_widget_line_graph.o
LOAD build/default/debug/_ext/1788507233/legato_widget_list_skin_classic.o
LOAD build/default/debug/_ext/1788507233/legato_widget_list.o
LOAD build/default/debug/_ext/1231657756/legato_widget_listwheel_skin_classic.o
LOAD build/default/debug/_ext/1231657756/legato_widget_listwheel.o
LOAD build/default/debug/_ext/1857376173/legato_widget_pie_chart.o
LOAD build/default/debug/_ext/1857376173/legato_widget_pie_chart_skin_classic.o
LOAD build/default/debug/_ext/616308571/legato_widget_progressbar.o
LOAD build/default/debug/_ext/616308571/legato_widget_progressbar_skin_classic.o
LOAD build/default/debug/_ext/2046438975/legato_widget_radial_menu_skin_classic.o
LOAD build/default/debug/_ext/2046438975/legato_widget_radial_menu.o
LOAD build/default/debug/_ext/2046438975/legato_widget_radial_menu_state.o
LOAD build/default/debug/_ext/1723202356/legato_widget_radiobutton.o
LOAD build/default/debug/_ext/1723202356/legato_radiobutton_group.o
LOAD build/default/debug/_ext/1723202356/legato_widget_radiobutton_skin_classic.o
LOAD build/default/debug/_ext/739734770/legato_widget_rectangle.o
LOAD build/default/debug/_ext/739734770/legato_widget_rectangle_skin_classic.o
LOAD build/default/debug/_ext/1443241019/legato_widget_scrollbar_skin_classic.o
LOAD build/default/debug/_ext/1443241019/legato_widget_scrollbar.o
LOAD build/default/debug/_ext/565667934/legato_widget_slider_skin_classic.o
LOAD build/default/debug/_ext/565667934/legato_widget_slider.o
LOAD build/default/debug/_ext/1402498444/legato_widget_textfield_skin_classic.o
LOAD build/default/debug/_ext/1402498444/legato_widget_textfield.o
LOAD build/default/debug/_ext/1496299024/legato_widget_touchtest.o
LOAD build/default/debug/_ext/1496299024/legato_widget_touchtest_skin_classic.o
LOAD build/default/debug/_ext/453772623/legato_widget_window.o
LOAD build/default/debug/_ext/453772623/legato_widget_window_skin_classic.o
LOAD build/default/debug/_ext/943273362/legato_widget_skin_classic.o
LOAD build/default/debug/_ext/943273362/legato_widget_skin_classic_common.o
LOAD build/default/debug/_ext/943273362/legato_widget.o
LOAD build/default/debug/_ext/943273362/legato_editwidget.o
LOAD build/default/debug/_ext/60163497/plib_aic.o
LOAD build/default/debug/_ext/60165520/plib_clk.o
LOAD build/default/debug/_ext/429438372/plib_flexcom6_twi_master.o
LOAD build/default/debug/_ext/1988019353/plib_gfx2d.o
LOAD build/default/debug/_ext/60175171/plib_mmu.o
LOAD build/default/debug/_ext/60177924/plib_pio.o
LOAD build/default/debug/_ext/60180192/plib_rtt.o
LOAD build/default/debug/_ext/163028504/xc32_monitor.o
LOAD build/default/debug/_ext/1014039709/sys_cache.o
LOAD build/default/debug/_ext/1008098389/sys_input_listener.o
LOAD build/default/debug/_ext/1008098389/sys_input.o
LOAD build/default/debug/_ext/1881668453/sys_int.o
LOAD build/default/debug/_ext/101884895/sys_time.o
LOAD build/default/debug/_ext/1171490990/interrupts.o
LOAD build/default/debug/_ext/1171490990/cstartup.o
LOAD build/default/debug/_ext/1171490990/initialization.o
LOAD build/default/debug/_ext/1171490990/tasks.o
LOAD build/default/debug/_ext/1171490990/fault_handlers.o
LOAD build/default/debug/_ext/1360937237/main.o
LOAD build/default/debug/_ext/1360937237/app.o
LOAD build/default/debug/_ext/1360937237/appKey.o
LOAD build/default/debug/_ext/1360937237/appScreen.o
                0x0000000000000001                __MPLAB_BUILD = 0x1
                0x0000000000001000                C_STACK_SIZE = 0x1000
                0x0000000000000060                IRQ_STACK_SIZE = 0x60
                0x0000000000000060                FIQ_STACK_SIZE = 0x60
                0x0000000000001000                SVC_STACK_SIZE = 0x1000
                0x0000000000000040                ABT_STACK_SIZE = 0x40
                0x0000000000000040                UND_STACK_SIZE = 0x40

.text           0x0000000023f00000   0x394270
                0x0000000023f00000                . = ALIGN (0x4)
                [!provide]                        PROVIDE (_sfixed = .)
 *(.textEntry)
 .textEntry     0x0000000023f00000      0x10c build/default/debug/_ext/1171490990/cstartup.o
                0x0000000023f00000                entry
 *(.text .text.* .gnu.linkonce.t.*)
 .text          0x0000000023f0010c       0x70 c:/program files/microchip/xc32/v4.40/bin/bin/../../lib/gcc/pic32c/8.3.1/arm/v5te/nofp/crtbegin.o
 .text.lDRV_I2C_DriverHandleValidate
                0x0000000023f0017c       0x6c build/default/debug/_ext/158385033/drv_i2c.o
 .text.lDRV_I2C_RemoveTransferObjFromList
                0x0000000023f001e8       0x28 build/default/debug/_ext/158385033/drv_i2c.o
 .text.lDRV_I2C_RemoveClientTransfersFromList
                0x0000000023f00210       0x5c build/default/debug/_ext/158385033/drv_i2c.o
 .text.lDRV_I2C_ClientCallback
                0x0000000023f0026c       0x80 build/default/debug/_ext/158385033/drv_i2c.o
 .text.lDRV_I2C_NextTransferInitiate
                0x0000000023f002ec      0x130 build/default/debug/_ext/158385033/drv_i2c.o
 .text.lDRV_I2C_ResourceLock
                0x0000000023f0041c       0xdc build/default/debug/_ext/158385033/drv_i2c.o
 .text.lDRV_I2C_ResourceUnlock
                0x0000000023f004f8       0xbc build/default/debug/_ext/158385033/drv_i2c.o
 .text.lDRV_I2C_WriteReadTransferAdd
                0x0000000023f005b4      0x360 build/default/debug/_ext/158385033/drv_i2c.o
 .text.lDRV_I2C_PLibCallbackHandler
                0x0000000023f00914       0x84 build/default/debug/_ext/158385033/drv_i2c.o
 .text.DRV_I2C_Initialize
                0x0000000023f00998       0xbc build/default/debug/_ext/158385033/drv_i2c.o
                0x0000000023f00998                DRV_I2C_Initialize
 .text.DRV_I2C_Open
                0x0000000023f00a54      0x1ac build/default/debug/_ext/158385033/drv_i2c.o
                0x0000000023f00a54                DRV_I2C_Open
 .text.DRV_I2C_Close
                0x0000000023f00c00       0x98 build/default/debug/_ext/158385033/drv_i2c.o
                0x0000000023f00c00                DRV_I2C_Close
 .text.DRV_I2C_TransferEventHandlerSet
                0x0000000023f00c98       0x50 build/default/debug/_ext/158385033/drv_i2c.o
                0x0000000023f00c98                DRV_I2C_TransferEventHandlerSet
 .text.DRV_I2C_ReadTransferAdd
                0x0000000023f00ce8       0x34 build/default/debug/_ext/158385033/drv_i2c.o
                0x0000000023f00ce8                DRV_I2C_ReadTransferAdd
 .text.DRV_I2C_WriteTransferAdd
                0x0000000023f00d1c       0x30 build/default/debug/_ext/158385033/drv_i2c.o
                0x0000000023f00d1c                DRV_I2C_WriteTransferAdd
 .text.DRV_MAXTOUCH_I2CEventHandler
                0x0000000023f00d4c      0x23c build/default/debug/_ext/462837020/drv_maxtouch.o
                0x0000000023f00d4c                DRV_MAXTOUCH_I2CEventHandler
 .text._RegWrite16
                0x0000000023f00f88       0x60 build/default/debug/_ext/462837020/drv_maxtouch.o
 .text.resetTimer_Callback
                0x0000000023f00fe8       0x70 build/default/debug/_ext/462837020/drv_maxtouch.o
 .text._MessageObjectRead
                0x0000000023f01058       0x94 build/default/debug/_ext/462837020/drv_maxtouch.o
 .text.mxt_proc_t100_message
                0x0000000023f010ec       0xd4 build/default/debug/_ext/462837020/drv_maxtouch.o
 .text._mxt_DelayMS
                0x0000000023f011c0       0x38 build/default/debug/_ext/462837020/drv_maxtouch.o
 .text.mxt_calculate_crc
                0x0000000023f011f8       0xac build/default/debug/_ext/462837020/drv_maxtouch.o
 .text.MXT_INTERRUPT_PIN_VALUE_GET
                0x0000000023f012a4       0x14 build/default/debug/_ext/462837020/drv_maxtouch.o
                0x0000000023f012a4                MXT_INTERRUPT_PIN_VALUE_GET
 .text.DRV_MAXTOUCH_Initialize
                0x0000000023f012b8       0xd4 build/default/debug/_ext/462837020/drv_maxtouch.o
                0x0000000023f012b8                DRV_MAXTOUCH_Initialize
 .text.DRV_MAXTOUCH_Open
                0x0000000023f0138c      0x12c build/default/debug/_ext/462837020/drv_maxtouch.o
                0x0000000023f0138c                DRV_MAXTOUCH_Open
 .text.DRV_MAXTOUCH_Tasks
                0x0000000023f014b8      0xadc build/default/debug/_ext/462837020/drv_maxtouch.o
                0x0000000023f014b8                DRV_MAXTOUCH_Tasks
 .text.gfxcCreate
                0x0000000023f01f94       0x78 build/default/debug/_ext/1275055279/gfx_canvas_api.o
                0x0000000023f01f94                gfxcCreate
 .text.gfxcSetPixelBuffer
                0x0000000023f0200c       0x78 build/default/debug/_ext/1275055279/gfx_canvas_api.o
                0x0000000023f0200c                gfxcSetPixelBuffer
 .text.gfxcSetLayer
                0x0000000023f02084       0x50 build/default/debug/_ext/1275055279/gfx_canvas_api.o
                0x0000000023f02084                gfxcSetLayer
 .text.gfxcSetWindowPosition
                0x0000000023f020d4       0x3c build/default/debug/_ext/1275055279/gfx_canvas_api.o
                0x0000000023f020d4                gfxcSetWindowPosition
 .text.gfxcGetWindowPosition
                0x0000000023f02110       0x74 build/default/debug/_ext/1275055279/gfx_canvas_api.o
                0x0000000023f02110                gfxcGetWindowPosition
 .text.gfxcSetWindowSize
                0x0000000023f02184       0x3c build/default/debug/_ext/1275055279/gfx_canvas_api.o
                0x0000000023f02184                gfxcSetWindowSize
 .text.gfxcShowCanvas
                0x0000000023f021c0       0x2c build/default/debug/_ext/1275055279/gfx_canvas_api.o
                0x0000000023f021c0                gfxcShowCanvas
 .text.gfxcHideCanvas
                0x0000000023f021ec       0x28 build/default/debug/_ext/1275055279/gfx_canvas_api.o
                0x0000000023f021ec                gfxcHideCanvas
 .text.gfxcCanvasUpdate
                0x0000000023f02214       0x20 build/default/debug/_ext/1275055279/gfx_canvas_api.o
                0x0000000023f02214                gfxcCanvasUpdate
 .text.gfxcStartEffectMove
                0x0000000023f02234       0xdc build/default/debug/_ext/1275055279/gfx_canvas_api.o
                0x0000000023f02234                gfxcStartEffectMove
 .text.gfxcStopEffect
                0x0000000023f02310       0x64 build/default/debug/_ext/1275055279/gfx_canvas_api.o
                0x0000000023f02310                gfxcStopEffect
 .text.effectsTimerCallback
                0x0000000023f02374       0x18 build/default/debug/_ext/1275055279/gfx_canvas.o
 .text.GFXC_Update
                0x0000000023f0238c        0x4 build/default/debug/_ext/1275055279/gfx_canvas.o
 .text.GFX_CANVAS_IOCTL
                0x0000000023f02390      0x2b4 build/default/debug/_ext/1275055279/gfx_canvas.o
 .text.GFXC_BlitBuffer
                0x0000000023f02644      0x15c build/default/debug/_ext/1275055279/gfx_canvas.o
 .text.GFX_CANVAS_Initialize
                0x0000000023f027a0      0x1d4 build/default/debug/_ext/1275055279/gfx_canvas.o
                0x0000000023f027a0                GFX_CANVAS_Initialize
 .text._gfxcCanvasUpdate
                0x0000000023f02974      0x2fc build/default/debug/_ext/1275055279/gfx_canvas.o
                0x0000000023f02974                _gfxcCanvasUpdate
 .text._gfxcStartEffects
                0x0000000023f02c70       0x1c build/default/debug/_ext/1275055279/gfx_canvas.o
                0x0000000023f02c70                _gfxcStartEffects
 .text.GFX_CANVAS_Task
                0x0000000023f02c8c      0x3f4 build/default/debug/_ext/1275055279/gfx_canvas.o
                0x0000000023f02c8c                GFX_CANVAS_Task
 .text.DRV_GFX2D_Initialize
                0x0000000023f03080       0x28 build/default/debug/_ext/1063535966/drv_gfx2d.o
                0x0000000023f03080                DRV_GFX2D_Initialize
 .text.DRV_GFX2D_Fill
                0x0000000023f030a8       0xac build/default/debug/_ext/1063535966/drv_gfx2d.o
                0x0000000023f030a8                DRV_GFX2D_Fill
 .text.DRV_GFX2D_Blit
                0x0000000023f03154      0x12c build/default/debug/_ext/1063535966/drv_gfx2d.o
                0x0000000023f03154                DRV_GFX2D_Blit
 .text.DRV_GFX2D_SetBlend
                0x0000000023f03280       0x14 build/default/debug/_ext/1063535966/drv_gfx2d.o
                0x0000000023f03280                DRV_GFX2D_SetBlend
 .text.DRV_GFX2D_SetGlobalAlpha
                0x0000000023f03294        0x8 build/default/debug/_ext/1063535966/drv_gfx2d.o
                0x0000000023f03294                DRV_GFX2D_SetGlobalAlpha
 .text.DRV_GFX2D_SetPalette
                0x0000000023f0329c        0x8 build/default/debug/_ext/1063535966/drv_gfx2d.o
                0x0000000023f0329c                DRV_GFX2D_SetPalette
 .text.DRV_GFX2D_SetTransparency
                0x0000000023f032a4        0x8 build/default/debug/_ext/1063535966/drv_gfx2d.o
                0x0000000023f032a4                DRV_GFX2D_SetTransparency
 .text.LVDSC_Initialize
                0x0000000023f032ac       0xb0 build/default/debug/_ext/2123361384/plib_lvdsc.o
                0x0000000023f032ac                LVDSC_Initialize
 .text.DRV_XLCDC_Update
                0x0000000023f0335c       0x20 build/default/debug/_ext/119635701/drv_gfx_xlcdc.o
                0x0000000023f0335c                DRV_XLCDC_Update
 .text.DRV_XLCDC_Initialize
                0x0000000023f0337c      0x128 build/default/debug/_ext/119635701/drv_gfx_xlcdc.o
                0x0000000023f0337c                DRV_XLCDC_Initialize
 .text.DRV_XLCDC_BlitBuffer
                0x0000000023f034a4       0xd4 build/default/debug/_ext/119635701/drv_gfx_xlcdc.o
                0x0000000023f034a4                DRV_XLCDC_BlitBuffer
 .text.DRV_XLCDC_IOCTL
                0x0000000023f03578      0x518 build/default/debug/_ext/119635701/drv_gfx_xlcdc.o
                0x0000000023f03578                DRV_XLCDC_IOCTL
 .text.XLCDC_EnableClocks
                0x0000000023f03a90       0x54 build/default/debug/_ext/412764825/plib_xlcdc.o
                0x0000000023f03a90                XLCDC_EnableClocks
 .text.XLCDC_SetupTimingEngine
                0x0000000023f03ae4       0xa4 build/default/debug/_ext/412764825/plib_xlcdc.o
                0x0000000023f03ae4                XLCDC_SetupTimingEngine
 .text.XLCDC_SetupBaseLayer
                0x0000000023f03b88       0x5c build/default/debug/_ext/412764825/plib_xlcdc.o
                0x0000000023f03b88                XLCDC_SetupBaseLayer
 .text.XLCDC_SetupOVR1Layer
                0x0000000023f03be4       0x78 build/default/debug/_ext/412764825/plib_xlcdc.o
                0x0000000023f03be4                XLCDC_SetupOVR1Layer
 .text.XLCDC_SetupOVR2Layer
                0x0000000023f03c5c       0x78 build/default/debug/_ext/412764825/plib_xlcdc.o
                0x0000000023f03c5c                XLCDC_SetupOVR2Layer
 .text.XLCDC_SetupHEOLayer
                0x0000000023f03cd4      0x124 build/default/debug/_ext/412764825/plib_xlcdc.o
                0x0000000023f03cd4                XLCDC_SetupHEOLayer
 .text.XLCDC_UpdateLayerAttributes
                0x0000000023f03df8       0xc8 build/default/debug/_ext/412764825/plib_xlcdc.o
                0x0000000023f03df8                XLCDC_UpdateLayerAttributes
 .text.XLCDC_SetLayerEnable
                0x0000000023f03ec0       0x74 build/default/debug/_ext/412764825/plib_xlcdc.o
                0x0000000023f03ec0                XLCDC_SetLayerEnable
 .text.XLCDC_SetLayerOpts
                0x0000000023f03f34       0x98 build/default/debug/_ext/412764825/plib_xlcdc.o
                0x0000000023f03f34                XLCDC_SetLayerOpts
 .text.XLCDC_SetLayerWindowXYPos
                0x0000000023f03fcc       0x9c build/default/debug/_ext/412764825/plib_xlcdc.o
                0x0000000023f03fcc                XLCDC_SetLayerWindowXYPos
 .text.XLCDC_SetLayerWindowXYSize
                0x0000000023f04068       0xc8 build/default/debug/_ext/412764825/plib_xlcdc.o
                0x0000000023f04068                XLCDC_SetLayerWindowXYSize
 .text.XLCDC_SetLayerXStride
                0x0000000023f04130       0x74 build/default/debug/_ext/412764825/plib_xlcdc.o
                0x0000000023f04130                XLCDC_SetLayerXStride
 .text.XLCDC_SetLayerAddress
                0x0000000023f041a4       0x74 build/default/debug/_ext/412764825/plib_xlcdc.o
                0x0000000023f041a4                XLCDC_SetLayerAddress
 .text.XLCDC_Start
                0x0000000023f04218       0xb8 build/default/debug/_ext/412764825/plib_xlcdc.o
                0x0000000023f04218                XLCDC_Start
 .text.XLCDC_Initialize
                0x0000000023f042d0       0x24 build/default/debug/_ext/412764825/plib_xlcdc.o
                0x0000000023f042d0                XLCDC_Initialize
 .text.no_conv  0x0000000023f042f4        0x4 build/default/debug/_ext/1319235455/gfx_driver.o
 .text.gs8_rgb332
                0x0000000023f042f8       0x10 build/default/debug/_ext/1319235455/gfx_driver.o
 .text.gs8_rgb565
                0x0000000023f04308       0x20 build/default/debug/_ext/1319235455/gfx_driver.o
 .text.gs8_rgba5551
                0x0000000023f04328       0x28 build/default/debug/_ext/1319235455/gfx_driver.o
 .text.gs8_rgb888
                0x0000000023f04350       0x10 build/default/debug/_ext/1319235455/gfx_driver.o
 .text.gs8_rgba8888
                0x0000000023f04360       0x14 build/default/debug/_ext/1319235455/gfx_driver.o
 .text.gs8_argb8888
                0x0000000023f04374       0x14 build/default/debug/_ext/1319235455/gfx_driver.o
 .text.rgb332_rgb565
                0x0000000023f04388       0x2c build/default/debug/_ext/1319235455/gfx_driver.o
 .text.rgb332_rgba5551
                0x0000000023f043b4       0x2c build/default/debug/_ext/1319235455/gfx_driver.o
 .text.rgb332_rgb888
                0x0000000023f043e0       0x30 build/default/debug/_ext/1319235455/gfx_driver.o
 .text.rgb332_rgba8888
                0x0000000023f04410       0x2c build/default/debug/_ext/1319235455/gfx_driver.o
 .text.rgb332_argb8888
                0x0000000023f0443c       0x30 build/default/debug/_ext/1319235455/gfx_driver.o
 .text.rgb565_rgb332
                0x0000000023f0446c       0x20 build/default/debug/_ext/1319235455/gfx_driver.o
 .text.rgb565_rgba5551
                0x0000000023f0448c       0x20 build/default/debug/_ext/1319235455/gfx_driver.o
 .text.rgb565_rgb888
                0x0000000023f044ac       0x24 build/default/debug/_ext/1319235455/gfx_driver.o
 .text.rgb565_rgba8888
                0x0000000023f044d0       0x24 build/default/debug/_ext/1319235455/gfx_driver.o
 .text.rgb565_argb8888
                0x0000000023f044f4       0x28 build/default/debug/_ext/1319235455/gfx_driver.o
 .text.rgba5551_gs8
                0x0000000023f0451c        0x4 build/default/debug/_ext/1319235455/gfx_driver.o
 .text.rgba5551_rgb332
                0x0000000023f04520       0x20 build/default/debug/_ext/1319235455/gfx_driver.o
 .text.rgba5551_rgb565
                0x0000000023f04540       0x1c build/default/debug/_ext/1319235455/gfx_driver.o
 .text.rgba5551_rgb888
                0x0000000023f0455c       0x30 build/default/debug/_ext/1319235455/gfx_driver.o
 .text.rgba5551_rgba8888
                0x0000000023f0458c       0x40 build/default/debug/_ext/1319235455/gfx_driver.o
 .text.rgba5551_argb8888
                0x0000000023f045cc       0x40 build/default/debug/_ext/1319235455/gfx_driver.o
 .text.rgb888_gs8
                0x0000000023f0460c        0x4 build/default/debug/_ext/1319235455/gfx_driver.o
 .text.rgb888_rgb332
                0x0000000023f04610       0x24 build/default/debug/_ext/1319235455/gfx_driver.o
 .text.rgb888_rgb565
                0x0000000023f04634       0x20 build/default/debug/_ext/1319235455/gfx_driver.o
 .text.rgb888_rgba5551
                0x0000000023f04654       0x28 build/default/debug/_ext/1319235455/gfx_driver.o
 .text.rgb888_rgba8888
                0x0000000023f0467c        0xc build/default/debug/_ext/1319235455/gfx_driver.o
 .text.rgb888_argb8888
                0x0000000023f04688        0x8 build/default/debug/_ext/1319235455/gfx_driver.o
 .text.rgba8888_gs8
                0x0000000023f04690        0x4 build/default/debug/_ext/1319235455/gfx_driver.o
 .text.rgba8888_rgb332
                0x0000000023f04694       0x20 build/default/debug/_ext/1319235455/gfx_driver.o
 .text.rgba8888_rgb565
                0x0000000023f046b4       0x20 build/default/debug/_ext/1319235455/gfx_driver.o
 .text.rgba8888_rgba5551
                0x0000000023f046d4       0x34 build/default/debug/_ext/1319235455/gfx_driver.o
 .text.rgba8888_rgb888
                0x0000000023f04708        0x8 build/default/debug/_ext/1319235455/gfx_driver.o
 .text.rgba8888_argb8888
                0x0000000023f04710        0x8 build/default/debug/_ext/1319235455/gfx_driver.o
 .text.argb8888_rgba5551
                0x0000000023f04718       0x34 build/default/debug/_ext/1319235455/gfx_driver.o
 .text.argb8888_rgb888
                0x0000000023f0474c        0x8 build/default/debug/_ext/1319235455/gfx_driver.o
 .text.argb8888_rgba8888
                0x0000000023f04754        0x8 build/default/debug/_ext/1319235455/gfx_driver.o
 .text.rgb332_gs8
                0x0000000023f0475c       0x9c build/default/debug/_ext/1319235455/gfx_driver.o
 .text.rgb565_gs8
                0x0000000023f047f8       0x9c build/default/debug/_ext/1319235455/gfx_driver.o
 .text.gfxPixelBufferCreate
                0x0000000023f04894       0xd8 build/default/debug/_ext/1319235455/gfx_driver.o
                0x0000000023f04894                gfxPixelBufferCreate
 .text.gfxPixelBufferOffsetGet
                0x0000000023f0496c       0x4c build/default/debug/_ext/1319235455/gfx_driver.o
                0x0000000023f0496c                gfxPixelBufferOffsetGet
 .text.gfxPixelBuffer_IsLocked
                0x0000000023f049b8       0x14 build/default/debug/_ext/1319235455/gfx_driver.o
                0x0000000023f049b8                gfxPixelBuffer_IsLocked
 .text.gfxPixelBuffer_SetLocked
                0x0000000023f049cc       0x2c build/default/debug/_ext/1319235455/gfx_driver.o
                0x0000000023f049cc                gfxPixelBuffer_SetLocked
 .text.gfxColorConvert
                0x0000000023f049f8       0x28 build/default/debug/_ext/1319235455/gfx_driver.o
                0x0000000023f049f8                gfxColorConvert
 .text.no_conv  0x0000000023f04a20        0x4 build/default/debug/_ext/1510041067/legato_color_convert.o
 .text.gs8_rgb332
                0x0000000023f04a24       0x10 build/default/debug/_ext/1510041067/legato_color_convert.o
 .text.gs8_rgb565
                0x0000000023f04a34       0x20 build/default/debug/_ext/1510041067/legato_color_convert.o
 .text.gs8_rgba5551
                0x0000000023f04a54       0x28 build/default/debug/_ext/1510041067/legato_color_convert.o
 .text.gs8_rgb888
                0x0000000023f04a7c       0x10 build/default/debug/_ext/1510041067/legato_color_convert.o
 .text.gs8_rgba8888
                0x0000000023f04a8c       0x14 build/default/debug/_ext/1510041067/legato_color_convert.o
 .text.gs8_argb8888
                0x0000000023f04aa0       0x14 build/default/debug/_ext/1510041067/legato_color_convert.o
 .text.gs8_mono
                0x0000000023f04ab4       0x10 build/default/debug/_ext/1510041067/legato_color_convert.o
 .text.rgb332_rgb565
                0x0000000023f04ac4       0x2c build/default/debug/_ext/1510041067/legato_color_convert.o
 .text.rgb332_rgba5551
                0x0000000023f04af0       0x2c build/default/debug/_ext/1510041067/legato_color_convert.o
 .text.rgb332_rgb888
                0x0000000023f04b1c       0x30 build/default/debug/_ext/1510041067/legato_color_convert.o
 .text.rgb332_rgba8888
                0x0000000023f04b4c       0x2c build/default/debug/_ext/1510041067/legato_color_convert.o
 .text.rgb332_argb8888
                0x0000000023f04b78       0x30 build/default/debug/_ext/1510041067/legato_color_convert.o
 .text.rgb565_rgb332
                0x0000000023f04ba8       0x20 build/default/debug/_ext/1510041067/legato_color_convert.o
 .text.rgb565_rgba5551
                0x0000000023f04bc8       0x20 build/default/debug/_ext/1510041067/legato_color_convert.o
 .text.rgb565_rgb888
                0x0000000023f04be8       0x24 build/default/debug/_ext/1510041067/legato_color_convert.o
 .text.rgb565_rgba8888
                0x0000000023f04c0c       0x24 build/default/debug/_ext/1510041067/legato_color_convert.o
 .text.rgb565_argb8888
                0x0000000023f04c30       0x28 build/default/debug/_ext/1510041067/legato_color_convert.o
 .text.rgba5551_gs8
                0x0000000023f04c58        0x4 build/default/debug/_ext/1510041067/legato_color_convert.o
 .text.rgba5551_rgb332
                0x0000000023f04c5c       0x20 build/default/debug/_ext/1510041067/legato_color_convert.o
 .text.rgba5551_rgb565
                0x0000000023f04c7c       0x1c build/default/debug/_ext/1510041067/legato_color_convert.o
 .text.rgba5551_rgb888
                0x0000000023f04c98       0x30 build/default/debug/_ext/1510041067/legato_color_convert.o
 .text.rgba5551_rgba8888
                0x0000000023f04cc8       0x40 build/default/debug/_ext/1510041067/legato_color_convert.o
 .text.rgba5551_argb8888
                0x0000000023f04d08       0x40 build/default/debug/_ext/1510041067/legato_color_convert.o
 .text.rgb888_gs8
                0x0000000023f04d48        0x4 build/default/debug/_ext/1510041067/legato_color_convert.o
 .text.rgb888_rgb332
                0x0000000023f04d4c       0x24 build/default/debug/_ext/1510041067/legato_color_convert.o
 .text.rgb888_rgb565
                0x0000000023f04d70       0x20 build/default/debug/_ext/1510041067/legato_color_convert.o
 .text.rgb888_rgba5551
                0x0000000023f04d90       0x28 build/default/debug/_ext/1510041067/legato_color_convert.o
 .text.rgb888_rgba8888
                0x0000000023f04db8        0xc build/default/debug/_ext/1510041067/legato_color_convert.o
 .text.rgb888_argb8888
                0x0000000023f04dc4        0x8 build/default/debug/_ext/1510041067/legato_color_convert.o
 .text.rgba8888_gs8
                0x0000000023f04dcc        0x4 build/default/debug/_ext/1510041067/legato_color_convert.o
 .text.rgba8888_rgb332
                0x0000000023f04dd0       0x20 build/default/debug/_ext/1510041067/legato_color_convert.o
 .text.rgba8888_rgb565
                0x0000000023f04df0       0x20 build/default/debug/_ext/1510041067/legato_color_convert.o
 .text.rgba8888_rgba5551
                0x0000000023f04e10       0x34 build/default/debug/_ext/1510041067/legato_color_convert.o
 .text.rgba8888_rgb888
                0x0000000023f04e44        0x8 build/default/debug/_ext/1510041067/legato_color_convert.o
 .text.rgba8888_argb8888
                0x0000000023f04e4c        0x8 build/default/debug/_ext/1510041067/legato_color_convert.o
 .text.argb8888_rgba5551
                0x0000000023f04e54       0x34 build/default/debug/_ext/1510041067/legato_color_convert.o
 .text.argb8888_rgb888
                0x0000000023f04e88        0x8 build/default/debug/_ext/1510041067/legato_color_convert.o
 .text.argb8888_rgba8888
                0x0000000023f04e90        0x8 build/default/debug/_ext/1510041067/legato_color_convert.o
 .text.rgb565_gs8
                0x0000000023f04e98       0x54 build/default/debug/_ext/1510041067/legato_color_convert.o
 .text.rgb332_gs8
                0x0000000023f04eec       0x54 build/default/debug/_ext/1510041067/legato_color_convert.o
 .text.leColorConvert
                0x0000000023f04f40       0x28 build/default/debug/_ext/1510041067/legato_color_convert.o
                0x0000000023f04f40                leColorConvert
 .text.leColorChannelAlpha
                0x0000000023f04f68       0x30 build/default/debug/_ext/1510041067/legato_color.o
                0x0000000023f04f68                leColorChannelAlpha
 .text.leColorSwap
                0x0000000023f04f98       0xa8 build/default/debug/_ext/1510041067/legato_color.o
                0x0000000023f04f98                leColorSwap
 .text.leColorBlend_RGBA_8888
                0x0000000023f05040      0x168 build/default/debug/_ext/1510041067/legato_color_blend.o
                0x0000000023f05040                leColorBlend_RGBA_8888
 .text.leColorBlend_ARGB_8888
                0x0000000023f051a8      0x14c build/default/debug/_ext/1510041067/legato_color_blend.o
                0x0000000023f051a8                leColorBlend_ARGB_8888
 .text.leUtils_PickFromWidget
                0x0000000023f052f4       0xe0 build/default/debug/_ext/1510041067/legato_utils.o
                0x0000000023f052f4                leUtils_PickFromWidget
 .text.leUtils_PointToScreenSpace
                0x0000000023f053d4       0x44 build/default/debug/_ext/1510041067/legato_utils.o
                0x0000000023f053d4                leUtils_PointToScreenSpace
 .text.leUtils_ClipRectToParent
                0x0000000023f05418       0x84 build/default/debug/_ext/1510041067/legato_utils.o
                0x0000000023f05418                leUtils_ClipRectToParent
 .text.leUtils_RectToScreenSpace
                0x0000000023f0549c       0x44 build/default/debug/_ext/1510041067/legato_utils.o
                0x0000000023f0549c                leUtils_RectToScreenSpace
 .text.leUtils_ClipRectToAncestors
                0x0000000023f054e0       0x94 build/default/debug/_ext/1510041067/legato_utils.o
                0x0000000023f054e0                leUtils_ClipRectToAncestors
 .text.leUtils_ArrangeRectangle
                0x0000000023f05574      0x280 build/default/debug/_ext/1510041067/legato_utils.o
                0x0000000023f05574                leUtils_ArrangeRectangle
 .text.leUtils_ArrangeRectangleRelative
                0x0000000023f057f4      0x2ac build/default/debug/_ext/1510041067/legato_utils.o
                0x0000000023f057f4                leUtils_ArrangeRectangleRelative
 .text.leUtils_GetSchemeLookupTable
                0x0000000023f05aa0       0x64 build/default/debug/_ext/1510041067/legato_utils.o
                0x0000000023f05aa0                leUtils_GetSchemeLookupTable
 .text.lerp_argb8888
                0x0000000023f05b04       0x78 build/default/debug/_ext/1510041067/legato_color_lerp.o
 .text.lerp_rgba8888
                0x0000000023f05b7c       0x78 build/default/debug/_ext/1510041067/legato_color_lerp.o
 .text.lerp_rgb888
                0x0000000023f05bf4       0x60 build/default/debug/_ext/1510041067/legato_color_lerp.o
 .text.lerp_rgba5551
                0x0000000023f05c54       0x74 build/default/debug/_ext/1510041067/legato_color_lerp.o
 .text.lerp_rgb565
                0x0000000023f05cc8       0x60 build/default/debug/_ext/1510041067/legato_color_lerp.o
 .text.lerp_rgb332
                0x0000000023f05d28       0x60 build/default/debug/_ext/1510041067/legato_color_lerp.o
 .text.lerp_gs8
                0x0000000023f05d88        0xc build/default/debug/_ext/1510041067/legato_color_lerp.o
 .text.leColorLerp
                0x0000000023f05d94       0x40 build/default/debug/_ext/1510041067/legato_color_lerp.o
                0x0000000023f05d94                leColorLerp
 .text.leColorBilerp
                0x0000000023f05dd4       0x5c build/default/debug/_ext/1510041067/legato_color_lerp.o
                0x0000000023f05dd4                leColorBilerp
 .text.leQueryArcQuadrants
                0x0000000023f05e30      0x124 build/default/debug/_ext/1510041067/legato_math.o
 .text.leNormalizeAngle
                0x0000000023f05f54       0x30 build/default/debug/_ext/1510041067/legato_math.o
                0x0000000023f05f54                leNormalizeAngle
 .text.leSin    0x0000000023f05f84       0x80 build/default/debug/_ext/1510041067/legato_math.o
                0x0000000023f05f84                leSin
 .text.leCos    0x0000000023f06004       0x78 build/default/debug/_ext/1510041067/legato_math.o
                0x0000000023f06004                leCos
 .text.lePolarToXY
                0x0000000023f0607c       0x60 build/default/debug/_ext/1510041067/legato_math.o
                0x0000000023f0607c                lePolarToXY
 .text.leMini   0x0000000023f060dc        0xc build/default/debug/_ext/1510041067/legato_math.o
                0x0000000023f060dc                leMini
 .text.leMaxi   0x0000000023f060e8        0xc build/default/debug/_ext/1510041067/legato_math.o
                0x0000000023f060e8                leMaxi
 .text.leClampi
                0x0000000023f060f4       0x18 build/default/debug/_ext/1510041067/legato_math.o
                0x0000000023f060f4                leClampi
 .text.lePercent
                0x0000000023f0610c       0x1c build/default/debug/_ext/1510041067/legato_math.o
                0x0000000023f0610c                lePercent
 .text.lePercentWholeRounded
                0x0000000023f06128       0x3c build/default/debug/_ext/1510041067/legato_math.o
                0x0000000023f06128                lePercentWholeRounded
 .text.lePercentOf
                0x0000000023f06164       0x58 build/default/debug/_ext/1510041067/legato_math.o
                0x0000000023f06164                lePercentOf
 .text.leScaleInteger
                0x0000000023f061bc       0x44 build/default/debug/_ext/1510041067/legato_math.o
                0x0000000023f061bc                leScaleInteger
 .text.leLerp   0x0000000023f06200       0x58 build/default/debug/_ext/1510041067/legato_math.o
                0x0000000023f06200                leLerp
 .text.lePointOnLineSide
                0x0000000023f06258       0x60 build/default/debug/_ext/1510041067/legato_math.o
                0x0000000023f06258                lePointOnLineSide
 .text.leRotatePoint
                0x0000000023f062b8       0xbc build/default/debug/_ext/1510041067/legato_math.o
                0x0000000023f062b8                leRotatePoint
 .text.leRotatedRectBounds
                0x0000000023f06374      0x14c build/default/debug/_ext/1510041067/legato_math.o
                0x0000000023f06374                leRotatedRectBounds
 .text.leSqrt   0x0000000023f064c0       0x58 build/default/debug/_ext/1510041067/legato_math.o
                0x0000000023f064c0                leSqrt
 .text.lePointOnCircle
                0x0000000023f06518       0x30 build/default/debug/_ext/1510041067/legato_math.o
                0x0000000023f06518                lePointOnCircle
 .text.leResolveAngles
                0x0000000023f06548      0x2a8 build/default/debug/_ext/1510041067/legato_math.o
                0x0000000023f06548                leResolveAngles
 .text.leRound  0x0000000023f067f0       0xa0 build/default/debug/_ext/1510041067/legato_math.o
                0x0000000023f067f0                leRound
 .text.indexGet1bpp
                0x0000000023f06890       0x20 build/default/debug/_ext/1510041067/legato_pixelbuffer.o
 .text.indexGet4bpp
                0x0000000023f068b0       0x18 build/default/debug/_ext/1510041067/legato_pixelbuffer.o
 .text.indexGet
                0x0000000023f068c8       0x64 build/default/debug/_ext/1510041067/legato_pixelbuffer.o
 .text.get1byte
                0x0000000023f0692c        0x8 build/default/debug/_ext/1510041067/legato_pixelbuffer.o
 .text.get2byte
                0x0000000023f06934        0x8 build/default/debug/_ext/1510041067/legato_pixelbuffer.o
 .text.get3byte
                0x0000000023f0693c       0x1c build/default/debug/_ext/1510041067/legato_pixelbuffer.o
 .text.get4byte
                0x0000000023f06958        0x8 build/default/debug/_ext/1510041067/legato_pixelbuffer.o
 .text.set1byte
                0x0000000023f06960        0xc build/default/debug/_ext/1510041067/legato_pixelbuffer.o
 .text.set2byte
                0x0000000023f0696c        0xc build/default/debug/_ext/1510041067/legato_pixelbuffer.o
 .text.set3byte
                0x0000000023f06978       0x1c build/default/debug/_ext/1510041067/legato_pixelbuffer.o
 .text.set4byte
                0x0000000023f06994        0xc build/default/debug/_ext/1510041067/legato_pixelbuffer.o
 .text.lePixelBufferCreate
                0x0000000023f069a0       0xd0 build/default/debug/_ext/1510041067/legato_pixelbuffer.o
                0x0000000023f069a0                lePixelBufferCreate
 .text.lePixelBufferOffsetGet
                0x0000000023f06a70       0x5c build/default/debug/_ext/1510041067/legato_pixelbuffer.o
                0x0000000023f06a70                lePixelBufferOffsetGet
 .text.lePixelBufferOffsetGet_Unsafe
                0x0000000023f06acc       0x44 build/default/debug/_ext/1510041067/legato_pixelbuffer.o
                0x0000000023f06acc                lePixelBufferOffsetGet_Unsafe
 .text.lePixelBufferGet_Unsafe
                0x0000000023f06b10       0x64 build/default/debug/_ext/1510041067/legato_pixelbuffer.o
                0x0000000023f06b10                lePixelBufferGet_Unsafe
 .text.lePixelBufferGet
                0x0000000023f06b74       0x34 build/default/debug/_ext/1510041067/legato_pixelbuffer.o
                0x0000000023f06b74                lePixelBufferGet
 .text.lePixelBufferClipRect
                0x0000000023f06ba8       0x84 build/default/debug/_ext/1510041067/legato_pixelbuffer.o
                0x0000000023f06ba8                lePixelBufferClipRect
 .text.lePixelBufferGetIndex_Unsafe
                0x0000000023f06c2c       0x2c build/default/debug/_ext/1510041067/legato_pixelbuffer.o
                0x0000000023f06c2c                lePixelBufferGetIndex_Unsafe
 .text.lePixelBufferSet_Unsafe
                0x0000000023f06c58       0x7c build/default/debug/_ext/1510041067/legato_pixelbuffer.o
                0x0000000023f06c58                lePixelBufferSet_Unsafe
 .text.lePixelBufferSet
                0x0000000023f06cd4       0x28 build/default/debug/_ext/1510041067/legato_pixelbuffer.o
                0x0000000023f06cd4                lePixelBufferSet
 .text.lePixelBufferAreaFill_Unsafe
                0x0000000023f06cfc      0x118 build/default/debug/_ext/1510041067/legato_pixelbuffer.o
                0x0000000023f06cfc                lePixelBufferAreaFill_Unsafe
 .text.lePixelBufferAreaFill
                0x0000000023f06e14       0x70 build/default/debug/_ext/1510041067/legato_pixelbuffer.o
                0x0000000023f06e14                lePixelBufferAreaFill
 .text.lePixelBufferCopy
                0x0000000023f06e84       0xd8 build/default/debug/_ext/1510041067/legato_pixelbuffer.o
                0x0000000023f06e84                lePixelBufferCopy
 .text.leRectContainsPoint
                0x0000000023f06f5c       0x60 build/default/debug/_ext/1510041067/legato_rect.o
                0x0000000023f06f5c                leRectContainsPoint
 .text.leRectContainsRect
                0x0000000023f06fbc       0x70 build/default/debug/_ext/1510041067/legato_rect.o
                0x0000000023f06fbc                leRectContainsRect
 .text.leRectIntersects
                0x0000000023f0702c       0x70 build/default/debug/_ext/1510041067/legato_rect.o
                0x0000000023f0702c                leRectIntersects
 .text.leRectCombine
                0x0000000023f0709c       0x88 build/default/debug/_ext/1510041067/legato_rect.o
                0x0000000023f0709c                leRectCombine
 .text.leRectClipAdj
                0x0000000023f07124      0x180 build/default/debug/_ext/1510041067/legato_rect.o
                0x0000000023f07124                leRectClipAdj
 .text.leRectClip
                0x0000000023f072a4       0x98 build/default/debug/_ext/1510041067/legato_rect.o
                0x0000000023f072a4                leRectClip
 .text.leRectCompare
                0x0000000023f0733c       0x60 build/default/debug/_ext/1510041067/legato_rect.o
                0x0000000023f0733c                leRectCompare
 .text.leRectsAreSimilar
                0x0000000023f0739c       0xcc build/default/debug/_ext/1510041067/legato_rect.o
                0x0000000023f0739c                leRectsAreSimilar
 .text.leInput_Init
                0x0000000023f07468       0x2c build/default/debug/_ext/92283465/legato_input.o
                0x0000000023f07468                leInput_Init
 .text.leInput_InjectTouchDown
                0x0000000023f07494       0xd8 build/default/debug/_ext/92283465/legato_input.o
                0x0000000023f07494                leInput_InjectTouchDown
 .text.leInput_InjectTouchUp
                0x0000000023f0756c       0xb4 build/default/debug/_ext/92283465/legato_input.o
                0x0000000023f0756c                leInput_InjectTouchUp
 .text.leInput_InjectTouchMoved
                0x0000000023f07620      0x12c build/default/debug/_ext/92283465/legato_input.o
                0x0000000023f07620                leInput_InjectTouchMoved
 .text.handleTouchDown
                0x0000000023f0774c      0x118 build/default/debug/_ext/92283465/legato_input.o
                0x0000000023f0774c                handleTouchDown
 .text.handleTouchUp
                0x0000000023f07864       0x70 build/default/debug/_ext/92283465/legato_input.o
                0x0000000023f07864                handleTouchUp
 .text.handleTouchMoved
                0x0000000023f078d4       0x70 build/default/debug/_ext/92283465/legato_input.o
                0x0000000023f078d4                handleTouchMoved
 .text._leInput_HandleInputEvent
                0x0000000023f07944       0x40 build/default/debug/_ext/92283465/legato_input.o
                0x0000000023f07944                _leInput_HandleInputEvent
 .text._leGetEventState
                0x0000000023f07984        0xc build/default/debug/_ext/92283465/legato_event.o
                0x0000000023f07984                _leGetEventState
 .text.leEvent_Init
                0x0000000023f07990       0x20 build/default/debug/_ext/92283465/legato_event.o
                0x0000000023f07990                leEvent_Init
 .text.leEvent_AddEvent
                0x0000000023f079b0       0x28 build/default/debug/_ext/92283465/legato_event.o
                0x0000000023f079b0                leEvent_AddEvent
 .text.leEvent_ProcessEvents
                0x0000000023f079d8       0xb4 build/default/debug/_ext/92283465/legato_event.o
                0x0000000023f079d8                leEvent_ProcessEvents
 .text.leWidgetEvent_Accept
                0x0000000023f07a8c       0x14 build/default/debug/_ext/92283465/legato_event.o
                0x0000000023f07a8c                leWidgetEvent_Accept
 .text.updateWidget
                0x0000000023f07aa0       0x4c build/default/debug/_ext/92283465/legato_state.o
 .text.leGetState
                0x0000000023f07aec        0xc build/default/debug/_ext/92283465/legato_state.o
                0x0000000023f07aec                leGetState
 .text.leAddLayer
                0x0000000023f07af8       0xb8 build/default/debug/_ext/92283465/legato_state.o
                0x0000000023f07af8                leAddLayer
 .text.leInitialize
                0x0000000023f07bb0       0xa8 build/default/debug/_ext/92283465/legato_state.o
                0x0000000023f07bb0                leInitialize
 .text.leGetLayerState
                0x0000000023f07c58       0x50 build/default/debug/_ext/92283465/legato_state.o
                0x0000000023f07c58                leGetLayerState
 .text.leGetLayerColorMode
                0x0000000023f07ca8       0x54 build/default/debug/_ext/92283465/legato_state.o
                0x0000000023f07ca8                leGetLayerColorMode
 .text.leGetLayerRenderHorizontal
                0x0000000023f07cfc       0x54 build/default/debug/_ext/92283465/legato_state.o
                0x0000000023f07cfc                leGetLayerRenderHorizontal
 .text.leGetFocusWidget
                0x0000000023f07d50       0x10 build/default/debug/_ext/92283465/legato_state.o
                0x0000000023f07d50                leGetFocusWidget
 .text.leSetFocusWidget
                0x0000000023f07d60       0x84 build/default/debug/_ext/92283465/legato_state.o
                0x0000000023f07d60                leSetFocusWidget
 .text.leGetEditWidget
                0x0000000023f07de4       0x10 build/default/debug/_ext/92283465/legato_state.o
                0x0000000023f07de4                leGetEditWidget
 .text.leSetEditWidget
                0x0000000023f07df4       0x84 build/default/debug/_ext/92283465/legato_state.o
                0x0000000023f07df4                leSetEditWidget
 .text.leRedrawAll
                0x0000000023f07e78       0x50 build/default/debug/_ext/92283465/legato_state.o
                0x0000000023f07e78                leRedrawAll
 .text.leSetLayerColorMode
                0x0000000023f07ec8       0x74 build/default/debug/_ext/92283465/legato_state.o
                0x0000000023f07ec8                leSetLayerColorMode
 .text.leSetStringTable
                0x0000000023f07f3c       0x18 build/default/debug/_ext/92283465/legato_state.o
                0x0000000023f07f3c                leSetStringTable
 .text.leIsDrawing
                0x0000000023f07f54       0x14 build/default/debug/_ext/92283465/legato_state.o
                0x0000000023f07f54                leIsDrawing
 .text.leUpdate
                0x0000000023f07f68      0x114 build/default/debug/_ext/92283465/legato_state.o
                0x0000000023f07f68                leUpdate
 .text.leAddRootWidget
                0x0000000023f0807c       0x68 build/default/debug/_ext/92283465/legato_state.o
                0x0000000023f0807c                leAddRootWidget
 .text.leRemoveRootWidget
                0x0000000023f080e4       0x74 build/default/debug/_ext/92283465/legato_state.o
                0x0000000023f080e4                leRemoveRootWidget
 .text.leGetWidgetLayer
                0x0000000023f08158       0x8c build/default/debug/_ext/92283465/legato_state.o
                0x0000000023f08158                leGetWidgetLayer
 .text.leWidgetIsInScene
                0x0000000023f081e4       0x14 build/default/debug/_ext/92283465/legato_state.o
                0x0000000023f081e4                leWidgetIsInScene
 .text.leScheme_GetRenderColor
                0x0000000023f081f8       0x38 build/default/debug/_ext/92283465/legato_scheme.o
                0x0000000023f081f8                leScheme_GetRenderColor
 .text.leList_Create
                0x0000000023f08230       0x1c build/default/debug/_ext/2021927327/legato_list.o
                0x0000000023f08230                leList_Create
 .text.leList_PushBack
                0x0000000023f0824c       0x68 build/default/debug/_ext/2021927327/legato_list.o
                0x0000000023f0824c                leList_PushBack
 .text.leList_Get
                0x0000000023f082b4       0x44 build/default/debug/_ext/2021927327/legato_list.o
                0x0000000023f082b4                leList_Get
 .text.leList_Remove
                0x0000000023f082f8       0xbc build/default/debug/_ext/2021927327/legato_list.o
                0x0000000023f082f8                leList_Remove
 .text.leList_Destroy
                0x0000000023f083b4       0x4c build/default/debug/_ext/2021927327/legato_list.o
                0x0000000023f083b4                leList_Destroy
 .text._shuffleRight
                0x0000000023f08400       0x78 build/default/debug/_ext/2021927327/legato_array.o
 .text._shuffleLeft
                0x0000000023f08478       0x5c build/default/debug/_ext/2021927327/legato_array.o
 .text.leArray_Create
                0x0000000023f084d4       0x1c build/default/debug/_ext/2021927327/legato_array.o
                0x0000000023f084d4                leArray_Create
 .text.leArray_Resize
                0x0000000023f084f0       0x70 build/default/debug/_ext/2021927327/legato_array.o
                0x0000000023f084f0                leArray_Resize
 .text.leArray_PushBack
                0x0000000023f08560       0x60 build/default/debug/_ext/2021927327/legato_array.o
                0x0000000023f08560                leArray_PushBack
 .text.leArray_InsertAt
                0x0000000023f085c0       0x9c build/default/debug/_ext/2021927327/legato_array.o
                0x0000000023f085c0                leArray_InsertAt
 .text.leArray_RemoveAt
                0x0000000023f0865c       0x38 build/default/debug/_ext/2021927327/legato_array.o
                0x0000000023f0865c                leArray_RemoveAt
 .text.leArray_Get
                0x0000000023f08694       0x18 build/default/debug/_ext/2021927327/legato_array.o
                0x0000000023f08694                leArray_Get
 .text.leArray_Find
                0x0000000023f086ac       0x68 build/default/debug/_ext/2021927327/legato_array.o
                0x0000000023f086ac                leArray_Find
 .text.leArray_Remove
                0x0000000023f08714       0x58 build/default/debug/_ext/2021927327/legato_array.o
                0x0000000023f08714                leArray_Remove
 .text.leArray_Clear
                0x0000000023f0876c       0x38 build/default/debug/_ext/2021927327/legato_array.o
                0x0000000023f0876c                leArray_Clear
 .text._shuffleLeft
                0x0000000023f087a4       0xac build/default/debug/_ext/2021927327/legato_rectarray.o
 .text.leRectArray_Create
                0x0000000023f08850       0x1c build/default/debug/_ext/2021927327/legato_rectarray.o
                0x0000000023f08850                leRectArray_Create
 .text.leRectArray_Resize
                0x0000000023f0886c       0x7c build/default/debug/_ext/2021927327/legato_rectarray.o
                0x0000000023f0886c                leRectArray_Resize
 .text.leRectArray_PushBack
                0x0000000023f088e8       0x70 build/default/debug/_ext/2021927327/legato_rectarray.o
                0x0000000023f088e8                leRectArray_PushBack
 .text.leRectArray_RemoveAt
                0x0000000023f08958       0x38 build/default/debug/_ext/2021927327/legato_rectarray.o
                0x0000000023f08958                leRectArray_RemoveAt
 .text.leRectArray_Copy
                0x0000000023f08990       0x74 build/default/debug/_ext/2021927327/legato_rectarray.o
                0x0000000023f08990                leRectArray_Copy
 .text.leRectArray_Clear
                0x0000000023f08a04       0x14 build/default/debug/_ext/2021927327/legato_rectarray.o
                0x0000000023f08a04                leRectArray_Clear
 .text.leRectArray_Destroy
                0x0000000023f08a18       0x3c build/default/debug/_ext/2021927327/legato_rectarray.o
                0x0000000023f08a18                leRectArray_Destroy
 .text.leRectArray_RemoveDuplicates
                0x0000000023f08a54       0x90 build/default/debug/_ext/2021927327/legato_rectarray.o
                0x0000000023f08a54                leRectArray_RemoveDuplicates
 .text.leRectArray_SortBySize
                0x0000000023f08ae4       0xdc build/default/debug/_ext/2021927327/legato_rectarray.o
                0x0000000023f08ae4                leRectArray_SortBySize
 .text.leRectArray_SortByX
                0x0000000023f08bc0       0xfc build/default/debug/_ext/2021927327/legato_rectarray.o
                0x0000000023f08bc0                leRectArray_SortByX
 .text.leRectArray_SortByY
                0x0000000023f08cbc       0xf4 build/default/debug/_ext/2021927327/legato_rectarray.o
                0x0000000023f08cbc                leRectArray_SortByY
 .text.leRectArray_MergeSimilar
                0x0000000023f08db0       0x98 build/default/debug/_ext/2021927327/legato_rectarray.o
                0x0000000023f08db0                leRectArray_MergeSimilar
 .text.leRectArray_RemoveOverlapping
                0x0000000023f08e48       0x84 build/default/debug/_ext/2021927327/legato_rectarray.o
                0x0000000023f08e48                leRectArray_RemoveOverlapping
 .text.leRectArray_CropToSizeY
                0x0000000023f08ecc      0x130 build/default/debug/_ext/2021927327/legato_rectarray.o
                0x0000000023f08ecc                leRectArray_CropToSizeY
 .text.leRectArray_CropToSizeX
                0x0000000023f08ffc      0x130 build/default/debug/_ext/2021927327/legato_rectarray.o
                0x0000000023f08ffc                leRectArray_CropToSizeX
 .text.drawGlyphRow8bpp
                0x0000000023f0912c       0xf4 build/default/debug/_ext/92372729/legato_font.o
 .text.drawGlyphRow1bpp
                0x0000000023f09220       0xd0 build/default/debug/_ext/92372729/legato_font.o
 .text.drawGlyphRow8bppMono
                0x0000000023f092f0       0x5c build/default/debug/_ext/92372729/legato_font.o
 .text.drawGlyphRow1bppMono
                0x0000000023f0934c       0x64 build/default/debug/_ext/92372729/legato_font.o
 .text._drawUnknownGlyph
                0x0000000023f093b0       0xf4 build/default/debug/_ext/92372729/legato_font.o
 .text.leFont_GetGlyphInfo
                0x0000000023f094a4       0xdc build/default/debug/_ext/92372729/legato_font.o
                0x0000000023f094a4                leFont_GetGlyphInfo
 .text.leFont_DrawGlyphData
                0x0000000023f09580      0x12c build/default/debug/_ext/92372729/legato_font.o
                0x0000000023f09580                leFont_DrawGlyphData
 .text.leFont_DrawGlyphData_Lookup
                0x0000000023f096ac      0x300 build/default/debug/_ext/92372729/legato_font.o
                0x0000000023f096ac                leFont_DrawGlyphData_Lookup
 .text.leFont_DrawGlyph
                0x0000000023f099ac       0xa4 build/default/debug/_ext/92372729/legato_font.o
                0x0000000023f099ac                leFont_DrawGlyph
 .text.leFont_DrawGlyph_Lookup
                0x0000000023f09a50       0xb0 build/default/debug/_ext/92372729/legato_font.o
                0x0000000023f09a50                leFont_DrawGlyph_Lookup
 .text.screenInit_Screen0
                0x0000000023f09b00       0x28 build/default/debug/_ext/937247594/le_gen_screen_Screen0.o
                0x0000000023f09b00                screenInit_Screen0
 .text.screenShow_Screen0
                0x0000000023f09b28     0x5434 build/default/debug/_ext/937247594/le_gen_screen_Screen0.o
                0x0000000023f09b28                screenShow_Screen0
 .text.screenUpdate_Screen0
                0x0000000023f0ef5c      0x12c build/default/debug/_ext/937247594/le_gen_screen_Screen0.o
                0x0000000023f0ef5c                screenUpdate_Screen0
 .text.screenHide_Screen0
                0x0000000023f0f088      0x72c build/default/debug/_ext/937247594/le_gen_screen_Screen0.o
                0x0000000023f0f088                screenHide_Screen0
 .text.touchMoveHandler
                0x0000000023f0f7b4       0x18 build/default/debug/_ext/1626882341/le_gen_harmony.o
 .text.touchUpHandler
                0x0000000023f0f7cc       0x18 build/default/debug/_ext/1626882341/le_gen_harmony.o
 .text.touchDownHandler
                0x0000000023f0f7e4       0x18 build/default/debug/_ext/1626882341/le_gen_harmony.o
 .text.Legato_Initialize
                0x0000000023f0f7fc       0x98 build/default/debug/_ext/1626882341/le_gen_harmony.o
                0x0000000023f0f7fc                Legato_Initialize
 .text.Legato_Tasks
                0x0000000023f0f894       0x4c build/default/debug/_ext/1626882341/le_gen_harmony.o
                0x0000000023f0f894                Legato_Tasks
 .text.legato_showScreen
                0x0000000023f0f8e0       0x1c build/default/debug/_ext/1626882341/le_gen_init.o
                0x0000000023f0f8e0                legato_showScreen
 .text.legato_initializeScreenState
                0x0000000023f0f8fc       0x40 build/default/debug/_ext/1626882341/le_gen_init.o
                0x0000000023f0f8fc                legato_initializeScreenState
 .text.legato_updateScreenState
                0x0000000023f0f93c       0x98 build/default/debug/_ext/1626882341/le_gen_init.o
                0x0000000023f0f93c                legato_updateScreenState
 .text.initializeStrings
                0x0000000023f0f9d4      0x418 build/default/debug/_ext/1626882341/le_gen_stringtable.o
                0x0000000023f0f9d4                initializeStrings
 .text._supportsImage
                0x0000000023f0fdec       0x28 build/default/debug/_ext/1395618758/legato_imagedecoder_jpeg.o
 .text.internalMemoryRead
                0x0000000023f0fe14       0x48 build/default/debug/_ext/1395618758/legato_imagedecoder_jpeg.o
 .text.exec     0x0000000023f0fe5c        0x8 build/default/debug/_ext/1395618758/legato_imagedecoder_jpeg.o
 .text._render  0x0000000023f0fe64      0x1f8 build/default/debug/_ext/1395618758/legato_imagedecoder_jpeg.o
 .text._draw    0x0000000023f1005c      0x208 build/default/debug/_ext/1395618758/legato_imagedecoder_jpeg.o
 .text.blitToImage
                0x0000000023f10264       0xa4 build/default/debug/_ext/1395618758/legato_imagedecoder_jpeg.o
 .text.blitToFrameBuffer
                0x0000000023f10308       0x98 build/default/debug/_ext/1395618758/legato_imagedecoder_jpeg.o
 .text._leJPEGImageDecoder_Init
                0x0000000023f103a0       0x5c build/default/debug/_ext/1395618758/legato_imagedecoder_jpeg.o
                0x0000000023f103a0                _leJPEGImageDecoder_Init
 .text.jpeg_idct_islow_leg
                0x0000000023f103fc      0x51c build/default/debug/_ext/1395618758/jidctint.o
                0x0000000023f103fc                jpeg_idct_islow_leg
 .text.JPEG_wReadWord
                0x0000000023f10918       0x50 build/default/debug/_ext/1395618758/legato_imagedecoder_jpeg_common.o
 .text.JPEG_bReadByte
                0x0000000023f10968       0x2c build/default/debug/_ext/1395618758/legato_imagedecoder_jpeg_common.o
 .text.JPEG_bGet1Bit
                0x0000000023f10994      0x154 build/default/debug/_ext/1395618758/legato_imagedecoder_jpeg_common.o
 .text.JPEG_wGetBits
                0x0000000023f10ae8       0x4c build/default/debug/_ext/1395618758/legato_imagedecoder_jpeg_common.o
 .text.JPEG_sGetBitsValue
                0x0000000023f10b34       0x50 build/default/debug/_ext/1395618758/legato_imagedecoder_jpeg_common.o
 .text.JPEG_bGetNextHuffByte
                0x0000000023f10b84       0x98 build/default/debug/_ext/1395618758/legato_imagedecoder_jpeg_common.o
 .text.JPEG_vResetDecoder
                0x0000000023f10c1c       0x20 build/default/debug/_ext/1395618758/legato_imagedecoder_jpeg_common.o
                0x0000000023f10c1c                JPEG_vResetDecoder
 .text.JPEG_bReadHeader
                0x0000000023f10c3c      0x7b8 build/default/debug/_ext/1395618758/legato_imagedecoder_jpeg_common.o
                0x0000000023f10c3c                JPEG_bReadHeader
 .text.JPEG_bGenerateHuffmanTables
                0x0000000023f113f4       0x90 build/default/debug/_ext/1395618758/legato_imagedecoder_jpeg_common.o
                0x0000000023f113f4                JPEG_bGenerateHuffmanTables
 .text.JPEG_bDecodeOneBlock
                0x0000000023f11484      0x26c build/default/debug/_ext/1395618758/legato_imagedecoder_jpeg_common.o
                0x0000000023f11484                JPEG_bDecodeOneBlock
 .text.JPEG_vInitDisplay
                0x0000000023f116f0       0x10 build/default/debug/_ext/1395618758/legato_imagedecoder_jpeg_common.o
                0x0000000023f116f0                JPEG_vInitDisplay
 .text.JPEG_bPaintOneBlock
                0x0000000023f11700      0x9a8 build/default/debug/_ext/1395618758/legato_imagedecoder_jpeg_common.o
                0x0000000023f11700                JPEG_bPaintOneBlock
 .text.stage_decode
                0x0000000023f120a8       0x3c build/default/debug/_ext/1395707457/legato_imagedecoder_mono_read_internal.o
 .text._leMonoImageDecoder_ReadStage_Internal
                0x0000000023f120e4       0x30 build/default/debug/_ext/1395707457/legato_imagedecoder_mono_read_internal.o
                0x0000000023f120e4                _leMonoImageDecoder_ReadStage_Internal
 .text._supportsImage
                0x0000000023f12114       0x14 build/default/debug/_ext/1395707457/legato_imagedecoder_mono.o
 .text._decoderCleanup
                0x0000000023f12128       0x64 build/default/debug/_ext/1395707457/legato_imagedecoder_mono.o
 .text._decoderExec
                0x0000000023f1218c       0x84 build/default/debug/_ext/1395707457/legato_imagedecoder_mono.o
 .text._decoderIsDone
                0x0000000023f12210       0x10 build/default/debug/_ext/1395707457/legato_imagedecoder_mono.o
 .text.stage_sourceIterateSetup
                0x0000000023f12220       0xb4 build/default/debug/_ext/1395707457/legato_imagedecoder_mono.o
 .text.stage_FrameBufferWrite
                0x0000000023f122d4       0x20 build/default/debug/_ext/1395707457/legato_imagedecoder_mono.o
 .text.stage_ImageWrite
                0x0000000023f122f4       0x28 build/default/debug/_ext/1395707457/legato_imagedecoder_mono.o
 .text._leMonoImageDecoder_Init
                0x0000000023f1231c       0x84 build/default/debug/_ext/1395707457/legato_imagedecoder_mono.o
                0x0000000023f1231c                _leMonoImageDecoder_Init
 .text._leMonoImageDecoder_InjectStage
                0x0000000023f123a0       0x38 build/default/debug/_ext/1395707457/legato_imagedecoder_mono.o
                0x0000000023f123a0                _leMonoImageDecoder_InjectStage
 .text._leMonoImageDecoder_SourceIterateSetupStage
                0x0000000023f123d8       0x38 build/default/debug/_ext/1395707457/legato_imagedecoder_mono.o
                0x0000000023f123d8                _leMonoImageDecoder_SourceIterateSetupStage
 .text._leMonoImageDecoder_FrameBufferWriteStage
                0x0000000023f12410       0x30 build/default/debug/_ext/1395707457/legato_imagedecoder_mono.o
                0x0000000023f12410                _leMonoImageDecoder_FrameBufferWriteStage
 .text._draw    0x0000000023f12440      0x154 build/default/debug/_ext/1395707457/legato_imagedecoder_mono.o
 .text._leMonoImageDecoder_ImageWriteStage
                0x0000000023f12594       0x30 build/default/debug/_ext/1395707457/legato_imagedecoder_mono.o
                0x0000000023f12594                _leMonoImageDecoder_ImageWriteStage
 .text._copy    0x0000000023f125c4      0x190 build/default/debug/_ext/1395707457/legato_imagedecoder_mono.o
 .text.readBitsFromStream
                0x0000000023f12754       0x50 build/default/debug/_ext/460667659/lodepng.o
 .text.huffmanDecodeSymbol
                0x0000000023f127a4       0x64 build/default/debug/_ext/460667659/lodepng.o
 .text.readBitFromReversedStream
                0x0000000023f12808       0x24 build/default/debug/_ext/460667659/lodepng.o
 .text.readBitsFromReversedStream
                0x0000000023f1282c       0x48 build/default/debug/_ext/460667659/lodepng.o
 .text.getNumColorChannels
                0x0000000023f12874       0x50 build/default/debug/_ext/460667659/lodepng.o
 .text.lodepng_color_mode_equal
                0x0000000023f128c4      0x120 build/default/debug/_ext/460667659/lodepng.o
 .text.addColorBits
                0x0000000023f129e4       0x50 build/default/debug/_ext/460667659/lodepng.o
 .text.getPixelColorsRGBA8
                0x0000000023f12a34      0x51c build/default/debug/_ext/460667659/lodepng.o
 .text.Adam7_getpassvalues
                0x0000000023f12f50      0x184 build/default/debug/_ext/460667659/lodepng.o
 .text.unfilter
                0x0000000023f130d4      0x400 build/default/debug/_ext/460667659/lodepng.o
 .text.removePaddingBits
                0x0000000023f134d4       0xa4 build/default/debug/_ext/460667659/lodepng.o
 .text.ucvector_reserve
                0x0000000023f13578       0x58 build/default/debug/_ext/460667659/lodepng.o
 .text.ucvector_resize
                0x0000000023f135d0       0x20 build/default/debug/_ext/460667659/lodepng.o
 .text.ucvector_push_back
                0x0000000023f135f0       0x34 build/default/debug/_ext/460667659/lodepng.o
 .text.color_tree_cleanup
                0x0000000023f13624       0x34 build/default/debug/_ext/460667659/lodepng.o
 .text.LodePNGIText_cleanup
                0x0000000023f13658       0x90 build/default/debug/_ext/460667659/lodepng.o
 .text.LodePNGText_cleanup
                0x0000000023f136e8       0x60 build/default/debug/_ext/460667659/lodepng.o
 .text.HuffmanTree_cleanup
                0x0000000023f13748       0x24 build/default/debug/_ext/460667659/lodepng.o
 .text.string_set
                0x0000000023f1376c       0x68 build/default/debug/_ext/460667659/lodepng.o
 .text.string_init
                0x0000000023f137d4       0x2c build/default/debug/_ext/460667659/lodepng.o
 .text.uivector_reserve
                0x0000000023f13800       0x58 build/default/debug/_ext/460667659/lodepng.o
 .text.HuffmanTree_makeFromLengths
                0x0000000023f13858      0x424 build/default/debug/_ext/460667659/lodepng.o
 .text.lodepng_read32bitInt
                0x0000000023f13c7c       0x24 build/default/debug/_ext/460667659/lodepng.o
                0x0000000023f13c7c                lodepng_read32bitInt
 .text.lodepng_inflate
                0x0000000023f13ca0      0x990 build/default/debug/_ext/460667659/lodepng.o
                0x0000000023f13ca0                lodepng_inflate
 .text.lodepng_zlib_decompress
                0x0000000023f14630      0x198 build/default/debug/_ext/460667659/lodepng.o
                0x0000000023f14630                lodepng_zlib_decompress
 .text.zlib_decompress
                0x0000000023f147c8       0x34 build/default/debug/_ext/460667659/lodepng.o
 .text.lodepng_crc32
                0x0000000023f147fc       0x4c build/default/debug/_ext/460667659/lodepng.o
                0x0000000023f147fc                lodepng_crc32
 .text.lodepng_chunk_type_equals
                0x0000000023f14848       0x80 build/default/debug/_ext/460667659/lodepng.o
                0x0000000023f14848                lodepng_chunk_type_equals
 .text.lodepng_chunk_check_crc
                0x0000000023f148c8       0x38 build/default/debug/_ext/460667659/lodepng.o
                0x0000000023f148c8                lodepng_chunk_check_crc
 .text.lodepng_chunk_next_const
                0x0000000023f14900       0x18 build/default/debug/_ext/460667659/lodepng.o
                0x0000000023f14900                lodepng_chunk_next_const
 .text.lodepng_chunk_append
                0x0000000023f14918       0xa4 build/default/debug/_ext/460667659/lodepng.o
                0x0000000023f14918                lodepng_chunk_append
 .text.lodepng_color_mode_init
                0x0000000023f149bc       0x30 build/default/debug/_ext/460667659/lodepng.o
                0x0000000023f149bc                lodepng_color_mode_init
 .text.lodepng_palette_clear
                0x0000000023f149ec       0x28 build/default/debug/_ext/460667659/lodepng.o
                0x0000000023f149ec                lodepng_palette_clear
 .text.lodepng_color_mode_copy
                0x0000000023f14a14       0x98 build/default/debug/_ext/460667659/lodepng.o
                0x0000000023f14a14                lodepng_color_mode_copy
 .text.lodepng_get_bpp
                0x0000000023f14aac       0x1c build/default/debug/_ext/460667659/lodepng.o
                0x0000000023f14aac                lodepng_get_bpp
 .text.lodepng_get_raw_size_idat
                0x0000000023f14ac8       0x34 build/default/debug/_ext/460667659/lodepng.o
 .text.lodepng_get_raw_size
                0x0000000023f14afc       0x38 build/default/debug/_ext/460667659/lodepng.o
                0x0000000023f14afc                lodepng_get_raw_size
 .text.lodepng_add_text
                0x0000000023f14b34       0xcc build/default/debug/_ext/460667659/lodepng.o
                0x0000000023f14b34                lodepng_add_text
 .text.lodepng_add_itext
                0x0000000023f14c00      0x17c build/default/debug/_ext/460667659/lodepng.o
                0x0000000023f14c00                lodepng_add_itext
 .text.lodepng_info_init
                0x0000000023f14d7c       0x74 build/default/debug/_ext/460667659/lodepng.o
                0x0000000023f14d7c                lodepng_info_init
 .text.lodepng_info_cleanup
                0x0000000023f14df0       0x3c build/default/debug/_ext/460667659/lodepng.o
                0x0000000023f14df0                lodepng_info_cleanup
 .text.lodepng_convert
                0x0000000023f14e2c      0xb88 build/default/debug/_ext/460667659/lodepng.o
                0x0000000023f14e2c                lodepng_convert
 .text.lodepng_inspect
                0x0000000023f159b4      0x290 build/default/debug/_ext/460667659/lodepng.o
                0x0000000023f159b4                lodepng_inspect
 .text.lodepng_decode
                0x0000000023f15c44     0x171c build/default/debug/_ext/460667659/lodepng.o
                0x0000000023f15c44                lodepng_decode
 .text.lodepng_decoder_settings_init
                0x0000000023f17360       0x2c build/default/debug/_ext/460667659/lodepng.o
                0x0000000023f17360                lodepng_decoder_settings_init
 .text.lodepng_state_init
                0x0000000023f1738c       0x28 build/default/debug/_ext/460667659/lodepng.o
                0x0000000023f1738c                lodepng_state_init
 .text.lodepng_state_cleanup
                0x0000000023f173b4       0x1c build/default/debug/_ext/460667659/lodepng.o
                0x0000000023f173b4                lodepng_state_cleanup
 .text.lodepng_decode_memory
                0x0000000023f173d0       0x68 build/default/debug/_ext/460667659/lodepng.o
                0x0000000023f173d0                lodepng_decode_memory
 .text._supportsImage
                0x0000000023f17438       0x28 build/default/debug/_ext/460667659/legato_imagedecoder_png.o
 .text._decoderCleanup
                0x0000000023f17460        0x4 build/default/debug/_ext/460667659/legato_imagedecoder_png.o
 .text._decoderExec
                0x0000000023f17464        0x8 build/default/debug/_ext/460667659/legato_imagedecoder_png.o
 .text._decoderIsDone
                0x0000000023f1746c        0x8 build/default/debug/_ext/460667659/legato_imagedecoder_png.o
 .text._render  0x0000000023f17474       0xf4 build/default/debug/_ext/460667659/legato_imagedecoder_png.o
 .text._draw    0x0000000023f17568      0x1f0 build/default/debug/_ext/460667659/legato_imagedecoder_png.o
 .text._lePNGImageDecoder_Init
                0x0000000023f17758       0x6c build/default/debug/_ext/460667659/legato_imagedecoder_png.o
                0x0000000023f17758                _lePNGImageDecoder_Init
 .text.stage_BlendRGBA5551
                0x0000000023f177c4       0x1c build/default/debug/_ext/460669194/legato_imagedecoder_raw_blend.o
 .text.stage_BlendARGB8888
                0x0000000023f177e0       0x70 build/default/debug/_ext/460669194/legato_imagedecoder_raw_blend.o
 .text.stage_BlendRGBA8888
                0x0000000023f17850       0x70 build/default/debug/_ext/460669194/legato_imagedecoder_raw_blend.o
 .text._leRawImageDecoder_BlendStage_Internal
                0x0000000023f178c0       0xb0 build/default/debug/_ext/460669194/legato_imagedecoder_raw_blend.o
                0x0000000023f178c0                _leRawImageDecoder_BlendStage_Internal
 .text.stage_imageRenderPostLookup
                0x0000000023f17970       0x48 build/default/debug/_ext/460669194/legato_imagedecoder_raw_palette_internal.o
 .text.stage_lookup
                0x0000000023f179b8       0x40 build/default/debug/_ext/460669194/legato_imagedecoder_raw_palette_internal.o
 .text._leRawImageDecoder_LookupStage_Internal
                0x0000000023f179f8       0x54 build/default/debug/_ext/460669194/legato_imagedecoder_raw_palette_internal.o
                0x0000000023f179f8                _leRawImageDecoder_LookupStage_Internal
 .text._leRawImageDecoder_ImageRenderPostLookupStage
                0x0000000023f17a4c       0x38 build/default/debug/_ext/460669194/legato_imagedecoder_raw_palette_internal.o
                0x0000000023f17a4c                _leRawImageDecoder_ImageRenderPostLookupStage
 .text.stage_rotateNearestNeighborPreRead
                0x0000000023f17a84      0x120 build/default/debug/_ext/460669194/legato_imagedecoder_raw_rotate.o
 .text.stage_bilinearPreRead
                0x0000000023f17ba4      0x20c build/default/debug/_ext/460669194/legato_imagedecoder_raw_rotate.o
 .text.stage_rotateBilinearPostRead
                0x0000000023f17db0       0x60 build/default/debug/_ext/460669194/legato_imagedecoder_raw_rotate.o
 .text._leRawImageDecoder_RotateNearestNeighborPreReadStage
                0x0000000023f17e10       0x30 build/default/debug/_ext/460669194/legato_imagedecoder_raw_rotate.o
                0x0000000023f17e10                _leRawImageDecoder_RotateNearestNeighborPreReadStage
 .text._leRawImageDecoder_RotateBilinearPreReadStage
                0x0000000023f17e40       0x38 build/default/debug/_ext/460669194/legato_imagedecoder_raw_rotate.o
                0x0000000023f17e40                _leRawImageDecoder_RotateBilinearPreReadStage
 .text._leRawImageDecoder_RotateBilinearPostReadStage
                0x0000000023f17e78       0x30 build/default/debug/_ext/460669194/legato_imagedecoder_raw_rotate.o
                0x0000000023f17e78                _leRawImageDecoder_RotateBilinearPostReadStage
 .text.stage_postRead
                0x0000000023f17ea8       0x14 build/default/debug/_ext/460669194/legato_imagedecoder_raw_scale.o
 .text.stage_scaledNearestNeighborPreRead
                0x0000000023f17ebc       0xc4 build/default/debug/_ext/460669194/legato_imagedecoder_raw_scale.o
 .text.stage_bilinearPreRead
                0x0000000023f17f80      0x164 build/default/debug/_ext/460669194/legato_imagedecoder_raw_scale.o
 .text.stage_scaledBilinearPostRead
                0x0000000023f180e4       0x8c build/default/debug/_ext/460669194/legato_imagedecoder_raw_scale.o
 .text._leRawImageDecoder_ScaleNearestNeighborPreReadStage
                0x0000000023f18170       0x6c build/default/debug/_ext/460669194/legato_imagedecoder_raw_scale.o
                0x0000000023f18170                _leRawImageDecoder_ScaleNearestNeighborPreReadStage
 .text._leRawImageDecoder_ScaleBilinearPreReadStage
                0x0000000023f181dc       0x74 build/default/debug/_ext/460669194/legato_imagedecoder_raw_scale.o
                0x0000000023f181dc                _leRawImageDecoder_ScaleBilinearPreReadStage
 .text._leRawImageDecoder_PostReadStage
                0x0000000023f18250       0x30 build/default/debug/_ext/460669194/legato_imagedecoder_raw_scale.o
                0x0000000023f18250                _leRawImageDecoder_PostReadStage
 .text._leRawImageDecoder_ScaleBilinearPostReadStage
                0x0000000023f18280       0x30 build/default/debug/_ext/460669194/legato_imagedecoder_raw_scale.o
                0x0000000023f18280                _leRawImageDecoder_ScaleBilinearPostReadStage
 .text.stage_FrameBufferWrite
                0x0000000023f182b0       0x24 build/default/debug/_ext/460669194/legato_imagedecoder_raw_write.o
 .text.stage_ImageWrite
                0x0000000023f182d4       0x28 build/default/debug/_ext/460669194/legato_imagedecoder_raw_write.o
 .text._leRawImageDecoder_FrameBufferWriteStage
                0x0000000023f182fc       0x30 build/default/debug/_ext/460669194/legato_imagedecoder_raw_write.o
                0x0000000023f182fc                _leRawImageDecoder_FrameBufferWriteStage
 .text._leRawImageDecoder_ImageWriteStage
                0x0000000023f1832c       0x30 build/default/debug/_ext/460669194/legato_imagedecoder_raw_write.o
                0x0000000023f1832c                _leRawImageDecoder_ImageWriteStage
 .text.stage_sourceIterateSetup
                0x0000000023f1835c       0xb4 build/default/debug/_ext/460669194/legato_imagedecoder_raw_setup.o
 .text.stage_targetIterateSetup
                0x0000000023f18410       0x94 build/default/debug/_ext/460669194/legato_imagedecoder_raw_setup.o
 .text._leRawImageDecoder_SourceIterateSetupStage
                0x0000000023f184a4       0x38 build/default/debug/_ext/460669194/legato_imagedecoder_raw_setup.o
                0x0000000023f184a4                _leRawImageDecoder_SourceIterateSetupStage
 .text._leRawImageDecoder_TargetIterateSetupStage
                0x0000000023f184dc       0x38 build/default/debug/_ext/460669194/legato_imagedecoder_raw_setup.o
                0x0000000023f184dc                _leRawImageDecoder_TargetIterateSetupStage
 .text.stage_rejectMaskedColor
                0x0000000023f18514       0x24 build/default/debug/_ext/460669194/legato_imagedecoder_raw_mask.o
 .text._leRawImageDecoder_MaskStage_Internal
                0x0000000023f18538       0x30 build/default/debug/_ext/460669194/legato_imagedecoder_raw_mask.o
                0x0000000023f18538                _leRawImageDecoder_MaskStage_Internal
 .text._supportsImage
                0x0000000023f18568       0x14 build/default/debug/_ext/460669194/legato_imagedecoder_raw.o
 .text._decoderCleanup
                0x0000000023f1857c       0x64 build/default/debug/_ext/460669194/legato_imagedecoder_raw.o
 .text._decoderExec
                0x0000000023f185e0       0x84 build/default/debug/_ext/460669194/legato_imagedecoder_raw.o
 .text._decoderIsDone
                0x0000000023f18664       0x10 build/default/debug/_ext/460669194/legato_imagedecoder_raw.o
 .text._initReadStage
                0x0000000023f18674       0x1c build/default/debug/_ext/460669194/legato_imagedecoder_raw.o
 .text._initMaskStage
                0x0000000023f18690       0x24 build/default/debug/_ext/460669194/legato_imagedecoder_raw.o
 .text._initBlendStage
                0x0000000023f186b4       0x44 build/default/debug/_ext/460669194/legato_imagedecoder_raw.o
 .text._initConvertStage
                0x0000000023f186f8       0x4c build/default/debug/_ext/460669194/legato_imagedecoder_raw.o
 .text._rotateDraw
                0x0000000023f18744      0x2b0 build/default/debug/_ext/460669194/legato_imagedecoder_raw.o
 .text._rotate  0x0000000023f189f4      0x2f4 build/default/debug/_ext/460669194/legato_imagedecoder_raw.o
 .text._resizeDraw
                0x0000000023f18ce8      0x294 build/default/debug/_ext/460669194/legato_imagedecoder_raw.o
 .text._resize  0x0000000023f18f7c      0x238 build/default/debug/_ext/460669194/legato_imagedecoder_raw.o
 .text._copy    0x0000000023f191b4      0x1b8 build/default/debug/_ext/460669194/legato_imagedecoder_raw.o
 .text._initLookupStage
                0x0000000023f1936c       0x4c build/default/debug/_ext/460669194/legato_imagedecoder_raw.o
 .text._render  0x0000000023f193b8      0x260 build/default/debug/_ext/460669194/legato_imagedecoder_raw.o
 .text._draw    0x0000000023f19618      0x2f4 build/default/debug/_ext/460669194/legato_imagedecoder_raw.o
 .text._leRawImageDecoder_Init
                0x0000000023f1990c       0xa8 build/default/debug/_ext/460669194/legato_imagedecoder_raw.o
                0x0000000023f1990c                _leRawImageDecoder_Init
 .text._leRawImageDecoder_InjectStage
                0x0000000023f199b4       0x38 build/default/debug/_ext/460669194/legato_imagedecoder_raw.o
                0x0000000023f199b4                _leRawImageDecoder_InjectStage
 .text.stage_convertColor
                0x0000000023f199ec       0x2c build/default/debug/_ext/460669194/legato_imagedecoder_raw_convert.o
 .text._leRawImageDecoder_ConvertStage
                0x0000000023f19a18       0x90 build/default/debug/_ext/460669194/legato_imagedecoder_raw_convert.o
                0x0000000023f19a18                _leRawImageDecoder_ConvertStage
 .text.stage_decode
                0x0000000023f19aa8       0x74 build/default/debug/_ext/460669194/legato_imagedecoder_raw_read_internal.o
 .text.rleRandomDecode
                0x0000000023f19b1c       0x54 build/default/debug/_ext/460669194/legato_imagedecoder_raw_read_internal.o
 .text.rleSequentialDecode
                0x0000000023f19b70       0x48 build/default/debug/_ext/460669194/legato_imagedecoder_raw_read_internal.o
 .text.colorDecode
                0x0000000023f19bb8       0x34 build/default/debug/_ext/460669194/legato_imagedecoder_raw_read_internal.o
 .text.indexRLERandomDecode
                0x0000000023f19bec       0x80 build/default/debug/_ext/460669194/legato_imagedecoder_raw_read_internal.o
 .text.indexRLESequentialDecode
                0x0000000023f19c6c       0x74 build/default/debug/_ext/460669194/legato_imagedecoder_raw_read_internal.o
 .text.indexDecode
                0x0000000023f19ce0       0x30 build/default/debug/_ext/460669194/legato_imagedecoder_raw_read_internal.o
 .text._leRawImageDecoder_ReadStage_Internal
                0x0000000023f19d10      0x100 build/default/debug/_ext/460669194/legato_imagedecoder_raw_read_internal.o
                0x0000000023f19d10                _leRawImageDecoder_ReadStage_Internal
 .text.getDiscreteValueAtIndex1
                0x0000000023f19e10       0x18 build/default/debug/_ext/1428714511/legato_image_utils.o
 .text.getDiscreteValueAtIndex4
                0x0000000023f19e28       0x10 build/default/debug/_ext/1428714511/legato_image_utils.o
 .text.getDiscreteValueAtIndex8
                0x0000000023f19e38        0x8 build/default/debug/_ext/1428714511/legato_image_utils.o
 .text.calcOffset1bpp
                0x0000000023f19e40        0x8 build/default/debug/_ext/1428714511/legato_image_utils.o
 .text.calcOffset4bpp
                0x0000000023f19e48        0x8 build/default/debug/_ext/1428714511/legato_image_utils.o
 .text.calcOffset8bpp
                0x0000000023f19e50        0x4 build/default/debug/_ext/1428714511/legato_image_utils.o
 .text.calcOffset16bpp
                0x0000000023f19e54        0x8 build/default/debug/_ext/1428714511/legato_image_utils.o
 .text.calcOffset24bpp
                0x0000000023f19e5c        0x8 build/default/debug/_ext/1428714511/legato_image_utils.o
 .text.calcOffset32bpp
                0x0000000023f19e64        0x8 build/default/debug/_ext/1428714511/legato_image_utils.o
 .text.leGetRLEDataAtIndex
                0x0000000023f19e6c       0xd8 build/default/debug/_ext/1428714511/legato_image_utils.o
                0x0000000023f19e6c                leGetRLEDataAtIndex
 .text.leGetDiscreteValueAtIndex
                0x0000000023f19f44       0x18 build/default/debug/_ext/1428714511/legato_image_utils.o
                0x0000000023f19f44                leGetDiscreteValueAtIndex
 .text.leGetOffsetFromIndexAndBPP
                0x0000000023f19f5c       0x18 build/default/debug/_ext/1428714511/legato_image_utils.o
                0x0000000023f19f5c                leGetOffsetFromIndexAndBPP
 .text.leImage_InitDecoders
                0x0000000023f19f74       0x30 build/default/debug/_ext/1428714511/legato_image.o
                0x0000000023f19f74                leImage_InitDecoders
 .text.leImage_Create
                0x0000000023f19fa4       0x94 build/default/debug/_ext/1428714511/legato_image.o
                0x0000000023f19fa4                leImage_Create
 .text.leImage_Allocate
                0x0000000023f1a038       0xb4 build/default/debug/_ext/1428714511/legato_image.o
                0x0000000023f1a038                leImage_Allocate
 .text.leImage_Draw
                0x0000000023f1a0ec       0xd4 build/default/debug/_ext/1428714511/legato_image.o
                0x0000000023f1a0ec                leImage_Draw
 .text._fixedHeapAlloc
                0x0000000023f1a1c0       0x60 build/default/debug/_ext/1232982741/legato_memory.o
 .text._findFixedHeapForPointer
                0x0000000023f1a220       0x5c build/default/debug/_ext/1232982741/legato_memory.o
 .text.leMemory_Init
                0x0000000023f1a27c       0xb0 build/default/debug/_ext/1232982741/legato_memory.o
                0x0000000023f1a27c                leMemory_Init
 .text.leMalloc
                0x0000000023f1a32c       0x28 build/default/debug/_ext/1232982741/legato_memory.o
                0x0000000023f1a32c                leMalloc
 .text.leFree   0x0000000023f1a354       0x6c build/default/debug/_ext/1232982741/legato_memory.o
                0x0000000023f1a354                leFree
 .text.leRealloc
                0x0000000023f1a3c0      0x25c build/default/debug/_ext/1232982741/legato_memory.o
                0x0000000023f1a3c0                leRealloc
 .text._insertIntoList
                0x0000000023f1a61c       0x84 build/default/debug/_ext/1232982741/legato_variableheap.o
 .text._removeFromList
                0x0000000023f1a6a0       0x38 build/default/debug/_ext/1232982741/legato_variableheap.o
 .text._findPreviousBlock
                0x0000000023f1a6d8       0xa0 build/default/debug/_ext/1232982741/legato_variableheap.o
 .text._findNextBlock
                0x0000000023f1a778       0x74 build/default/debug/_ext/1232982741/legato_variableheap.o
 .text._canSplit
                0x0000000023f1a7ec       0x3c build/default/debug/_ext/1232982741/legato_variableheap.o
 .text._combineFreeBlockNext
                0x0000000023f1a828       0x7c build/default/debug/_ext/1232982741/legato_variableheap.o
 .text._growAllocBlock
                0x0000000023f1a8a4      0x104 build/default/debug/_ext/1232982741/legato_variableheap.o
 .text.leVariableHeap_Init
                0x0000000023f1a9a8       0x58 build/default/debug/_ext/1232982741/legato_variableheap.o
                0x0000000023f1a9a8                leVariableHeap_Init
 .text.leVariableHeap_Alloc
                0x0000000023f1aa00      0x130 build/default/debug/_ext/1232982741/legato_variableheap.o
                0x0000000023f1aa00                leVariableHeap_Alloc
 .text.leVariableHeap_Free
                0x0000000023f1ab30       0xd8 build/default/debug/_ext/1232982741/legato_variableheap.o
                0x0000000023f1ab30                leVariableHeap_Free
 .text.leVariableHeap_Realloc
                0x0000000023f1ac08      0x2a0 build/default/debug/_ext/1232982741/legato_variableheap.o
                0x0000000023f1ac08                leVariableHeap_Realloc
 .text.leVariableHeap_Contains
                0x0000000023f1aea8       0x20 build/default/debug/_ext/1232982741/legato_variableheap.o
                0x0000000023f1aea8                leVariableHeap_Contains
 .text.leVariableHeap_SizeOf